================================================================================
SIERPINSKI-CANTOR FOREST CASIMIR REPULSION: TASK 6 / 8
Host: x1000c4s5b0n0
Started: Mon Sep 28 10:02:26 AM EDT 2026
================================================================================
Configuration sweep_configs_cantor_forest/config_006.json loaded:
  Generation N: 3, Rotation theta: 30.0 deg
  Cell span L: 1.05 um, W1 aperture: 0.25 um, w1 pillar: 0.035 um, H: 0.25 um
  Stator thickness t: 0.025 um, Tip clearance z_tip: 0.014942986546249738 um
  Material: Gold, Resolution: 60, T_run: 12.0
================================================================================
==================================================
RUNNING CRASH-PROOF MEEP SIMULATION WRAPPER
==================================================
Executing: srun -n 128 /N/u/gogordon/BigRed200/.conda/envs/meep/bin/python execution/run_cantor_forest_meep.py --task-id 6 --N-fractal 3 --theta 30.0 --L-cell 1.05 --W1-aperture 0.25 --w1-pillar 0.035 --H-pillar 0.25 --t-plate 0.025 --z-tip 0.014942986546249738 --material Gold --res 60 --nmax 1 --config all --T-run 12.0 --max-walltime-hours 7.5
================================================================================
SIERPINSKI-CANTOR FOREST 3D FDTD CASIMIR REPULSION SOLVER
Task ID: 6 | Generation N: 3 | Active Pillars: 73 | Rotation Theta: 30.0 deg
Cell Span L: 1050.0 nm | Aperture W1: 250.0 nm | Pillar w1: 35.0 nm
Pillar Height H: 250.0 nm | Membrane Thickness t: 25.0 nm
Tip Clearance z_tip: 14.94 nm (W1/4 threshold = 62.5 nm)
Corner Profile: Sharp 90-degree
Backing Substrate: NO (Pillars Only)
Flat Control: NO
Material: Gold | Resolution: 60 (dx = 16.67 nm)
================================================================================
[BOTH] Loaded 34 cached moments from .tmp/chk_moments_cantor_task_006_N_3_th_30.0_ztip_0.0149_res_60_back_0_both.json
  [BOTH][Rank 0] Skipped moment 1/36 [CACHED]: force_integral=-2.911025e-01
  [BOTH][Rank 0] Skipped moment 2/36 [CACHED]: force_integral=-2.910680e-01
  [BOTH][Rank 0] Skipped moment 3/36 [CACHED]: force_integral=+0.000000e+00
  [BOTH][Rank 0] Skipped moment 4/36 [CACHED]: force_integral=+0.000000e+00
  [BOTH][Rank 0] Skipped moment 5/36 [CACHED]: force_integral=-1.189034e+02
  [BOTH][Rank 0] Skipped moment 6/36 [CACHED]: force_integral=+2.098006e+02
  [BOTH][Rank 0] Skipped moment 7/36 [CACHED]: force_integral=+0.000000e+00
  [BOTH][Rank 0] Skipped moment 8/36 [CACHED]: force_integral=+0.000000e+00
  [BOTH][Rank 0] Skipped moment 9/36 [CACHED]: force_integral=-3.327761e-01
  [BOTH][Rank 0] Skipped moment 10/36 [CACHED]: force_integral=-3.327416e-01
  [BOTH][Rank 0] Skipped moment 11/36 [CACHED]: force_integral=-5.928505e+02
  [BOTH][Rank 0] Skipped moment 12/36 [CACHED]: force_integral=+1.112022e+03
  [BOTH][Rank 0] Skipped moment 13/36 [CACHED]: force_integral=+0.000000e+00
  [BOTH][Rank 0] Skipped moment 14/36 [CACHED]: force_integral=+0.000000e+00
  [BOTH][Rank 0] Skipped moment 15/36 [CACHED]: force_integral=+0.000000e+00
  [BOTH][Rank 0] Skipped moment 16/36 [CACHED]: force_integral=+0.000000e+00
  [BOTH][Rank 0] Skipped moment 17/36 [CACHED]: force_integral=+3.630670e+03
  [BOTH][Rank 0] Skipped moment 18/36 [CACHED]: force_integral=-2.100062e+03
  [BOTH][Rank 0] Skipped moment 19/36 [CACHED]: force_integral=+2.467781e-01
  [BOTH][Rank 0] Skipped moment 20/36 [CACHED]: force_integral=+2.468204e-01
  [BOTH][Rank 0] Skipped moment 21/36 [CACHED]: force_integral=+0.000000e+00
  [BOTH][Rank 0] Skipped moment 22/36 [CACHED]: force_integral=+0.000000e+00
  [BOTH][Rank 0] Skipped moment 23/36 [CACHED]: force_integral=-1.245945e+03
  [BOTH][Rank 0] Skipped moment 24/36 [CACHED]: force_integral=+1.160474e+03
  [BOTH][Rank 0] Skipped moment 25/36 [CACHED]: force_integral=+0.000000e+00
  [BOTH][Rank 0] Skipped moment 26/36 [CACHED]: force_integral=+0.000000e+00
  [BOTH][Rank 0] Skipped moment 27/36 [CACHED]: force_integral=+2.467781e-01
  [BOTH][Rank 0] Skipped moment 28/36 [CACHED]: force_integral=+2.468203e-01
  [BOTH][Rank 0] Skipped moment 29/36 [CACHED]: force_integral=-1.245945e+03
  [BOTH][Rank 0] Skipped moment 30/36 [CACHED]: force_integral=+1.160474e+03
  [BOTH][Rank 0] Skipped moment 31/36 [CACHED]: force_integral=+0.000000e+00
  [BOTH][Rank 0] Skipped moment 32/36 [CACHED]: force_integral=+0.000000e+00
  [BOTH][Rank 0] Skipped moment 33/36 [CACHED]: force_integral=+0.000000e+00
  [BOTH][Rank 0] Skipped moment 34/36 [CACHED]: force_integral=+0.000000e+00
  [BOTH][Rank 0] Done moment 35/36: force_integral=+2.042923e+03 (786.2s)
  [BOTH][Rank 0] Done moment 36/36: force_integral=-3.286602e+03 (779.5s)
[BOTH] Complete. Total force: +7.257953e+02
[SELF] Loaded 1 cached moments from .tmp/chk_moments_cantor_task_006_N_3_th_30.0_ztip_0.0149_res_60_back_0_self.json
  [SELF][Rank 0] Skipped moment 1/36 [CACHED]: force_integral=-1.601841e-01
  [SELF][Rank 0] Done moment 2/36: force_integral=-1.601846e-01 (765.3s)
  [SELF][Rank 0] Done moment 3/36: force_integral=+0.000000e+00 (760.1s)
  [SELF][Rank 0] Done moment 4/36: force_integral=+0.000000e+00 (762.3s)
  [SELF][Rank 0] Done moment 5/36: force_integral=-2.967655e+02 (768.7s)
  [SELF][Rank 0] Done moment 6/36: force_integral=+2.098667e+02 (771.5s)
  [SELF][Rank 0] Done moment 7/36: force_integral=+0.000000e+00 (770.2s)
  [SELF][Rank 0] Done moment 8/36: force_integral=+0.000000e+00 (770.2s)
  [SELF][Rank 0] Done moment 9/36: force_integral=-2.802650e-01 (768.3s)
  [SELF][Rank 0] Done moment 10/36: force_integral=-2.802655e-01 (767.3s)
  [SELF][Rank 0] Done moment 11/36: force_integral=-1.163796e+03 (768.6s)
  [SELF][Rank 0] Done moment 12/36: force_integral=+1.112088e+03 (768.3s)
  [SELF][Rank 0] Done moment 13/36: force_integral=+0.000000e+00 (766.9s)
  [SELF][Rank 0] Done moment 14/36: force_integral=+0.000000e+00 (766.5s)
  [SELF][Rank 0] Done moment 15/36: force_integral=+0.000000e+00 (767.2s)
  [SELF][Rank 0] Done moment 16/36: force_integral=+0.000000e+00 (766.2s)
  [SELF][Rank 0] Done moment 17/36: force_integral=+3.639678e+03 (767.0s)
  [SELF][Rank 0] Done moment 18/36: force_integral=-2.100084e+03 (767.5s)
  [SELF][Rank 0] Done moment 19/36: force_integral=-1.800719e-01 (766.6s)
  [SELF][Rank 0] Done moment 20/36: force_integral=-1.800724e-01 (767.9s)
  [SELF][Rank 0] Done moment 21/36: force_integral=+0.000000e+00 (767.7s)
  [SELF][Rank 0] Done moment 22/36: force_integral=+0.000000e+00 (766.7s)
  [SELF][Rank 0] Done moment 23/36: force_integral=-1.095084e+03 (767.4s)
  [SELF][Rank 0] Done moment 24/36: force_integral=+1.160378e+03 (766.3s)
  [SELF][Rank 0] Done moment 25/36: force_integral=+0.000000e+00 (764.6s)
  [SELF][Rank 0] Done moment 26/36: force_integral=+0.000000e+00 (764.5s)
  [SELF][Rank 0] Done moment 27/36: force_integral=-1.800719e-01 (764.0s)
  [SELF][Rank 0] Done moment 28/36: force_integral=-1.800724e-01 (764.3s)
  [SELF][Rank 0] Done moment 29/36: force_integral=-1.095084e+03 (765.1s)
  [SELF][Rank 0] Done moment 30/36: force_integral=+1.160378e+03 (766.0s)
  [SELF][Rank 0] Done moment 31/36: force_integral=+0.000000e+00 (763.8s)
  [SELF][Rank 0] Done moment 32/36: force_integral=+0.000000e+00 (764.0s)
  [SELF][Rank 0] Done moment 33/36: force_integral=+0.000000e+00 (763.9s)

Elapsed run time = 26123.2349 s

Elapsed run time = 26128.0745 s

Elapsed run time = 26147.4855 s

Elapsed run time = 26150.7585 s

Elapsed run time = 26151.6347 s

Elapsed run time = 26156.0984 s

Elapsed run time = 26159.5425 s

Elapsed run time = 26173.9851 s

Elapsed run time = 26178.0085 s

Elapsed run time = 26179.3227 s

Elapsed run time = 26184.7751 s

Elapsed run time = 26185.5900 s

Elapsed run time = 26189.6363 s

Elapsed run time = 26199.6901 s

Elapsed run time = 26203.4654 s

Elapsed run time = 26211.6857 s

Elapsed run time = 26217.5207 s

Elapsed run time = 26220.0009 s

Elapsed run time = 26225.1113 s

Elapsed run time = 26226.5213 s

Elapsed run time = 26227.8625 s

Elapsed run time = 26228.3215 s

Elapsed run time = 26232.6360 s

Elapsed run time = 26248.9164 s

Elapsed run time = 26250.4819 s

Elapsed run time = 26252.8269 s

Elapsed run time = 26253.9472 s

Elapsed run time = 26264.9104 s

Elapsed run time = 26274.0288 s

Elapsed run time = 26276.3469 s

Elapsed run time = 26286.0609 s

Elapsed run time = 26286.4635 s

Elapsed run time = 26290.7167 s

Elapsed run time = 26297.2486 s

Elapsed run time = 26309.0690 s

Elapsed run time = 26314.6305 s

Elapsed run time = 26318.4428 s

Elapsed run time = 26320.2869 s

Elapsed run time = 26323.4187 s

Elapsed run time = 26324.0316 s

Elapsed run time = 26327.0139 s

Elapsed run time = 26333.5271 s

Elapsed run time = 26337.3244 s

Elapsed run time = 26337.6323 s

Elapsed run time = 26339.1559 s

Elapsed run time = 26339.7748 s

Elapsed run time = 26341.6931 s

Elapsed run time = 26342.0630 s

Elapsed run time = 26347.9529 s

Elapsed run time = 26356.2097 s

Elapsed run time = 26360.5619 s

Elapsed run time = 26360.8013 s

Elapsed run time = 26363.4364 s

Elapsed run time = 26367.9836 s

Elapsed run time = 26373.1218 s

Elapsed run time = 26376.0527 s

Elapsed run time = 26377.1014 s

Elapsed run time = 26377.1948 s

Elapsed run time = 26378.9682 s

Elapsed run time = 26385.2601 s

Elapsed run time = 26391.3484 s

Elapsed run time = 26396.0342 s

Elapsed run time = 26398.7136 s

Elapsed run time = 26401.3421 s

Elapsed run time = 26405.0264 s

Elapsed run time = 26415.7400 s

Elapsed run time = 26416.7002 s

Elapsed run time = 26429.0353 s

Elapsed run time = 26432.1962 s

Elapsed run time = 26434.3960 s

Elapsed run time = 26439.5852 s

Elapsed run time = 26448.8920 s

Elapsed run time = 26448.9543 s

Elapsed run time = 26454.2529 s

Elapsed run time = 26457.1368 s

Elapsed run time = 26457.7921 s

Elapsed run time = 26458.3920 s

Elapsed run time = 26460.4056 s

Elapsed run time = 26463.6940 s

Elapsed run time = 26464.3698 s

Elapsed run time = 26469.0505 s

Elapsed run time = 26469.1405 s

Elapsed run time = 26474.2913 s

Elapsed run time = 26475.8221 s

Elapsed run time = 26476.5106 s

Elapsed run time = 26480.3034 s

Elapsed run time = 26480.4020 s

Elapsed run time = 26481.2829 s

Elapsed run time = 26487.5429 s

Elapsed run time = 26490.3988 s

Elapsed run time = 26492.6337 s

Elapsed run time = 26493.6437 s

Elapsed run time = 26494.1800 s

Elapsed run time = 26494.3044 s

Elapsed run time = 26494.7923 s

Elapsed run time = 26495.3145 s

Elapsed run time = 26501.2430 s

Elapsed run time = 26504.5351 s

Elapsed run time = 26510.8828 s

Elapsed run time = 26516.4216 s

Elapsed run time = 26518.1847 s

Elapsed run time = 26518.6358 s

Elapsed run time = 26519.0695 s

Elapsed run time = 26519.9616 s

Elapsed run time = 26520.5379 s

Elapsed run time = 26522.1236 s

Elapsed run time = 26524.3409 s

Elapsed run time = 26528.4848 s

Elapsed run time = 26528.5425 s

Elapsed run time = 26531.6200 s

Elapsed run time = 26532.6768 s

Elapsed run time = 26532.8921 s

Elapsed run time = 26532.9461 s

Elapsed run time = 26546.0137 s

Elapsed run time = 26549.2386 s

Elapsed run time = 26554.4047 s

Elapsed run time = 26554.7136 s

Elapsed run time = 26559.3433 s

Elapsed run time = 26559.5071 s

Elapsed run time = 26561.9274 s

Elapsed run time = 26561.9349 s

Elapsed run time = 26564.3299 s

Elapsed run time = 26568.3810 s

Elapsed run time = 26573.0278 s

Elapsed run time = 26582.6457 s

Elapsed run time = 26585.9306 s
  [SELF][Rank 0] Done moment 34/36: force_integral=+0.000000e+00 (497.1s)

[WALLTIME GUARD] Elapsed 7.39h + estimated moment (12.6m) >= limit (7.50h). Pausing cleanly.

================================================================================
SIMULATION COMPLETE: SIERPINSKI-CANTOR FOREST CASIMIR EVALUATION
Force Both (MEEP):          +7.257953e+02
Force Self (MEEP):          +1.529975e+03
Net Force (MEEP):           -8.041793e+02
Net Force per Cell (fN):    -25424.1291 fN  --> [- ATTRACTIVE -]
Net Force per Cell (pN):    -25.4241 pN
Casimir Pressure:           -2.3060e+01 Pa
Chip Force (100x100 um):    -230.6043 nN (662,131 active pillars)
Results saved to:           results_cantor_forest/task_006_N3_th_30deg.json
================================================================================


Elapsed run time = 26589.5977 s

Elapsed run time = 26591.3177 s
Command succeeded cleanly.
Task 6 finished with exit code 0 at Mon Sep 28 05:25:45 PM EDT 2026.
