================================================================================
SIERPINSKI-CANTOR FOREST CASIMIR REPULSION: TASK 6 / 8
Host: x1000c2s7b1n0
Started: Sun Sep 27 03:25:56 PM EDT 2026
================================================================================
Configuration sweep_configs_cantor_forest/config_006.json loaded:
  Generation N: 3, Rotation theta: 30.0 deg
  Cell span L: 1.05 um, W1 aperture: 0.25 um, w1 pillar: 0.035 um, H: 0.25 um
  Stator thickness t: 0.025 um, Tip clearance z_tip: 0.014942986546249738 um
  Material: Gold, Resolution: 60, T_run: 12.0
================================================================================
==================================================
RUNNING CRASH-PROOF MEEP SIMULATION WRAPPER
==================================================
Executing: srun -n 128 /N/u/gogordon/BigRed200/.conda/envs/meep/bin/python execution/run_cantor_forest_meep.py --task-id 6 --N-fractal 3 --theta 30.0 --L-cell 1.05 --W1-aperture 0.25 --w1-pillar 0.035 --H-pillar 0.25 --t-plate 0.025 --z-tip 0.014942986546249738 --material Gold --res 60 --nmax 1 --config all --T-run 12.0 --max-walltime-hours 7.5
================================================================================
SIERPINSKI-CANTOR FOREST 3D FDTD CASIMIR REPULSION SOLVER
Task ID: 6 | Generation N: 3 | Active Pillars: 73 | Rotation Theta: 30.0 deg
Cell Span L: 1050.0 nm | Aperture W1: 250.0 nm | Pillar w1: 35.0 nm
Pillar Height H: 250.0 nm | Membrane Thickness t: 25.0 nm
Tip Clearance z_tip: 14.94 nm (W1/4 threshold = 62.5 nm)
Corner Profile: Sharp 90-degree
Backing Substrate: NO (Pillars Only)
Flat Control: NO
Material: Gold | Resolution: 60 (dx = 16.67 nm)
================================================================================
  [BOTH][Rank 0] Done moment 1/36: force_integral=-2.911025e-01 (787.9s)
  [BOTH][Rank 0] Done moment 2/36: force_integral=-2.910680e-01 (784.2s)
  [BOTH][Rank 0] Done moment 3/36: force_integral=+0.000000e+00 (779.3s)
  [BOTH][Rank 0] Done moment 4/36: force_integral=+0.000000e+00 (771.0s)
  [BOTH][Rank 0] Done moment 5/36: force_integral=-1.189034e+02 (775.9s)
  [BOTH][Rank 0] Done moment 6/36: force_integral=+2.098006e+02 (777.1s)
  [BOTH][Rank 0] Done moment 7/36: force_integral=+0.000000e+00 (775.9s)
  [BOTH][Rank 0] Done moment 8/36: force_integral=+0.000000e+00 (775.4s)
  [BOTH][Rank 0] Done moment 9/36: force_integral=-3.327761e-01 (774.3s)
  [BOTH][Rank 0] Done moment 10/36: force_integral=-3.327416e-01 (774.1s)
  [BOTH][Rank 0] Done moment 11/36: force_integral=-5.928505e+02 (775.6s)
  [BOTH][Rank 0] Done moment 12/36: force_integral=+1.112022e+03 (775.4s)
  [BOTH][Rank 0] Done moment 13/36: force_integral=+0.000000e+00 (772.3s)
  [BOTH][Rank 0] Done moment 14/36: force_integral=+0.000000e+00 (768.6s)
  [BOTH][Rank 0] Done moment 15/36: force_integral=+0.000000e+00 (768.6s)
  [BOTH][Rank 0] Done moment 16/36: force_integral=+0.000000e+00 (767.7s)
  [BOTH][Rank 0] Done moment 17/36: force_integral=+3.630670e+03 (767.0s)
  [BOTH][Rank 0] Done moment 18/36: force_integral=-2.100062e+03 (767.1s)
  [BOTH][Rank 0] Done moment 19/36: force_integral=+2.467781e-01 (764.6s)
  [BOTH][Rank 0] Done moment 20/36: force_integral=+2.468204e-01 (766.0s)
  [BOTH][Rank 0] Done moment 21/36: force_integral=+0.000000e+00 (767.0s)
  [BOTH][Rank 0] Done moment 22/36: force_integral=+0.000000e+00 (768.6s)
  [BOTH][Rank 0] Done moment 23/36: force_integral=-1.245945e+03 (771.0s)
  [BOTH][Rank 0] Done moment 24/36: force_integral=+1.160474e+03 (772.0s)
  [BOTH][Rank 0] Done moment 25/36: force_integral=+0.000000e+00 (771.1s)
  [BOTH][Rank 0] Done moment 26/36: force_integral=+0.000000e+00 (772.3s)
  [BOTH][Rank 0] Done moment 27/36: force_integral=+2.467781e-01 (773.4s)
  [BOTH][Rank 0] Done moment 28/36: force_integral=+2.468203e-01 (774.7s)
  [BOTH][Rank 0] Done moment 29/36: force_integral=-1.245945e+03 (776.0s)
  [BOTH][Rank 0] Done moment 30/36: force_integral=+1.160474e+03 (775.2s)
  [BOTH][Rank 0] Done moment 31/36: force_integral=+0.000000e+00 (771.9s)
  [BOTH][Rank 0] Done moment 32/36: force_integral=+0.000000e+00 (772.0s)
  [BOTH][Rank 0] Done moment 33/36: force_integral=+0.000000e+00 (771.7s)
  [BOTH][Rank 0] Done moment 34/36: force_integral=+0.000000e+00 (771.3s)

[WALLTIME GUARD] Elapsed 7.30h + estimated moment (12.9m) >= limit (7.50h). Pausing cleanly.

Elapsed run time = 26886.5813 s

Elapsed run time = 26896.1030 s

Elapsed run time = 26914.5231 s

Elapsed run time = 26922.4663 s

Elapsed run time = 26937.9484 s

Elapsed run time = 26945.5361 s

Elapsed run time = 26945.5606 s

Elapsed run time = 26947.6015 s

Elapsed run time = 26949.6287 s

Elapsed run time = 26963.6782 s

Elapsed run time = 26964.0553 s

Elapsed run time = 26969.7510 s

Elapsed run time = 26986.6926 s

Elapsed run time = 26987.3061 s

Elapsed run time = 26995.8819 s

Elapsed run time = 26998.0405 s

Elapsed run time = 27011.5058 s

Elapsed run time = 27011.7045 s

Elapsed run time = 27033.6052 s
  [SELF][Rank 0] Done moment 1/36: force_integral=-1.601841e-01 (758.5s)

[WALLTIME GUARD] Elapsed 7.51h + estimated moment (12.6m) >= limit (7.50h). Pausing cleanly.

Elapsed run time = 27035.8988 s
Command failed with exit status 143.
==================================================
[CRASH DETECTED] Task 6 exited with status code 143
==================================================
