================================================================================
SIERPINSKI-CANTOR FOREST CASIMIR REPULSION: TASK 8 / 8
Host: x1000c2s1b0n1
Started: Sun Sep 27 10:57:51 PM EDT 2026
================================================================================
Configuration sweep_configs_cantor_forest/config_008.json loaded:
  Generation N: 3, Rotation theta: 90.0 deg
  Cell span L: 1.05 um, W1 aperture: 0.25 um, w1 pillar: 0.035 um, H: 0.25 um
  Stator thickness t: 0.025 um, Tip clearance z_tip: 0.014942986546249738 um
  Material: Gold, Resolution: 60, T_run: 12.0
================================================================================
==================================================
RUNNING CRASH-PROOF MEEP SIMULATION WRAPPER
==================================================
Executing: srun -n 128 /N/u/gogordon/BigRed200/.conda/envs/meep/bin/python execution/run_cantor_forest_meep.py --task-id 8 --N-fractal 3 --theta 90.0 --L-cell 1.05 --W1-aperture 0.25 --w1-pillar 0.035 --H-pillar 0.25 --t-plate 0.025 --z-tip 0.014942986546249738 --material Gold --res 60 --nmax 1 --config all --T-run 12.0 --max-walltime-hours 7.5
================================================================================
SIERPINSKI-CANTOR FOREST 3D FDTD CASIMIR REPULSION SOLVER
Task ID: 8 | Generation N: 3 | Active Pillars: 73 | Rotation Theta: 90.0 deg
Cell Span L: 1050.0 nm | Aperture W1: 250.0 nm | Pillar w1: 35.0 nm
Pillar Height H: 250.0 nm | Membrane Thickness t: 25.0 nm
Tip Clearance z_tip: 14.94 nm (W1/4 threshold = 62.5 nm)
Corner Profile: Sharp 90-degree
Backing Substrate: NO (Pillars Only)
Flat Control: NO
Material: Gold | Resolution: 60 (dx = 16.67 nm)
================================================================================
  [BOTH][Rank 0] Done moment 1/36: force_integral=-2.780043e-01 (782.8s)
  [BOTH][Rank 0] Done moment 2/36: force_integral=-2.779687e-01 (776.7s)
  [BOTH][Rank 0] Done moment 3/36: force_integral=+0.000000e+00 (770.7s)
  [BOTH][Rank 0] Done moment 4/36: force_integral=+0.000000e+00 (765.5s)
  [BOTH][Rank 0] Done moment 5/36: force_integral=-1.206473e+02 (769.0s)
  [BOTH][Rank 0] Done moment 6/36: force_integral=+2.097992e+02 (771.5s)
  [BOTH][Rank 0] Done moment 7/36: force_integral=+0.000000e+00 (770.0s)
  [BOTH][Rank 0] Done moment 8/36: force_integral=+0.000000e+00 (770.1s)
  [BOTH][Rank 0] Done moment 9/36: force_integral=-3.171235e-01 (769.0s)
  [BOTH][Rank 0] Done moment 10/36: force_integral=-3.170879e-01 (770.1s)
  [BOTH][Rank 0] Done moment 11/36: force_integral=-5.989276e+02 (770.2s)
  [BOTH][Rank 0] Done moment 12/36: force_integral=+1.112021e+03 (769.7s)
  [BOTH][Rank 0] Done moment 13/36: force_integral=+0.000000e+00 (767.8s)
  [BOTH][Rank 0] Done moment 14/36: force_integral=+0.000000e+00 (767.1s)
  [BOTH][Rank 0] Done moment 15/36: force_integral=+0.000000e+00 (766.6s)
  [BOTH][Rank 0] Done moment 16/36: force_integral=+0.000000e+00 (766.2s)
  [BOTH][Rank 0] Done moment 17/36: force_integral=+3.630419e+03 (767.2s)
  [BOTH][Rank 0] Done moment 18/36: force_integral=-2.100062e+03 (767.1s)
  [BOTH][Rank 0] Done moment 19/36: force_integral=+1.926286e-01 (766.1s)
  [BOTH][Rank 0] Done moment 20/36: force_integral=+1.926823e-01 (765.8s)
  [BOTH][Rank 0] Done moment 21/36: force_integral=+0.000000e+00 (766.0s)
  [BOTH][Rank 0] Done moment 22/36: force_integral=+0.000000e+00 (765.9s)
  [BOTH][Rank 0] Done moment 23/36: force_integral=-1.244705e+03 (766.8s)
  [BOTH][Rank 0] Done moment 24/36: force_integral=+1.160474e+03 (767.8s)
  [BOTH][Rank 0] Done moment 25/36: force_integral=+0.000000e+00 (764.4s)
  [BOTH][Rank 0] Done moment 26/36: force_integral=+0.000000e+00 (762.4s)
  [BOTH][Rank 0] Done moment 27/36: force_integral=+1.926286e-01 (762.1s)
  [BOTH][Rank 0] Done moment 28/36: force_integral=+1.926823e-01 (761.4s)
  [BOTH][Rank 0] Done moment 29/36: force_integral=-1.244705e+03 (762.8s)
  [BOTH][Rank 0] Done moment 30/36: force_integral=+1.160474e+03 (763.4s)
  [BOTH][Rank 0] Done moment 31/36: force_integral=+0.000000e+00 (761.8s)
  [BOTH][Rank 0] Done moment 32/36: force_integral=+0.000000e+00 (761.6s)
  [BOTH][Rank 0] Done moment 33/36: force_integral=+0.000000e+00 (762.3s)
  [BOTH][Rank 0] Done moment 34/36: force_integral=+0.000000e+00 (762.9s)
  [BOTH][Rank 0] Done moment 35/36: force_integral=+2.043749e+03 (765.8s)

[WALLTIME GUARD] Elapsed 7.46h + estimated moment (12.8m) >= limit (7.50h). Pausing cleanly.

Elapsed run time = 26885.1797 s

Elapsed run time = 26891.0570 s

Elapsed run time = 26898.2044 s

Elapsed run time = 26918.8921 s

Elapsed run time = 26930.0900 s

Elapsed run time = 26938.9593 s

Elapsed run time = 26941.3117 s

Elapsed run time = 26949.0050 s

Elapsed run time = 26963.2464 s

Elapsed run time = 26970.0960 s

Elapsed run time = 26975.8525 s

Elapsed run time = 26976.3016 s

Elapsed run time = 26978.1322 s

Elapsed run time = 26984.8397 s

Elapsed run time = 26987.3381 s

Elapsed run time = 26992.1618 s

Elapsed run time = 26995.1373 s

Elapsed run time = 26997.6757 s

Elapsed run time = 27000.3529 s

Elapsed run time = 27002.0714 s

Elapsed run time = 27014.0991 s

Elapsed run time = 27023.1830 s

Elapsed run time = 27027.4324 s

Elapsed run time = 27030.6409 s

Elapsed run time = 27032.5390 s

Elapsed run time = 27033.8897 s

Elapsed run time = 27035.8012 s

Elapsed run time = 27041.0774 s

Elapsed run time = 27053.8659 s

Elapsed run time = 27054.5317 s

Elapsed run time = 27074.6679 s

Elapsed run time = 27078.3343 s

Elapsed run time = 27083.7489 s

Elapsed run time = 27084.2131 s

Elapsed run time = 27088.7509 s

Elapsed run time = 27090.9457 s

Elapsed run time = 27091.3848 s

Elapsed run time = 27092.4309 s

Elapsed run time = 27092.7703 s

Elapsed run time = 27101.3490 s

Elapsed run time = 27102.3746 s

Elapsed run time = 27106.7492 s

Elapsed run time = 27112.6850 s

Elapsed run time = 27122.7797 s

Elapsed run time = 27125.2745 s

Elapsed run time = 27126.6954 s

Elapsed run time = 27130.5282 s

Elapsed run time = 27131.6248 s

Elapsed run time = 27134.1422 s

Elapsed run time = 27136.2684 s

Elapsed run time = 27138.4112 s

Elapsed run time = 27139.0901 s

Elapsed run time = 27140.7673 s

Elapsed run time = 27143.9861 s

Elapsed run time = 27149.3889 s

Elapsed run time = 27150.1269 s

Elapsed run time = 27155.3169 s

Elapsed run time = 27158.9397 s

Elapsed run time = 27161.4472 s

Elapsed run time = 27162.3877 s

Elapsed run time = 27164.3673 s

Elapsed run time = 27171.7963 s

Elapsed run time = 27171.9846 s

Elapsed run time = 27172.4671 s

Elapsed run time = 27173.3566 s

Elapsed run time = 27174.1463 s

Elapsed run time = 27182.8263 s

Elapsed run time = 27185.5768 s

Elapsed run time = 27193.1198 s

Elapsed run time = 27194.0315 s

Elapsed run time = 27196.1116 s

Elapsed run time = 27197.8732 s

Elapsed run time = 27199.2129 s

Elapsed run time = 27200.3062 s

Elapsed run time = 27202.2672 s

Elapsed run time = 27207.0078 s

Elapsed run time = 27210.8828 s

Elapsed run time = 27218.1833 s

Elapsed run time = 27220.0895 s

Elapsed run time = 27224.1845 s

Elapsed run time = 27226.0288 s

Elapsed run time = 27226.0369 s

Elapsed run time = 27234.6434 s

Elapsed run time = 27239.7281 s

Elapsed run time = 27240.1108 s

Elapsed run time = 27244.6955 s

Elapsed run time = 27245.6601 s

Elapsed run time = 27247.1617 s

Elapsed run time = 27248.1749 s

Elapsed run time = 27249.1951 s

Elapsed run time = 27249.6911 s

Elapsed run time = 27250.9768 s

Elapsed run time = 27255.2524 s

Elapsed run time = 27255.2800 s

Elapsed run time = 27256.4486 s

Elapsed run time = 27257.5230 s

Elapsed run time = 27260.4521 s

Elapsed run time = 27261.0757 s

Elapsed run time = 27261.6245 s

Elapsed run time = 27261.6773 s

Elapsed run time = 27268.7373 s

Elapsed run time = 27272.1019 s

Elapsed run time = 27275.6486 s

Elapsed run time = 27278.1966 s

Elapsed run time = 27279.7449 s

Elapsed run time = 27280.2906 s

Elapsed run time = 27281.8021 s

Elapsed run time = 27282.9601 s

Elapsed run time = 27284.0987 s

Elapsed run time = 27284.5286 s

Elapsed run time = 27290.8648 s

Elapsed run time = 27293.1435 s

Elapsed run time = 27295.1438 s

Elapsed run time = 27295.5958 s

Elapsed run time = 27300.1697 s

Elapsed run time = 27300.8645 s

Elapsed run time = 27305.8244 s

Elapsed run time = 27311.5998 s

Elapsed run time = 27317.9885 s

Elapsed run time = 27333.3312 s

Elapsed run time = 27339.2153 s

Elapsed run time = 27349.1992 s

Elapsed run time = 27356.1653 s

Elapsed run time = 27356.5342 s

Elapsed run time = 27357.0116 s
  [SELF][Rank 0] Done moment 1/36: force_integral=-1.601841e-01 (512.0s)

[WALLTIME GUARD] Elapsed 7.60h + estimated moment (8.5m) >= limit (7.50h). Pausing cleanly.

================================================================================
SIMULATION COMPLETE: SIERPINSKI-CANTOR FOREST CASIMIR EVALUATION
Force Both (MEEP):          +4.007469e+03
Force Self (MEEP):          -1.601841e-01
Net Force (MEEP):           +4.007629e+03
Net Force per Cell (fN):    +126701.2030 fN  --> [+++ CASIMIR REPULSION +++]
Net Force per Cell (pN):    +126.7012 pN
Casimir Pressure:           +1.1492e+02 Pa
Chip Force (100x100 um):    +1149.2173 nN (662,131 active pillars)
Results saved to:           results_cantor_forest/task_008_N3_th_90deg.json
================================================================================


Elapsed run time = 27360.3278 s

Elapsed run time = 27365.0229 s

Elapsed run time = 27365.2685 s
Command succeeded cleanly.
Task 8 finished with exit code 0 at Mon Sep 28 06:34:02 AM EDT 2026.
