================================================================================
CASIMIR_CLUTCH TASK: 4 / 10
Host: x1001c2s2b0n0
Started: Wed Sep 16 01:35:16 PM EDT 2026
================================================================================
Reading task parameters from sweep_configs_clutch/config_004.json...
Executing Quantum Clutch Simulation
Label: Clutch: Menger Spire (N=3) vs Sierpinski Sieve (N=3), d=40nm, th=60.0deg
Params: d=0.04 um, N_top=3, N_bot=3, mat=Gold, res=60, nmax=3, theta=60.0 deg, alpha=75.0 deg, r_tip=5.0 nm, eps=1.0
==================================================
RUNNING CRASH-PROOF MEEP SIMULATION WRAPPER
==================================================
Executing: srun -n 128 /N/u/gogordon/BigRed200/.conda/envs/meep/bin/python execution/run_meep_simulation.py --L 2.0 --d 0.04 --N 3 --N-bottom 3 --theta 60.0 --material Gold --res 60 --nmax 3 --eps-bg 1.0 --config all --no-cache --clutch --corrugation-angle 75.0 --r-tip 5.0
Starting simulation: d=0.04 um, N_top=3, N_bottom=3, material=Gold, resolution=60, nmax=3, theta=60.0, eps_bg=1.0, config=all, clutch=True, stepped_sieve=False, corrugated=False
Parallel configuration: 128 processes running 108 parallel moment partitions.

Elapsed run time = 0.0554 s

Elapsed run time = 0.0556 s

Elapsed run time = 0.0553 s

Elapsed run time = 0.0554 s

Elapsed run time = 0.0559 s

Elapsed run time = 0.0558 s

Elapsed run time = 0.0558 s

Elapsed run time = 0.0558 s

Elapsed run time = 0.0557 s

Elapsed run time = 0.0557 s

Elapsed run time = 0.0557 s

Elapsed run time = 0.0560 s

Elapsed run time = 0.0561 s

Elapsed run time = 0.0559 s

Elapsed run time = 0.0561 s

Elapsed run time = 0.0562 s

Elapsed run time = 0.0561 s

Elapsed run time = 0.0559 s

Elapsed run time = 0.0562 s

Elapsed run time = 0.0560 s

Elapsed run time = 26174.6488 s

Elapsed run time = 26482.2506 s

Elapsed run time = 28197.7608 s

Elapsed run time = 28198.4702 s
  [BOTH][Rank 0] Done moment 1/1 (task 0): force_integral=-1.674646e-01

Elapsed run time = 38734.9529 s

Elapsed run time = 38738.9604 s

Elapsed run time = 39179.1408 s

Elapsed run time = 39313.2783 s

Elapsed run time = 41126.3742 s

Elapsed run time = 41128.6243 s

Elapsed run time = 41513.5367 s

Elapsed run time = 41515.6804 s
