================================================================================
CASIMIR_CLUTCH TASK: 6 / 10
Host: x1000c3s0b0n1
Started: Thu Sep 17 12:56:28 AM EDT 2026
================================================================================
Reading task parameters from sweep_configs_clutch/config_006.json...
Executing Quantum Clutch Simulation
Label: Clutch: Menger Spire (N=3) vs Sierpinski Sieve (N=3), d=80nm, th=0.0deg
Params: d=0.08 um, N_top=3, N_bot=3, mat=Gold, res=60, nmax=3, theta=0.0 deg, alpha=75.0 deg, r_tip=5.0 nm, eps=1.0
==================================================
RUNNING CRASH-PROOF MEEP SIMULATION WRAPPER
==================================================
Executing: srun -n 128 /N/u/gogordon/BigRed200/.conda/envs/meep/bin/python execution/run_meep_simulation.py --L 2.0 --d 0.08 --N 3 --N-bottom 3 --theta 0.0 --material Gold --res 60 --nmax 3 --eps-bg 1.0 --config all --no-cache --clutch --corrugation-angle 75.0 --r-tip 5.0
Starting simulation: d=0.08 um, N_top=3, N_bottom=3, material=Gold, resolution=60, nmax=3, theta=0.0, eps_bg=1.0, config=all, clutch=True, stepped_sieve=False, corrugated=False
Parallel configuration: 128 processes running 108 parallel moment partitions.

Elapsed run time = 0.2771 s

Elapsed run time = 0.2775 s

Elapsed run time = 0.2776 s

Elapsed run time = 0.2780 s

Elapsed run time = 0.2777 s

Elapsed run time = 0.2777 s

Elapsed run time = 0.2778 s

Elapsed run time = 0.2779 s

Elapsed run time = 0.2777 s

Elapsed run time = 0.2777 s

Elapsed run time = 0.2776 s

Elapsed run time = 0.2778 s

Elapsed run time = 0.2776 s

Elapsed run time = 0.2782 s

Elapsed run time = 0.2780 s

Elapsed run time = 0.2778 s

Elapsed run time = 0.2778 s

Elapsed run time = 0.2779 s

Elapsed run time = 0.2780 s

Elapsed run time = 0.2781 s

Elapsed run time = 14892.4228 s

Elapsed run time = 14932.4920 s

Elapsed run time = 14972.7164 s

Elapsed run time = 15109.5050 s

Elapsed run time = 22297.6888 s

Elapsed run time = 22327.6641 s

Elapsed run time = 22348.0392 s

Elapsed run time = 22366.6210 s

Elapsed run time = 22462.6081 s

Elapsed run time = 22481.0299 s

Elapsed run time = 22491.5640 s

Elapsed run time = 22590.4962 s
  [BOTH][Rank 0] Done moment 1/1 (task 0): force_integral=+1.741016e-01

