================================================================================
CASIMIR_CLUTCH TASK: 8 / 10
Host: x1000c4s1b0n1
Started: Thu Sep 17 01:04:46 AM EDT 2026
================================================================================
Reading task parameters from sweep_configs_clutch/config_008.json...
Executing Quantum Clutch Simulation
Label: Clutch: Menger Spire (N=3) vs Sierpinski Sieve (N=3), d=80nm, th=45.0deg
Params: d=0.08 um, N_top=3, N_bot=3, mat=Gold, res=60, nmax=3, theta=45.0 deg, alpha=75.0 deg, r_tip=5.0 nm, eps=1.0
==================================================
RUNNING CRASH-PROOF MEEP SIMULATION WRAPPER
==================================================
Executing: srun -n 128 /N/u/gogordon/BigRed200/.conda/envs/meep/bin/python execution/run_meep_simulation.py --L 2.0 --d 0.08 --N 3 --N-bottom 3 --theta 45.0 --material Gold --res 60 --nmax 3 --eps-bg 1.0 --config all --no-cache --clutch --corrugation-angle 75.0 --r-tip 5.0

Elapsed run time = 0.0413 s

Elapsed run time = 0.0412 s
Starting simulation: d=0.08 um, N_top=3, N_bottom=3, material=Gold, resolution=60, nmax=3, theta=45.0, eps_bg=1.0, config=all, clutch=True, stepped_sieve=False, corrugated=False
Parallel configuration: 128 processes running 108 parallel moment partitions.

Elapsed run time = 0.0415 s

Elapsed run time = 0.0419 s

Elapsed run time = 0.0426 s

Elapsed run time = 0.0428 s

Elapsed run time = 0.0437 s

Elapsed run time = 0.0436 s

Elapsed run time = 0.0435 s

Elapsed run time = 0.0433 s

Elapsed run time = 0.0436 s

Elapsed run time = 0.0442 s

Elapsed run time = 0.0442 s

Elapsed run time = 0.0441 s

Elapsed run time = 0.0439 s

Elapsed run time = 0.0443 s

Elapsed run time = 0.0444 s

Elapsed run time = 0.0441 s

Elapsed run time = 0.0440 s

Elapsed run time = 0.0446 s

CRITICAL SIGNAL RECEIVED IN TASK -1: SIGTERM

[CRASH HANDLER] Logged crash details to '.tmp/crash_logs/crash_task_-1_20260917_010651.log'.
[CRASH HANDLER] Auto-syncing crash report to GitHub...

CRITICAL SIGNAL RECEIVED IN TASK -1: SIGTERM

CRITICAL SIGNAL RECEIVED IN TASK -1: SIGTERM

CRITICAL SIGNAL RECEIVED IN TASK -1: SIGTERM

[CRASH HANDLER] Logged crash details to '.tmp/crash_logs/crash_task_-1_20260917_010657.log'.

[CRASH HANDLER] Logged crash details to '.tmp/crash_logs/crash_task_-1_20260917_010657.log'.

[CRASH HANDLER] Logged crash details to '.tmp/crash_logs/crash_task_-1_20260917_010651.log'.

CRITICAL SIGNAL RECEIVED IN TASK -1: SIGTERM
[CRASH HANDLER] Auto-syncing crash report to GitHub...
[CRASH HANDLER] Auto-syncing crash report to GitHub...
[CRASH HANDLER] Auto-syncing crash report to GitHub...

[CRASH HANDLER] Logged crash details to '.tmp/crash_logs/crash_task_-1_20260917_010657.log'.
[CRASH HANDLER] Auto-syncing crash report to GitHub...

CRITICAL SIGNAL RECEIVED IN TASK -1: SIGTERM

[CRASH HANDLER] Logged crash details to '.tmp/crash_logs/crash_task_-1_20260917_010657.log'.
[CRASH HANDLER] Auto-syncing crash report to GitHub...

CRITICAL SIGNAL RECEIVED IN TASK -1: SIGTERM

CRITICAL SIGNAL RECEIVED IN TASK -1: SIGTERM

[CRASH HANDLER] Logged crash details to '.tmp/crash_logs/crash_task_-1_20260917_010657.log'.

[CRASH HANDLER] Logged crash details to '.tmp/crash_logs/crash_task_-1_20260917_010657.log'.
[CRASH HANDLER] Auto-syncing crash report to GitHub...
[CRASH HANDLER] Auto-syncing crash report to GitHub...

CRITICAL SIGNAL RECEIVED IN TASK -1: SIGTERM

CRITICAL SIGNAL RECEIVED IN TASK -1: SIGTERM

[CRASH HANDLER] Logged crash details to '.tmp/crash_logs/crash_task_-1_20260917_010657.log'.

[CRASH HANDLER] Logged crash details to '.tmp/crash_logs/crash_task_-1_20260917_010657.log'.
[CRASH HANDLER] Auto-syncing crash report to GitHub...
[CRASH HANDLER] Auto-syncing crash report to GitHub...

CRITICAL SIGNAL RECEIVED IN TASK -1: SIGTERM

[CRASH HANDLER] Logged crash details to '.tmp/crash_logs/crash_task_-1_20260917_010658.log'.
[CRASH HANDLER] Auto-syncing crash report to GitHub...

CRITICAL SIGNAL RECEIVED IN TASK -1: SIGTERM

[CRASH HANDLER] Logged crash details to '.tmp/crash_logs/crash_task_-1_20260917_010658.log'.
[CRASH HANDLER] Auto-syncing crash report to GitHub...

CRITICAL SIGNAL RECEIVED IN TASK -1: SIGTERM

[CRASH HANDLER] Logged crash details to '.tmp/crash_logs/crash_task_-1_20260917_010658.log'.
[CRASH HANDLER] Auto-syncing crash report to GitHub...

CRITICAL SIGNAL RECEIVED IN TASK -1: SIGTERM

[CRASH HANDLER] Logged crash details to '.tmp/crash_logs/crash_task_-1_20260917_010658.log'.
[CRASH HANDLER] Auto-syncing crash report to GitHub...

CRITICAL SIGNAL RECEIVED IN TASK -1: SIGTERM

[CRASH HANDLER] Logged crash details to '.tmp/crash_logs/crash_task_-1_20260917_010658.log'.
[CRASH HANDLER] Auto-syncing crash report to GitHub...

CRITICAL SIGNAL RECEIVED IN TASK -1: SIGTERM

CRITICAL SIGNAL RECEIVED IN TASK -1: SIGTERM

[CRASH HANDLER] Logged crash details to '.tmp/crash_logs/crash_task_-1_20260917_010658.log'.

[CRASH HANDLER] Logged crash details to '.tmp/crash_logs/crash_task_-1_20260917_010658.log'.
[CRASH HANDLER] Auto-syncing crash report to GitHub...

CRITICAL SIGNAL RECEIVED IN TASK -1: SIGTERM

[CRASH HANDLER] Logged crash details to '.tmp/crash_logs/crash_task_-1_20260917_010710.log'.
[CRASH HANDLER] Auto-syncing crash report to GitHub...

CRITICAL SIGNAL RECEIVED IN TASK -1: SIGTERM

[CRASH HANDLER] Logged crash details to '.tmp/crash_logs/crash_task_-1_20260917_010710.log'.
[CRASH HANDLER] Auto-syncing crash report to GitHub...

CRITICAL SIGNAL RECEIVED IN TASK -1: SIGTERM

[CRASH HANDLER] Logged crash details to '.tmp/crash_logs/crash_task_-1_20260917_010710.log'.
[CRASH HANDLER] Auto-syncing crash report to GitHub...

CRITICAL SIGNAL RECEIVED IN TASK -1: SIGTERM

[CRASH HANDLER] Logged crash details to '.tmp/crash_logs/crash_task_-1_20260917_010710.log'.
[CRASH HANDLER] Auto-syncing crash report to GitHub...

CRITICAL SIGNAL RECEIVED IN TASK -1: SIGTERM

[CRASH HANDLER] Logged crash details to '.tmp/crash_logs/crash_task_-1_20260917_010710.log'.
[CRASH HANDLER] Auto-syncing crash report to GitHub...

CRITICAL SIGNAL RECEIVED IN TASK -1: SIGTERM

[CRASH HANDLER] Logged crash details to '.tmp/crash_logs/crash_task_-1_20260917_010710.log'.
[CRASH HANDLER] Auto-syncing crash report to GitHub...

CRITICAL SIGNAL RECEIVED IN TASK -1: SIGTERM

[CRASH HANDLER] Logged crash details to '.tmp/crash_logs/crash_task_-1_20260917_010710.log'.
[CRASH HANDLER] Auto-syncing crash report to GitHub...

CRITICAL SIGNAL RECEIVED IN TASK -1: SIGTERM

[CRASH HANDLER] Logged crash details to '.tmp/crash_logs/crash_task_-1_20260917_010710.log'.
[CRASH HANDLER] Auto-syncing crash report to GitHub...

CRITICAL SIGNAL RECEIVED IN TASK -1: SIGTERM

[CRASH HANDLER] Logged crash details to '.tmp/crash_logs/crash_task_-1_20260917_010710.log'.
[CRASH HANDLER] Auto-syncing crash report to GitHub...

CRITICAL SIGNAL RECEIVED IN TASK -1: SIGTERM

[CRASH HANDLER] Logged crash details to '.tmp/crash_logs/crash_task_-1_20260917_010710.log'.
[CRASH HANDLER] Auto-syncing crash report to GitHub...

CRITICAL SIGNAL RECEIVED IN TASK -1: SIGTERM

[CRASH HANDLER] Logged crash details to '.tmp/crash_logs/crash_task_-1_20260917_010710.log'.
[CRASH HANDLER] Auto-syncing crash report to GitHub...

CRITICAL SIGNAL RECEIVED IN TASK -1: SIGTERM

[CRASH HANDLER] Logged crash details to '.tmp/crash_logs/crash_task_-1_20260917_010710.log'.
[CRASH HANDLER] Auto-syncing crash report to GitHub...

CRITICAL SIGNAL RECEIVED IN TASK -1: SIGTERM

[CRASH HANDLER] Logged crash details to '.tmp/crash_logs/crash_task_-1_20260917_010710.log'.
[CRASH HANDLER] Auto-syncing crash report to GitHub...

CRITICAL SIGNAL RECEIVED IN TASK -1: SIGTERM

[CRASH HANDLER] Logged crash details to '.tmp/crash_logs/crash_task_-1_20260917_010710.log'.
[CRASH HANDLER] Auto-syncing crash report to GitHub...

CRITICAL SIGNAL RECEIVED IN TASK -1: SIGTERM

[CRASH HANDLER] Logged crash details to '.tmp/crash_logs/crash_task_-1_20260917_010710.log'.
[CRASH HANDLER] Auto-syncing crash report to GitHub...

CRITICAL SIGNAL RECEIVED IN TASK -1: SIGTERM

[CRASH HANDLER] Logged crash details to '.tmp/crash_logs/crash_task_-1_20260917_010710.log'.
[CRASH HANDLER] Auto-syncing crash report to GitHub...

CRITICAL SIGNAL RECEIVED IN TASK -1: SIGTERM

[CRASH HANDLER] Logged crash details to '.tmp/crash_logs/crash_task_-1_20260917_010710.log'.
[CRASH HANDLER] Auto-syncing crash report to GitHub...

CRITICAL SIGNAL RECEIVED IN TASK -1: SIGTERM

[CRASH HANDLER] Logged crash details to '.tmp/crash_logs/crash_task_-1_20260917_010710.log'.
[CRASH HANDLER] Auto-syncing crash report to GitHub...

CRITICAL SIGNAL RECEIVED IN TASK -1: SIGTERM

[CRASH HANDLER] Logged crash details to '.tmp/crash_logs/crash_task_-1_20260917_010710.log'.
[CRASH HANDLER] Auto-syncing crash report to GitHub...

CRITICAL SIGNAL RECEIVED IN TASK -1: SIGTERM

[CRASH HANDLER] Logged crash details to '.tmp/crash_logs/crash_task_-1_20260917_010710.log'.
[CRASH HANDLER] Auto-syncing crash report to GitHub...

CRITICAL SIGNAL RECEIVED IN TASK -1: SIGTERM

[CRASH HANDLER] Logged crash details to '.tmp/crash_logs/crash_task_-1_20260917_010710.log'.
[CRASH HANDLER] Auto-syncing crash report to GitHub...

CRITICAL SIGNAL RECEIVED IN TASK -1: SIGTERM

[CRASH HANDLER] Logged crash details to '.tmp/crash_logs/crash_task_-1_20260917_010710.log'.
[CRASH HANDLER] Auto-syncing crash report to GitHub...

CRITICAL SIGNAL RECEIVED IN TASK -1: SIGTERM

[CRASH HANDLER] Logged crash details to '.tmp/crash_logs/crash_task_-1_20260917_010710.log'.
[CRASH HANDLER] Auto-syncing crash report to GitHub...

CRITICAL SIGNAL RECEIVED IN TASK -1: SIGTERM

[CRASH HANDLER] Logged crash details to '.tmp/crash_logs/crash_task_-1_20260917_010710.log'.
[CRASH HANDLER] Auto-syncing crash report to GitHub...

CRITICAL SIGNAL RECEIVED IN TASK -1: SIGTERM

[CRASH HANDLER] Logged crash details to '.tmp/crash_logs/crash_task_-1_20260917_010710.log'.
[CRASH HANDLER] Auto-syncing crash report to GitHub...

CRITICAL SIGNAL RECEIVED IN TASK -1: SIGTERM

[CRASH HANDLER] Logged crash details to '.tmp/crash_logs/crash_task_-1_20260917_010710.log'.
[CRASH HANDLER] Auto-syncing crash report to GitHub...

CRITICAL SIGNAL RECEIVED IN TASK -1: SIGTERM

[CRASH HANDLER] Logged crash details to '.tmp/crash_logs/crash_task_-1_20260917_010710.log'.
[CRASH HANDLER] Auto-syncing crash report to GitHub...

CRITICAL SIGNAL RECEIVED IN TASK -1: SIGTERM

[CRASH HANDLER] Logged crash details to '.tmp/crash_logs/crash_task_-1_20260917_010710.log'.
[CRASH HANDLER] Auto-syncing crash report to GitHub...

CRITICAL SIGNAL RECEIVED IN TASK -1: SIGTERM

[CRASH HANDLER] Logged crash details to '.tmp/crash_logs/crash_task_-1_20260917_010710.log'.
[CRASH HANDLER] Auto-syncing crash report to GitHub...

CRITICAL SIGNAL RECEIVED IN TASK -1: SIGTERM

[CRASH HANDLER] Logged crash details to '.tmp/crash_logs/crash_task_-1_20260917_010710.log'.
[CRASH HANDLER] Auto-syncing crash report to GitHub...

CRITICAL SIGNAL RECEIVED IN TASK -1: SIGTERM

[CRASH HANDLER] Logged crash details to '.tmp/crash_logs/crash_task_-1_20260917_010710.log'.
[CRASH HANDLER] Auto-syncing crash report to GitHub...
[CRASH HANDLER] Auto-syncing crash report to GitHub...

CRITICAL SIGNAL RECEIVED IN TASK -1: SIGTERM

[CRASH HANDLER] Logged crash details to '.tmp/crash_logs/crash_task_-1_20260917_010710.log'.

CRITICAL SIGNAL RECEIVED IN TASK -1: SIGTERM
[CRASH HANDLER] Auto-syncing crash report to GitHub...

CRITICAL SIGNAL RECEIVED IN TASK -1: SIGTERM

[CRASH HANDLER] Logged crash details to '.tmp/crash_logs/crash_task_-1_20260917_010710.log'.

[CRASH HANDLER] Logged crash details to '.tmp/crash_logs/crash_task_-1_20260917_010710.log'.

CRITICAL SIGNAL RECEIVED IN TASK -1: SIGTERM
[CRASH HANDLER] Auto-syncing crash report to GitHub...
[CRASH HANDLER] Auto-syncing crash report to GitHub...

[CRASH HANDLER] Logged crash details to '.tmp/crash_logs/crash_task_-1_20260917_010710.log'.

CRITICAL SIGNAL RECEIVED IN TASK -1: SIGTERM

CRITICAL SIGNAL RECEIVED IN TASK -1: SIGTERM

CRITICAL SIGNAL RECEIVED IN TASK -1: SIGTERM

CRITICAL SIGNAL RECEIVED IN TASK -1: SIGTERM
[CRASH HANDLER] Auto-syncing crash report to GitHub...

CRITICAL SIGNAL RECEIVED IN TASK -1: SIGTERM

CRITICAL SIGNAL RECEIVED IN TASK -1: SIGTERM

CRITICAL SIGNAL RECEIVED IN TASK -1: SIGTERM

CRITICAL SIGNAL RECEIVED IN TASK -1: SIGTERM

CRITICAL SIGNAL RECEIVED IN TASK -1: SIGTERM

CRITICAL SIGNAL RECEIVED IN TASK -1: SIGTERM

CRITICAL SIGNAL RECEIVED IN TASK -1: SIGTERM

CRITICAL SIGNAL RECEIVED IN TASK -1: SIGTERM

CRITICAL SIGNAL RECEIVED IN TASK -1: SIGTERM

CRITICAL SIGNAL RECEIVED IN TASK -1: SIGTERM

[CRASH HANDLER] Logged crash details to '.tmp/crash_logs/crash_task_-1_20260917_010710.log'.

CRITICAL SIGNAL RECEIVED IN TASK -1: SIGTERM

CRITICAL SIGNAL RECEIVED IN TASK -1: SIGTERM

[CRASH HANDLER] Logged crash details to '.tmp/crash_logs/crash_task_-1_20260917_010710.log'.

[CRASH HANDLER] Logged crash details to '.tmp/crash_logs/crash_task_-1_20260917_010710.log'.

CRITICAL SIGNAL RECEIVED IN TASK -1: SIGTERM

CRITICAL SIGNAL RECEIVED IN TASK -1: SIGTERM

CRITICAL SIGNAL RECEIVED IN TASK -1: SIGTERM

[CRASH HANDLER] Logged crash details to '.tmp/crash_logs/crash_task_-1_20260917_010710.log'.

CRITICAL SIGNAL RECEIVED IN TASK -1: SIGTERM

CRITICAL SIGNAL RECEIVED IN TASK -1: SIGTERM

CRITICAL SIGNAL RECEIVED IN TASK -1: SIGTERM

CRITICAL SIGNAL RECEIVED IN TASK -1: SIGTERM

[CRASH HANDLER] Logged crash details to '.tmp/crash_logs/crash_task_-1_20260917_010710.log'.

[CRASH HANDLER] Logged crash details to '.tmp/crash_logs/crash_task_-1_20260917_010710.log'.

[CRASH HANDLER] Logged crash details to '.tmp/crash_logs/crash_task_-1_20260917_010710.log'.

[CRASH HANDLER] Logged crash details to '.tmp/crash_logs/crash_task_-1_20260917_010710.log'.

[CRASH HANDLER] Logged crash details to '.tmp/crash_logs/crash_task_-1_20260917_010710.log'.

[CRASH HANDLER] Logged crash details to '.tmp/crash_logs/crash_task_-1_20260917_010710.log'.

[CRASH HANDLER] Logged crash details to '.tmp/crash_logs/crash_task_-1_20260917_010710.log'.

[CRASH HANDLER] Logged crash details to '.tmp/crash_logs/crash_task_-1_20260917_010710.log'.

CRITICAL SIGNAL RECEIVED IN TASK -1: SIGTERM

CRITICAL SIGNAL RECEIVED IN TASK -1: SIGTERM

[CRASH HANDLER] Logged crash details to '.tmp/crash_logs/crash_task_-1_20260917_010710.log'.

CRITICAL SIGNAL RECEIVED IN TASK -1: SIGTERM
[CRASH HANDLER] Auto-syncing crash report to GitHub...
[CRASH HANDLER] Auto-syncing crash report to GitHub...

[CRASH HANDLER] Logged crash details to '.tmp/crash_logs/crash_task_-1_20260917_010710.log'.
[CRASH HANDLER] Auto-syncing crash report to GitHub...

CRITICAL SIGNAL RECEIVED IN TASK -1: SIGTERM

[CRASH HANDLER] Logged crash details to '.tmp/crash_logs/crash_task_-1_20260917_010710.log'.

[CRASH HANDLER] Logged crash details to '.tmp/crash_logs/crash_task_-1_20260917_010710.log'.

[CRASH HANDLER] Logged crash details to '.tmp/crash_logs/crash_task_-1_20260917_010710.log'.

[CRASH HANDLER] Logged crash details to '.tmp/crash_logs/crash_task_-1_20260917_010710.log'.

[CRASH HANDLER] Logged crash details to '.tmp/crash_logs/crash_task_-1_20260917_010710.log'.

[CRASH HANDLER] Logged crash details to '.tmp/crash_logs/crash_task_-1_20260917_010710.log'.

[CRASH HANDLER] Logged crash details to '.tmp/crash_logs/crash_task_-1_20260917_010710.log'.

[CRASH HANDLER] Logged crash details to '.tmp/crash_logs/crash_task_-1_20260917_010710.log'.

[CRASH HANDLER] Logged crash details to '.tmp/crash_logs/crash_task_-1_20260917_010710.log'.

[CRASH HANDLER] Logged crash details to '.tmp/crash_logs/crash_task_-1_20260917_010710.log'.
[CRASH HANDLER] Auto-syncing crash report to GitHub...
[CRASH HANDLER] Auto-syncing crash report to GitHub...
[CRASH HANDLER] Auto-syncing crash report to GitHub...
[CRASH HANDLER] Auto-syncing crash report to GitHub...
[CRASH HANDLER] Auto-syncing crash report to GitHub...

[CRASH HANDLER] Logged crash details to '.tmp/crash_logs/crash_task_-1_20260917_010710.log'.

[CRASH HANDLER] Logged crash details to '.tmp/crash_logs/crash_task_-1_20260917_010710.log'.
[CRASH HANDLER] Auto-syncing crash report to GitHub...
[CRASH HANDLER] Auto-syncing crash report to GitHub...
[CRASH HANDLER] Auto-syncing crash report to GitHub...
[CRASH HANDLER] Auto-syncing crash report to GitHub...
[CRASH HANDLER] Auto-syncing crash report to GitHub...
[CRASH HANDLER] Auto-syncing crash report to GitHub...
[CRASH HANDLER] Auto-syncing crash report to GitHub...
[CRASH HANDLER] Auto-syncing crash report to GitHub...

CRITICAL SIGNAL RECEIVED IN TASK -1: SIGTERM
[CRASH HANDLER] Auto-syncing crash report to GitHub...
[CRASH HANDLER] Auto-syncing crash report to GitHub...
[CRASH HANDLER] Auto-syncing crash report to GitHub...
[CRASH HANDLER] Auto-syncing crash report to GitHub...
[CRASH HANDLER] Auto-syncing crash report to GitHub...

CRITICAL SIGNAL RECEIVED IN TASK -1: SIGTERM
[CRASH HANDLER] Auto-syncing crash report to GitHub...

[CRASH HANDLER] Logged crash details to '.tmp/crash_logs/crash_task_-1_20260917_010710.log'.
[CRASH HANDLER] Auto-syncing crash report to GitHub...
[CRASH HANDLER] Auto-syncing crash report to GitHub...
[CRASH HANDLER] Auto-syncing crash report to GitHub...
[CRASH HANDLER] Auto-syncing crash report to GitHub...

CRITICAL SIGNAL RECEIVED IN TASK -1: SIGTERM
[CRASH HANDLER] Auto-syncing crash report to GitHub...

[CRASH HANDLER] Logged crash details to '.tmp/crash_logs/crash_task_-1_20260917_010710.log'.

[CRASH HANDLER] Logged crash details to '.tmp/crash_logs/crash_task_-1_20260917_010710.log'.

CRITICAL SIGNAL RECEIVED IN TASK -1: SIGTERM
[CRASH HANDLER] Auto-syncing crash report to GitHub...

[CRASH HANDLER] Logged crash details to '.tmp/crash_logs/crash_task_-1_20260917_010710.log'.

CRITICAL SIGNAL RECEIVED IN TASK -1: SIGTERM
[CRASH HANDLER] Auto-syncing crash report to GitHub...

[CRASH HANDLER] Logged crash details to '.tmp/crash_logs/crash_task_-1_20260917_010710.log'.
[CRASH HANDLER] Auto-syncing crash report to GitHub...

CRITICAL SIGNAL RECEIVED IN TASK -1: SIGTERM

[CRASH HANDLER] Logged crash details to '.tmp/crash_logs/crash_task_-1_20260917_010710.log'.
[CRASH HANDLER] Auto-syncing crash report to GitHub...
[CRASH HANDLER] Auto-syncing crash report to GitHub...

CRITICAL SIGNAL RECEIVED IN TASK -1: SIGTERM

[CRASH HANDLER] Logged crash details to '.tmp/crash_logs/crash_task_-1_20260917_010710.log'.
[CRASH HANDLER] Auto-syncing crash report to GitHub...

[CRASH HANDLER] Logged crash details to '.tmp/crash_logs/crash_task_-1_20260917_010710.log'.

CRITICAL SIGNAL RECEIVED IN TASK -1: SIGTERM

CRITICAL SIGNAL RECEIVED IN TASK -1: SIGTERM

CRITICAL SIGNAL RECEIVED IN TASK -1: SIGTERM

CRITICAL SIGNAL RECEIVED IN TASK -1: SIGTERM

CRITICAL SIGNAL RECEIVED IN TASK -1: SIGTERM

CRITICAL SIGNAL RECEIVED IN TASK -1: SIGTERM
[CRASH HANDLER] Auto-syncing crash report to GitHub...

CRITICAL SIGNAL RECEIVED IN TASK -1: SIGTERM

[CRASH HANDLER] Logged crash details to '.tmp/crash_logs/crash_task_-1_20260917_010710.log'.

[CRASH HANDLER] Logged crash details to '.tmp/crash_logs/crash_task_-1_20260917_010710.log'.

[CRASH HANDLER] Logged crash details to '.tmp/crash_logs/crash_task_-1_20260917_010710.log'.

[CRASH HANDLER] Logged crash details to '.tmp/crash_logs/crash_task_-1_20260917_010710.log'.

[CRASH HANDLER] Logged crash details to '.tmp/crash_logs/crash_task_-1_20260917_010710.log'.
[CRASH HANDLER] Auto-syncing crash report to GitHub...
[CRASH HANDLER] Auto-syncing crash report to GitHub...
[CRASH HANDLER] Auto-syncing crash report to GitHub...

CRITICAL SIGNAL RECEIVED IN TASK -1: SIGTERM

[CRASH HANDLER] Logged crash details to '.tmp/crash_logs/crash_task_-1_20260917_010710.log'.

[CRASH HANDLER] Logged crash details to '.tmp/crash_logs/crash_task_-1_20260917_010710.log'.
[CRASH HANDLER] Auto-syncing crash report to GitHub...
[CRASH HANDLER] Auto-syncing crash report to GitHub...

CRITICAL SIGNAL RECEIVED IN TASK -1: SIGTERM

CRITICAL SIGNAL RECEIVED IN TASK -1: SIGTERM
[CRASH HANDLER] Auto-syncing crash report to GitHub...
[CRASH HANDLER] Auto-syncing crash report to GitHub...

[CRASH HANDLER] Logged crash details to '.tmp/crash_logs/crash_task_-1_20260917_010710.log'.

[CRASH HANDLER] Logged crash details to '.tmp/crash_logs/crash_task_-1_20260917_010710.log'.
[CRASH HANDLER] Auto-syncing crash report to GitHub...

[CRASH HANDLER] Logged crash details to '.tmp/crash_logs/crash_task_-1_20260917_010710.log'.
[CRASH HANDLER] Auto-syncing crash report to GitHub...
[CRASH HANDLER] Auto-syncing crash report to GitHub...

CRITICAL SIGNAL RECEIVED IN TASK -1: SIGTERM

[CRASH HANDLER] Logged crash details to '.tmp/crash_logs/crash_task_-1_20260917_010756.log'.

CRITICAL SIGNAL RECEIVED IN TASK -1: SIGTERM

[CRASH HANDLER] Logged crash details to '.tmp/crash_logs/crash_task_-1_20260917_010756.log'.
[CRASH HANDLER] Auto-syncing crash report to GitHub...
[CRASH HANDLER] Auto-syncing crash report to GitHub...

CRITICAL SIGNAL RECEIVED IN TASK -1: SIGTERM

CRITICAL SIGNAL RECEIVED IN TASK -1: SIGTERM

CRITICAL SIGNAL RECEIVED IN TASK -1: SIGTERM

[CRASH HANDLER] Logged crash details to '.tmp/crash_logs/crash_task_-1_20260917_010756.log'.

[CRASH HANDLER] Logged crash details to '.tmp/crash_logs/crash_task_-1_20260917_010756.log'.

[CRASH HANDLER] Logged crash details to '.tmp/crash_logs/crash_task_-1_20260917_010756.log'.
Command failed with exit status 137.
==================================================
[CRASH DETECTED] Task 8 exited with status code 137
==================================================

[CRASH HANDLER] Logged crash details to '.tmp/crash_logs/crash_task_8_20260917_010758.log'.
[CRASH HANDLER] Auto-syncing crash report to GitHub...
[CRASH HANDLER] Successfully pushed crash log to GitHub!
Clutch Task 8 (Clutch: Menger Spire (N=3) vs Sierpinski Sieve (N=3), d=80nm, th=45.0deg) completed with exit code 137 at Thu Sep 17 01:07:58 AM EDT 2026.
