================================================================================
CASIMIR_CLUTCH TASK: 9 / 10
Host: x1002c5s5b0n0
Started: Wed Sep 16 07:53:11 AM EDT 2026
================================================================================
Reading task parameters from sweep_configs_clutch/config_009.json...
Executing Quantum Clutch Simulation
Label: Clutch: Menger Spire (N=3) vs Sierpinski Sieve (N=3), d=80nm, th=60.0deg
Params: d=0.08 um, N_top=3, N_bot=3, mat=Gold, res=80, theta=60.0 deg, alpha=75.0 deg, r_tip=5.0 nm, eps=1.0
==================================================
RUNNING CRASH-PROOF MEEP SIMULATION WRAPPER
==================================================
Executing: srun -n 128 /N/u/gogordon/BigRed200/.conda/envs/meep/bin/python execution/run_meep_simulation.py --L 2.0 --d 0.08 --N 3 --N-bottom 3 --theta 60.0 --material Gold --res 80 --eps-bg 1.0 --config all --no-cache --clutch --corrugation-angle 75.0 --r-tip 5.0
Starting simulation: d=0.08 um, N_top=3, N_bottom=3, material=Gold, resolution=80, nmax=3, theta=60.0, eps_bg=1.0, config=all, clutch=True, stepped_sieve=False, corrugated=False
Parallel configuration: 128 processes running 108 parallel moment partitions.

Elapsed run time = 0.1185 s

Elapsed run time = 0.1187 s

Elapsed run time = 0.1190 s

Elapsed run time = 0.1191 s

Elapsed run time = 0.1191 s

Elapsed run time = 0.1190 s

Elapsed run time = 0.1189 s

Elapsed run time = 0.1191 s

Elapsed run time = 0.1191 s

Elapsed run time = 0.1189 s

Elapsed run time = 0.1190 s

Elapsed run time = 0.1192 s

Elapsed run time = 0.1191 s

Elapsed run time = 0.1190 s

Elapsed run time = 0.1192 s

Elapsed run time = 0.1190 s

Elapsed run time = 0.1187 s

Elapsed run time = 0.1190 s

Elapsed run time = 0.1193 s

Elapsed run time = 0.1191 s
Command failed with exit status 137.
==================================================
[CRASH DETECTED] Task 9 exited with status code 137
==================================================

[CRASH HANDLER] Logged crash details to '.tmp/crash_logs/crash_task_9_20260916_075803.log'.
[CRASH HANDLER] Auto-syncing crash report to GitHub...
[CRASH HANDLER] Successfully pushed crash log to GitHub!
Clutch Task 9 (Clutch: Menger Spire (N=3) vs Sierpinski Sieve (N=3), d=80nm, th=60.0deg) completed with exit code 137 at Wed Sep 16 07:58:20 AM EDT 2026.
