================================================================================
CASIMIR_CLUTCH TASK: 8 / 10
Host: x1000c4s6b0n0
Started: Wed Sep 16 04:10:03 AM EDT 2026
================================================================================
Reading task parameters from sweep_configs_clutch/config_008.json...
Executing Quantum Clutch Simulation
Label: Clutch: Menger Spire (N=3) vs Sierpinski Sieve (N=3), d=80nm, th=45.0deg
Params: d=0.08 um, N_top=3, N_bot=3, mat=Gold, res=80, theta=45.0 deg, alpha=75.0 deg, r_tip=5.0 nm, eps=1.0
==================================================
RUNNING CRASH-PROOF MEEP SIMULATION WRAPPER
==================================================
Executing: srun -n 128 /N/u/gogordon/BigRed200/.conda/envs/meep/bin/python execution/run_meep_simulation.py --L 2.0 --d 0.08 --N 3 --N-bottom 3 --theta 45.0 --material Gold --res 80 --eps-bg 1.0 --config all --no-cache --clutch --corrugation-angle 75.0 --r-tip 5.0

Elapsed run time = 0.0307 s

Elapsed run time = 0.0305 s

Elapsed run time = 0.0305 s

Elapsed run time = 0.0305 s

Elapsed run time = 0.0308 s

Elapsed run time = 0.0309 s

Elapsed run time = 0.0309 s
Starting simulation: d=0.08 um, N_top=3, N_bottom=3, material=Gold, resolution=80, nmax=3, theta=45.0, eps_bg=1.0, config=all, clutch=True, stepped_sieve=False, corrugated=False
Parallel configuration: 128 processes running 108 parallel moment partitions.

Elapsed run time = 0.0325 s

Elapsed run time = 0.0325 s

Elapsed run time = 0.0325 s

Elapsed run time = 0.0328 s

Elapsed run time = 0.0327 s

Elapsed run time = 0.0328 s

Elapsed run time = 0.0329 s

Elapsed run time = 0.0331 s

Elapsed run time = 0.0330 s

Elapsed run time = 0.0330 s

Elapsed run time = 0.0326 s

Elapsed run time = 0.0329 s

Elapsed run time = 0.0330 s
Command failed with exit status 137.
==================================================
[CRASH DETECTED] Task 8 exited with status code 137
==================================================

[CRASH HANDLER] Logged crash details to '.tmp/crash_logs/crash_task_8_20260916_041445.log'.
[CRASH HANDLER] Auto-syncing crash report to GitHub...
[CRASH HANDLER] Successfully pushed crash log to GitHub!
Clutch Task 8 (Clutch: Menger Spire (N=3) vs Sierpinski Sieve (N=3), d=80nm, th=45.0deg) completed with exit code 137 at Wed Sep 16 04:14:46 AM EDT 2026.
