================================================================================
CASIMIR_CLUTCH TASK: 1 / 10
Host: x1002c6s3b0n0
Started: Wed Sep 16 12:56:10 PM EDT 2026
================================================================================
Reading task parameters from sweep_configs_clutch/config_001.json...
Executing Quantum Clutch Simulation
Label: Clutch: Menger Spire (N=3) vs Sierpinski Sieve (N=3), d=40nm, th=0.0deg
Params: d=0.04 um, N_top=3, N_bot=3, mat=Gold, res=60, nmax=3, theta=0.0 deg, alpha=75.0 deg, r_tip=5.0 nm, eps=1.0
==================================================
RUNNING CRASH-PROOF MEEP SIMULATION WRAPPER
==================================================
Executing: srun -n 128 /N/u/gogordon/BigRed200/.conda/envs/meep/bin/python execution/run_meep_simulation.py --L 2.0 --d 0.04 --N 3 --N-bottom 3 --theta 0.0 --material Gold --res 60 --nmax 3 --eps-bg 1.0 --config all --no-cache --clutch --corrugation-angle 75.0 --r-tip 5.0
Starting simulation: d=0.04 um, N_top=3, N_bottom=3, material=Gold, resolution=60, nmax=3, theta=0.0, eps_bg=1.0, config=all, clutch=True, stepped_sieve=False, corrugated=False
Parallel configuration: 128 processes running 108 parallel moment partitions.

Elapsed run time = 0.1478 s

Elapsed run time = 0.1478 s

Elapsed run time = 0.1479 s

Elapsed run time = 0.1485 s

Elapsed run time = 0.1486 s

Elapsed run time = 0.1485 s

Elapsed run time = 0.1486 s

Elapsed run time = 0.1487 s

Elapsed run time = 0.1488 s

Elapsed run time = 0.1485 s

Elapsed run time = 0.1486 s

Elapsed run time = 0.1489 s

Elapsed run time = 0.1488 s

Elapsed run time = 0.1487 s

Elapsed run time = 0.1488 s

Elapsed run time = 0.1487 s

Elapsed run time = 0.1492 s

Elapsed run time = 0.1490 s

Elapsed run time = 0.1487 s

Elapsed run time = 0.1489 s

Elapsed run time = 14043.0769 s

Elapsed run time = 14134.1266 s

Elapsed run time = 14185.7152 s

Elapsed run time = 14234.7593 s

Elapsed run time = 20853.7036 s

Elapsed run time = 20856.0609 s

Elapsed run time = 21042.1237 s

Elapsed run time = 21045.1766 s

Elapsed run time = 21097.8721 s

Elapsed run time = 21217.3016 s

Elapsed run time = 21245.2785 s

Elapsed run time = 21247.1037 s
  [BOTH][Rank 0] Done moment 1/1 (task 0): force_integral=-3.979982e-02
