================================================================================
CASIMIR_CLUTCH TASK: 10 / 10
Host: x1000c3s4b0n1
Started: Thu Sep 17 01:35:41 AM EDT 2026
================================================================================
Reading task parameters from sweep_configs_clutch/config_010.json...
Executing Quantum Clutch Simulation
Label: Clutch: Menger Spire (N=3) vs Sierpinski Sieve (N=3), d=80nm, th=90.0deg
Params: d=0.08 um, N_top=3, N_bot=3, mat=Gold, res=60, nmax=3, theta=90.0 deg, alpha=75.0 deg, r_tip=5.0 nm, eps=1.0
==================================================
RUNNING CRASH-PROOF MEEP SIMULATION WRAPPER
==================================================
Executing: srun -n 128 /N/u/gogordon/BigRed200/.conda/envs/meep/bin/python execution/run_meep_simulation.py --L 2.0 --d 0.08 --N 3 --N-bottom 3 --theta 90.0 --material Gold --res 60 --nmax 3 --eps-bg 1.0 --config all --no-cache --clutch --corrugation-angle 75.0 --r-tip 5.0
Starting simulation: d=0.08 um, N_top=3, N_bottom=3, material=Gold, resolution=60, nmax=3, theta=90.0, eps_bg=1.0, config=all, clutch=True, stepped_sieve=False, corrugated=False
Parallel configuration: 128 processes running 108 parallel moment partitions.

Elapsed run time = 0.0472 s

Elapsed run time = 0.0474 s

Elapsed run time = 0.0474 s

Elapsed run time = 0.0477 s

Elapsed run time = 0.0477 s

Elapsed run time = 0.0522 s

Elapsed run time = 0.0523 s

Elapsed run time = 0.0527 s

Elapsed run time = 0.0526 s

Elapsed run time = 0.0528 s

Elapsed run time = 0.0525 s

Elapsed run time = 0.0527 s

Elapsed run time = 0.0529 s

Elapsed run time = 0.0531 s

Elapsed run time = 0.0530 s

Elapsed run time = 0.0529 s

Elapsed run time = 0.0530 s

Elapsed run time = 0.0528 s

Elapsed run time = 0.0532 s

Elapsed run time = 0.0528 s

Elapsed run time = 14662.4175 s

Elapsed run time = 15021.5258 s

Elapsed run time = 15043.4425 s

Elapsed run time = 15054.2188 s

Elapsed run time = 21999.3281 s

Elapsed run time = 22159.9159 s

Elapsed run time = 22359.6736 s

Elapsed run time = 22359.6961 s

Elapsed run time = 22397.8988 s

Elapsed run time = 22418.7224 s

Elapsed run time = 22548.4289 s

Elapsed run time = 22566.2984 s
  [BOTH][Rank 0] Done moment 1/1 (task 0): force_integral=+1.290933e-01
