================================================================================
CASIMIR_CLUTCH TASK: 7 / 10
Host: x1000c4s0b0n0
Started: Mon Sep 21 05:17:25 PM EDT 2026
================================================================================
Reading task parameters from sweep_configs_clutch/config_007.json...
Executing Quantum Clutch Simulation
Label: Clutch: Menger Spire (N=3) vs Sierpinski Sieve (N=3), d=80nm, th=30.0deg
Params: d=0.08 um, N_top=3, N_bot=3, mat=Gold, res=60, nmax=1, theta=30.0 deg, alpha=75.0 deg, r_tip=5.0 nm, eps=1.0
==================================================
RUNNING CRASH-PROOF MEEP SIMULATION WRAPPER
==================================================
Executing: srun -n 128 /N/u/gogordon/BigRed200/.conda/envs/meep/bin/python execution/run_meep_simulation.py --L 2.0 --d 0.08 --N 3 --N-bottom 3 --theta 30.0 --material Gold --res 60 --nmax 1 --eps-bg 1.0 --config all --no-subgroups --T-run 12.0 --max-walltime-hours 11.0 --campaign-task-id 7 --clutch --corrugation-angle 75.0 --r-tip 5.0
Starting simulation: d=0.08 um, N_top=3, N_bottom=3, material=Gold, resolution=60, nmax=1, theta=30.0, eps_bg=1.0, config=all, clutch=True, stepped_sieve=False, corrugated=False
Parallel configuration: 128 processes running 1 parallel moment partitions.

CRITICAL SIGNAL RECEIVED IN TASK -1: SIGTERM

[CRASH HANDLER] Logged crash details to 'cluster_diagnostics/crash_logs/crash_task_-1_20260921_171913.log'.
[CRASH HANDLER] Auto-syncing crash report to GitHub...
[main 26b24ae] CRASH LOG: Task -1 failed on x1000c4s0b0n0 (SIGTERM)
 2 files changed, 86 insertions(+)
 create mode 100644 cluster_diagnostics/crash_logs/crash_task_-1_20260921_171913.log
[CRASH HANDLER] Successfully pushed crash log to GitHub!

Elapsed run time = 103.3813 s

CRITICAL SIGNAL RECEIVED IN TASK -1: SIGTERM

[CRASH HANDLER] Logged crash details to 'cluster_diagnostics/crash_logs/crash_task_-1_20260921_171916.log'.

CRITICAL SIGNAL RECEIVED IN TASK -1: SIGTERM
[CRASH HANDLER] Auto-syncing crash report to GitHub...

[CRASH HANDLER] Logged crash details to 'cluster_diagnostics/crash_logs/crash_task_-1_20260921_171916.log'.
[CRASH HANDLER] Auto-syncing crash report to GitHub...

CRITICAL SIGNAL RECEIVED IN TASK -1: SIGTERM

[CRASH HANDLER] Logged crash details to 'cluster_diagnostics/crash_logs/crash_task_-1_20260921_171916.log'.
[CRASH HANDLER] Auto-syncing crash report to GitHub...

CRITICAL SIGNAL RECEIVED IN TASK -1: SIGTERM

[CRASH HANDLER] Logged crash details to 'cluster_diagnostics/crash_logs/crash_task_-1_20260921_171916.log'.
[CRASH HANDLER] Auto-syncing crash report to GitHub...

CRITICAL SIGNAL RECEIVED IN TASK -1: SIGTERM

CRITICAL SIGNAL RECEIVED IN TASK -1: SIGTERM

[CRASH HANDLER] Logged crash details to 'cluster_diagnostics/crash_logs/crash_task_-1_20260921_171916.log'.

[CRASH HANDLER] Logged crash details to 'cluster_diagnostics/crash_logs/crash_task_-1_20260921_171916.log'.
[CRASH HANDLER] Auto-syncing crash report to GitHub...
[CRASH HANDLER] Auto-syncing crash report to GitHub...

CRITICAL SIGNAL RECEIVED IN TASK -1: SIGTERM

[CRASH HANDLER] Logged crash details to 'cluster_diagnostics/crash_logs/crash_task_-1_20260921_171916.log'.
[CRASH HANDLER] Auto-syncing crash report to GitHub...

CRITICAL SIGNAL RECEIVED IN TASK -1: SIGTERM

[CRASH HANDLER] Logged crash details to 'cluster_diagnostics/crash_logs/crash_task_-1_20260921_171916.log'.
[CRASH HANDLER] Auto-syncing crash report to GitHub...

CRITICAL SIGNAL RECEIVED IN TASK -1: SIGTERM

[CRASH HANDLER] Logged crash details to 'cluster_diagnostics/crash_logs/crash_task_-1_20260921_171916.log'.
[CRASH HANDLER] Auto-syncing crash report to GitHub...

CRITICAL SIGNAL RECEIVED IN TASK -1: SIGTERM

[CRASH HANDLER] Logged crash details to 'cluster_diagnostics/crash_logs/crash_task_-1_20260921_171916.log'.

CRITICAL SIGNAL RECEIVED IN TASK -1: SIGTERM
[CRASH HANDLER] Auto-syncing crash report to GitHub...

[CRASH HANDLER] Logged crash details to 'cluster_diagnostics/crash_logs/crash_task_-1_20260921_171916.log'.
[CRASH HANDLER] Auto-syncing crash report to GitHub...

CRITICAL SIGNAL RECEIVED IN TASK -1: SIGTERM

[CRASH HANDLER] Logged crash details to 'cluster_diagnostics/crash_logs/crash_task_-1_20260921_171916.log'.
[CRASH HANDLER] Auto-syncing crash report to GitHub...

CRITICAL SIGNAL RECEIVED IN TASK -1: SIGTERM

CRITICAL SIGNAL RECEIVED IN TASK -1: SIGTERM

[CRASH HANDLER] Logged crash details to 'cluster_diagnostics/crash_logs/crash_task_-1_20260921_172020.log'.
[CRASH HANDLER] Auto-syncing crash report to GitHub...

CRITICAL SIGNAL RECEIVED IN TASK -1: SIGTERM

[CRASH HANDLER] Logged crash details to 'cluster_diagnostics/crash_logs/crash_task_-1_20260921_172012.log'.
[CRASH HANDLER] Auto-syncing crash report to GitHub...

CRITICAL SIGNAL RECEIVED IN TASK -1: SIGTERM

[CRASH HANDLER] Logged crash details to 'cluster_diagnostics/crash_logs/crash_task_-1_20260921_172020.log'.
[CRASH HANDLER] Auto-syncing crash report to GitHub...

CRITICAL SIGNAL RECEIVED IN TASK -1: SIGTERM

[CRASH HANDLER] Logged crash details to 'cluster_diagnostics/crash_logs/crash_task_-1_20260921_172028.log'.
[CRASH HANDLER] Auto-syncing crash report to GitHub...

CRITICAL SIGNAL RECEIVED IN TASK -1: SIGTERM

[CRASH HANDLER] Logged crash details to 'cluster_diagnostics/crash_logs/crash_task_-1_20260921_172020.log'.
[CRASH HANDLER] Auto-syncing crash report to GitHub...

CRITICAL SIGNAL RECEIVED IN TASK -1: SIGTERM

CRITICAL SIGNAL RECEIVED IN TASK -1: SIGTERM

[CRASH HANDLER] Logged crash details to 'cluster_diagnostics/crash_logs/crash_task_-1_20260921_172012.log'.
[CRASH HANDLER] Auto-syncing crash report to GitHub...

CRITICAL SIGNAL RECEIVED IN TASK -1: SIGTERM

[CRASH HANDLER] Logged crash details to 'cluster_diagnostics/crash_logs/crash_task_-1_20260921_172020.log'.
[CRASH HANDLER] Auto-syncing crash report to GitHub...

CRITICAL SIGNAL RECEIVED IN TASK -1: SIGTERM

CRITICAL SIGNAL RECEIVED IN TASK -1: SIGTERM

CRITICAL SIGNAL RECEIVED IN TASK -1: SIGTERM

[CRASH HANDLER] Logged crash details to 'cluster_diagnostics/crash_logs/crash_task_-1_20260921_172020.log'.
[CRASH HANDLER] Auto-syncing crash report to GitHub...

CRITICAL SIGNAL RECEIVED IN TASK -1: SIGTERM

[CRASH HANDLER] Logged crash details to 'cluster_diagnostics/crash_logs/crash_task_-1_20260921_172028.log'.
[CRASH HANDLER WARNING] Corrupted master crash file (Expecting value: line 1 column 1 (char 0)). Resetting.
[CRASH HANDLER] Auto-syncing crash report to GitHub...

CRITICAL SIGNAL RECEIVED IN TASK -1: SIGTERM

[CRASH HANDLER] Logged crash details to 'cluster_diagnostics/crash_logs/crash_task_-1_20260921_172012.log'.
[CRASH HANDLER] Auto-syncing crash report to GitHub...

CRITICAL SIGNAL RECEIVED IN TASK -1: SIGTERM

[CRASH HANDLER] Logged crash details to 'cluster_diagnostics/crash_logs/crash_task_-1_20260921_172028.log'.
[CRASH HANDLER WARNING] Corrupted master crash file (Extra data: line 43 column 6 (char 1164)). Resetting.
[CRASH HANDLER] Auto-syncing crash report to GitHub...

CRITICAL SIGNAL RECEIVED IN TASK -1: SIGTERM

[CRASH HANDLER] Logged crash details to 'cluster_diagnostics/crash_logs/crash_task_-1_20260921_172028.log'.
[CRASH HANDLER] Auto-syncing crash report to GitHub...

CRITICAL SIGNAL RECEIVED IN TASK -1: SIGTERM

CRITICAL SIGNAL RECEIVED IN TASK -1: SIGTERM

[CRASH HANDLER] Logged crash details to 'cluster_diagnostics/crash_logs/crash_task_-1_20260921_172038.log'.
[CRASH HANDLER] Auto-syncing crash report to GitHub...

CRITICAL SIGNAL RECEIVED IN TASK -1: SIGTERM

[CRASH HANDLER] Logged crash details to 'cluster_diagnostics/crash_logs/crash_task_-1_20260921_172038.log'.
[CRASH HANDLER] Auto-syncing crash report to GitHub...

CRITICAL SIGNAL RECEIVED IN TASK -1: SIGTERM

[CRASH HANDLER] Logged crash details to 'cluster_diagnostics/crash_logs/crash_task_-1_20260921_172038.log'.
[CRASH HANDLER] Auto-syncing crash report to GitHub...

CRITICAL SIGNAL RECEIVED IN TASK -1: SIGTERM

[CRASH HANDLER] Logged crash details to 'cluster_diagnostics/crash_logs/crash_task_-1_20260921_172038.log'.
[CRASH HANDLER] Auto-syncing crash report to GitHub...

CRITICAL SIGNAL RECEIVED IN TASK -1: SIGTERM

[CRASH HANDLER] Logged crash details to 'cluster_diagnostics/crash_logs/crash_task_-1_20260921_172038.log'.
[CRASH HANDLER] Auto-syncing crash report to GitHub...

CRITICAL SIGNAL RECEIVED IN TASK -1: SIGTERM

[CRASH HANDLER] Logged crash details to 'cluster_diagnostics/crash_logs/crash_task_-1_20260921_172038.log'.
[CRASH HANDLER] Auto-syncing crash report to GitHub...

CRITICAL SIGNAL RECEIVED IN TASK -1: SIGTERM

[CRASH HANDLER] Logged crash details to 'cluster_diagnostics/crash_logs/crash_task_-1_20260921_172038.log'.
[CRASH HANDLER WARNING] Corrupted master crash file (Expecting value: line 1 column 1 (char 0)). Resetting.
[CRASH HANDLER] Auto-syncing crash report to GitHub...

CRITICAL SIGNAL RECEIVED IN TASK -1: SIGTERM

[CRASH HANDLER] Logged crash details to 'cluster_diagnostics/crash_logs/crash_task_-1_20260921_172038.log'.
[CRASH HANDLER] Auto-syncing crash report to GitHub...

CRITICAL SIGNAL RECEIVED IN TASK -1: SIGTERM

[CRASH HANDLER] Logged crash details to 'cluster_diagnostics/crash_logs/crash_task_-1_20260921_172038.log'.
[CRASH HANDLER] Auto-syncing crash report to GitHub...

[CRASH HANDLER] Logged crash details to 'cluster_diagnostics/crash_logs/crash_task_-1_20260921_172028.log'.
[CRASH HANDLER] Auto-syncing crash report to GitHub...

CRITICAL SIGNAL RECEIVED IN TASK -1: SIGTERM

[CRASH HANDLER] Logged crash details to 'cluster_diagnostics/crash_logs/crash_task_-1_20260921_172038.log'.
[CRASH HANDLER WARNING] Corrupted master crash file (Extra data: line 371 column 6 (char 10428)). Resetting.
[CRASH HANDLER] Auto-syncing crash report to GitHub...

CRITICAL SIGNAL RECEIVED IN TASK -1: SIGTERM

[CRASH HANDLER] Logged crash details to 'cluster_diagnostics/crash_logs/crash_task_-1_20260921_172038.log'.
[CRASH HANDLER] Auto-syncing crash report to GitHub...

CRITICAL SIGNAL RECEIVED IN TASK -1: SIGTERM

[CRASH HANDLER] Logged crash details to 'cluster_diagnostics/crash_logs/crash_task_-1_20260921_172038.log'.
[CRASH HANDLER WARNING] Corrupted master crash file (Expecting value: line 1 column 1 (char 0)). Resetting.
[CRASH HANDLER] Auto-syncing crash report to GitHub...

CRITICAL SIGNAL RECEIVED IN TASK -1: SIGTERM

[CRASH HANDLER] Logged crash details to 'cluster_diagnostics/crash_logs/crash_task_-1_20260921_172038.log'.
[CRASH HANDLER] Auto-syncing crash report to GitHub...

CRITICAL SIGNAL RECEIVED IN TASK -1: SIGTERM

[CRASH HANDLER] Logged crash details to 'cluster_diagnostics/crash_logs/crash_task_-1_20260921_172038.log'.
[CRASH HANDLER] Auto-syncing crash report to GitHub...

CRITICAL SIGNAL RECEIVED IN TASK -1: SIGTERM

[CRASH HANDLER] Logged crash details to 'cluster_diagnostics/crash_logs/crash_task_-1_20260921_172038.log'.
[CRASH HANDLER] Auto-syncing crash report to GitHub...

CRITICAL SIGNAL RECEIVED IN TASK -1: SIGTERM

[CRASH HANDLER] Logged crash details to 'cluster_diagnostics/crash_logs/crash_task_-1_20260921_172038.log'.
[CRASH HANDLER] Auto-syncing crash report to GitHub...

CRITICAL SIGNAL RECEIVED IN TASK -1: SIGTERM

[CRASH HANDLER] Logged crash details to 'cluster_diagnostics/crash_logs/crash_task_-1_20260921_172038.log'.
[CRASH HANDLER] Auto-syncing crash report to GitHub...

CRITICAL SIGNAL RECEIVED IN TASK -1: SIGTERM

[CRASH HANDLER] Logged crash details to 'cluster_diagnostics/crash_logs/crash_task_-1_20260921_172038.log'.
[CRASH HANDLER] Auto-syncing crash report to GitHub...

CRITICAL SIGNAL RECEIVED IN TASK -1: SIGTERM

[CRASH HANDLER] Logged crash details to 'cluster_diagnostics/crash_logs/crash_task_-1_20260921_172038.log'.
[CRASH HANDLER] Auto-syncing crash report to GitHub...

CRITICAL SIGNAL RECEIVED IN TASK -1: SIGTERM

[CRASH HANDLER] Logged crash details to 'cluster_diagnostics/crash_logs/crash_task_-1_20260921_172051.log'.
[CRASH HANDLER] Auto-syncing crash report to GitHub...

CRITICAL SIGNAL RECEIVED IN TASK -1: SIGTERM

[CRASH HANDLER] Logged crash details to 'cluster_diagnostics/crash_logs/crash_task_-1_20260921_172051.log'.
[CRASH HANDLER WARNING] Corrupted master crash file (Expecting value: line 1 column 1 (char 0)). Resetting.
[CRASH HANDLER] Auto-syncing crash report to GitHub...

CRITICAL SIGNAL RECEIVED IN TASK -1: SIGTERM

[CRASH HANDLER] Logged crash details to 'cluster_diagnostics/crash_logs/crash_task_-1_20260921_172051.log'.
[CRASH HANDLER] Auto-syncing crash report to GitHub...

CRITICAL SIGNAL RECEIVED IN TASK -1: SIGTERM

[CRASH HANDLER] Logged crash details to 'cluster_diagnostics/crash_logs/crash_task_-1_20260921_172106.log'.
[CRASH HANDLER] Auto-syncing crash report to GitHub...

CRITICAL SIGNAL RECEIVED IN TASK -1: SIGTERM

[CRASH HANDLER] Logged crash details to 'cluster_diagnostics/crash_logs/crash_task_-1_20260921_172051.log'.
[CRASH HANDLER] Auto-syncing crash report to GitHub...

CRITICAL SIGNAL RECEIVED IN TASK -1: SIGTERM

[CRASH HANDLER] Logged crash details to 'cluster_diagnostics/crash_logs/crash_task_-1_20260921_172051.log'.
[CRASH HANDLER WARNING] Corrupted master crash file (Expecting value: line 1 column 1 (char 0)). Resetting.
[CRASH HANDLER] Auto-syncing crash report to GitHub...

CRITICAL SIGNAL RECEIVED IN TASK -1: SIGTERM

[CRASH HANDLER] Logged crash details to 'cluster_diagnostics/crash_logs/crash_task_-1_20260921_172106.log'.
[CRASH HANDLER] Auto-syncing crash report to GitHub...

CRITICAL SIGNAL RECEIVED IN TASK -1: SIGTERM

[CRASH HANDLER] Logged crash details to 'cluster_diagnostics/crash_logs/crash_task_-1_20260921_172051.log'.
[CRASH HANDLER] Auto-syncing crash report to GitHub...

CRITICAL SIGNAL RECEIVED IN TASK -1: SIGTERM

[CRASH HANDLER] Logged crash details to 'cluster_diagnostics/crash_logs/crash_task_-1_20260921_172051.log'.
[CRASH HANDLER] Auto-syncing crash report to GitHub...

CRITICAL SIGNAL RECEIVED IN TASK -1: SIGTERM

[CRASH HANDLER] Logged crash details to 'cluster_diagnostics/crash_logs/crash_task_-1_20260921_172051.log'.
[CRASH HANDLER] Auto-syncing crash report to GitHub...

CRITICAL SIGNAL RECEIVED IN TASK -1: SIGTERM

[CRASH HANDLER] Logged crash details to 'cluster_diagnostics/crash_logs/crash_task_-1_20260921_172051.log'.
[CRASH HANDLER] Auto-syncing crash report to GitHub...

CRITICAL SIGNAL RECEIVED IN TASK -1: SIGTERM

[CRASH HANDLER] Logged crash details to 'cluster_diagnostics/crash_logs/crash_task_-1_20260921_172051.log'.
[CRASH HANDLER] Auto-syncing crash report to GitHub...

CRITICAL SIGNAL RECEIVED IN TASK -1: SIGTERM

[CRASH HANDLER] Logged crash details to 'cluster_diagnostics/crash_logs/crash_task_-1_20260921_172051.log'.
[CRASH HANDLER] Auto-syncing crash report to GitHub...

CRITICAL SIGNAL RECEIVED IN TASK -1: SIGTERM

[CRASH HANDLER] Logged crash details to 'cluster_diagnostics/crash_logs/crash_task_-1_20260921_172051.log'.
[CRASH HANDLER] Auto-syncing crash report to GitHub...

CRITICAL SIGNAL RECEIVED IN TASK -1: SIGTERM

[CRASH HANDLER] Logged crash details to 'cluster_diagnostics/crash_logs/crash_task_-1_20260921_172051.log'.
[CRASH HANDLER WARNING] Corrupted master crash file (Expecting value: line 1 column 1 (char 0)). Resetting.
[CRASH HANDLER] Auto-syncing crash report to GitHub...

CRITICAL SIGNAL RECEIVED IN TASK -1: SIGTERM

[CRASH HANDLER] Logged crash details to 'cluster_diagnostics/crash_logs/crash_task_-1_20260921_172051.log'.
[CRASH HANDLER] Auto-syncing crash report to GitHub...

CRITICAL SIGNAL RECEIVED IN TASK -1: SIGTERM

[CRASH HANDLER] Logged crash details to 'cluster_diagnostics/crash_logs/crash_task_-1_20260921_172051.log'.
[CRASH HANDLER] Auto-syncing crash report to GitHub...

CRITICAL SIGNAL RECEIVED IN TASK -1: SIGTERM

[CRASH HANDLER] Logged crash details to 'cluster_diagnostics/crash_logs/crash_task_-1_20260921_172051.log'.
[CRASH HANDLER] Auto-syncing crash report to GitHub...

CRITICAL SIGNAL RECEIVED IN TASK -1: SIGTERM

[CRASH HANDLER] Logged crash details to 'cluster_diagnostics/crash_logs/crash_task_-1_20260921_172051.log'.
[CRASH HANDLER] Auto-syncing crash report to GitHub...

CRITICAL SIGNAL RECEIVED IN TASK -1: SIGTERM

[CRASH HANDLER] Logged crash details to 'cluster_diagnostics/crash_logs/crash_task_-1_20260921_172051.log'.
[CRASH HANDLER WARNING] Corrupted master crash file (Expecting value: line 43 column 1 (char 1160)). Resetting.
[CRASH HANDLER] Auto-syncing crash report to GitHub...

CRITICAL SIGNAL RECEIVED IN TASK -1: SIGTERM

[CRASH HANDLER] Logged crash details to 'cluster_diagnostics/crash_logs/crash_task_-1_20260921_172106.log'.
[CRASH HANDLER] Auto-syncing crash report to GitHub...




CRITICAL SIGNAL RECEIVED IN TASK -1: SIGTERM

CRITICAL SIGNAL RECEIVED IN TASK -1: SIGTERM
CRITICAL SIGNAL RECEIVED IN TASK -1: SIGTERM
CRITICAL SIGNAL RECEIVED IN TASK -1: SIGTERM

CRITICAL SIGNAL RECEIVED IN TASK -1: SIGTERM
CRITICAL SIGNAL RECEIVED IN TASK -1: SIGTERM

CRITICAL SIGNAL RECEIVED IN TASK -1: SIGTERM
Command failed with exit status 137.
==================================================
[CRASH DETECTED] Task 7 exited with status code 137
==================================================

[CRASH HANDLER] Logged crash details to 'cluster_diagnostics/crash_logs/crash_task_7_20260921_172108.log'.
[CRASH HANDLER] Auto-syncing crash report to GitHub...
[CRASH HANDLER] Successfully pushed crash log to GitHub!
Clutch Task 7 (Clutch: Menger Spire (N=3) vs Sierpinski Sieve (N=3), d=80nm, th=30.0deg) finished with exit code 137 at Mon Sep 21 05:21:09 PM EDT 2026.
Synchronizing progress and pushing reports for Task 7 (exit code 137)...
