================================================================================
CASIMIR_CLUTCH TASK: 9 / 10
Host: x1002c0s3b0n0
Started: Mon Sep 21 09:10:55 PM EDT 2026
================================================================================
Reading task parameters from sweep_configs_clutch/config_009.json...
Executing Quantum Clutch Simulation
Label: Clutch: Menger Spire (N=3) vs Sierpinski Sieve (N=3), d=80nm, th=60.0deg
Params: d=0.08 um, N_top=3, N_bot=3, mat=Gold, res=60, nmax=1, theta=60.0 deg, alpha=75.0 deg, r_tip=5.0 nm, eps=1.0
==================================================
RUNNING CRASH-PROOF MEEP SIMULATION WRAPPER
==================================================
Executing: srun -n 128 /N/u/gogordon/BigRed200/.conda/envs/meep/bin/python execution/run_meep_simulation.py --L 2.0 --d 0.08 --N 3 --N-bottom 3 --theta 60.0 --material Gold --res 60 --nmax 1 --eps-bg 1.0 --config all --no-subgroups --T-run 12.0 --max-walltime-hours 11.0 --campaign-task-id 9 --clutch --corrugation-angle 75.0 --r-tip 5.0
Starting simulation: d=0.08 um, N_top=3, N_bottom=3, material=Gold, resolution=60, nmax=1, theta=60.0, eps_bg=1.0, config=all, clutch=True, stepped_sieve=False, corrugated=False
Parallel configuration: 128 processes running 1 parallel moment partitions.

CRITICAL SIGNAL RECEIVED IN TASK -1: SIGTERM

CRITICAL SIGNAL RECEIVED IN TASK -1: SIGTERM

CRITICAL SIGNAL RECEIVED IN TASK -1: SIGTERM

[CRASH HANDLER] Logged crash details to 'cluster_diagnostics/crash_logs/crash_task_-1_20260921_211443.log'.

[CRASH HANDLER] Logged crash details to 'cluster_diagnostics/crash_logs/crash_task_-1_20260921_211443.log'.

[CRASH HANDLER] Logged crash details to 'cluster_diagnostics/crash_logs/crash_task_-1_20260921_211443.log'.

CRITICAL SIGNAL RECEIVED IN TASK -1: SIGTERM

CRITICAL SIGNAL RECEIVED IN TASK -1: SIGTERM

[CRASH HANDLER] Logged crash details to 'cluster_diagnostics/crash_logs/crash_task_-1_20260921_211443.log'.

[CRASH HANDLER] Logged crash details to 'cluster_diagnostics/crash_logs/crash_task_-1_20260921_211443.log'.
[CRASH HANDLER WARNING] Corrupted master crash file (Expecting value: line 1 column 1 (char 0)). Resetting.
[CRASH HANDLER WARNING] Corrupted master crash file (Expecting value: line 1 column 1 (char 0)). Resetting.
[CRASH HANDLER] Auto-syncing crash report to GitHub...
[CRASH HANDLER] Auto-syncing crash report to GitHub...
[CRASH HANDLER] Auto-syncing crash report to GitHub...
[CRASH HANDLER] Auto-syncing crash report to GitHub...
[CRASH HANDLER] Auto-syncing crash report to GitHub...

CRITICAL SIGNAL RECEIVED IN TASK -1: SIGTERM

CRITICAL SIGNAL RECEIVED IN TASK -1: SIGTERM

[CRASH HANDLER] Logged crash details to 'cluster_diagnostics/crash_logs/crash_task_-1_20260921_211443.log'.
[CRASH HANDLER WARNING] Corrupted master crash file (Extra data: line 43 column 6 (char 1164)). Resetting.

[CRASH HANDLER] Logged crash details to 'cluster_diagnostics/crash_logs/crash_task_-1_20260921_211443.log'.
[CRASH HANDLER] Auto-syncing crash report to GitHub...
[CRASH HANDLER] Auto-syncing crash report to GitHub...

CRITICAL SIGNAL RECEIVED IN TASK -1: SIGTERM

[CRASH HANDLER] Logged crash details to 'cluster_diagnostics/crash_logs/crash_task_-1_20260921_211443.log'.
[CRASH HANDLER] Auto-syncing crash report to GitHub...

CRITICAL SIGNAL RECEIVED IN TASK -1: SIGTERM

CRITICAL SIGNAL RECEIVED IN TASK -1: SIGTERM

CRITICAL SIGNAL RECEIVED IN TASK -1: SIGTERM

[CRASH HANDLER] Logged crash details to 'cluster_diagnostics/crash_logs/crash_task_-1_20260921_211443.log'.

[CRASH HANDLER] Logged crash details to 'cluster_diagnostics/crash_logs/crash_task_-1_20260921_211443.log'.
[CRASH HANDLER] Auto-syncing crash report to GitHub...

[CRASH HANDLER] Logged crash details to 'cluster_diagnostics/crash_logs/crash_task_-1_20260921_211443.log'.
[CRASH HANDLER] Auto-syncing crash report to GitHub...
[CRASH HANDLER] Auto-syncing crash report to GitHub...

CRITICAL SIGNAL RECEIVED IN TASK -1: SIGTERM

[CRASH HANDLER] Logged crash details to 'cluster_diagnostics/crash_logs/crash_task_-1_20260921_211443.log'.

CRITICAL SIGNAL RECEIVED IN TASK -1: SIGTERM
[CRASH HANDLER] Auto-syncing crash report to GitHub...

[CRASH HANDLER] Logged crash details to 'cluster_diagnostics/crash_logs/crash_task_-1_20260921_211443.log'.

CRITICAL SIGNAL RECEIVED IN TASK -1: SIGTERM

CRITICAL SIGNAL RECEIVED IN TASK -1: SIGTERM
[CRASH HANDLER] Auto-syncing crash report to GitHub...

[CRASH HANDLER] Logged crash details to 'cluster_diagnostics/crash_logs/crash_task_-1_20260921_211443.log'.

[CRASH HANDLER] Logged crash details to 'cluster_diagnostics/crash_logs/crash_task_-1_20260921_211443.log'.
[CRASH HANDLER] Auto-syncing crash report to GitHub...

CRITICAL SIGNAL RECEIVED IN TASK -1: SIGTERM

CRITICAL SIGNAL RECEIVED IN TASK -1: SIGTERM
[CRASH HANDLER] Auto-syncing crash report to GitHub...

[CRASH HANDLER] Logged crash details to 'cluster_diagnostics/crash_logs/crash_task_-1_20260921_211443.log'.

[CRASH HANDLER] Logged crash details to 'cluster_diagnostics/crash_logs/crash_task_-1_20260921_211443.log'.
[CRASH HANDLER WARNING] Corrupted master crash file (Expecting value: line 1 column 1 (char 0)). Resetting.
[CRASH HANDLER] Auto-syncing crash report to GitHub...
[CRASH HANDLER] Auto-syncing crash report to GitHub...

CRITICAL SIGNAL RECEIVED IN TASK -1: SIGTERM

[CRASH HANDLER] Logged crash details to 'cluster_diagnostics/crash_logs/crash_task_-1_20260921_211443.log'.
[CRASH HANDLER] Auto-syncing crash report to GitHub...

CRITICAL SIGNAL RECEIVED IN TASK -1: SIGTERM

CRITICAL SIGNAL RECEIVED IN TASK -1: SIGTERM

[CRASH HANDLER] Logged crash details to 'cluster_diagnostics/crash_logs/crash_task_-1_20260921_211443.log'.

[CRASH HANDLER] Logged crash details to 'cluster_diagnostics/crash_logs/crash_task_-1_20260921_211443.log'.
[CRASH HANDLER] Auto-syncing crash report to GitHub...
[CRASH HANDLER] Auto-syncing crash report to GitHub...

CRITICAL SIGNAL RECEIVED IN TASK -1: SIGTERM

[CRASH HANDLER] Logged crash details to 'cluster_diagnostics/crash_logs/crash_task_-1_20260921_211443.log'.
[CRASH HANDLER] Auto-syncing crash report to GitHub...

CRITICAL SIGNAL RECEIVED IN TASK -1: SIGTERM

[CRASH HANDLER] Logged crash details to 'cluster_diagnostics/crash_logs/crash_task_-1_20260921_211443.log'.
[CRASH HANDLER] Auto-syncing crash report to GitHub...

CRITICAL SIGNAL RECEIVED IN TASK -1: SIGTERM

CRITICAL SIGNAL RECEIVED IN TASK -1: SIGTERM

[CRASH HANDLER] Logged crash details to 'cluster_diagnostics/crash_logs/crash_task_-1_20260921_211443.log'.

CRITICAL SIGNAL RECEIVED IN TASK -1: SIGTERM

[CRASH HANDLER] Logged crash details to 'cluster_diagnostics/crash_logs/crash_task_-1_20260921_211443.log'.
[CRASH HANDLER] Auto-syncing crash report to GitHub...

[CRASH HANDLER] Logged crash details to 'cluster_diagnostics/crash_logs/crash_task_-1_20260921_211443.log'.
[CRASH HANDLER] Auto-syncing crash report to GitHub...
[CRASH HANDLER WARNING] Corrupted master crash file (Expecting value: line 1 column 1 (char 0)). Resetting.
[CRASH HANDLER] Auto-syncing crash report to GitHub...

CRITICAL SIGNAL RECEIVED IN TASK -1: SIGTERM

CRITICAL SIGNAL RECEIVED IN TASK -1: SIGTERM

CRITICAL SIGNAL RECEIVED IN TASK -1: SIGTERM

CRITICAL SIGNAL RECEIVED IN TASK -1: SIGTERM

[CRASH HANDLER] Logged crash details to 'cluster_diagnostics/crash_logs/crash_task_-1_20260921_211443.log'.

[CRASH HANDLER] Logged crash details to 'cluster_diagnostics/crash_logs/crash_task_-1_20260921_211443.log'.

[CRASH HANDLER] Logged crash details to 'cluster_diagnostics/crash_logs/crash_task_-1_20260921_211443.log'.

[CRASH HANDLER] Logged crash details to 'cluster_diagnostics/crash_logs/crash_task_-1_20260921_211443.log'.
[CRASH HANDLER] Auto-syncing crash report to GitHub...
[CRASH HANDLER] Auto-syncing crash report to GitHub...

CRITICAL SIGNAL RECEIVED IN TASK -1: SIGTERM
[CRASH HANDLER] Auto-syncing crash report to GitHub...
[CRASH HANDLER] Auto-syncing crash report to GitHub...

[CRASH HANDLER] Logged crash details to 'cluster_diagnostics/crash_logs/crash_task_-1_20260921_211443.log'.
[CRASH HANDLER] Auto-syncing crash report to GitHub...

CRITICAL SIGNAL RECEIVED IN TASK -1: SIGTERM

CRITICAL SIGNAL RECEIVED IN TASK -1: SIGTERM

CRITICAL SIGNAL RECEIVED IN TASK -1: SIGTERM

[CRASH HANDLER] Logged crash details to 'cluster_diagnostics/crash_logs/crash_task_-1_20260921_211443.log'.

[CRASH HANDLER] Logged crash details to 'cluster_diagnostics/crash_logs/crash_task_-1_20260921_211443.log'.

CRITICAL SIGNAL RECEIVED IN TASK -1: SIGTERM

[CRASH HANDLER] Logged crash details to 'cluster_diagnostics/crash_logs/crash_task_-1_20260921_211443.log'.
[CRASH HANDLER] Auto-syncing crash report to GitHub...

CRITICAL SIGNAL RECEIVED IN TASK -1: SIGTERM
[CRASH HANDLER WARNING] Corrupted master crash file (Expecting value: line 1 column 1 (char 0)). Resetting.
[CRASH HANDLER] Auto-syncing crash report to GitHub...

[CRASH HANDLER] Logged crash details to 'cluster_diagnostics/crash_logs/crash_task_-1_20260921_211443.log'.
[CRASH HANDLER WARNING] Corrupted master crash file (Expecting value: line 1 column 1 (char 0)). Resetting.
[CRASH HANDLER] Auto-syncing crash report to GitHub...

[CRASH HANDLER] Logged crash details to 'cluster_diagnostics/crash_logs/crash_task_-1_20260921_211443.log'.
[CRASH HANDLER] Auto-syncing crash report to GitHub...

CRITICAL SIGNAL RECEIVED IN TASK -1: SIGTERM
[CRASH HANDLER] Auto-syncing crash report to GitHub...

[CRASH HANDLER] Logged crash details to 'cluster_diagnostics/crash_logs/crash_task_-1_20260921_211443.log'.

CRITICAL SIGNAL RECEIVED IN TASK -1: SIGTERM
[CRASH HANDLER] Auto-syncing crash report to GitHub...

CRITICAL SIGNAL RECEIVED IN TASK -1: SIGTERM

[CRASH HANDLER] Logged crash details to 'cluster_diagnostics/crash_logs/crash_task_-1_20260921_211443.log'.
[CRASH HANDLER] Auto-syncing crash report to GitHub...

CRITICAL SIGNAL RECEIVED IN TASK -1: SIGTERM

CRITICAL SIGNAL RECEIVED IN TASK -1: SIGTERM

[CRASH HANDLER] Logged crash details to 'cluster_diagnostics/crash_logs/crash_task_-1_20260921_211443.log'.

CRITICAL SIGNAL RECEIVED IN TASK -1: SIGTERM

[CRASH HANDLER] Logged crash details to 'cluster_diagnostics/crash_logs/crash_task_-1_20260921_211443.log'.
[CRASH HANDLER WARNING] Corrupted master crash file (Expecting value: line 1 column 1 (char 0)). Resetting.
[CRASH HANDLER] Auto-syncing crash report to GitHub...

CRITICAL SIGNAL RECEIVED IN TASK -1: SIGTERM

[CRASH HANDLER] Logged crash details to 'cluster_diagnostics/crash_logs/crash_task_-1_20260921_211443.log'.

CRITICAL SIGNAL RECEIVED IN TASK -1: SIGTERM

[CRASH HANDLER] Logged crash details to 'cluster_diagnostics/crash_logs/crash_task_-1_20260921_211443.log'.
[CRASH HANDLER] Auto-syncing crash report to GitHub...

CRITICAL SIGNAL RECEIVED IN TASK -1: SIGTERM

CRITICAL SIGNAL RECEIVED IN TASK -1: SIGTERM

CRITICAL SIGNAL RECEIVED IN TASK -1: SIGTERM

[CRASH HANDLER] Logged crash details to 'cluster_diagnostics/crash_logs/crash_task_-1_20260921_211443.log'.
[CRASH HANDLER] Auto-syncing crash report to GitHub...

CRITICAL SIGNAL RECEIVED IN TASK -1: SIGTERM

[CRASH HANDLER] Logged crash details to 'cluster_diagnostics/crash_logs/crash_task_-1_20260921_211443.log'.
[CRASH HANDLER WARNING] Corrupted master crash file (Expecting value: line 1 column 1 (char 0)). Resetting.
[CRASH HANDLER] Auto-syncing crash report to GitHub...

CRITICAL SIGNAL RECEIVED IN TASK -1: SIGTERM

CRITICAL SIGNAL RECEIVED IN TASK -1: SIGTERM

[CRASH HANDLER] Logged crash details to 'cluster_diagnostics/crash_logs/crash_task_-1_20260921_211443.log'.
[CRASH HANDLER] Auto-syncing crash report to GitHub...

CRITICAL SIGNAL RECEIVED IN TASK -1: SIGTERM

CRITICAL SIGNAL RECEIVED IN TASK -1: SIGTERM

CRITICAL SIGNAL RECEIVED IN TASK -1: SIGTERM

[CRASH HANDLER] Logged crash details to 'cluster_diagnostics/crash_logs/crash_task_-1_20260921_211607.log'.
[CRASH HANDLER] Auto-syncing crash report to GitHub...

[CRASH HANDLER] Logged crash details to 'cluster_diagnostics/crash_logs/crash_task_-1_20260921_211443.log'.
[CRASH HANDLER] Auto-syncing crash report to GitHub...
[CRASH HANDLER] Auto-syncing crash report to GitHub...
[CRASH HANDLER] Auto-syncing crash report to GitHub...

CRITICAL SIGNAL RECEIVED IN TASK -1: SIGTERM

[CRASH HANDLER] Logged crash details to 'cluster_diagnostics/crash_logs/crash_task_-1_20260921_211607.log'.
[CRASH HANDLER] Auto-syncing crash report to GitHub...

[CRASH HANDLER] Logged crash details to 'cluster_diagnostics/crash_logs/crash_task_-1_20260921_211443.log'.
[CRASH HANDLER] Auto-syncing crash report to GitHub...

[CRASH HANDLER] Logged crash details to 'cluster_diagnostics/crash_logs/crash_task_-1_20260921_211443.log'.
[CRASH HANDLER] Auto-syncing crash report to GitHub...

[CRASH HANDLER] Logged crash details to 'cluster_diagnostics/crash_logs/crash_task_-1_20260921_211443.log'.
[CRASH HANDLER] Auto-syncing crash report to GitHub...

[CRASH HANDLER] Logged crash details to 'cluster_diagnostics/crash_logs/crash_task_-1_20260921_211443.log'.
[CRASH HANDLER WARNING] Corrupted master crash file (Expecting value: line 1 column 1 (char 0)). Resetting.
[CRASH HANDLER] Auto-syncing crash report to GitHub...

[CRASH HANDLER] Logged crash details to 'cluster_diagnostics/crash_logs/crash_task_-1_20260921_211443.log'.
[CRASH HANDLER] Auto-syncing crash report to GitHub...

[CRASH HANDLER] Logged crash details to 'cluster_diagnostics/crash_logs/crash_task_-1_20260921_211443.log'.
[CRASH HANDLER] Auto-syncing crash report to GitHub...

CRITICAL SIGNAL RECEIVED IN TASK -1: SIGTERM

[CRASH HANDLER] Logged crash details to 'cluster_diagnostics/crash_logs/crash_task_-1_20260921_211607.log'.

CRITICAL SIGNAL RECEIVED IN TASK -1: SIGTERM
[CRASH HANDLER] Auto-syncing crash report to GitHub...

[CRASH HANDLER] Logged crash details to 'cluster_diagnostics/crash_logs/crash_task_-1_20260921_211607.log'.
Command failed with exit status 1.
==================================================
[CRASH DETECTED] Task 9 exited with status code 1
==================================================

[CRASH HANDLER] Logged crash details to 'cluster_diagnostics/crash_logs/crash_task_9_20260921_211608.log'.
[CRASH HANDLER] Auto-syncing crash report to GitHub...
[CRASH HANDLER] Successfully pushed crash log to GitHub!
Clutch Task 9 (Clutch: Menger Spire (N=3) vs Sierpinski Sieve (N=3), d=80nm, th=60.0deg) finished with exit code 1 at Mon Sep 21 09:16:24 PM EDT 2026.
Synchronizing progress and pushing reports for Task 9 (exit code 1)...
