================================================================================
CASIMIR_CLUTCH TASK: 6 / 10
Host: x1001c6s2b1n1
Started: Fri Sep 18 03:12:44 PM EDT 2026
================================================================================
Reading task parameters from sweep_configs_clutch/config_006.json...
Executing Quantum Clutch Simulation
Label: Clutch: Menger Spire (N=3) vs Sierpinski Sieve (N=3), d=80nm, th=0.0deg
Params: d=0.08 um, N_top=3, N_bot=3, mat=Gold, res=60, nmax=3, theta=0.0 deg, alpha=75.0 deg, r_tip=5.0 nm, eps=1.0
==================================================
RUNNING CRASH-PROOF MEEP SIMULATION WRAPPER
==================================================
Executing: srun -n 128 /N/u/gogordon/BigRed200/.conda/envs/meep/bin/python execution/run_meep_simulation.py --L 2.0 --d 0.08 --N 3 --N-bottom 3 --theta 0.0 --material Gold --res 60 --nmax 3 --eps-bg 1.0 --config all --no-cache --clutch --corrugation-angle 75.0 --r-tip 5.0

Elapsed run time = 0.1560 s

Elapsed run time = 0.1560 s
Starting simulation: d=0.08 um, N_top=3, N_bottom=3, material=Gold, resolution=60, nmax=3, theta=0.0, eps_bg=1.0, config=all, clutch=True, stepped_sieve=False, corrugated=False
Parallel configuration: 128 processes running 108 parallel moment partitions.

Elapsed run time = 0.1589 s

Elapsed run time = 0.1573 s

Elapsed run time = 0.1615 s

Elapsed run time = 0.1592 s

Elapsed run time = 0.1586 s

Elapsed run time = 0.1582 s

Elapsed run time = 0.1596 s

Elapsed run time = 0.1618 s

Elapsed run time = 0.1597 s

Elapsed run time = 0.1581 s

Elapsed run time = 0.1620 s

Elapsed run time = 0.1609 s

Elapsed run time = 0.1603 s

Elapsed run time = 0.1587 s

Elapsed run time = 0.1589 s

Elapsed run time = 0.1579 s

Elapsed run time = 0.1597 s

Elapsed run time = 0.1609 s

Elapsed run time = 14904.0131 s

Elapsed run time = 15002.4698 s

Elapsed run time = 15002.8779 s

Elapsed run time = 15080.6646 s

Elapsed run time = 22232.0865 s

Elapsed run time = 22274.1382 s

Elapsed run time = 22274.6150 s

Elapsed run time = 22275.8390 s

Elapsed run time = 22438.4317 s

Elapsed run time = 22499.9606 s

Elapsed run time = 22521.5767 s

Elapsed run time = 22539.2319 s
  [BOTH][Rank 0] Done moment 1/1 (task 0): force_integral=+1.741016e-01
