================================================================================
CASIMIR_CLUTCH TASK: 2 / 10
Host: x1001c5s1b0n1
Started: Fri Sep 18 03:11:50 AM EDT 2026
================================================================================
Reading task parameters from sweep_configs_clutch/config_002.json...
Executing Quantum Clutch Simulation
Label: Clutch: Menger Spire (N=3) vs Sierpinski Sieve (N=3), d=40nm, th=30.0deg
Params: d=0.04 um, N_top=3, N_bot=3, mat=Gold, res=60, nmax=3, theta=30.0 deg, alpha=75.0 deg, r_tip=5.0 nm, eps=1.0
==================================================
RUNNING CRASH-PROOF MEEP SIMULATION WRAPPER
==================================================
Executing: srun -n 128 /N/u/gogordon/BigRed200/.conda/envs/meep/bin/python execution/run_meep_simulation.py --L 2.0 --d 0.04 --N 3 --N-bottom 3 --theta 30.0 --material Gold --res 60 --nmax 3 --eps-bg 1.0 --config all --no-cache --clutch --corrugation-angle 75.0 --r-tip 5.0
Starting simulation: d=0.04 um, N_top=3, N_bottom=3, material=Gold, resolution=60, nmax=3, theta=30.0, eps_bg=1.0, config=all, clutch=True, stepped_sieve=False, corrugated=False
Parallel configuration: 128 processes running 108 parallel moment partitions.

Elapsed run time = 0.7809 s

Elapsed run time = 0.7807 s

Elapsed run time = 0.7810 s

Elapsed run time = 0.7808 s

Elapsed run time = 0.7811 s

Elapsed run time = 0.7809 s

Elapsed run time = 0.7812 s

Elapsed run time = 0.7810 s

Elapsed run time = 0.7813 s

Elapsed run time = 0.7810 s

Elapsed run time = 0.7809 s

Elapsed run time = 0.7811 s

Elapsed run time = 0.7812 s

Elapsed run time = 0.7812 s

Elapsed run time = 0.7812 s

Elapsed run time = 0.7813 s

Elapsed run time = 0.7812 s

Elapsed run time = 0.7809 s

Elapsed run time = 0.7810 s

Elapsed run time = 0.7812 s

Elapsed run time = 25723.5813 s

Elapsed run time = 25977.7878 s

Elapsed run time = 27687.3498 s

Elapsed run time = 27689.7951 s

Elapsed run time = 38064.5784 s

Elapsed run time = 38091.8368 s

Elapsed run time = 38561.2544 s

Elapsed run time = 38729.0321 s
  [BOTH][Rank 0] Done moment 1/1 (task 0): force_integral=-1.649778e-01

Elapsed run time = 40672.8266 s

Elapsed run time = 40673.8630 s

Elapsed run time = 40908.6130 s

Elapsed run time = 40909.1421 s

