================================================================================
CASIMIR_CLUTCH TASK: 9 / 10
Host: x1001c5s1b0n1
Started: Fri Sep 18 03:12:44 PM EDT 2026
================================================================================
Reading task parameters from sweep_configs_clutch/config_009.json...
Executing Quantum Clutch Simulation
Label: Clutch: Menger Spire (N=3) vs Sierpinski Sieve (N=3), d=80nm, th=60.0deg
Params: d=0.08 um, N_top=3, N_bot=3, mat=Gold, res=60, nmax=3, theta=60.0 deg, alpha=75.0 deg, r_tip=5.0 nm, eps=1.0
==================================================
RUNNING CRASH-PROOF MEEP SIMULATION WRAPPER
==================================================
Executing: srun -n 128 /N/u/gogordon/BigRed200/.conda/envs/meep/bin/python execution/run_meep_simulation.py --L 2.0 --d 0.08 --N 3 --N-bottom 3 --theta 60.0 --material Gold --res 60 --nmax 3 --eps-bg 1.0 --config all --no-cache --clutch --corrugation-angle 75.0 --r-tip 5.0

Elapsed run time = 0.0376 s

Elapsed run time = 0.0376 s

Elapsed run time = 0.0379 s

Elapsed run time = 0.0381 s

Elapsed run time = 0.0380 s

Elapsed run time = 0.0380 s

Elapsed run time = 0.0382 s

Elapsed run time = 0.0382 s
Starting simulation: d=0.08 um, N_top=3, N_bottom=3, material=Gold, resolution=60, nmax=3, theta=60.0, eps_bg=1.0, config=all, clutch=True, stepped_sieve=False, corrugated=False
Parallel configuration: 128 processes running 108 parallel moment partitions.

Elapsed run time = 0.0400 s

Elapsed run time = 0.0400 s

Elapsed run time = 0.0403 s

Elapsed run time = 0.0404 s

Elapsed run time = 0.0405 s

Elapsed run time = 0.0404 s

Elapsed run time = 0.0402 s

Elapsed run time = 0.0407 s

Elapsed run time = 0.0404 s

Elapsed run time = 0.0404 s

Elapsed run time = 0.0406 s

Elapsed run time = 0.0404 s

Elapsed run time = 34062.0856 s

Elapsed run time = 34403.6303 s

Elapsed run time = 37532.7720 s

Elapsed run time = 37556.3300 s
  [BOTH][Rank 0] Done moment 1/1 (task 0): force_integral=+2.154235e-01
