================================================================================
CASIMIR_CLUTCH MULTI-NODE TASK: 4 / 10
Target: Angled Tasks (theta = 30, 45, 60 deg, R = 60, N = 3, RAM ~285 GB)
Nodes: 2 (256 cores, 512 GB aggregate RAM across Cray Slingshot-10 fabric)
Host: x1001c5s4b1n0
Started: Wed Sep 23 03:42:41 PM EDT 2026
================================================================================
Reading task parameters from sweep_configs_clutch/config_004.json...
Executing Quantum Clutch Simulation on 2 Distributed Nodes (general partition, 512 GB total RAM)
Label: Clutch: Menger Spire (N=3) vs Sierpinski Sieve (N=3), d=40nm, th=60.0deg
Params: d=0.04 um, N_top=3, N_bot=3, mat=Gold, res=60, nmax=1, theta=60.0 deg, alpha=75.0 deg, r_tip=5.0 nm, eps=1.0
Launching Meep across 2 nodes (256 MPI ranks)...
==================================================
RUNNING CRASH-PROOF MEEP SIMULATION WRAPPER
==================================================
Executing: srun -n 256 /N/u/gogordon/BigRed200/.conda/envs/meep/bin/python execution/run_meep_simulation.py --L 2.0 --d 0.04 --N 3 --N-bottom 3 --theta 60.0 --material Gold --res 60 --nmax 1 --eps-bg 1.0 --config all --no-subgroups --T-run 12.0 --max-walltime-hours 11.0 --campaign-task-id 4 --clutch --corrugation-angle 75.0 --r-tip 5.0
Starting simulation: d=0.04 um, N_top=3, N_bottom=3, material=Gold, resolution=60, nmax=1, theta=60.0, eps_bg=1.0, config=all, clutch=True, stepped_sieve=False, corrugated=False
Parallel configuration: 256 processes running 1 parallel moment partitions.

CRITICAL SIGNAL RECEIVED IN TASK -1: SIGTERM
CRITICAL SIGNAL RECEIVED IN TASK -1: SIGTERM

Elapsed run time = 129.1054 s

CRITICAL SIGNAL RECEIVED IN TASK -1: SIGTERM

Elapsed run time = 129.2058 s

CRITICAL SIGNAL RECEIVED IN TASK -1: SIGTERM

Elapsed run time = 129.4229 s

CRITICAL SIGNAL RECEIVED IN TASK -1: SIGTERM

Elapsed run time = 129.6509 s

CRITICAL SIGNAL RECEIVED IN TASK -1: SIGTERM

Elapsed run time = 129.7164 s

CRITICAL SIGNAL RECEIVED IN TASK -1: SIGTERM

Elapsed run time = 129.7827 s

CRITICAL SIGNAL RECEIVED IN TASK -1: SIGTERM

Elapsed run time = 129.8221 s

CRITICAL SIGNAL RECEIVED IN TASK -1: SIGTERM

Elapsed run time = 129.9282 s

CRITICAL SIGNAL RECEIVED IN TASK -1: SIGTERM

Elapsed run time = 129.9691 s

CRITICAL SIGNAL RECEIVED IN TASK -1: SIGTERM

CRITICAL SIGNAL RECEIVED IN TASK -1: SIGTERM

Elapsed run time = 130.0495 s

Elapsed run time = 130.0526 s

CRITICAL SIGNAL RECEIVED IN TASK -1: SIGTERM

CRITICAL SIGNAL RECEIVED IN TASK -1: SIGTERM

CRITICAL SIGNAL RECEIVED IN TASK -1: SIGTERM

Elapsed run time = 130.0645 s

Elapsed run time = 130.0670 s

Elapsed run time = 130.0734 s

CRITICAL SIGNAL RECEIVED IN TASK -1: SIGTERM

Elapsed run time = 130.1317 s

CRITICAL SIGNAL RECEIVED IN TASK -1: SIGTERM

CRITICAL SIGNAL RECEIVED IN TASK -1: SIGTERM

CRITICAL SIGNAL RECEIVED IN TASK -1: SIGTERM

Elapsed run time = 130.1458 s

CRITICAL SIGNAL RECEIVED IN TASK -1: SIGTERM

CRITICAL SIGNAL RECEIVED IN TASK -1: SIGTERM

Elapsed run time = 130.1684 s

CRITICAL SIGNAL RECEIVED IN TASK -1: SIGTERM

Elapsed run time = 130.1691 s

Elapsed run time = 130.1733 s

CRITICAL SIGNAL RECEIVED IN TASK -1: SIGTERM

CRITICAL SIGNAL RECEIVED IN TASK -1: SIGTERM

Elapsed run time = 130.1860 s

Elapsed run time = 130.1846 s

CRITICAL SIGNAL RECEIVED IN TASK -1: SIGTERM

Elapsed run time = 130.1913 s

CRITICAL SIGNAL RECEIVED IN TASK -1: SIGTERM

Elapsed run time = 130.1946 s

Elapsed run time = 130.2004 s

CRITICAL SIGNAL RECEIVED IN TASK -1: SIGTERM

Elapsed run time = 130.2017 s

CRITICAL SIGNAL RECEIVED IN TASK -1: SIGTERM

CRITICAL SIGNAL RECEIVED IN TASK -1: SIGTERM

Elapsed run time = 130.2134 s

CRITICAL SIGNAL RECEIVED IN TASK -1: SIGTERM

Elapsed run time = 130.2166 s

CRITICAL SIGNAL RECEIVED IN TASK -1: SIGTERM

Elapsed run time = 130.2204 s

CRITICAL SIGNAL RECEIVED IN TASK -1: SIGTERM

CRITICAL SIGNAL RECEIVED IN TASK -1: SIGTERM

CRITICAL SIGNAL RECEIVED IN TASK -1: SIGTERM

CRITICAL SIGNAL RECEIVED IN TASK -1: SIGTERM

CRITICAL SIGNAL RECEIVED IN TASK -1: SIGTERM

Elapsed run time = 130.2286 s

Elapsed run time = 130.2286 s

CRITICAL SIGNAL RECEIVED IN TASK -1: SIGTERM

CRITICAL SIGNAL RECEIVED IN TASK -1: SIGTERM

Elapsed run time = 130.2314 s

CRITICAL SIGNAL RECEIVED IN TASK -1: SIGTERM

Elapsed run time = 130.2312 s

Elapsed run time = 130.2337 s

CRITICAL SIGNAL RECEIVED IN TASK -1: SIGTERM

CRITICAL SIGNAL RECEIVED IN TASK -1: SIGTERM

CRITICAL SIGNAL RECEIVED IN TASK -1: SIGTERM

Elapsed run time = 130.2365 s

Elapsed run time = 130.2394 s

Elapsed run time = 130.2419 s

CRITICAL SIGNAL RECEIVED IN TASK -1: SIGTERM

Elapsed run time = 130.2428 s

CRITICAL SIGNAL RECEIVED IN TASK -1: SIGTERM

Elapsed run time = 130.2450 s

Elapsed run time = 130.2461 s

Elapsed run time = 130.2476 s

CRITICAL SIGNAL RECEIVED IN TASK -1: SIGTERM

Elapsed run time = 130.2535 s

Elapsed run time = 130.2561 s

Elapsed run time = 130.2605 s

CRITICAL SIGNAL RECEIVED IN TASK -1: SIGTERM

Elapsed run time = 130.2625 s

CRITICAL SIGNAL RECEIVED IN TASK -1: SIGTERM

Elapsed run time = 130.2737 s

CRITICAL SIGNAL RECEIVED IN TASK -1: SIGTERM

Elapsed run time = 130.2785 s

CRITICAL SIGNAL RECEIVED IN TASK -1: SIGTERM

CRITICAL SIGNAL RECEIVED IN TASK -1: SIGTERM

CRITICAL SIGNAL RECEIVED IN TASK -1: SIGTERM

CRITICAL SIGNAL RECEIVED IN TASK -1: SIGTERM

CRITICAL SIGNAL RECEIVED IN TASK -1: SIGTERM

Elapsed run time = 130.2900 s

Elapsed run time = 130.2925 s

CRITICAL SIGNAL RECEIVED IN TASK -1: SIGTERM

CRITICAL SIGNAL RECEIVED IN TASK -1: SIGTERM

CRITICAL SIGNAL RECEIVED IN TASK -1: SIGTERM

Elapsed run time = 130.2932 s

Elapsed run time = 130.2975 s

Elapsed run time = 130.2988 s

Elapsed run time = 130.3015 s

Elapsed run time = 130.2993 s

Elapsed run time = 130.3002 s

CRITICAL SIGNAL RECEIVED IN TASK -1: SIGTERM

CRITICAL SIGNAL RECEIVED IN TASK -1: SIGTERM

Elapsed run time = 130.3115 s

Elapsed run time = 130.3131 s

CRITICAL SIGNAL RECEIVED IN TASK -1: SIGTERM

Elapsed run time = 130.3169 s

Elapsed run time = 130.3276 s

CRITICAL SIGNAL RECEIVED IN TASK -1: SIGTERM

CRITICAL SIGNAL RECEIVED IN TASK -1: SIGTERM

CRITICAL SIGNAL RECEIVED IN TASK -1: SIGTERM

CRITICAL SIGNAL RECEIVED IN TASK -1: SIGTERM

CRITICAL SIGNAL RECEIVED IN TASK -1: SIGTERM

CRITICAL SIGNAL RECEIVED IN TASK -1: SIGTERM

Elapsed run time = 130.3373 s

Elapsed run time = 130.3372 s

Elapsed run time = 130.3374 s

Elapsed run time = 130.3423 s

CRITICAL SIGNAL RECEIVED IN TASK -1: SIGTERM

Elapsed run time = 130.3444 s

CRITICAL SIGNAL RECEIVED IN TASK -1: SIGTERM

CRITICAL SIGNAL RECEIVED IN TASK -1: SIGTERM

CRITICAL SIGNAL RECEIVED IN TASK -1: SIGTERM

Elapsed run time = 130.3491 s

CRITICAL SIGNAL RECEIVED IN TASK -1: SIGTERM

CRITICAL SIGNAL RECEIVED IN TASK -1: SIGTERM

Elapsed run time = 130.3566 s

Elapsed run time = 130.3539 s

Elapsed run time = 130.3589 s

CRITICAL SIGNAL RECEIVED IN TASK -1: SIGTERM

CRITICAL SIGNAL RECEIVED IN TASK -1: SIGTERM

Elapsed run time = 130.3626 s

CRITICAL SIGNAL RECEIVED IN TASK -1: SIGTERM

CRITICAL SIGNAL RECEIVED IN TASK -1: SIGTERM

CRITICAL SIGNAL RECEIVED IN TASK -1: SIGTERM

CRITICAL SIGNAL RECEIVED IN TASK -1: SIGTERM

CRITICAL SIGNAL RECEIVED IN TASK -1: SIGTERM

Elapsed run time = 130.3703 s

CRITICAL SIGNAL RECEIVED IN TASK -1: SIGTERM

Elapsed run time = 130.3730 s

CRITICAL SIGNAL RECEIVED IN TASK -1: SIGTERM

Elapsed run time = 130.3772 s

CRITICAL SIGNAL RECEIVED IN TASK -1: SIGTERM

Elapsed run time = 130.3785 s

Elapsed run time = 130.3774 s

CRITICAL SIGNAL RECEIVED IN TASK -1: SIGTERM

Elapsed run time = 130.3829 s

Elapsed run time = 130.3818 s

Elapsed run time = 130.3886 s

Elapsed run time = 130.3900 s

CRITICAL SIGNAL RECEIVED IN TASK -1: SIGTERM

Elapsed run time = 130.3947 s

Elapsed run time = 130.4008 s

Elapsed run time = 130.4076 s

Elapsed run time = 130.4083 s

CRITICAL SIGNAL RECEIVED IN TASK -1: SIGTERM

Elapsed run time = 130.4071 s

CRITICAL SIGNAL RECEIVED IN TASK -1: SIGTERM

CRITICAL SIGNAL RECEIVED IN TASK -1: SIGTERM

Elapsed run time = 130.4164 s

Elapsed run time = 130.4205 s

Elapsed run time = 130.4253 s

CRITICAL SIGNAL RECEIVED IN TASK -1: SIGTERM

CRITICAL SIGNAL RECEIVED IN TASK -1: SIGTERM

CRITICAL SIGNAL RECEIVED IN TASK -1: SIGTERM

Elapsed run time = 130.4436 s

CRITICAL SIGNAL RECEIVED IN TASK -1: SIGTERM

CRITICAL SIGNAL RECEIVED IN TASK -1: SIGTERM

CRITICAL SIGNAL RECEIVED IN TASK -1: SIGTERM

CRITICAL SIGNAL RECEIVED IN TASK -1: SIGTERM

Elapsed run time = 130.4577 s

Elapsed run time = 130.4585 s

CRITICAL SIGNAL RECEIVED IN TASK -1: SIGTERM

Elapsed run time = 130.4670 s

CRITICAL SIGNAL RECEIVED IN TASK -1: SIGTERM

Elapsed run time = 130.4719 s

Elapsed run time = 130.4755 s

Elapsed run time = 130.4890 s

Elapsed run time = 130.4912 s

CRITICAL SIGNAL RECEIVED IN TASK -1: SIGTERM

Elapsed run time = 130.5087 s

CRITICAL SIGNAL RECEIVED IN TASK -1: SIGTERM

CRITICAL SIGNAL RECEIVED IN TASK -1: SIGTERM

Elapsed run time = 130.5216 s

CRITICAL SIGNAL RECEIVED IN TASK -1: SIGTERM

Elapsed run time = 130.5420 s

Elapsed run time = 130.5506 s

Elapsed run time = 130.5522 s

CRITICAL SIGNAL RECEIVED IN TASK -1: SIGTERM

CRITICAL SIGNAL RECEIVED IN TASK -1: SIGTERM

Elapsed run time = 130.5858 s

Elapsed run time = 130.5848 s

CRITICAL SIGNAL RECEIVED IN TASK -1: SIGTERM

CRITICAL SIGNAL RECEIVED IN TASK -1: SIGTERM

CRITICAL SIGNAL RECEIVED IN TASK -1: SIGTERM

Elapsed run time = 131.4247 s

CRITICAL SIGNAL RECEIVED IN TASK -1: SIGTERM

Elapsed run time = 131.4460 s

Elapsed run time = 131.4509 s

Elapsed run time = 131.4567 s

CRITICAL SIGNAL RECEIVED IN TASK -1: SIGTERM

CRITICAL SIGNAL RECEIVED IN TASK -1: SIGTERM

Elapsed run time = 131.4902 s

Elapsed run time = 131.5018 s

CRITICAL SIGNAL RECEIVED IN TASK -1: SIGTERM

Elapsed run time = 131.6354 s

CRITICAL SIGNAL RECEIVED IN TASK -1: SIGTERM

CRITICAL SIGNAL RECEIVED IN TASK -1: SIGTERM

Elapsed run time = 131.6835 s

Elapsed run time = 131.6946 s

CRITICAL SIGNAL RECEIVED IN TASK -1: SIGTERM

Elapsed run time = 131.8207 s

CRITICAL SIGNAL RECEIVED IN TASK -1: SIGTERM

Elapsed run time = 131.8919 s

CRITICAL SIGNAL RECEIVED IN TASK -1: SIGTERM

CRITICAL SIGNAL RECEIVED IN TASK -1: SIGTERM

Elapsed run time = 132.0840 s

CRITICAL SIGNAL RECEIVED IN TASK -1: SIGTERM

CRITICAL SIGNAL RECEIVED IN TASK -1: SIGTERM

Elapsed run time = 132.0947 s

CRITICAL SIGNAL RECEIVED IN TASK -1: SIGTERM

Elapsed run time = 132.1285 s

Elapsed run time = 132.1305 s

CRITICAL SIGNAL RECEIVED IN TASK -1: SIGTERM

Elapsed run time = 132.1898 s

Elapsed run time = 132.2163 s

CRITICAL SIGNAL RECEIVED IN TASK -1: SIGTERM

CRITICAL SIGNAL RECEIVED IN TASK -1: SIGTERM

CRITICAL SIGNAL RECEIVED IN TASK -1: SIGTERM

CRITICAL SIGNAL RECEIVED IN TASK -1: SIGTERM

Elapsed run time = 132.2743 s

Elapsed run time = 132.2959 s

Elapsed run time = 132.3016 s

Elapsed run time = 132.3208 s

CRITICAL SIGNAL RECEIVED IN TASK -1: SIGTERM

[CRASH HANDLER] Logged crash details to 'cluster_diagnostics/crash_logs/crash_task_-1_20260923_154503.log'.
[CRASH HANDLER] Auto-syncing crash report to GitHub...
[main f39799e] CRASH LOG: Task -1 failed on x1001c5s4b1n0 (SIGTERM)
 2 files changed, 86 insertions(+)
 create mode 100644 cluster_diagnostics/crash_logs/crash_task_-1_20260923_154503.log
Current branch main is up to date.
[CRASH HANDLER] Successfully pushed crash log to GitHub!

Elapsed run time = 135.2441 s


CRITICAL SIGNAL RECEIVED IN TASK -1: SIGTERM
CRITICAL SIGNAL RECEIVED IN TASK -1: SIGTERM

CRITICAL SIGNAL RECEIVED IN TASK -1: SIGTERM

CRITICAL SIGNAL RECEIVED IN TASK -1: SIGTERM

CRITICAL SIGNAL RECEIVED IN TASK -1: SIGTERM

CRITICAL SIGNAL RECEIVED IN TASK -1: SIGTERM

CRITICAL SIGNAL RECEIVED IN TASK -1: SIGTERM

CRITICAL SIGNAL RECEIVED IN TASK -1: SIGTERM

Elapsed run time = 144.6991 s

Elapsed run time = 144.6992 s

Elapsed run time = 144.6993 s

Elapsed run time = 144.6992 s

Elapsed run time = 144.6994 s

Elapsed run time = 144.6992 s

Elapsed run time = 144.6991 s

Elapsed run time = 144.6995 s

CRITICAL SIGNAL RECEIVED IN TASK -1: SIGTERM

Elapsed run time = 144.7256 s

CRITICAL SIGNAL RECEIVED IN TASK -1: SIGTERM

Elapsed run time = 144.7645 s

CRITICAL SIGNAL RECEIVED IN TASK -1: SIGTERM

Elapsed run time = 144.7826 s

CRITICAL SIGNAL RECEIVED IN TASK -1: SIGTERM

CRITICAL SIGNAL RECEIVED IN TASK -1: SIGTERM

CRITICAL SIGNAL RECEIVED IN TASK -1: SIGTERM

CRITICAL SIGNAL RECEIVED IN TASK -1: SIGTERM

Elapsed run time = 144.8069 s

Elapsed run time = 144.8075 s

Elapsed run time = 144.8118 s

Elapsed run time = 144.8167 s

CRITICAL SIGNAL RECEIVED IN TASK -1: SIGTERM

CRITICAL SIGNAL RECEIVED IN TASK -1: SIGTERM

Elapsed run time = 144.8421 s

Elapsed run time = 144.8463 s

CRITICAL SIGNAL RECEIVED IN TASK -1: SIGTERM

CRITICAL SIGNAL RECEIVED IN TASK -1: SIGTERM

CRITICAL SIGNAL RECEIVED IN TASK -1: SIGTERM

CRITICAL SIGNAL RECEIVED IN TASK -1: SIGTERM

Elapsed run time = 144.8583 s

CRITICAL SIGNAL RECEIVED IN TASK -1: SIGTERM

Elapsed run time = 144.8659 s

Elapsed run time = 144.8659 s

CRITICAL SIGNAL RECEIVED IN TASK -1: SIGTERM

Elapsed run time = 144.8691 s

CRITICAL SIGNAL RECEIVED IN TASK -1: SIGTERM

Elapsed run time = 144.8704 s

CRITICAL SIGNAL RECEIVED IN TASK -1: SIGTERM

Elapsed run time = 144.8772 s

CRITICAL SIGNAL RECEIVED IN TASK -1: SIGTERM

Elapsed run time = 144.8794 s

Elapsed run time = 144.8847 s

CRITICAL SIGNAL RECEIVED IN TASK -1: SIGTERM

Elapsed run time = 144.8875 s

Elapsed run time = 144.8955 s

CRITICAL SIGNAL RECEIVED IN TASK -1: SIGTERM

Elapsed run time = 144.9109 s

CRITICAL SIGNAL RECEIVED IN TASK -1: SIGTERM

CRITICAL SIGNAL RECEIVED IN TASK -1: SIGTERM

Elapsed run time = 144.9417 s

Elapsed run time = 144.9502 s

CRITICAL SIGNAL RECEIVED IN TASK -1: SIGTERM

CRITICAL SIGNAL RECEIVED IN TASK -1: SIGTERM

CRITICAL SIGNAL RECEIVED IN TASK -1: SIGTERM

CRITICAL SIGNAL RECEIVED IN TASK -1: SIGTERM

Elapsed run time = 144.9628 s

Elapsed run time = 144.9688 s

CRITICAL SIGNAL RECEIVED IN TASK -1: SIGTERM

Elapsed run time = 144.9730 s

CRITICAL SIGNAL RECEIVED IN TASK -1: SIGTERM

Elapsed run time = 144.9788 s

CRITICAL SIGNAL RECEIVED IN TASK -1: SIGTERM

Elapsed run time = 144.9837 s

Elapsed run time = 144.9877 s

Elapsed run time = 144.9904 s

CRITICAL SIGNAL RECEIVED IN TASK -1: SIGTERM

CRITICAL SIGNAL RECEIVED IN TASK -1: SIGTERM

CRITICAL SIGNAL RECEIVED IN TASK -1: SIGTERM

Elapsed run time = 145.0113 s

CRITICAL SIGNAL RECEIVED IN TASK -1: SIGTERM

CRITICAL SIGNAL RECEIVED IN TASK -1: SIGTERM

Elapsed run time = 145.0173 s

Elapsed run time = 145.0190 s

CRITICAL SIGNAL RECEIVED IN TASK -1: SIGTERM

CRITICAL SIGNAL RECEIVED IN TASK -1: SIGTERM

Elapsed run time = 145.0252 s

CRITICAL SIGNAL RECEIVED IN TASK -1: SIGTERM

Elapsed run time = 145.0326 s

CRITICAL SIGNAL RECEIVED IN TASK -1: SIGTERM

CRITICAL SIGNAL RECEIVED IN TASK -1: SIGTERM

Elapsed run time = 145.0389 s

Elapsed run time = 145.0396 s

Elapsed run time = 145.0403 s

CRITICAL SIGNAL RECEIVED IN TASK -1: SIGTERM

CRITICAL SIGNAL RECEIVED IN TASK -1: SIGTERM

Elapsed run time = 145.0451 s

Elapsed run time = 145.0507 sCommand failed with exit status 1.
==================================================
[CRASH DETECTED] Task 4 exited with status code 1
==================================================

[CRASH HANDLER] Logged crash details to 'cluster_diagnostics/crash_logs/crash_task_4_20260923_154519.log'.
[CRASH HANDLER] Auto-syncing crash report to GitHub...
[main fbea02f] CRASH LOG: Task 4 failed on x1001c5s4b1n0 (ExitCode_1)
 2 files changed, 24 insertions(+)
 create mode 100644 cluster_diagnostics/crash_logs/crash_task_4_20260923_154519.log
[CRASH HANDLER] Successfully pushed crash log to GitHub!
Clutch Multi-Node Task 4 (Clutch: Menger Spire (N=3) vs Sierpinski Sieve (N=3), d=40nm, th=60.0deg) finished with exit code 1 at Wed Sep 23 03:45:21 PM EDT 2026.
Notice: Simulation exited with code 1. Checking checkpoint status.
Synchronizing progress and pushing reports for Task 4 (exit code 1)...
