================================================================================
CASIMIR_CLUTCH MULTI-NODE TASK: 3 / 10
Target: Angled Tasks (theta = 30, 45, 60 deg, R = 60, N = 3, RAM ~285 GB)
Nodes: 2 (256 cores, 512 GB aggregate RAM across Cray Slingshot-10 fabric)
Host: x1001c5s4b1n0
Started: Wed Sep 23 03:39:52 PM EDT 2026
================================================================================
Reading task parameters from sweep_configs_clutch/config_003.json...
Executing Quantum Clutch Simulation on 2 Distributed Nodes (general partition, 512 GB total RAM)
Label: Clutch: Menger Spire (N=3) vs Sierpinski Sieve (N=3), d=40nm, th=45.0deg
Params: d=0.04 um, N_top=3, N_bot=3, mat=Gold, res=60, nmax=1, theta=45.0 deg, alpha=75.0 deg, r_tip=5.0 nm, eps=1.0
Launching Meep across 2 nodes (256 MPI ranks)...
==================================================
RUNNING CRASH-PROOF MEEP SIMULATION WRAPPER
==================================================
Executing: srun -n 256 /N/u/gogordon/BigRed200/.conda/envs/meep/bin/python execution/run_meep_simulation.py --L 2.0 --d 0.04 --N 3 --N-bottom 3 --theta 45.0 --material Gold --res 60 --nmax 1 --eps-bg 1.0 --config all --no-subgroups --T-run 12.0 --max-walltime-hours 11.0 --campaign-task-id 3 --clutch --corrugation-angle 75.0 --r-tip 5.0
Starting simulation: d=0.04 um, N_top=3, N_bottom=3, material=Gold, resolution=60, nmax=1, theta=45.0, eps_bg=1.0, config=all, clutch=True, stepped_sieve=False, corrugated=False
Parallel configuration: 256 processes running 1 parallel moment partitions.

CRITICAL SIGNAL RECEIVED IN TASK -1: SIGTERM

Elapsed run time = 127.8182 s

CRITICAL SIGNAL RECEIVED IN TASK -1: SIGTERM

Elapsed run time = 134.4011 s

CRITICAL SIGNAL RECEIVED IN TASK -1: SIGTERM

Elapsed run time = 134.4589 s

CRITICAL SIGNAL RECEIVED IN TASK -1: SIGTERM

Elapsed run time = 134.5732 s

CRITICAL SIGNAL RECEIVED IN TASK -1: SIGTERM

Elapsed run time = 134.6103 s

CRITICAL SIGNAL RECEIVED IN TASK -1: SIGTERM

Elapsed run time = 141.0671 s

CRITICAL SIGNAL RECEIVED IN TASK -1: SIGTERM

CRITICAL SIGNAL RECEIVED IN TASK -1: SIGTERM

Elapsed run time = 141.1318 s

Elapsed run time = 141.1369 s

CRITICAL SIGNAL RECEIVED IN TASK -1: SIGTERM

Elapsed run time = 141.1569 s

CRITICAL SIGNAL RECEIVED IN TASK -1: SIGTERM

Elapsed run time = 141.2315 s

CRITICAL SIGNAL RECEIVED IN TASK -1: SIGTERM

CRITICAL SIGNAL RECEIVED IN TASK -1: SIGTERM

CRITICAL SIGNAL RECEIVED IN TASK -1: SIGTERM

CRITICAL SIGNAL RECEIVED IN TASK -1: SIGTERM

Elapsed run time = 141.2982 s

Elapsed run time = 141.3048 s

Elapsed run time = 141.3215 s

Elapsed run time = 141.3221 s

CRITICAL SIGNAL RECEIVED IN TASK -1: SIGTERM

Elapsed run time = 141.3431 s

CRITICAL SIGNAL RECEIVED IN TASK -1: SIGTERM

Elapsed run time = 141.3730 s

CRITICAL SIGNAL RECEIVED IN TASK -1: SIGTERM

CRITICAL SIGNAL RECEIVED IN TASK -1: SIGTERM

CRITICAL SIGNAL RECEIVED IN TASK -1: SIGTERM

Elapsed run time = 141.3966 s

Elapsed run time = 141.3974 s

Elapsed run time = 141.3969 s

CRITICAL SIGNAL RECEIVED IN TASK -1: SIGTERM

CRITICAL SIGNAL RECEIVED IN TASK -1: SIGTERM

CRITICAL SIGNAL RECEIVED IN TASK -1: SIGTERM

CRITICAL SIGNAL RECEIVED IN TASK -1: SIGTERM

Elapsed run time = 141.4385 s

Elapsed run time = 141.4400 s

Elapsed run time = 141.4488 s

CRITICAL SIGNAL RECEIVED IN TASK -1: SIGTERM

CRITICAL SIGNAL RECEIVED IN TASK -1: SIGTERM

CRITICAL SIGNAL RECEIVED IN TASK -1: SIGTERM

CRITICAL SIGNAL RECEIVED IN TASK -1: SIGTERM

CRITICAL SIGNAL RECEIVED IN TASK -1: SIGTERM

Elapsed run time = 141.4701 s

CRITICAL SIGNAL RECEIVED IN TASK -1: SIGTERM

Elapsed run time = 141.4728 s

CRITICAL SIGNAL RECEIVED IN TASK -1: SIGTERM

Elapsed run time = 141.4869 s

Elapsed run time = 141.4910 s

Elapsed run time = 141.4952 s

Elapsed run time = 141.5072 s

Elapsed run time = 141.5065 s

CRITICAL SIGNAL RECEIVED IN TASK -1: SIGTERM

CRITICAL SIGNAL RECEIVED IN TASK -1: SIGTERM

CRITICAL SIGNAL RECEIVED IN TASK -1: SIGTERM

Elapsed run time = 141.5196 s

CRITICAL SIGNAL RECEIVED IN TASK -1: SIGTERM

Elapsed run time = 141.5307 s

Elapsed run time = 141.5436 s

CRITICAL SIGNAL RECEIVED IN TASK -1: SIGTERM

CRITICAL SIGNAL RECEIVED IN TASK -1: SIGTERM

CRITICAL SIGNAL RECEIVED IN TASK -1: SIGTERM

CRITICAL SIGNAL RECEIVED IN TASK -1: SIGTERM

Elapsed run time = 141.5605 s

CRITICAL SIGNAL RECEIVED IN TASK -1: SIGTERM

Elapsed run time = 141.5740 s

Elapsed run time = 141.5792 s

CRITICAL SIGNAL RECEIVED IN TASK -1: SIGTERM

Elapsed run time = 141.5812 s

Elapsed run time = 141.5919 s

CRITICAL SIGNAL RECEIVED IN TASK -1: SIGTERM

Elapsed run time = 141.5920 s

Elapsed run time = 141.5954 s

Elapsed run time = 141.6001 s

CRITICAL SIGNAL RECEIVED IN TASK -1: SIGTERM

CRITICAL SIGNAL RECEIVED IN TASK -1: SIGTERM

Elapsed run time = 141.6176 s

CRITICAL SIGNAL RECEIVED IN TASK -1: SIGTERM

CRITICAL SIGNAL RECEIVED IN TASK -1: SIGTERM

CRITICAL SIGNAL RECEIVED IN TASK -1: SIGTERM

CRITICAL SIGNAL RECEIVED IN TASK -1: SIGTERM

CRITICAL SIGNAL RECEIVED IN TASK -1: SIGTERM

Elapsed run time = 141.6357 s

Elapsed run time = 141.6396 s

CRITICAL SIGNAL RECEIVED IN TASK -1: SIGTERM

CRITICAL SIGNAL RECEIVED IN TASK -1: SIGTERM

Elapsed run time = 141.6527 s

CRITICAL SIGNAL RECEIVED IN TASK -1: SIGTERM

CRITICAL SIGNAL RECEIVED IN TASK -1: SIGTERM

Elapsed run time = 141.6610 s

Elapsed run time = 141.6628 s

CRITICAL SIGNAL RECEIVED IN TASK -1: SIGTERM

Elapsed run time = 141.6728 s

CRITICAL SIGNAL RECEIVED IN TASK -1: SIGTERM

Elapsed run time = 141.6843 s

Elapsed run time = 141.6841 s

Elapsed run time = 141.6860 s

Elapsed run time = 141.6847 s

Elapsed run time = 141.6878 s

Elapsed run time = 141.6896 s

CRITICAL SIGNAL RECEIVED IN TASK -1: SIGTERM

Elapsed run time = 141.7092 s

CRITICAL SIGNAL RECEIVED IN TASK -1: SIGTERM

CRITICAL SIGNAL RECEIVED IN TASK -1: SIGTERM

CRITICAL SIGNAL RECEIVED IN TASK -1: SIGTERM

Elapsed run time = 141.7194 s

Elapsed run time = 141.7230 s

Elapsed run time = 141.7242 s

CRITICAL SIGNAL RECEIVED IN TASK -1: SIGTERM

Elapsed run time = 141.7246 s

CRITICAL SIGNAL RECEIVED IN TASK -1: SIGTERM

CRITICAL SIGNAL RECEIVED IN TASK -1: SIGTERM

Elapsed run time = 141.7428 s

CRITICAL SIGNAL RECEIVED IN TASK -1: SIGTERM

Elapsed run time = 141.7561 s

Elapsed run time = 141.7601 s

Elapsed run time = 141.7701 s

CRITICAL SIGNAL RECEIVED IN TASK -1: SIGTERM

CRITICAL SIGNAL RECEIVED IN TASK -1: SIGTERM

Elapsed run time = 141.8020 s

CRITICAL SIGNAL RECEIVED IN TASK -1: SIGTERM

CRITICAL SIGNAL RECEIVED IN TASK -1: SIGTERM

CRITICAL SIGNAL RECEIVED IN TASK -1: SIGTERM

CRITICAL SIGNAL RECEIVED IN TASK -1: SIGTERM

CRITICAL SIGNAL RECEIVED IN TASK -1: SIGTERM

Elapsed run time = 141.8305 s

Elapsed run time = 141.8377 s

Elapsed run time = 141.8387 s

Elapsed run time = 141.8485 s

Elapsed run time = 141.8522 s

Elapsed run time = 141.8642 s

CRITICAL SIGNAL RECEIVED IN TASK -1: SIGTERM

Elapsed run time = 141.8986 s

CRITICAL SIGNAL RECEIVED IN TASK -1: SIGTERM

CRITICAL SIGNAL RECEIVED IN TASK -1: SIGTERM

Elapsed run time = 141.9431 s

CRITICAL SIGNAL RECEIVED IN TASK -1: SIGTERM

Elapsed run time = 141.9598 s

Elapsed run time = 141.9687 s

CRITICAL SIGNAL RECEIVED IN TASK -1: SIGTERM

Elapsed run time = 141.9972 s

CRITICAL SIGNAL RECEIVED IN TASK -1: SIGTERM

Elapsed run time = 142.0298 s

CRITICAL SIGNAL RECEIVED IN TASK -1: SIGTERM

CRITICAL SIGNAL RECEIVED IN TASK -1: SIGTERM

CRITICAL SIGNAL RECEIVED IN TASK -1: SIGTERM

Elapsed run time = 142.0830 s

Elapsed run time = 142.0945 s

Elapsed run time = 142.1028 s

CRITICAL SIGNAL RECEIVED IN TASK -1: SIGTERM

Elapsed run time = 142.2299 s

CRITICAL SIGNAL RECEIVED IN TASK -1: SIGTERM

Elapsed run time = 142.7647 s

CRITICAL SIGNAL RECEIVED IN TASK -1: SIGTERM

Elapsed run time = 142.8929 s

CRITICAL SIGNAL RECEIVED IN TASK -1: SIGTERM

CRITICAL SIGNAL RECEIVED IN TASK -1: SIGTERM

Elapsed run time = 142.9428 s

Elapsed run time = 142.9580 s

CRITICAL SIGNAL RECEIVED IN TASK -1: SIGTERM

Elapsed run time = 142.9928 s

CRITICAL SIGNAL RECEIVED IN TASK -1: SIGTERM

Elapsed run time = 143.1172 s

CRITICAL SIGNAL RECEIVED IN TASK -1: SIGTERM

Elapsed run time = 143.5819 s

CRITICAL SIGNAL RECEIVED IN TASK -1: SIGTERM

CRITICAL SIGNAL RECEIVED IN TASK -1: SIGTERM

Elapsed run time = 143.6478 s

Elapsed run time = 143.6555 s

CRITICAL SIGNAL RECEIVED IN TASK -1: SIGTERM

CRITICAL SIGNAL RECEIVED IN TASK -1: SIGTERM

CRITICAL SIGNAL RECEIVED IN TASK -1: SIGTERM

CRITICAL SIGNAL RECEIVED IN TASK -1: SIGTERM

Elapsed run time = 143.6946 s

CRITICAL SIGNAL RECEIVED IN TASK -1: SIGTERM

Elapsed run time = 143.7235 s

CRITICAL SIGNAL RECEIVED IN TASK -1: SIGTERM

Elapsed run time = 143.7274 s

Elapsed run time = 143.7337 s

Elapsed run time = 143.7388 s

CRITICAL SIGNAL RECEIVED IN TASK -1: SIGTERM

CRITICAL SIGNAL RECEIVED IN TASK -1: SIGTERM

CRITICAL SIGNAL RECEIVED IN TASK -1: SIGTERM
Command failed with exit status 1.
==================================================
[CRASH DETECTED] Task 3 exited with status code 1
==================================================

[CRASH HANDLER] Logged crash details to 'cluster_diagnostics/crash_logs/crash_task_3_20260923_154236.log'.
[CRASH HANDLER] Auto-syncing crash report to GitHub...
[main 9fc228e] CRASH LOG: Task 3 failed on x1001c5s4b1n0 (ExitCode_1)
 2 files changed, 24 insertions(+)
 create mode 100644 cluster_diagnostics/crash_logs/crash_task_3_20260923_154236.log
[CRASH HANDLER] Successfully pushed crash log to GitHub!
Clutch Multi-Node Task 3 (Clutch: Menger Spire (N=3) vs Sierpinski Sieve (N=3), d=40nm, th=45.0deg) finished with exit code 1 at Wed Sep 23 03:42:38 PM EDT 2026.
Notice: Simulation exited with code 1. Checking checkpoint status.
Synchronizing progress and pushing reports for Task 3 (exit code 1)...
