================================================================================
CASIMIR_CLUTCH MULTI-NODE TASK: 2 / 10
Target: Angled Tasks (theta = 30, 45, 60 deg, R = 60, N = 3, RAM ~285 GB)
Nodes: 2 (256 cores, 512 GB aggregate RAM across Cray Slingshot-10 fabric)
Host: x1001c5s4b1n0
Started: Wed Sep 23 03:37:07 PM EDT 2026
================================================================================
Reading task parameters from sweep_configs_clutch/config_002.json...
Executing Quantum Clutch Simulation on 2 Distributed Nodes (general partition, 512 GB total RAM)
Label: Clutch: Menger Spire (N=3) vs Sierpinski Sieve (N=3), d=40nm, th=30.0deg
Params: d=0.04 um, N_top=3, N_bot=3, mat=Gold, res=60, nmax=1, theta=30.0 deg, alpha=75.0 deg, r_tip=5.0 nm, eps=1.0
Launching Meep across 2 nodes (256 MPI ranks)...
==================================================
RUNNING CRASH-PROOF MEEP SIMULATION WRAPPER
==================================================
Executing: srun -n 256 /N/u/gogordon/BigRed200/.conda/envs/meep/bin/python execution/run_meep_simulation.py --L 2.0 --d 0.04 --N 3 --N-bottom 3 --theta 30.0 --material Gold --res 60 --nmax 1 --eps-bg 1.0 --config all --no-subgroups --T-run 12.0 --max-walltime-hours 11.0 --campaign-task-id 2 --clutch --corrugation-angle 75.0 --r-tip 5.0
Starting simulation: d=0.04 um, N_top=3, N_bottom=3, material=Gold, resolution=60, nmax=1, theta=30.0, eps_bg=1.0, config=all, clutch=True, stepped_sieve=False, corrugated=False
Parallel configuration: 256 processes running 1 parallel moment partitions.

CRITICAL SIGNAL RECEIVED IN TASK -1: SIGTERM

Elapsed run time = 109.2449 s

CRITICAL SIGNAL RECEIVED IN TASK -1: SIGTERM

Elapsed run time = 109.3530 s

CRITICAL SIGNAL RECEIVED IN TASK -1: SIGTERM

Elapsed run time = 109.3564 s

CRITICAL SIGNAL RECEIVED IN TASK -1: SIGTERM

Elapsed run time = 109.5055 s

CRITICAL SIGNAL RECEIVED IN TASK -1: SIGTERM

Elapsed run time = 109.5251 s

CRITICAL SIGNAL RECEIVED IN TASK -1: SIGTERM

Elapsed run time = 109.6126 s

CRITICAL SIGNAL RECEIVED IN TASK -1: SIGTERM

Elapsed run time = 109.7935 s

CRITICAL SIGNAL RECEIVED IN TASK -1: SIGTERM

Elapsed run time = 109.9174 s

CRITICAL SIGNAL RECEIVED IN TASK -1: SIGTERM

Elapsed run time = 109.9306 s

CRITICAL SIGNAL RECEIVED IN TASK -1: SIGTERM

Elapsed run time = 110.1676 s

CRITICAL SIGNAL RECEIVED IN TASK -1: SIGTERM

CRITICAL SIGNAL RECEIVED IN TASK -1: SIGTERM

Elapsed run time = 110.1813 s

Elapsed run time = 110.1850 s

CRITICAL SIGNAL RECEIVED IN TASK -1: SIGTERM

CRITICAL SIGNAL RECEIVED IN TASK -1: SIGTERM

Elapsed run time = 110.2444 s

CRITICAL SIGNAL RECEIVED IN TASK -1: SIGTERM

Elapsed run time = 110.2552 s

CRITICAL SIGNAL RECEIVED IN TASK -1: SIGTERM

Elapsed run time = 110.2657 s

CRITICAL SIGNAL RECEIVED IN TASK -1: SIGTERM

CRITICAL SIGNAL RECEIVED IN TASK -1: SIGTERM

CRITICAL SIGNAL RECEIVED IN TASK -1: SIGTERM

Elapsed run time = 110.2750 s

Elapsed run time = 110.2784 s

Elapsed run time = 110.2783 s

CRITICAL SIGNAL RECEIVED IN TASK -1: SIGTERM

CRITICAL SIGNAL RECEIVED IN TASK -1: SIGTERM

CRITICAL SIGNAL RECEIVED IN TASK -1: SIGTERM

CRITICAL SIGNAL RECEIVED IN TASK -1: SIGTERM

CRITICAL SIGNAL RECEIVED IN TASK -1: SIGTERM

CRITICAL SIGNAL RECEIVED IN TASK -1: SIGTERM

Elapsed run time = 110.3014 s

Elapsed run time = 110.3004 s

Elapsed run time = 110.3002 s

Elapsed run time = 110.3059 s

CRITICAL SIGNAL RECEIVED IN TASK -1: SIGTERM

CRITICAL SIGNAL RECEIVED IN TASK -1: SIGTERM

CRITICAL SIGNAL RECEIVED IN TASK -1: SIGTERM

Elapsed run time = 110.3094 s

CRITICAL SIGNAL RECEIVED IN TASK -1: SIGTERM

CRITICAL SIGNAL RECEIVED IN TASK -1: SIGTERM

Elapsed run time = 110.3204 s

Elapsed run time = 110.3191 s

Elapsed run time = 110.3216 s

Elapsed run time = 110.3253 s

Elapsed run time = 110.3266 s

Elapsed run time = 110.3254 s

CRITICAL SIGNAL RECEIVED IN TASK -1: SIGTERM

Elapsed run time = 110.3424 s

Elapsed run time = 110.3545 s

CRITICAL SIGNAL RECEIVED IN TASK -1: SIGTERM

CRITICAL SIGNAL RECEIVED IN TASK -1: SIGTERM

CRITICAL SIGNAL RECEIVED IN TASK -1: SIGTERM

CRITICAL SIGNAL RECEIVED IN TASK -1: SIGTERM

Elapsed run time = 110.3634 s

CRITICAL SIGNAL RECEIVED IN TASK -1: SIGTERM

CRITICAL SIGNAL RECEIVED IN TASK -1: SIGTERM

Elapsed run time = 110.3674 s

CRITICAL SIGNAL RECEIVED IN TASK -1: SIGTERM

CRITICAL SIGNAL RECEIVED IN TASK -1: SIGTERM

Elapsed run time = 110.3693 s

CRITICAL SIGNAL RECEIVED IN TASK -1: SIGTERM

Elapsed run time = 110.3778 s

Elapsed run time = 110.3793 s

Elapsed run time = 110.3783 s

Elapsed run time = 110.3793 s

CRITICAL SIGNAL RECEIVED IN TASK -1: SIGTERM

Elapsed run time = 110.3814 s

Elapsed run time = 110.3842 s

CRITICAL SIGNAL RECEIVED IN TASK -1: SIGTERM

CRITICAL SIGNAL RECEIVED IN TASK -1: SIGTERM

Elapsed run time = 110.3966 s

CRITICAL SIGNAL RECEIVED IN TASK -1: SIGTERM

Elapsed run time = 110.4015 s

Elapsed run time = 110.4023 s

CRITICAL SIGNAL RECEIVED IN TASK -1: SIGTERM

CRITICAL SIGNAL RECEIVED IN TASK -1: SIGTERM

CRITICAL SIGNAL RECEIVED IN TASK -1: SIGTERM

CRITICAL SIGNAL RECEIVED IN TASK -1: SIGTERM

Elapsed run time = 110.4112 s

Elapsed run time = 110.4113 s

CRITICAL SIGNAL RECEIVED IN TASK -1: SIGTERM

CRITICAL SIGNAL RECEIVED IN TASK -1: SIGTERM

Elapsed run time = 110.4224 s

Elapsed run time = 110.4219 s

CRITICAL SIGNAL RECEIVED IN TASK -1: SIGTERM

Elapsed run time = 110.4288 s

CRITICAL SIGNAL RECEIVED IN TASK -1: SIGTERM

CRITICAL SIGNAL RECEIVED IN TASK -1: SIGTERM

CRITICAL SIGNAL RECEIVED IN TASK -1: SIGTERM

Elapsed run time = 110.4358 s

CRITICAL SIGNAL RECEIVED IN TASK -1: SIGTERM

CRITICAL SIGNAL RECEIVED IN TASK -1: SIGTERM

Elapsed run time = 110.4378 s

CRITICAL SIGNAL RECEIVED IN TASK -1: SIGTERM

Elapsed run time = 110.4430 s

Elapsed run time = 110.4450 s

CRITICAL SIGNAL RECEIVED IN TASK -1: SIGTERM

Elapsed run time = 110.4439 s

CRITICAL SIGNAL RECEIVED IN TASK -1: SIGTERM

Elapsed run time = 110.4495 s

Elapsed run time = 110.4502 s

Elapsed run time = 110.4531 s

Elapsed run time = 110.4511 s

CRITICAL SIGNAL RECEIVED IN TASK -1: SIGTERM

CRITICAL SIGNAL RECEIVED IN TASK -1: SIGTERM

Elapsed run time = 110.4577 s

Elapsed run time = 110.4549 s

CRITICAL SIGNAL RECEIVED IN TASK -1: SIGTERM

CRITICAL SIGNAL RECEIVED IN TASK -1: SIGTERM

CRITICAL SIGNAL RECEIVED IN TASK -1: SIGTERM

CRITICAL SIGNAL RECEIVED IN TASK -1: SIGTERM

CRITICAL SIGNAL RECEIVED IN TASK -1: SIGTERM

CRITICAL SIGNAL RECEIVED IN TASK -1: SIGTERM

CRITICAL SIGNAL RECEIVED IN TASK -1: SIGTERM

Elapsed run time = 110.4639 s

Elapsed run time = 110.4687 s

CRITICAL SIGNAL RECEIVED IN TASK -1: SIGTERM

CRITICAL SIGNAL RECEIVED IN TASK -1: SIGTERM

CRITICAL SIGNAL RECEIVED IN TASK -1: SIGTERM

CRITICAL SIGNAL RECEIVED IN TASK -1: SIGTERM

CRITICAL SIGNAL RECEIVED IN TASK -1: SIGTERM

Elapsed run time = 110.4711 s

Elapsed run time = 110.4724 s

Elapsed run time = 110.4794 s

Elapsed run time = 110.4796 s

Elapsed run time = 110.4814 s

Elapsed run time = 110.4802 s

Elapsed run time = 110.4831 s

CRITICAL SIGNAL RECEIVED IN TASK -1: SIGTERM

Elapsed run time = 110.4905 s

CRITICAL SIGNAL RECEIVED IN TASK -1: SIGTERM

CRITICAL SIGNAL RECEIVED IN TASK -1: SIGTERM

Elapsed run time = 110.4945 s

Elapsed run time = 110.4972 s

Elapsed run time = 110.4966 s

Elapsed run time = 110.4977 s

Elapsed run time = 110.5007 s

CRITICAL SIGNAL RECEIVED IN TASK -1: SIGTERM

CRITICAL SIGNAL RECEIVED IN TASK -1: SIGTERM

CRITICAL SIGNAL RECEIVED IN TASK -1: SIGTERM

Elapsed run time = 110.5039 s

Elapsed run time = 110.5090 s

CRITICAL SIGNAL RECEIVED IN TASK -1: SIGTERM

CRITICAL SIGNAL RECEIVED IN TASK -1: SIGTERM

Elapsed run time = 110.5116 s

CRITICAL SIGNAL RECEIVED IN TASK -1: SIGTERM

Elapsed run time = 110.5107 s

Elapsed run time = 110.5148 s

CRITICAL SIGNAL RECEIVED IN TASK -1: SIGTERM

Elapsed run time = 110.5235 s

Elapsed run time = 110.5234 s

Elapsed run time = 110.5235 s

Elapsed run time = 110.5260 s

CRITICAL SIGNAL RECEIVED IN TASK -1: SIGTERM

CRITICAL SIGNAL RECEIVED IN TASK -1: SIGTERM

CRITICAL SIGNAL RECEIVED IN TASK -1: SIGTERM

Elapsed run time = 110.5366 s

CRITICAL SIGNAL RECEIVED IN TASK -1: SIGTERM

Elapsed run time = 110.5420 s

Elapsed run time = 110.5488 s

Elapsed run time = 110.5544 s

CRITICAL SIGNAL RECEIVED IN TASK -1: SIGTERM

CRITICAL SIGNAL RECEIVED IN TASK -1: SIGTERM

CRITICAL SIGNAL RECEIVED IN TASK -1: SIGTERM

CRITICAL SIGNAL RECEIVED IN TASK -1: SIGTERM

Elapsed run time = 110.5762 s

Elapsed run time = 110.5736 s

Elapsed run time = 110.5770 s

Elapsed run time = 110.5789 s

CRITICAL SIGNAL RECEIVED IN TASK -1: SIGTERM

CRITICAL SIGNAL RECEIVED IN TASK -1: SIGTERM

CRITICAL SIGNAL RECEIVED IN TASK -1: SIGTERM

Elapsed run time = 111.5908 s

Elapsed run time = 111.5914 s

Elapsed run time = 111.6099 s

CRITICAL SIGNAL RECEIVED IN TASK -1: SIGTERM

Elapsed run time = 111.6233 s

CRITICAL SIGNAL RECEIVED IN TASK -1: SIGTERM

Elapsed run time = 111.6478 s

CRITICAL SIGNAL RECEIVED IN TASK -1: SIGTERM

Elapsed run time = 111.7215 s

CRITICAL SIGNAL RECEIVED IN TASK -1: SIGTERM

Elapsed run time = 111.7941 s

CRITICAL SIGNAL RECEIVED IN TASK -1: SIGTERM

Elapsed run time = 111.8918 s

CRITICAL SIGNAL RECEIVED IN TASK -1: SIGTERM

Elapsed run time = 111.9177 s

CRITICAL SIGNAL RECEIVED IN TASK -1: SIGTERM

Elapsed run time = 112.0057 s

CRITICAL SIGNAL RECEIVED IN TASK -1: SIGTERM

CRITICAL SIGNAL RECEIVED IN TASK -1: SIGTERM

CRITICAL SIGNAL RECEIVED IN TASK -1: SIGTERM

CRITICAL SIGNAL RECEIVED IN TASK -1: SIGTERM

CRITICAL SIGNAL RECEIVED IN TASK -1: SIGTERM

CRITICAL SIGNAL RECEIVED IN TASK -1: SIGTERM

Elapsed run time = 112.0705 s

Elapsed run time = 112.0824 s

Elapsed run time = 112.0856 s

Elapsed run time = 112.0931 s

CRITICAL SIGNAL RECEIVED IN TASK -1: SIGTERM

Elapsed run time = 112.1019 s

CRITICAL SIGNAL RECEIVED IN TASK -1: SIGTERM

CRITICAL SIGNAL RECEIVED IN TASK -1: SIGTERM

Elapsed run time = 112.1094 s

CRITICAL SIGNAL RECEIVED IN TASK -1: SIGTERM

Elapsed run time = 112.1302 s

Elapsed run time = 112.1371 s

Elapsed run time = 112.1487 s

Elapsed run time = 112.1575 s

CRITICAL SIGNAL RECEIVED IN TASK -1: SIGTERM

CRITICAL SIGNAL RECEIVED IN TASK -1: SIGTERM

CRITICAL SIGNAL RECEIVED IN TASK -1: SIGTERM

CRITICAL SIGNAL RECEIVED IN TASK -1: SIGTERM

Elapsed run time = 112.2457 s

CRITICAL SIGNAL RECEIVED IN TASK -1: SIGTERM

Elapsed run time = 112.2674 s

Elapsed run time = 112.2704 s

Elapsed run time = 112.2721 s

CRITICAL SIGNAL RECEIVED IN TASK -1: SIGTERM

Elapsed run time = 112.2939 s

CRITICAL SIGNAL RECEIVED IN TASK -1: SIGTERM

CRITICAL SIGNAL RECEIVED IN TASK -1: SIGTERM

CRITICAL SIGNAL RECEIVED IN TASK -1: SIGTERM

Elapsed run time = 112.3494 s

Elapsed run time = 112.3880 s

Elapsed run time = 112.3937 s

Elapsed run time = 112.3975 s

CRITICAL SIGNAL RECEIVED IN TASK -1: SIGTERM

Elapsed run time = 112.4932 s

CRITICAL SIGNAL RECEIVED IN TASK -1: SIGTERM

CRITICAL SIGNAL RECEIVED IN TASK -1: SIGTERM

CRITICAL SIGNAL RECEIVED IN TASK -1: SIGTERM

CRITICAL SIGNAL RECEIVED IN TASK -1: SIGTERM

Elapsed run time = 112.6677 s

Elapsed run time = 112.6736 s

Elapsed run time = 112.6819 s

CRITICAL SIGNAL RECEIVED IN TASK -1: SIGTERM

[CRASH HANDLER] Logged crash details to 'cluster_diagnostics/crash_logs/crash_task_-1_20260923_153904.log'.

Elapsed run time = 112.7368 s
[CRASH HANDLER] Auto-syncing crash report to GitHub...
[main 66fafa3] CRASH LOG: Task -1 failed on x1001c5s4b1n0 (SIGTERM)
 2 files changed, 86 insertions(+)
 create mode 100644 cluster_diagnostics/crash_logs/crash_task_-1_20260923_153904.log
Current branch main is up to date.
[CRASH HANDLER] Successfully pushed crash log to GitHub!

Elapsed run time = 130.5021 s
Command failed with exit status 1.
==================================================
[CRASH DETECTED] Task 2 exited with status code 1
==================================================

[CRASH HANDLER] Logged crash details to 'cluster_diagnostics/crash_logs/crash_task_2_20260923_153945.log'.
[CRASH HANDLER] Auto-syncing crash report to GitHub...
[main 5b76198] CRASH LOG: Task 2 failed on x1001c5s4b1n0 (ExitCode_1)
 2 files changed, 24 insertions(+)
 create mode 100644 cluster_diagnostics/crash_logs/crash_task_2_20260923_153945.log
[CRASH HANDLER] Successfully pushed crash log to GitHub!
Clutch Multi-Node Task 2 (Clutch: Menger Spire (N=3) vs Sierpinski Sieve (N=3), d=40nm, th=30.0deg) finished with exit code 1 at Wed Sep 23 03:39:47 PM EDT 2026.
Notice: Simulation exited with code 1. Checking checkpoint status.
Synchronizing progress and pushing reports for Task 2 (exit code 1)...
