================================================================================
CONCENTRIC CANTOR-RING CASIMIR CLUTCH: TASK 7 / 17
Host: x1000c4s1b1n0
Started: Wed Sep 30 08:52:14 PM EDT 2026
================================================================================
Task details for config sweep_configs_concentric_ring/config_007.json:
  Arch: Concentric_Cantor_Ring, N=2, Tracks: 3, theta=45.0 deg, z_tip=13.06 nm, <d>=20.0 nm
================================================================================
==================================================
RUNNING CRASH-PROOF MEEP SIMULATION WRAPPER
==================================================
Executing: srun -n 128 /N/u/gogordon/BigRed200/.conda/envs/meep/bin/python execution/run_concentric_ring_meep.py --config-file sweep_configs_concentric_ring/config_007.json --task-id 7 --config all --max-walltime-hours 7.2

Elapsed run time = 0.0236 s

Elapsed run time = 0.0247 s
================================================================================
CONCENTRIC CANTOR-RING CASIMIR SOLVER: TASK 7
Architecture: Cantor Ring N=2
Rotation Angle: theta = 45.0 deg | Standoff z_tip = 13.06 nm (<d> = 20.0 nm)
Tracks: 3 annular tracks | Domain: 3.00 um | Resolution: 60 px/um
Material: Gold | Courant: 0.5 | T_run: 12.0
================================================================================

Elapsed run time = 0.0257 s

Elapsed run time = 0.0261 s

Elapsed run time = 0.0237 s

Elapsed run time = 0.0241 s

Elapsed run time = 0.0280 s

Elapsed run time = 0.0223 s

Elapsed run time = 0.0232 s

Elapsed run time = 0.0258 s

Elapsed run time = 0.0224 s

Elapsed run time = 0.0276 s

Elapsed run time = 0.0232 s

Elapsed run time = 0.0278 s

Elapsed run time = 0.0287 s

Elapsed run time = 0.0233 s

Elapsed run time = 0.0220 s

Elapsed run time = 0.0229 s

Elapsed run time = 0.0264 s

Elapsed run time = 0.0246 s

Elapsed run time = 0.0220 s

Elapsed run time = 0.0265 s

Elapsed run time = 0.0267 s

Elapsed run time = 0.0246 s

Elapsed run time = 0.0242 s

Elapsed run time = 0.0268 s

Elapsed run time = 0.0267 s

Elapsed run time = 0.0234 s

Elapsed run time = 0.0283 s

Elapsed run time = 0.0267 s

Elapsed run time = 0.0269 s

Elapsed run time = 0.0236 s

Elapsed run time = 0.0277 s

Elapsed run time = 0.0255 s

Elapsed run time = 0.0257 s

Elapsed run time = 0.0291 s

Elapsed run time = 0.0287 s

Elapsed run time = 0.0276 s

Elapsed run time = 0.0281 s

Elapsed run time = 0.0289 s

Elapsed run time = 0.0249 s

Elapsed run time = 0.0264 s

Elapsed run time = 0.0287 s

Elapsed run time = 0.0263 s

Elapsed run time = 0.0255 s

Elapsed run time = 0.0270 s

Elapsed run time = 0.0289 s

Elapsed run time = 0.0233 s

Elapsed run time = 0.0290 s

Elapsed run time = 0.0252 s

Elapsed run time = 0.0240 s

Elapsed run time = 0.0247 s

Elapsed run time = 0.0254 s

Elapsed run time = 0.0290 s

Elapsed run time = 0.0230 s

Elapsed run time = 0.0234 s

Elapsed run time = 0.0250 s

Elapsed run time = 0.0289 s

Elapsed run time = 0.0234 s

Elapsed run time = 0.0281 s

Elapsed run time = 0.0276 s

Elapsed run time = 0.0246 s

Elapsed run time = 0.0287 s

Elapsed run time = 0.0271 s

Elapsed run time = 0.0280 s

Elapsed run time = 0.0290 s

Elapsed run time = 0.0270 s

Elapsed run time = 0.0255 s

Elapsed run time = 0.0266 s

Elapsed run time = 0.0292 s

Elapsed run time = 0.0254 s

Elapsed run time = 0.0276 s

Elapsed run time = 0.0259 s

Elapsed run time = 0.0301 s

Elapsed run time = 0.0282 s

Elapsed run time = 0.0271 s

Elapsed run time = 0.0265 s

Elapsed run time = 0.0291 s

Elapsed run time = 0.0281 s

Elapsed run time = 0.0255 s

Elapsed run time = 0.0298 s

Elapsed run time = 0.0309 s

Elapsed run time = 0.0253 s

Elapsed run time = 0.0315 s

Elapsed run time = 0.0248 s

Elapsed run time = 0.0292 s

Elapsed run time = 0.0295 s

Elapsed run time = 0.0309 s

Elapsed run time = 0.0303 s

Elapsed run time = 0.0317 s

Elapsed run time = 0.0316 s

Elapsed run time = 0.0292 s

Elapsed run time = 0.0272 s

Elapsed run time = 0.0311 s

Elapsed run time = 0.0275 s

Elapsed run time = 0.0302 s

Elapsed run time = 0.0291 s

Elapsed run time = 0.0292 s

Elapsed run time = 0.0327 s

Elapsed run time = 0.0318 s

Elapsed run time = 0.0313 s

Elapsed run time = 0.0328 s

Elapsed run time = 0.0284 s

Elapsed run time = 0.0332 s

Elapsed run time = 0.0325 s

Elapsed run time = 0.0342 s

Elapsed run time = 0.0348 s

Elapsed run time = 0.0534 s

Elapsed run time = 0.0601 s

Elapsed run time = 0.0607 s

Elapsed run time = 0.0613 s

Elapsed run time = 0.0568 s

Elapsed run time = 0.0579 s

Elapsed run time = 0.0617 s

Elapsed run time = 0.0572 s

Elapsed run time = 0.0609 s

Elapsed run time = 0.0594 s

Elapsed run time = 0.0595 s

Elapsed run time = 0.0616 s

Elapsed run time = 0.0608 s

Elapsed run time = 0.0601 s

Elapsed run time = 0.0577 s

Elapsed run time = 0.0576 s

Elapsed run time = 0.0610 s

Elapsed run time = 0.0571 s

Elapsed run time = 0.0573 s

Elapsed run time = 0.0599 s

Elapsed run time = 0.0613 s
Command failed with exit status 1.
==================================================
[CRASH DETECTED] Task 7 exited with status code 1
==================================================

[CRASH HANDLER] Logged crash details to 'cluster_diagnostics/crash_logs/crash_task_7_20260930_205252.log'.
[CRASH HANDLER] Auto-syncing crash report to GitHub...
[main 0797a40] CRASH LOG: Task 7 failed on x1000c4s1b1n0 (ExitCode_1)
 3 files changed, 48 insertions(+)
 create mode 100644 cluster_diagnostics/crash_logs/crash_task_6_20260930_205251.log
 create mode 100644 cluster_diagnostics/crash_logs/crash_task_7_20260930_205252.log
[CRASH HANDLER] Successfully pushed crash log to GitHub!
Task 7 finished with exit code 1 at Wed Sep 30 08:52:56 PM EDT 2026.
