================================================================================
CONCENTRIC CANTOR-RING CASIMIR CLUTCH: TASK 5 / 17
Host: x1000c2s3b1n1
Started: Wed Sep 30 08:52:14 PM EDT 2026
================================================================================
Task details for config sweep_configs_concentric_ring/config_005.json:
  Arch: Concentric_Cantor_Ring, N=2, Tracks: 3, theta=0.0 deg, z_tip=13.06 nm, <d>=20.0 nm
================================================================================
==================================================
RUNNING CRASH-PROOF MEEP SIMULATION WRAPPER
==================================================
Executing: srun -n 128 /N/u/gogordon/BigRed200/.conda/envs/meep/bin/python execution/run_concentric_ring_meep.py --config-file sweep_configs_concentric_ring/config_005.json --task-id 5 --config all --max-walltime-hours 7.2
================================================================================
CONCENTRIC CANTOR-RING CASIMIR SOLVER: TASK 5
Architecture: Cantor Ring N=2
Rotation Angle: theta = 0.0 deg | Standoff z_tip = 13.06 nm (<d> = 20.0 nm)
Tracks: 3 annular tracks | Domain: 3.00 um | Resolution: 60 px/um
Material: Gold | Courant: 0.5 | T_run: 12.0
================================================================================

Elapsed run time = 0.0189 s

Elapsed run time = 0.0189 s

Elapsed run time = 0.0195 s

Elapsed run time = 0.0194 s

Elapsed run time = 0.0188 s

Elapsed run time = 0.0220 s

Elapsed run time = 0.0222 s

Elapsed run time = 0.0237 s

Elapsed run time = 0.0286 s

Elapsed run time = 0.0250 s

Elapsed run time = 0.0284 s

Elapsed run time = 0.0245 s

Elapsed run time = 0.0244 s

Elapsed run time = 0.0255 s

Elapsed run time = 0.0269 s

Elapsed run time = 0.0267 s

Elapsed run time = 0.0243 s

Elapsed run time = 0.0248 s

Elapsed run time = 0.0297 s

Elapsed run time = 0.0288 s

Elapsed run time = 0.0282 s

Elapsed run time = 0.0269 s

Elapsed run time = 0.0317 s

Elapsed run time = 0.0274 s

Elapsed run time = 0.0280 s

Elapsed run time = 0.0258 s

Elapsed run time = 0.0263 s

Elapsed run time = 0.0300 s

Elapsed run time = 0.0264 s

Elapsed run time = 0.0311 s

Elapsed run time = 0.0268 s

Elapsed run time = 0.0280 s

Elapsed run time = 0.0304 s

Elapsed run time = 0.0319 s

Elapsed run time = 0.0288 s

Elapsed run time = 0.0274 s

Elapsed run time = 0.0301 s

Elapsed run time = 0.0291 s

Elapsed run time = 0.0317 s

Elapsed run time = 0.0319 s

Elapsed run time = 0.0277 s

Elapsed run time = 0.0308 s

Elapsed run time = 0.0321 s

Elapsed run time = 0.0280 s

Elapsed run time = 0.0311 s

Elapsed run time = 0.0327 s

Elapsed run time = 0.0324 s

Elapsed run time = 0.0324 s

Elapsed run time = 0.0320 s

Elapsed run time = 0.0301 s

Elapsed run time = 0.0298 s

Elapsed run time = 0.0287 s

Elapsed run time = 0.0305 s

Elapsed run time = 0.0310 s

Elapsed run time = 0.0313 s

Elapsed run time = 0.0324 s

Elapsed run time = 0.0319 s

Elapsed run time = 0.0283 s

Elapsed run time = 0.0330 s

Elapsed run time = 0.0302 s

Elapsed run time = 0.0324 s

Elapsed run time = 0.0308 s

Elapsed run time = 0.0308 s

Elapsed run time = 0.0314 s

Elapsed run time = 0.0291 s

Elapsed run time = 0.0318 s

Elapsed run time = 0.0322 s

Elapsed run time = 0.0290 s

Elapsed run time = 0.0293 s

Elapsed run time = 0.0324 s

Elapsed run time = 0.0295 s

Elapsed run time = 0.0266 s

Elapsed run time = 0.0293 s

Elapsed run time = 0.0312 s

Elapsed run time = 0.0302 s

Elapsed run time = 0.0332 s

Elapsed run time = 0.0278 s

Elapsed run time = 0.0323 s

Elapsed run time = 0.0292 s

Elapsed run time = 0.0287 s

Elapsed run time = 0.0277 s

Elapsed run time = 0.0270 s

Elapsed run time = 0.0306 s

Elapsed run time = 0.0309 s

Elapsed run time = 0.0327 s

Elapsed run time = 0.0289 s

Elapsed run time = 0.0317 s

Elapsed run time = 0.0289 s

Elapsed run time = 0.0312 s

Elapsed run time = 0.0276 s

Elapsed run time = 0.0314 s

Elapsed run time = 0.0318 s

Elapsed run time = 0.0311 s

Elapsed run time = 0.0278 s

Elapsed run time = 0.0267 s

Elapsed run time = 0.0320 s

Elapsed run time = 0.0316 s

Elapsed run time = 0.0331 s

Elapsed run time = 0.0293 s

Elapsed run time = 0.0294 s

Elapsed run time = 0.0298 s

Elapsed run time = 0.0308 s

Elapsed run time = 0.0277 s

Elapsed run time = 0.0282 s

Elapsed run time = 0.0298 s

Elapsed run time = 0.0278 s

Elapsed run time = 0.0279 s

Elapsed run time = 0.0283 s

Elapsed run time = 0.0325 s

Elapsed run time = 0.0328 s

Elapsed run time = 0.0326 s

Elapsed run time = 0.0321 s

Elapsed run time = 0.0327 s

Elapsed run time = 0.0314 s

Elapsed run time = 0.0313 s

Elapsed run time = 0.0311 s

Elapsed run time = 0.0316 s

Elapsed run time = 0.0322 s

Elapsed run time = 0.0271 s

Elapsed run time = 0.0285 s

Elapsed run time = 0.0273 s

Elapsed run time = 0.0314 s

Elapsed run time = 0.0277 s

Elapsed run time = 0.0324 s

Elapsed run time = 0.0296 s

Elapsed run time = 0.0329 s

Elapsed run time = 0.0273 s

Elapsed run time = 0.0309 s
Command failed with exit status 1.
==================================================
[CRASH DETECTED] Task 5 exited with status code 1
==================================================
