================================================================================
CONCENTRIC CANTOR-RING CASIMIR CLUTCH: TASK 10 / 17
Host: x1000c4s1b1n0
Started: Wed Sep 30 08:53:24 PM EDT 2026
================================================================================
Task details for config sweep_configs_concentric_ring/config_010.json:
  Arch: Concentric_Cantor_Ring, N=3, Tracks: 7, theta=22.5 deg, z_tip=11.20 nm, <d>=20.0 nm
================================================================================
==================================================
RUNNING CRASH-PROOF MEEP SIMULATION WRAPPER
==================================================
Executing: srun -n 128 /N/u/gogordon/BigRed200/.conda/envs/meep/bin/python execution/run_concentric_ring_meep.py --config-file sweep_configs_concentric_ring/config_010.json --task-id 10 --config all --max-walltime-hours 7.2

Elapsed run time = 0.0169 s

Elapsed run time = 0.0161 s

Elapsed run time = 0.0170 s

Elapsed run time = 0.0152 s

Elapsed run time = 0.0163 s

Elapsed run time = 0.0173 s
================================================================================
CONCENTRIC CANTOR-RING CASIMIR SOLVER: TASK 10
Architecture: Cantor Ring N=3
Rotation Angle: theta = 22.5 deg | Standoff z_tip = 11.20 nm (<d> = 20.0 nm)
Tracks: 7 annular tracks | Domain: 3.00 um | Resolution: 60 px/um
Material: Gold | Courant: 0.5 | T_run: 12.0
================================================================================

Elapsed run time = 0.0216 s

Elapsed run time = 0.0234 s

Elapsed run time = 0.0230 s

Elapsed run time = 0.0217 s

Elapsed run time = 0.0218 s

Elapsed run time = 0.0227 s

Elapsed run time = 0.0229 s

Elapsed run time = 0.0223 s

Elapsed run time = 0.0236 s

Elapsed run time = 0.0221 s

Elapsed run time = 0.0236 s

Elapsed run time = 0.0224 s

Elapsed run time = 0.0227 s

Elapsed run time = 0.0227 s

Elapsed run time = 0.0225 s

Elapsed run time = 0.0228 s

Elapsed run time = 0.0231 s

Elapsed run time = 0.0222 s

Elapsed run time = 0.0229 s

Elapsed run time = 0.0228 s

Elapsed run time = 0.0230 s

Elapsed run time = 0.0237 s

Elapsed run time = 0.0228 s

Elapsed run time = 0.0235 s

Elapsed run time = 0.0240 s

Elapsed run time = 0.0226 s

Elapsed run time = 0.0233 s

Elapsed run time = 0.0232 s

Elapsed run time = 0.0226 s

Elapsed run time = 0.0241 s

Elapsed run time = 0.0233 s

Elapsed run time = 0.0239 s

Elapsed run time = 0.0226 s

Elapsed run time = 0.0243 s

Elapsed run time = 0.0229 s

Elapsed run time = 0.0235 s

Elapsed run time = 0.0231 s

Elapsed run time = 0.0226 s

Elapsed run time = 0.0224 s

Elapsed run time = 0.0217 s

Elapsed run time = 0.0226 s

Elapsed run time = 0.0218 s

Elapsed run time = 0.0235 s

Elapsed run time = 0.0246 s

Elapsed run time = 0.0226 s

Elapsed run time = 0.0242 s

Elapsed run time = 0.0215 s

Elapsed run time = 0.0241 s

Elapsed run time = 0.0234 s

Elapsed run time = 0.0217 s

Elapsed run time = 0.0242 s

Elapsed run time = 0.0230 s

Elapsed run time = 0.0237 s

Elapsed run time = 0.0217 s

Elapsed run time = 0.0230 s

Elapsed run time = 0.0232 s

Elapsed run time = 0.0230 s

Elapsed run time = 0.0242 s

Elapsed run time = 0.0262 s

Elapsed run time = 0.0253 s

Elapsed run time = 0.0266 s

Elapsed run time = 0.0261 s

Elapsed run time = 0.0266 s

Elapsed run time = 0.0275 s

Elapsed run time = 0.0255 s

Elapsed run time = 0.0271 s

Elapsed run time = 0.0270 s

Elapsed run time = 0.0262 s

Elapsed run time = 0.0261 s

Elapsed run time = 0.0265 s

Elapsed run time = 0.0268 s

Elapsed run time = 0.0264 s

Elapsed run time = 0.0264 s

Elapsed run time = 0.0258 s

Elapsed run time = 0.0274 s

Elapsed run time = 0.0253 s

Elapsed run time = 0.0274 s

Elapsed run time = 0.0263 s

Elapsed run time = 0.0262 s

Elapsed run time = 0.0262 s

Elapsed run time = 0.0268 s

Elapsed run time = 0.0262 s

Elapsed run time = 0.0275 s

Elapsed run time = 0.0276 s

Elapsed run time = 0.0265 s

Elapsed run time = 0.0260 s

Elapsed run time = 0.0262 s

Elapsed run time = 0.0265 s

Elapsed run time = 0.0257 s

Elapsed run time = 0.0266 s

Elapsed run time = 0.0277 s

Elapsed run time = 0.0265 s

Elapsed run time = 0.0270 s

Elapsed run time = 0.0272 s

Elapsed run time = 0.0260 s

Elapsed run time = 0.0258 s

Elapsed run time = 0.0257 s

Elapsed run time = 0.0263 s

Elapsed run time = 0.0258 s

Elapsed run time = 0.0260 s

Elapsed run time = 0.0271 s

Elapsed run time = 0.0264 s

Elapsed run time = 0.0264 s

Elapsed run time = 0.0264 s

Elapsed run time = 0.0259 s

Elapsed run time = 0.0263 s

Elapsed run time = 0.0263 s

Elapsed run time = 0.0259 s

Elapsed run time = 0.0260 s

Elapsed run time = 0.0275 s

Elapsed run time = 0.0261 s

Elapsed run time = 0.0267 s

Elapsed run time = 0.0276 s

Elapsed run time = 0.0261 s

Elapsed run time = 0.0276 s

Elapsed run time = 0.0266 s

Elapsed run time = 0.0264 s

Elapsed run time = 0.0259 s

Elapsed run time = 0.0261 s

Elapsed run time = 0.0255 s

Elapsed run time = 0.0262 s

Elapsed run time = 0.0267 s
Command failed with exit status 1.
==================================================
[CRASH DETECTED] Task 10 exited with status code 1
==================================================

[CRASH HANDLER] Logged crash details to 'cluster_diagnostics/crash_logs/crash_task_10_20260930_205333.log'.
[CRASH HANDLER] Auto-syncing crash report to GitHub...
[CRASH HANDLER] Successfully pushed crash log to GitHub!
Task 10 finished with exit code 1 at Wed Sep 30 08:53:54 PM EDT 2026.
