================================================================================
CONCENTRIC CANTOR-RING CASIMIR CLUTCH: TASK 13 / 17
Host: x1000c4s1b1n0
Started: Wed Sep 30 08:54:46 PM EDT 2026
================================================================================
Task details for config sweep_configs_concentric_ring/config_013.json:
  Arch: Concentric_Cantor_Ring, N=0, Tracks: 3, theta=0.0 deg, z_tip=15.71 nm, <d>=20.0 nm
================================================================================
==================================================
RUNNING CRASH-PROOF MEEP SIMULATION WRAPPER
==================================================
Executing: srun -n 128 /N/u/gogordon/BigRed200/.conda/envs/meep/bin/python execution/run_concentric_ring_meep.py --config-file sweep_configs_concentric_ring/config_013.json --task-id 13 --config all --max-walltime-hours 7.2

Elapsed run time = 0.0135 s

Elapsed run time = 0.0185 s
================================================================================
CONCENTRIC CANTOR-RING CASIMIR SOLVER: TASK 13
Architecture: Non-Fractal Control
Rotation Angle: theta = 0.0 deg | Standoff z_tip = 15.71 nm (<d> = 20.0 nm)
Tracks: 3 annular tracks | Domain: 3.00 um | Resolution: 60 px/um
Material: Gold | Courant: 0.5 | T_run: 12.0
================================================================================

Elapsed run time = 0.0190 s

Elapsed run time = 0.0168 s

Elapsed run time = 0.0185 s

Elapsed run time = 0.0205 s

Elapsed run time = 0.0157 s

Elapsed run time = 0.0154 s

Elapsed run time = 0.0214 s

Elapsed run time = 0.0208 s

Elapsed run time = 0.0207 s

Elapsed run time = 0.0158 s

Elapsed run time = 0.0159 s

Elapsed run time = 0.0170 s

Elapsed run time = 0.0219 s

Elapsed run time = 0.0147 s

Elapsed run time = 0.0195 s

Elapsed run time = 0.0211 s

Elapsed run time = 0.0200 s

Elapsed run time = 0.0169 s

Elapsed run time = 0.0156 s

Elapsed run time = 0.0191 s

Elapsed run time = 0.0210 s

Elapsed run time = 0.0208 s

Elapsed run time = 0.0150 s

Elapsed run time = 0.0145 s

Elapsed run time = 0.0171 s

Elapsed run time = 0.0186 s

Elapsed run time = 0.0184 s

Elapsed run time = 0.0190 s

Elapsed run time = 0.0210 s

Elapsed run time = 0.0197 s

Elapsed run time = 0.0189 s

Elapsed run time = 0.0154 s

Elapsed run time = 0.0192 s

Elapsed run time = 0.0148 s

Elapsed run time = 0.0193 s

Elapsed run time = 0.0187 s

Elapsed run time = 0.0191 s

Elapsed run time = 0.0222 s

Elapsed run time = 0.0153 s

Elapsed run time = 0.0157 s

Elapsed run time = 0.0166 s

Elapsed run time = 0.0220 s

Elapsed run time = 0.0146 s

Elapsed run time = 0.0146 s

Elapsed run time = 0.0143 s

Elapsed run time = 0.0145 s

Elapsed run time = 0.0139 s

Elapsed run time = 0.0160 s

Elapsed run time = 0.0179 s

Elapsed run time = 0.0145 s

Elapsed run time = 0.0181 s

Elapsed run time = 0.0174 s

Elapsed run time = 0.0178 s

Elapsed run time = 0.0175 s

Elapsed run time = 0.0180 s

Elapsed run time = 0.0179 s

Elapsed run time = 0.0165 s

Elapsed run time = 0.0189 s

Elapsed run time = 0.0178 s

Elapsed run time = 0.0151 s

Elapsed run time = 0.0164 s

Elapsed run time = 0.0178 s

Elapsed run time = 0.0193 s

Elapsed run time = 0.0170 s

Elapsed run time = 0.0169 s

Elapsed run time = 0.0162 s

Elapsed run time = 0.0159 s

Elapsed run time = 0.0172 s

Elapsed run time = 0.0166 s

Elapsed run time = 0.0213 s

Elapsed run time = 0.0172 s

Elapsed run time = 0.0166 s

Elapsed run time = 0.0170 s

Elapsed run time = 0.0176 s

Elapsed run time = 0.0161 s

Elapsed run time = 0.0185 s

Elapsed run time = 0.0206 s

Elapsed run time = 0.0166 s

Elapsed run time = 0.0168 s

Elapsed run time = 0.0182 s

Elapsed run time = 0.0182 s

Elapsed run time = 0.0159 s

Elapsed run time = 0.0210 s

Elapsed run time = 0.0172 s

Elapsed run time = 0.0182 s

Elapsed run time = 0.0162 s

Elapsed run time = 0.0172 s

Elapsed run time = 0.0162 s

Elapsed run time = 0.0177 s

Elapsed run time = 0.0193 s

Elapsed run time = 0.0175 s

Elapsed run time = 0.0167 s

Elapsed run time = 0.0173 s

Elapsed run time = 0.0168 s

Elapsed run time = 0.0163 s

Elapsed run time = 0.0190 s

Elapsed run time = 0.0178 s

Elapsed run time = 0.0183 s

Elapsed run time = 0.0156 s

Elapsed run time = 0.0147 s

Elapsed run time = 0.0167 s

Elapsed run time = 0.0189 s

Elapsed run time = 0.0167 s

Elapsed run time = 0.0200 s

Elapsed run time = 0.0169 s

Elapsed run time = 0.0169 s

Elapsed run time = 0.0161 s

Elapsed run time = 0.0201 s

Elapsed run time = 0.0208 s

Elapsed run time = 0.0156 s

Elapsed run time = 0.0214 s

Elapsed run time = 0.0156 s

Elapsed run time = 0.0156 s

Elapsed run time = 0.0151 s

Elapsed run time = 0.0182 s

Elapsed run time = 0.0168 s

Elapsed run time = 0.0158 s

Elapsed run time = 0.0159 s

Elapsed run time = 0.0166 s

Elapsed run time = 0.0191 s

Elapsed run time = 0.0156 s

Elapsed run time = 0.0178 s

Elapsed run time = 0.0170 s

Elapsed run time = 0.0162 s

Elapsed run time = 0.0164 s

Elapsed run time = 0.0174 s
Command failed with exit status 1.
==================================================
[CRASH DETECTED] Task 13 exited with status code 1
==================================================
