================================================================================
CONCENTRIC CANTOR-RING CASIMIR CLUTCH: TASK 14 / 17
Host: x1000c2s3b1n1
Started: Wed Sep 30 08:56:26 PM EDT 2026
================================================================================
Task details for config sweep_configs_concentric_ring/config_014.json:
  Arch: Concentric_Cantor_Ring, N=0, Tracks: 3, theta=22.5 deg, z_tip=15.71 nm, <d>=20.0 nm
================================================================================
==================================================
RUNNING CRASH-PROOF MEEP SIMULATION WRAPPER
==================================================
Executing: srun -n 128 /N/u/gogordon/BigRed200/.conda/envs/meep/bin/python execution/run_concentric_ring_meep.py --config-file sweep_configs_concentric_ring/config_014.json --task-id 14 --config all --max-walltime-hours 7.2

Elapsed run time = 0.0142 s

Elapsed run time = 0.0155 s
================================================================================
CONCENTRIC CANTOR-RING CASIMIR SOLVER: TASK 14
Architecture: Non-Fractal Control
Rotation Angle: theta = 22.5 deg | Standoff z_tip = 15.71 nm (<d> = 20.0 nm)
Tracks: 3 annular tracks | Domain: 3.00 um | Resolution: 60 px/um
Material: Gold | Courant: 0.5 | T_run: 12.0
================================================================================

Elapsed run time = 0.0173 s

Elapsed run time = 0.0151 s

Elapsed run time = 0.0186 s

Elapsed run time = 0.0184 s

Elapsed run time = 0.0158 s

Elapsed run time = 0.0160 s

Elapsed run time = 0.0163 s

Elapsed run time = 0.0185 s

Elapsed run time = 0.0141 s

Elapsed run time = 0.0118 s

Elapsed run time = 0.0189 s

Elapsed run time = 0.0177 s

Elapsed run time = 0.0144 s

Elapsed run time = 0.0186 s

Elapsed run time = 0.0190 s

Elapsed run time = 0.0202 s

Elapsed run time = 0.0170 s

Elapsed run time = 0.0216 s

Elapsed run time = 0.0187 s

Elapsed run time = 0.0189 s

Elapsed run time = 0.0190 s

Elapsed run time = 0.0187 s

Elapsed run time = 0.0212 s

Elapsed run time = 0.0187 s

Elapsed run time = 0.0173 s

Elapsed run time = 0.0143 s

Elapsed run time = 0.0212 s

Elapsed run time = 0.0198 s

Elapsed run time = 0.0153 s

Elapsed run time = 0.0202 s

Elapsed run time = 0.0191 s

Elapsed run time = 0.0178 s

Elapsed run time = 0.0185 s

Elapsed run time = 0.0141 s

Elapsed run time = 0.0176 s

Elapsed run time = 0.0155 s

Elapsed run time = 0.0189 s

Elapsed run time = 0.0191 s

Elapsed run time = 0.0192 s

Elapsed run time = 0.0192 s

Elapsed run time = 0.0190 s

Elapsed run time = 0.0182 s

Elapsed run time = 0.0217 s

Elapsed run time = 0.0154 s

Elapsed run time = 0.0180 s

Elapsed run time = 0.0189 s

Elapsed run time = 0.0189 s

Elapsed run time = 0.0193 s

Elapsed run time = 0.0218 s

Elapsed run time = 0.0186 s

Elapsed run time = 0.0190 s

Elapsed run time = 0.0216 s

Elapsed run time = 0.0214 s

Elapsed run time = 0.0173 s

Elapsed run time = 0.0188 s

Elapsed run time = 0.0197 s

Elapsed run time = 0.0203 s

Elapsed run time = 0.0173 s

Elapsed run time = 0.0184 s

Elapsed run time = 0.0173 s

Elapsed run time = 0.0145 s

Elapsed run time = 0.0179 s

Elapsed run time = 0.0191 s

Elapsed run time = 0.0185 s

Elapsed run time = 0.0164 s

Elapsed run time = 0.0181 s

Elapsed run time = 0.0173 s

Elapsed run time = 0.0173 s

Elapsed run time = 0.0220 s

Elapsed run time = 0.0173 s

Elapsed run time = 0.0161 s

Elapsed run time = 0.0159 s

Elapsed run time = 0.0153 s

Elapsed run time = 0.0180 s

Elapsed run time = 0.0155 s

Elapsed run time = 0.0163 s

Elapsed run time = 0.0154 s

Elapsed run time = 0.0149 s

Elapsed run time = 0.0190 s

Elapsed run time = 0.0146 s

Elapsed run time = 0.0181 s

Elapsed run time = 0.0157 s

Elapsed run time = 0.0178 s

Elapsed run time = 0.0182 s

Elapsed run time = 0.0177 s

Elapsed run time = 0.0152 s

Elapsed run time = 0.0180 s

Elapsed run time = 0.0164 s

Elapsed run time = 0.0162 s

Elapsed run time = 0.0218 s

Elapsed run time = 0.0160 s

Elapsed run time = 0.0170 s

Elapsed run time = 0.0158 s

Elapsed run time = 0.0180 s

Elapsed run time = 0.0192 s

Elapsed run time = 0.0170 s

Elapsed run time = 0.0182 s

Elapsed run time = 0.0221 s

Elapsed run time = 0.0149 s

Elapsed run time = 0.0164 s

Elapsed run time = 0.0178 s

Elapsed run time = 0.0165 s

Elapsed run time = 0.0177 s

Elapsed run time = 0.0160 s

Elapsed run time = 0.0153 s

Elapsed run time = 0.0191 s

Elapsed run time = 0.0181 s

Elapsed run time = 0.0189 s

Elapsed run time = 0.0161 s

Elapsed run time = 0.0158 s

Elapsed run time = 0.0162 s

Elapsed run time = 0.0159 s

Elapsed run time = 0.0166 s

Elapsed run time = 0.0167 s

Elapsed run time = 0.0164 s

Elapsed run time = 0.0165 s

Elapsed run time = 0.0155 s

Elapsed run time = 0.0166 s

Elapsed run time = 0.0188 s

Elapsed run time = 0.0160 s

Elapsed run time = 0.0184 s

Elapsed run time = 0.0184 s

Elapsed run time = 0.0160 s

Elapsed run time = 0.0182 s

Elapsed run time = 0.0187 s

Elapsed run time = 0.0162 s
Command failed with exit status 1.
==================================================
[CRASH DETECTED] Task 14 exited with status code 1
==================================================

[CRASH HANDLER] Logged crash details to 'cluster_diagnostics/crash_logs/crash_task_14_20260930_205647.log'.
[CRASH HANDLER WARNING] Corrupted master crash file (Expecting value: line 1 column 1 (char 0)). Resetting.
[CRASH HANDLER] Auto-syncing crash report to GitHub...
[main 4086a9d] CRASH LOG: Task 14 failed on x1000c2s3b1n1 (ExitCode_1)
 2 files changed, 18 insertions(+), 460 deletions(-)
 create mode 100644 cluster_diagnostics/crash_logs/crash_task_14_20260930_205647.log
[CRASH HANDLER] Successfully pushed crash log to GitHub!
Task 14 finished with exit code 1 at Wed Sep 30 08:56:49 PM EDT 2026.
