================================================================================
CONCENTRIC CANTOR-RING CASIMIR CLUTCH: TASK 1 / 17
Host: x1000c6s5b0n0
Started: Wed Sep 30 08:49:25 PM EDT 2026
================================================================================
Task details for config sweep_configs_concentric_ring/config_001.json:
  Arch: Concentric_Cantor_Ring, N=1, Tracks: 1, theta=0.0 deg, z_tip=15.83 nm, <d>=20.0 nm
================================================================================
==================================================
RUNNING CRASH-PROOF MEEP SIMULATION WRAPPER
==================================================
Executing: srun -n 128 /N/u/gogordon/BigRed200/.conda/envs/meep/bin/python execution/run_concentric_ring_meep.py --config-file sweep_configs_concentric_ring/config_001.json --task-id 1 --config all --max-walltime-hours 7.2

Elapsed run time = 2.7297 s

Elapsed run time = 2.7320 s

Elapsed run time = 2.7345 s

Elapsed run time = 2.7400 s

Elapsed run time = 2.7410 s

Elapsed run time = 2.7447 s

Elapsed run time = 2.7576 s

Elapsed run time = 2.7619 s

Elapsed run time = 2.7680 s

Elapsed run time = 2.7683 s

Elapsed run time = 2.7736 s

Elapsed run time = 2.7812 s

Elapsed run time = 2.7906 s

Elapsed run time = 2.7914 s

Elapsed run time = 2.7968 s

Elapsed run time = 2.7981 s

Elapsed run time = 2.8053 s

Elapsed run time = 2.8069 s

Elapsed run time = 2.8094 s

Elapsed run time = 2.8101 s

Elapsed run time = 2.8111 s

Elapsed run time = 2.8128 s

Elapsed run time = 2.8138 s

Elapsed run time = 2.8161 s

Elapsed run time = 2.8169 s

Elapsed run time = 2.8189 s

Elapsed run time = 2.8202 s

Elapsed run time = 2.8220 s

Elapsed run time = 2.8229 s

Elapsed run time = 2.8249 s

Elapsed run time = 2.8258 s

Elapsed run time = 2.8276 s

Elapsed run time = 2.8298 s

Elapsed run time = 2.8308 s

Elapsed run time = 2.8324 s

Elapsed run time = 2.8337 s

Elapsed run time = 2.8356 s

Elapsed run time = 2.8391 s

Elapsed run time = 2.8406 s

Elapsed run time = 2.8410 s

Elapsed run time = 2.8426 s

Elapsed run time = 2.8446 s

Elapsed run time = 2.8463 s

Elapsed run time = 2.8474 s

Elapsed run time = 2.8513 s

Elapsed run time = 2.8513 s

Elapsed run time = 2.8543 s

Elapsed run time = 2.8551 s

Elapsed run time = 2.8572 s

Elapsed run time = 2.8575 s

Elapsed run time = 2.8588 s

Elapsed run time = 2.8606 s

Elapsed run time = 2.8615 s

Elapsed run time = 2.8636 s

Elapsed run time = 2.8647 s

Elapsed run time = 2.8678 s

Elapsed run time = 2.8685 s

Elapsed run time = 2.8695 s

Elapsed run time = 2.8718 s

Elapsed run time = 2.8729 s

Elapsed run time = 2.8751 s

Elapsed run time = 2.8777 s

Elapsed run time = 2.8800 s

Elapsed run time = 2.8805 s

Elapsed run time = 2.8822 s

Elapsed run time = 2.8846 s

Elapsed run time = 2.8862 s

Elapsed run time = 2.8878 s

Elapsed run time = 2.8903 s

Elapsed run time = 2.8927 s

Elapsed run time = 2.8940 s

Elapsed run time = 2.8951 s

Elapsed run time = 2.8971 s

Elapsed run time = 2.8987 s

Elapsed run time = 2.8999 s

Elapsed run time = 2.9018 s

Elapsed run time = 2.9029 s

Elapsed run time = 2.9043 s

Elapsed run time = 2.9062 s

Elapsed run time = 2.9080 s

Elapsed run time = 2.9109 s

Elapsed run time = 2.9117 s

Elapsed run time = 2.9132 s

Elapsed run time = 2.9149 s

Elapsed run time = 2.9173 s

Elapsed run time = 2.9182 s

Elapsed run time = 2.9200 s

Elapsed run time = 2.9214 s

Elapsed run time = 2.9233 s

Elapsed run time = 2.9242 s

Elapsed run time = 2.9273 s

Elapsed run time = 2.9287 s

Elapsed run time = 2.9296 s

Elapsed run time = 2.9317 s

Elapsed run time = 2.9337 s

Elapsed run time = 2.9351 s

Elapsed run time = 2.9365 s
================================================================================
CONCENTRIC CANTOR-RING CASIMIR SOLVER: TASK 1
Architecture: Cantor Ring N=1
Rotation Angle: theta = 0.0 deg | Standoff z_tip = 15.83 nm (<d> = 20.0 nm)
Tracks: 1 annular tracks | Domain: 3.00 um | Resolution: 60 px/um
Material: Gold | Courant: 0.5 | T_run: 12.0
================================================================================

Elapsed run time = 2.9388 s

Elapsed run time = 2.9404 s

Elapsed run time = 2.9413 s

Elapsed run time = 2.9438 s

Elapsed run time = 2.9449 s

Elapsed run time = 2.9467 s

Elapsed run time = 2.9487 s

Elapsed run time = 2.9499 s

Elapsed run time = 2.9512 s

Elapsed run time = 2.9538 s

Elapsed run time = 2.9546 s

Elapsed run time = 2.9578 s

Elapsed run time = 2.9585 s

Elapsed run time = 2.9602 s

Elapsed run time = 2.9633 s

Elapsed run time = 2.9676 s

Elapsed run time = 2.9695 s

Elapsed run time = 2.9718 s

Elapsed run time = 2.9736 s

Elapsed run time = 2.9747 s

Elapsed run time = 2.9759 s

Elapsed run time = 2.9770 s

Elapsed run time = 2.9772 s

Elapsed run time = 2.9787 s

Elapsed run time = 2.9799 s

Elapsed run time = 2.9814 s

Elapsed run time = 2.9834 s
Command failed with exit status 143.
==================================================
[CRASH DETECTED] Task 1 exited with status code 143
==================================================

[CRASH HANDLER] Logged crash details to 'cluster_diagnostics/crash_logs/crash_task_1_20260930_205011.log'.
[CRASH HANDLER] Auto-syncing crash report to GitHub...
[main 7b1af7a] CRASH LOG: Task 1 failed on x1000c6s5b0n0 (ExitCode_143)
 3 files changed, 48 insertions(+)
 create mode 100644 cluster_diagnostics/crash_logs/crash_task_1_20260930_205011.log
 create mode 100644 cluster_diagnostics/crash_logs/crash_task_2_20260930_205009.log
[CRASH HANDLER] Successfully pushed crash log to GitHub!
Task 1 finished with exit code 143 at Wed Sep 30 08:50:42 PM EDT 2026.
