================================================================================
CONCENTRIC CANTOR-RING CASIMIR CLUTCH: TASK 2 / 17
Host: x1000c6s5b1n0
Started: Wed Sep 30 08:49:25 PM EDT 2026
================================================================================
Task details for config sweep_configs_concentric_ring/config_002.json:
  Arch: Concentric_Cantor_Ring, N=1, Tracks: 1, theta=22.5 deg, z_tip=15.83 nm, <d>=20.0 nm
================================================================================
==================================================
RUNNING CRASH-PROOF MEEP SIMULATION WRAPPER
==================================================
Executing: srun -n 128 /N/u/gogordon/BigRed200/.conda/envs/meep/bin/python execution/run_concentric_ring_meep.py --config-file sweep_configs_concentric_ring/config_002.json --task-id 2 --config all --max-walltime-hours 7.2

Elapsed run time = 2.7237 s

Elapsed run time = 2.7236 s

Elapsed run time = 2.7233 s

Elapsed run time = 2.7239 s

Elapsed run time = 2.7297 s

Elapsed run time = 2.7348 s

Elapsed run time = 2.7392 s

Elapsed run time = 2.7463 s

Elapsed run time = 2.7491 s

Elapsed run time = 2.7507 s

Elapsed run time = 2.7526 s

Elapsed run time = 2.7558 s

Elapsed run time = 2.7634 s

Elapsed run time = 2.7760 s

Elapsed run time = 2.7793 s

Elapsed run time = 2.7824 s

Elapsed run time = 2.7883 s

Elapsed run time = 2.7907 s

Elapsed run time = 2.7979 s

Elapsed run time = 2.8038 s

Elapsed run time = 2.8091 s

Elapsed run time = 2.8120 s

Elapsed run time = 2.8137 s

Elapsed run time = 2.8164 s

Elapsed run time = 2.8166 s

Elapsed run time = 2.8193 s

Elapsed run time = 2.8200 s

Elapsed run time = 2.8216 s

Elapsed run time = 2.8226 s

Elapsed run time = 2.8261 s

Elapsed run time = 2.8270 s

Elapsed run time = 2.8277 s

Elapsed run time = 2.8301 s

Elapsed run time = 2.8319 s

Elapsed run time = 2.8328 s

Elapsed run time = 2.8357 s

Elapsed run time = 2.8376 s

Elapsed run time = 2.8374 s

Elapsed run time = 2.8402 s

Elapsed run time = 2.8415 s

Elapsed run time = 2.8428 s

Elapsed run time = 2.8442 s

Elapsed run time = 2.8472 s

Elapsed run time = 2.8475 s

Elapsed run time = 2.8503 s

Elapsed run time = 2.8523 s

Elapsed run time = 2.8529 s

Elapsed run time = 2.8539 s

Elapsed run time = 2.8562 s

Elapsed run time = 2.8566 s

Elapsed run time = 2.8586 s

Elapsed run time = 2.8598 s

Elapsed run time = 2.8619 s

Elapsed run time = 2.8630 s

Elapsed run time = 2.8651 s

Elapsed run time = 2.8655 s

Elapsed run time = 2.8681 s

Elapsed run time = 2.8693 s

Elapsed run time = 2.8711 s

Elapsed run time = 2.8724 s

Elapsed run time = 2.8728 s

Elapsed run time = 2.8763 s
================================================================================
CONCENTRIC CANTOR-RING CASIMIR SOLVER: TASK 2
Architecture: Cantor Ring N=1
Rotation Angle: theta = 22.5 deg | Standoff z_tip = 15.83 nm (<d> = 20.0 nm)
Tracks: 1 annular tracks | Domain: 3.00 um | Resolution: 60 px/um
Material: Gold | Courant: 0.5 | T_run: 12.0
================================================================================

Elapsed run time = 2.8773 s

Elapsed run time = 2.8784 s

Elapsed run time = 2.8808 s

Elapsed run time = 2.8832 s

Elapsed run time = 2.8843 s

Elapsed run time = 2.8855 s

Elapsed run time = 2.8872 s

Elapsed run time = 2.8884 s

Elapsed run time = 2.8892 s

Elapsed run time = 2.8916 s

Elapsed run time = 2.8931 s

Elapsed run time = 2.8957 s

Elapsed run time = 2.8974 s

Elapsed run time = 2.8990 s

Elapsed run time = 2.9008 s

Elapsed run time = 2.9025 s

Elapsed run time = 2.9037 s

Elapsed run time = 2.9060 s

Elapsed run time = 2.9073 s

Elapsed run time = 2.9081 s

Elapsed run time = 2.9104 s

Elapsed run time = 2.9124 s

Elapsed run time = 2.9134 s

Elapsed run time = 2.9151 s

Elapsed run time = 2.9169 s

Elapsed run time = 2.9183 s

Elapsed run time = 2.9199 s

Elapsed run time = 2.9223 s

Elapsed run time = 2.9233 s

Elapsed run time = 2.9252 s

Elapsed run time = 2.9263 s

Elapsed run time = 2.9282 s

Elapsed run time = 2.9296 s

Elapsed run time = 2.9322 s

Elapsed run time = 2.9331 s

Elapsed run time = 2.9362 s

Elapsed run time = 2.9377 s

Elapsed run time = 2.9399 s

Elapsed run time = 2.9413 s

Elapsed run time = 2.9426 s

Elapsed run time = 2.9439 s

Elapsed run time = 2.9469 s

Elapsed run time = 2.9480 s

Elapsed run time = 2.9495 s

Elapsed run time = 2.9519 s

Elapsed run time = 2.9527 s

Elapsed run time = 2.9540 s

Elapsed run time = 2.9556 s

Elapsed run time = 2.9573 s

Elapsed run time = 2.9603 s

Elapsed run time = 2.9615 s

Elapsed run time = 2.9619 s

Elapsed run time = 2.9673 s

Elapsed run time = 2.9689 s

Elapsed run time = 2.9711 s

Elapsed run time = 2.9717 s

Elapsed run time = 2.9747 s
Command failed with exit status 143.
==================================================
[CRASH DETECTED] Task 2 exited with status code 143
==================================================

[CRASH HANDLER] Logged crash details to 'cluster_diagnostics/crash_logs/crash_task_2_20260930_205009.log'.
[CRASH HANDLER] Auto-syncing crash report to GitHub...
[CRASH HANDLER] Successfully pushed crash log to GitHub!
Task 2 finished with exit code 143 at Wed Sep 30 08:50:17 PM EDT 2026.
