================================================================================
CONCENTRIC CANTOR-RING CASIMIR CLUTCH: TASK 9 / 17
Host: x1000c4s1b0n0
Started: Wed Sep 30 08:53:24 PM EDT 2026
================================================================================
Task details for config sweep_configs_concentric_ring/config_009.json:
  Arch: Concentric_Cantor_Ring, N=3, Tracks: 7, theta=0.0 deg, z_tip=11.20 nm, <d>=20.0 nm
================================================================================
==================================================
RUNNING CRASH-PROOF MEEP SIMULATION WRAPPER
==================================================
Executing: srun -n 128 /N/u/gogordon/BigRed200/.conda/envs/meep/bin/python execution/run_concentric_ring_meep.py --config-file sweep_configs_concentric_ring/config_009.json --task-id 9 --config all --max-walltime-hours 7.2

Elapsed run time = 0.0169 s

Elapsed run time = 0.0172 s

Elapsed run time = 0.0142 s

Elapsed run time = 0.0158 s

Elapsed run time = 0.0172 s

Elapsed run time = 0.0157 s

Elapsed run time = 0.0143 s

Elapsed run time = 0.0176 s

Elapsed run time = 0.0191 s

Elapsed run time = 0.0196 s

Elapsed run time = 0.0181 s

Elapsed run time = 0.0162 s

Elapsed run time = 0.0162 s

Elapsed run time = 0.0156 s

Elapsed run time = 0.0165 s

Elapsed run time = 0.0201 s

Elapsed run time = 0.0163 s

Elapsed run time = 0.0194 s

Elapsed run time = 0.0177 s

Elapsed run time = 0.0177 s

Elapsed run time = 0.0158 s
================================================================================
CONCENTRIC CANTOR-RING CASIMIR SOLVER: TASK 9
Architecture: Cantor Ring N=3
Rotation Angle: theta = 0.0 deg | Standoff z_tip = 11.20 nm (<d> = 20.0 nm)
Tracks: 7 annular tracks | Domain: 3.00 um | Resolution: 60 px/um
Material: Gold | Courant: 0.5 | T_run: 12.0
================================================================================

Elapsed run time = 0.0202 s

Elapsed run time = 0.0183 s

Elapsed run time = 0.0195 s

Elapsed run time = 0.0220 s

Elapsed run time = 0.0219 s

Elapsed run time = 0.0151 s

Elapsed run time = 0.0221 s

Elapsed run time = 0.0218 s

Elapsed run time = 0.0226 s

Elapsed run time = 0.0224 s

Elapsed run time = 0.0190 s

Elapsed run time = 0.0169 s

Elapsed run time = 0.0183 s

Elapsed run time = 0.0204 s

Elapsed run time = 0.0204 s

Elapsed run time = 0.0203 s

Elapsed run time = 0.0199 s

Elapsed run time = 0.0202 s

Elapsed run time = 0.0198 s

Elapsed run time = 0.0183 s

Elapsed run time = 0.0197 s

Elapsed run time = 0.0206 s

Elapsed run time = 0.0225 s

Elapsed run time = 0.0204 s

Elapsed run time = 0.0205 s

Elapsed run time = 0.0198 s

Elapsed run time = 0.0202 s

Elapsed run time = 0.0227 s

Elapsed run time = 0.0213 s

Elapsed run time = 0.0198 s

Elapsed run time = 0.0227 s

Elapsed run time = 0.0203 s

Elapsed run time = 0.0168 s

Elapsed run time = 0.0188 s

Elapsed run time = 0.0178 s

Elapsed run time = 0.0195 s

Elapsed run time = 0.0200 s

Elapsed run time = 0.0196 s

Elapsed run time = 0.0204 s

Elapsed run time = 0.0208 s

Elapsed run time = 0.0193 s

Elapsed run time = 0.0224 s

Elapsed run time = 0.0186 s

Elapsed run time = 0.0188 s

Elapsed run time = 0.0179 s

Elapsed run time = 0.0172 s

Elapsed run time = 0.0201 s

Elapsed run time = 0.0183 s

Elapsed run time = 0.0210 s

Elapsed run time = 0.0200 s

Elapsed run time = 0.0215 s

Elapsed run time = 0.0232 s

Elapsed run time = 0.0151 s

Elapsed run time = 0.0201 s

Elapsed run time = 0.0185 s

Elapsed run time = 0.0206 s

Elapsed run time = 0.0223 s

Elapsed run time = 0.0302 s

Elapsed run time = 0.0281 s

Elapsed run time = 0.0300 s

Elapsed run time = 0.0262 s

Elapsed run time = 0.0233 s

Elapsed run time = 0.0181 s

Elapsed run time = 0.0150 s

Elapsed run time = 0.0285 s

Elapsed run time = 0.0249 s

Elapsed run time = 0.0213 s

Elapsed run time = 0.0243 s

Elapsed run time = 0.0223 s

Elapsed run time = 0.0179 s

Elapsed run time = 0.0293 s

Elapsed run time = 0.0302 s

Elapsed run time = 0.0297 s

Elapsed run time = 0.0250 s

Elapsed run time = 0.0190 s

Elapsed run time = 0.0261 s

Elapsed run time = 0.0250 s

Elapsed run time = 0.0256 s

Elapsed run time = 0.0248 s

Elapsed run time = 0.0147 s

Elapsed run time = 0.0168 s

Elapsed run time = 0.0188 s

Elapsed run time = 0.0147 s

Elapsed run time = 0.0145 s

Elapsed run time = 0.0257 s

Elapsed run time = 0.0212 s

Elapsed run time = 0.0250 s

Elapsed run time = 0.0205 s

Elapsed run time = 0.0165 s

Elapsed run time = 0.0241 s

Elapsed run time = 0.0137 s

Elapsed run time = 0.0131 s

Elapsed run time = 0.0141 s

Elapsed run time = 0.0244 s

Elapsed run time = 0.0284 s

Elapsed run time = 0.0285 s

Elapsed run time = 0.0258 s

Elapsed run time = 0.0250 s

Elapsed run time = 0.0241 s

Elapsed run time = 0.0246 s

Elapsed run time = 0.0144 s

Elapsed run time = 0.0294 s

Elapsed run time = 0.0294 s

Elapsed run time = 0.0304 s

Elapsed run time = 0.0304 s

Elapsed run time = 0.0305 s

Elapsed run time = 0.0262 s
Command failed with exit status 1.
==================================================
[CRASH DETECTED] Task 9 exited with status code 1
==================================================

[CRASH HANDLER] Logged crash details to 'cluster_diagnostics/crash_logs/crash_task_9_20260930_205336.log'.
[CRASH HANDLER] Auto-syncing crash report to GitHub...
[CRASH HANDLER] Successfully pushed crash log to GitHub!
Task 9 finished with exit code 1 at Wed Sep 30 08:53:37 PM EDT 2026.
