================================================================================
CONCENTRIC CANTOR-RING CASIMIR CLUTCH: TASK 17 / 17
Host: x1000c2s3b1n1
Started: Wed Sep 30 08:58:25 PM EDT 2026
================================================================================
Task details for config sweep_configs_concentric_ring/config_017.json:
  Arch: Concentric_Cantor_Ring, N=0, Tracks: 0, theta=0.0 deg, z_tip=20.00 nm, <d>=20.0 nm
================================================================================
==================================================
RUNNING CRASH-PROOF MEEP SIMULATION WRAPPER
==================================================
Executing: srun -n 128 /N/u/gogordon/BigRed200/.conda/envs/meep/bin/python execution/run_concentric_ring_meep.py --config-file sweep_configs_concentric_ring/config_017.json --task-id 17 --config all --max-walltime-hours 7.2
================================================================================
CONCENTRIC CANTOR-RING CASIMIR SOLVER: TASK 17
Architecture: Non-Fractal Control
Rotation Angle: theta = 0.0 deg | Standoff z_tip = 20.00 nm (<d> = 20.0 nm)
Tracks: 0 annular tracks | Domain: 3.00 um | Resolution: 60 px/um
Material: Gold | Courant: 0.5 | T_run: 12.0
================================================================================

Elapsed run time = 0.0160 s

Elapsed run time = 0.0160 s

Elapsed run time = 0.0164 s

Elapsed run time = 0.0161 s

Elapsed run time = 0.0162 s

Elapsed run time = 0.0162 s

Elapsed run time = 0.0173 s

Elapsed run time = 0.0177 s

Elapsed run time = 0.0172 s

Elapsed run time = 0.0175 s

Elapsed run time = 0.0175 s

Elapsed run time = 0.0176 s

Elapsed run time = 0.0176 s

Elapsed run time = 0.0177 s

Elapsed run time = 0.0176 s

Elapsed run time = 0.0177 s

Elapsed run time = 0.0180 s

Elapsed run time = 0.0179 s

Elapsed run time = 0.0180 s

Elapsed run time = 0.0167 s

Elapsed run time = 0.0175 s

Elapsed run time = 0.0175 s

Elapsed run time = 0.0171 s

Elapsed run time = 0.0171 s

Elapsed run time = 0.0175 s

Elapsed run time = 0.0173 s

Elapsed run time = 0.0179 s

Elapsed run time = 0.0182 s

Elapsed run time = 0.0180 s

Elapsed run time = 0.0183 s

Elapsed run time = 0.0186 s

Elapsed run time = 0.0187 s

Elapsed run time = 0.0183 s

Elapsed run time = 0.0186 s

Elapsed run time = 0.0183 s

Elapsed run time = 0.0185 s

Elapsed run time = 0.0181 s

Elapsed run time = 0.0182 s

Elapsed run time = 0.0185 s

Elapsed run time = 0.0191 s

Elapsed run time = 0.0183 s

Elapsed run time = 0.0185 s

Elapsed run time = 0.0185 s

Elapsed run time = 0.0184 s

Elapsed run time = 0.0184 s

Elapsed run time = 0.0181 s

Elapsed run time = 0.0185 s

Elapsed run time = 0.0188 s

Elapsed run time = 0.0178 s

Elapsed run time = 0.0189 s

Elapsed run time = 0.0185 s

Elapsed run time = 0.0185 s

Elapsed run time = 0.0189 s

Elapsed run time = 0.0189 s

Elapsed run time = 0.0188 s

Elapsed run time = 0.0187 s

Elapsed run time = 0.0183 s

Elapsed run time = 0.0190 s

Elapsed run time = 0.0184 s

Elapsed run time = 0.0185 s

Elapsed run time = 0.0187 s

Elapsed run time = 0.0173 s

Elapsed run time = 0.0183 s

Elapsed run time = 0.0175 s

Elapsed run time = 0.0184 s

Elapsed run time = 0.0187 s

Elapsed run time = 0.0185 s

Elapsed run time = 0.0185 s

Elapsed run time = 0.0187 s

Elapsed run time = 0.0196 s

Elapsed run time = 0.0200 s

Elapsed run time = 0.0210 s

Elapsed run time = 0.0205 s

Elapsed run time = 0.0205 s

Elapsed run time = 0.0207 s

Elapsed run time = 0.0213 s

Elapsed run time = 0.0221 s

Elapsed run time = 0.0259 s

Elapsed run time = 0.0257 s

Elapsed run time = 0.0255 s

Elapsed run time = 0.0257 s

Elapsed run time = 0.0267 s

Elapsed run time = 0.0295 s

Elapsed run time = 0.0309 s

Elapsed run time = 0.0308 s

Elapsed run time = 0.0312 s

Elapsed run time = 0.0301 s

Elapsed run time = 0.0311 s

Elapsed run time = 0.0309 s

Elapsed run time = 0.0311 s

Elapsed run time = 0.0300 s

Elapsed run time = 0.0315 s

Elapsed run time = 0.0311 s

Elapsed run time = 0.0313 s

Elapsed run time = 0.0314 s

Elapsed run time = 0.0299 s

Elapsed run time = 0.0310 s

Elapsed run time = 0.0312 s

Elapsed run time = 0.0313 s

Elapsed run time = 0.0316 s

Elapsed run time = 0.0308 s

Elapsed run time = 0.0310 s

Elapsed run time = 0.0312 s

Elapsed run time = 0.0313 s

Elapsed run time = 0.0315 s

Elapsed run time = 0.0311 s

Elapsed run time = 0.0313 s

Elapsed run time = 0.0315 s

Elapsed run time = 0.0306 s

Elapsed run time = 0.0311 s

Elapsed run time = 0.0315 s

Elapsed run time = 0.0308 s

Elapsed run time = 0.0313 s

Elapsed run time = 0.0310 s

Elapsed run time = 0.0302 s

Elapsed run time = 0.0304 s

Elapsed run time = 0.0304 s

Elapsed run time = 0.0308 s

Elapsed run time = 0.0318 s

Elapsed run time = 0.0314 s

Elapsed run time = 0.0312 s

Elapsed run time = 0.0316 s

Elapsed run time = 0.0311 s

Elapsed run time = 0.0311 s

Elapsed run time = 0.0313 s

Elapsed run time = 0.0308 s

Elapsed run time = 0.0319 s

Elapsed run time = 0.0323 s
Command failed with exit status 1.
==================================================
[CRASH DETECTED] Task 17 exited with status code 1
==================================================

[CRASH HANDLER] Logged crash details to 'cluster_diagnostics/crash_logs/crash_task_17_20260930_205905.log'.
[CRASH HANDLER] Auto-syncing crash report to GitHub...
[main 5e083d1] CRASH LOG: Task 17 failed on x1000c2s3b1n1 (ExitCode_1)
 2 files changed, 24 insertions(+)
 create mode 100644 cluster_diagnostics/crash_logs/crash_task_17_20260930_205905.log
[CRASH HANDLER] Successfully pushed crash log to GitHub!
Task 17 finished with exit code 1 at Wed Sep 30 08:59:07 PM EDT 2026.
