================================================================================
CONCENTRIC CANTOR-RING CASIMIR CLUTCH: TASK 3 / 17
Host: x1000c7s1b1n1
Started: Wed Sep 30 08:49:25 PM EDT 2026
================================================================================
Task details for config sweep_configs_concentric_ring/config_003.json:
  Arch: Concentric_Cantor_Ring, N=1, Tracks: 1, theta=45.0 deg, z_tip=15.83 nm, <d>=20.0 nm
================================================================================
==================================================
RUNNING CRASH-PROOF MEEP SIMULATION WRAPPER
==================================================
Executing: srun -n 128 /N/u/gogordon/BigRed200/.conda/envs/meep/bin/python execution/run_concentric_ring_meep.py --config-file sweep_configs_concentric_ring/config_003.json --task-id 3 --config all --max-walltime-hours 7.2
================================================================================
CONCENTRIC CANTOR-RING CASIMIR SOLVER: TASK 3
Architecture: Cantor Ring N=1
Rotation Angle: theta = 45.0 deg | Standoff z_tip = 15.83 nm (<d> = 20.0 nm)
Tracks: 1 annular tracks | Domain: 3.00 um | Resolution: 60 px/um
Material: Gold | Courant: 0.5 | T_run: 12.0
================================================================================

Elapsed run time = 0.0296 s

Elapsed run time = 0.0296 s

Elapsed run time = 0.0296 s

Elapsed run time = 0.0296 s

Elapsed run time = 0.0297 s

Elapsed run time = 0.0294 s

Elapsed run time = 0.0299 s

Elapsed run time = 0.0305 s

Elapsed run time = 0.0305 s

Elapsed run time = 0.0307 s

Elapsed run time = 0.0305 s

Elapsed run time = 0.0310 s

Elapsed run time = 0.0313 s

Elapsed run time = 0.0321 s

Elapsed run time = 0.0326 s

Elapsed run time = 0.0348 s

Elapsed run time = 0.0348 s

Elapsed run time = 0.0350 s

Elapsed run time = 0.0360 s

Elapsed run time = 0.0363 s

Elapsed run time = 0.0369 s

Elapsed run time = 0.0372 s

Elapsed run time = 0.0379 s

Elapsed run time = 0.0378 s

Elapsed run time = 0.0379 s

Elapsed run time = 0.0391 s

Elapsed run time = 0.0393 s

Elapsed run time = 0.0394 s

Elapsed run time = 0.0406 s

Elapsed run time = 0.0408 s

Elapsed run time = 0.0412 s

Elapsed run time = 0.0419 s

Elapsed run time = 0.0418 s

Elapsed run time = 0.0418 s

Elapsed run time = 0.0424 s

Elapsed run time = 0.0437 s

Elapsed run time = 0.0439 s

Elapsed run time = 0.0441 s

Elapsed run time = 0.0441 s

Elapsed run time = 0.0447 s

Elapsed run time = 0.0457 s

Elapsed run time = 0.0461 s

Elapsed run time = 0.0461 s

Elapsed run time = 0.0464 s

Elapsed run time = 0.0472 s

Elapsed run time = 0.0470 s

Elapsed run time = 0.0476 s

Elapsed run time = 0.0481 s

Elapsed run time = 0.0483 s

Elapsed run time = 0.0485 s

Elapsed run time = 0.0491 s

Elapsed run time = 0.0495 s

Elapsed run time = 0.0503 s

Elapsed run time = 0.0506 s

Elapsed run time = 0.0507 s

Elapsed run time = 0.0508 s

Elapsed run time = 0.0511 s

Elapsed run time = 0.0513 s

Elapsed run time = 0.0511 s

Elapsed run time = 0.0518 s

Elapsed run time = 0.0520 s

Elapsed run time = 0.0525 s

Elapsed run time = 0.0522 s

Elapsed run time = 0.0528 s

Elapsed run time = 0.0526 s

Elapsed run time = 0.0533 s

Elapsed run time = 0.0538 s

Elapsed run time = 0.0549 s

Elapsed run time = 0.0549 s

Elapsed run time = 0.0551 s

Elapsed run time = 0.0551 s

Elapsed run time = 0.0556 s

Elapsed run time = 0.0561 s

Elapsed run time = 0.0570 s

Elapsed run time = 0.0570 s

Elapsed run time = 0.0571 s

Elapsed run time = 0.0572 s

Elapsed run time = 0.0581 s

Elapsed run time = 0.0581 s

Elapsed run time = 0.0583 s

Elapsed run time = 0.0585 s

Elapsed run time = 0.0593 s

Elapsed run time = 0.0592 s

Elapsed run time = 0.0596 s

Elapsed run time = 0.0603 s

Elapsed run time = 0.0602 s

Elapsed run time = 0.0602 s

Elapsed run time = 0.0604 s

Elapsed run time = 0.0607 s

Elapsed run time = 0.0611 s

Elapsed run time = 0.0624 s

Elapsed run time = 0.0623 s

Elapsed run time = 0.0624 s

Elapsed run time = 0.0625 s

Elapsed run time = 0.0627 s

Elapsed run time = 0.0634 s

Elapsed run time = 0.0636 s

Elapsed run time = 0.0636 s

Elapsed run time = 0.0639 s

Elapsed run time = 0.0641 s

Elapsed run time = 0.0649 s

Elapsed run time = 0.0657 s

Elapsed run time = 0.0656 s

Elapsed run time = 0.0658 s

Elapsed run time = 0.0657 s

Elapsed run time = 0.0660 s

Elapsed run time = 0.0665 s

Elapsed run time = 0.0669 s

Elapsed run time = 0.0672 s

Elapsed run time = 0.0678 s

Elapsed run time = 0.0687 s

Elapsed run time = 0.0691 s

Elapsed run time = 0.0694 s

Elapsed run time = 0.0695 s

Elapsed run time = 0.0693 s

Elapsed run time = 0.0696 s

Elapsed run time = 0.0696 s

Elapsed run time = 0.0700 s

Elapsed run time = 0.0705 s

Elapsed run time = 0.0717 s

Elapsed run time = 0.0726 s

Elapsed run time = 0.0726 s

Elapsed run time = 0.0725 s

Elapsed run time = 0.0727 s

Elapsed run time = 0.0728 s

Elapsed run time = 0.0728 s

Elapsed run time = 0.0727 s

Elapsed run time = 0.0737 s
Command failed with exit status 1.
==================================================
[CRASH DETECTED] Task 3 exited with status code 1
==================================================

[CRASH HANDLER] Logged crash details to 'cluster_diagnostics/crash_logs/crash_task_3_20260930_205015.log'.
[CRASH HANDLER] Auto-syncing crash report to GitHub...
[CRASH HANDLER] Successfully pushed crash log to GitHub!
Task 3 finished with exit code 1 at Wed Sep 30 08:50:40 PM EDT 2026.
