==================================================
CRASH REPORT - TASK -1 ON x1001c7s3b0n1
==================================================
Timestamp: 20260914_224005
Error Type: SIGTERM
Slurm Job ID: 8238513
Slurm Array Task ID: 20
--------------------------------------------------
DETAILS / TRACEBACK:
Process terminated by signal SIGTERM (15)
--------------------------------------------------
CONFIGURATION:
{
    "d": 0.3,
    "N": 3,
    "N_bottom": 3,
    "material": "Phosphorene_tuned",
    "res": 40,
    "nmax": 3,
    "theta": 84.0,
    "eps_bg": 2.1,
    "T_run": 30.0,
    "config": "all",
    "task_idx": -1,
    "L": 2.0,
    "no_subgroups": false,
    "moment_start": 0,
    "moment_end": 108,
    "stepped_sieve": false,
    "sieve_depths": [
        0.3,
        0.15,
        0.05
    ],
    "corrugated": true,
    "corrugation_angle": 70.0,
    "r_tip": 5.0,
    "medium": null,
    "no_cache": false
}
==================================================

