================================================================================
DUAL-FRACTAL ROTARY VACUUM CASIMIR CLUTCH: TASK 7 / 8
Host: x1000c5s4b0n0
Started: Sun Sep 27 07:25:42 PM EDT 2026
================================================================================
Configuration sweep_configs_fractal_clutch/config_007.json loaded:
  Generation N: 3, Rotation theta: 45.0 deg
  Fractal span L: 1.05 um, Primary aperture W1: 0.25 um
  Primary needle w1: 0.035 um, H: 0.25 um, z_tip: 0.014942986546249738 um
  Material: Gold, Resolution: 60, T_run: 12.0
================================================================================
==================================================
RUNNING CRASH-PROOF MEEP SIMULATION WRAPPER
==================================================
Executing: srun -n 128 /N/u/gogordon/BigRed200/.conda/envs/meep/bin/python execution/run_fractal_rotary_clutch_meep.py --task-id 7 --N-fractal 3 --theta 45.0 --L-fractal 1.05 --W1-aperture 0.25 --w1-needle 0.035 --H-needle 0.25 --t-plate 0.025 --z-tip 0.014942986546249738 --material Gold --res 60 --nmax 1 --config all --T-run 12.0 --max-walltime-hours 7.5
=====================================================================================
DUAL-FRACTAL ROTARY VACUUM CASIMIR CLUTCH (Generation N = 3)
Task ID: 7 | Rotation Angle theta: 45.0 deg
Invariant Average Distance <d>: 20.00 nm (Tip clearance z_tip: 14.94 nm)
Fractal Span L: 1050.0 nm, Primary Aperture W1: 250.0 nm
Primary Needle Width w1: 35.0 nm, Height H: 250.0 nm
Tip Clearance z_tip: 14.9 nm (W1/4 threshold = 62.5 nm)
Material: Gold, Resolution: 60 (dx = 16.67 nm)
Predicted State: ENGAGED (Attractive Clamping)
=====================================================================================
  [BOTH][Rank 0] Done moment 1/36: force_integral=+1.348417e-01 (1282.8s)
  [BOTH][Rank 0] Done moment 2/36: force_integral=+1.348421e-01 (1272.0s)
  [BOTH][Rank 0] Done moment 3/36: force_integral=+0.000000e+00 (1263.6s)
  [BOTH][Rank 0] Done moment 4/36: force_integral=+0.000000e+00 (1268.3s)
  [BOTH][Rank 0] Done moment 5/36: force_integral=-1.516153e+02 (1270.5s)
  [BOTH][Rank 0] Done moment 6/36: force_integral=+2.084278e+02 (1270.7s)
  [BOTH][Rank 0] Done moment 7/36: force_integral=+0.000000e+00 (1266.8s)
  [BOTH][Rank 0] Done moment 8/36: force_integral=+0.000000e+00 (1263.2s)
  [BOTH][Rank 0] Done moment 9/36: force_integral=+1.197455e-01 (1261.4s)
  [BOTH][Rank 0] Done moment 10/36: force_integral=+1.197460e-01 (1260.9s)
  [BOTH][Rank 0] Done moment 11/36: force_integral=-6.975411e+02 (1258.8s)
  [BOTH][Rank 0] Done moment 12/36: force_integral=+1.104696e+03 (1257.1s)
  [BOTH][Rank 0] Done moment 13/36: force_integral=+0.000000e+00 (1252.5s)
  [BOTH][Rank 0] Done moment 14/36: force_integral=+0.000000e+00 (1253.4s)
  [BOTH][Rank 0] Done moment 15/36: force_integral=+0.000000e+00 (1255.9s)
  [BOTH][Rank 0] Done moment 16/36: force_integral=+0.000000e+00 (1257.0s)
  [BOTH][Rank 0] Done moment 17/36: force_integral=+3.602353e+03 (1258.2s)
  [BOTH][Rank 0] Done moment 18/36: force_integral=-2.082840e+03 (1257.2s)
  [BOTH][Rank 0] Done moment 19/36: force_integral=+1.387646e-01 (1257.6s)
  [BOTH][Rank 0] Done moment 20/36: force_integral=+1.387650e-01 (1257.1s)
  [BOTH][Rank 0] Done moment 21/36: force_integral=+0.000000e+00 (1261.3s)

[WALLTIME GUARD] Elapsed 7.36h + estimated moment (21.0m) >= limit (7.50h). Pausing cleanly.

Elapsed run time = 26779.5096 s

Elapsed run time = 26780.3412 s

Elapsed run time = 26783.6136 s

Elapsed run time = 26787.2250 s

Elapsed run time = 26787.8156 s

Elapsed run time = 26797.5764 s

Elapsed run time = 26802.4156 s

Elapsed run time = 26804.9245 s

Elapsed run time = 26807.9128 s

Elapsed run time = 26811.5519 s

Elapsed run time = 26825.5333 s

Elapsed run time = 26828.6681 s

Elapsed run time = 26831.6896 s

Elapsed run time = 26831.9248 s

Elapsed run time = 26832.7106 s

Elapsed run time = 26833.2273 s

Elapsed run time = 26834.0200 s

Elapsed run time = 26836.5325 s

Elapsed run time = 26846.1598 s

Elapsed run time = 26874.2518 s

Elapsed run time = 26878.0476 s

Elapsed run time = 26894.7015 s

Elapsed run time = 26899.3240 s

Elapsed run time = 27083.7009 s

Elapsed run time = 27165.4016 s

Elapsed run time = 27166.4843 s

Elapsed run time = 27191.3903 s

Elapsed run time = 27245.6054 s

Elapsed run time = 27246.1790 s

Elapsed run time = 27249.9500 s

Elapsed run time = 27276.8919 s

Elapsed run time = 27287.7605 s

Elapsed run time = 27294.9704 s

Elapsed run time = 27296.3822 s

Elapsed run time = 27303.0651 s

Elapsed run time = 27303.7111 s

Elapsed run time = 27316.5726 s

Elapsed run time = 27317.3487 s

Elapsed run time = 27318.4438 s

Elapsed run time = 27321.3466 s

Elapsed run time = 27324.2274 s

Elapsed run time = 27325.2118 s

Elapsed run time = 27325.4923 s

Elapsed run time = 27334.4167 s

Elapsed run time = 27344.5596 s

Elapsed run time = 27346.9607 s

Elapsed run time = 27348.2108 s

Elapsed run time = 27349.3249 s

Elapsed run time = 27349.9154 s

Elapsed run time = 27361.8452 s

Elapsed run time = 27369.3870 s

Elapsed run time = 27371.8220 s

Elapsed run time = 27372.5957 s

Elapsed run time = 27376.2927 s

Elapsed run time = 27384.0057 s

Elapsed run time = 27384.3808 s

Elapsed run time = 27385.9686 s

Elapsed run time = 27391.0689 s

Elapsed run time = 27400.6876 s

Elapsed run time = 27402.6228 s

Elapsed run time = 27410.9137 s

Elapsed run time = 27411.0600 s

Elapsed run time = 27411.2024 s

Elapsed run time = 27415.8431 s

Elapsed run time = 27418.7217 s

Elapsed run time = 27419.7665 s

Elapsed run time = 27429.7046 s

Elapsed run time = 27430.8152 s

Elapsed run time = 27442.4798 s

Elapsed run time = 27448.7402 s

Elapsed run time = 27450.1914 s

Elapsed run time = 27452.3637 s

Elapsed run time = 27452.4336 s

Elapsed run time = 27454.9713 s

Elapsed run time = 27461.1748 s

Elapsed run time = 27463.3732 s

Elapsed run time = 27467.2522 s

Elapsed run time = 27469.7059 s

Elapsed run time = 27470.0099 s

Elapsed run time = 27475.9022 s

Elapsed run time = 27476.5557 s

Elapsed run time = 27476.9498 s

Elapsed run time = 27477.2069 s

Elapsed run time = 27477.4622 s

Elapsed run time = 27478.6800 s

Elapsed run time = 27489.8285 s

Elapsed run time = 27491.2738 s

Elapsed run time = 27491.4126 s

Elapsed run time = 27495.6838 s

Elapsed run time = 27498.0385 s

Elapsed run time = 27498.0849 s

Elapsed run time = 27500.4711 s

Elapsed run time = 27508.1182 s

Elapsed run time = 27508.3194 s

Elapsed run time = 27511.3618 s

Elapsed run time = 27516.6508 s

Elapsed run time = 27519.4555 s

Elapsed run time = 27519.5363 s

Elapsed run time = 27519.8111 s

Elapsed run time = 27520.7897 s

Elapsed run time = 27521.6407 s

Elapsed run time = 27524.2224 s

Elapsed run time = 27524.6134 s

Elapsed run time = 27526.3143 s

Elapsed run time = 27527.6308 s

Elapsed run time = 27527.7343 s

Elapsed run time = 27532.5316 s

Elapsed run time = 27533.4196 s

Elapsed run time = 27536.0866 s

Elapsed run time = 27538.7116 s

Elapsed run time = 27540.0262 s

Elapsed run time = 27540.1098 s

Elapsed run time = 27541.8798 s

Elapsed run time = 27544.1273 s

Elapsed run time = 27544.6793 s

Elapsed run time = 27549.4908 s

Elapsed run time = 27552.4898 s

Elapsed run time = 27553.0956 s

Elapsed run time = 27553.6160 s

Elapsed run time = 27554.1707 s

Elapsed run time = 27554.3032 s

Elapsed run time = 27555.0099 s

Elapsed run time = 27556.8339 s

Elapsed run time = 27557.7925 s

Elapsed run time = 27559.9062 s
  [SELF][Rank 0] Done moment 1/36: force_integral=-8.908869e-02 (1055.5s)

[WALLTIME GUARD] Elapsed 7.66h + estimated moment (17.6m) >= limit (7.50h). Pausing cleanly.

=====================================================================================
DUAL-FRACTAL CASIMIR CLUTCH SIMULATION COMPLETE
Generation N: 3 (16 needles) | Rotation Angle theta: 45.0 deg
Total Fractal Rotor Force (MEEP):   +1.984356e+03
Total Fractal Rotor Force (fN):     +62735.4296 fN  -->  [+++ FRACTAL REPULSION (LEVITATING) +++]
Rotor Normal Pressure:              +1.1272e+04 Pa (on total A_rotor = 5565.4 nm^2)
Results saved to:                   results_fractal_rotary_clutch/task_007_N_3_th_45deg.json
=====================================================================================


Elapsed run time = 27563.3519 s

Elapsed run time = 27565.7793 s

Elapsed run time = 27570.6956 s
Command succeeded cleanly.
Task 7 finished with exit code 0 at Mon Sep 28 03:05:23 AM EDT 2026.
Already up to date.
