================================================================================
DUAL-FRACTAL ROTARY VACUUM CASIMIR CLUTCH: TASK 2 / 8
Host: x1002c6s3b0n0
Started: Sat Sep 26 08:18:55 PM EDT 2026
================================================================================
Configuration sweep_configs_fractal_clutch/config_002.json loaded:
  Generation N: 1, Rotation theta: 30.0 deg
  Fractal span L: 1.05 um, Primary aperture W1: 0.25 um
  Primary needle w1: 0.035 um, H: 0.25 um, z_tip: 0.015547629459198138 um
  Material: Gold, Resolution: 60, T_run: 12.0
================================================================================
==================================================
RUNNING CRASH-PROOF MEEP SIMULATION WRAPPER
==================================================
Executing: srun -n 128 /N/u/gogordon/BigRed200/.conda/envs/meep/bin/python execution/run_fractal_rotary_clutch_meep.py --task-id 2 --N-fractal 1 --theta 30.0 --L-fractal 1.05 --W1-aperture 0.25 --w1-needle 0.035 --H-needle 0.25 --t-plate 0.025 --z-tip 0.015547629459198138 --material Gold --res 60 --nmax 1 --config all --T-run 12.0 --max-walltime-hours 7.5
=====================================================================================
DUAL-FRACTAL ROTARY VACUUM CASIMIR CLUTCH (Generation N = 1)
Task ID: 2 | Rotation Angle theta: 30.0 deg
Invariant Average Distance <d>: 20.00 nm (Tip clearance z_tip: 15.55 nm)
Fractal Span L: 1050.0 nm, Primary Aperture W1: 250.0 nm
Primary Needle Width w1: 35.0 nm, Height H: 250.0 nm
Tip Clearance z_tip: 15.5 nm (W1/4 threshold = 62.5 nm)
Material: Gold, Resolution: 60 (dx = 16.67 nm)
Predicted State: TRANSITIONAL
=====================================================================================
  [BOTH][Rank 0] Done moment 1/36: force_integral=+1.590557e-01 (1280.2s)
  [BOTH][Rank 0] Done moment 2/36: force_integral=+1.590561e-01 (1272.9s)
  [BOTH][Rank 0] Done moment 3/36: force_integral=+0.000000e+00 (1265.7s)
  [BOTH][Rank 0] Done moment 4/36: force_integral=+0.000000e+00 (1268.8s)
  [BOTH][Rank 0] Done moment 5/36: force_integral=-1.572472e+02 (1269.9s)
  [BOTH][Rank 0] Done moment 6/36: force_integral=+2.017007e+02 (1270.8s)
  [BOTH][Rank 0] Done moment 7/36: force_integral=+0.000000e+00 (1268.1s)
  [BOTH][Rank 0] Done moment 8/36: force_integral=+0.000000e+00 (1268.1s)
  [BOTH][Rank 0] Done moment 9/36: force_integral=+1.662725e-01 (1267.7s)
  [BOTH][Rank 0] Done moment 10/36: force_integral=+1.662729e-01 (1267.9s)
  [BOTH][Rank 0] Done moment 11/36: force_integral=-7.159492e+02 (1268.3s)
  [BOTH][Rank 0] Done moment 12/36: force_integral=+1.125060e+03 (1268.7s)
  [BOTH][Rank 0] Done moment 13/36: force_integral=+0.000000e+00 (1268.0s)
  [BOTH][Rank 0] Done moment 14/36: force_integral=+0.000000e+00 (1267.0s)
  [BOTH][Rank 0] Done moment 15/36: force_integral=+0.000000e+00 (1266.6s)
  [BOTH][Rank 0] Done moment 16/36: force_integral=+0.000000e+00 (1265.6s)
  [BOTH][Rank 0] Done moment 17/36: force_integral=+3.784035e+03 (1267.4s)
  [BOTH][Rank 0] Done moment 18/36: force_integral=-2.057839e+03 (1265.6s)
  [BOTH][Rank 0] Done moment 19/36: force_integral=-2.931101e-01 (1263.8s)
  [BOTH][Rank 0] Done moment 20/36: force_integral=-2.931098e-01 (1262.9s)
  [BOTH][Rank 0] Done moment 21/36: force_integral=+0.000000e+00 (1264.1s)

[WALLTIME GUARD] Elapsed 7.40h + estimated moment (21.1m) >= limit (7.50h). Pausing cleanly.

Elapsed run time = 26778.7885 s

Elapsed run time = 26782.6242 s

Elapsed run time = 26791.0768 s

Elapsed run time = 26792.5079 s

Elapsed run time = 26796.8805 s

Elapsed run time = 26797.6892 s

Elapsed run time = 26798.0466 s

Elapsed run time = 26807.7384 s

Elapsed run time = 26808.1375 s

Elapsed run time = 26810.1479 s

Elapsed run time = 26812.4313 s

Elapsed run time = 26860.1164 s

Elapsed run time = 26865.3359 s

Elapsed run time = 27167.2402 s

Elapsed run time = 27219.9502 s

Elapsed run time = 27228.6099 s

Elapsed run time = 27282.9253 s

Elapsed run time = 27307.5762 s

Elapsed run time = 27313.5575 s

Elapsed run time = 27330.8529 s

Elapsed run time = 27339.4313 s

Elapsed run time = 27343.9357 s

Elapsed run time = 27359.9868 s

Elapsed run time = 27370.7667 s

Elapsed run time = 27371.7733 s

Elapsed run time = 27380.5145 s

Elapsed run time = 27382.4739 s

Elapsed run time = 27386.2580 s

Elapsed run time = 27390.9267 s

Elapsed run time = 27392.2494 s

Elapsed run time = 27403.3869 s

Elapsed run time = 27409.1906 s

Elapsed run time = 27436.4240 s

Elapsed run time = 27438.8691 s

Elapsed run time = 27440.9794 s

Elapsed run time = 27441.0693 s

Elapsed run time = 27446.0788 s

Elapsed run time = 27446.8371 s

Elapsed run time = 27447.0391 s

Elapsed run time = 27452.0050 s

Elapsed run time = 27453.4521 s

Elapsed run time = 27456.3505 s

Elapsed run time = 27465.6194 s

Elapsed run time = 27467.5870 s

Elapsed run time = 27468.7185 s

Elapsed run time = 27469.3130 s

Elapsed run time = 27470.9331 s

Elapsed run time = 27480.5515 s

Elapsed run time = 27489.6539 s

Elapsed run time = 27490.1769 s

Elapsed run time = 27497.7895 s

Elapsed run time = 27500.2631 s

Elapsed run time = 27501.2408 s

Elapsed run time = 27502.2786 s

Elapsed run time = 27504.3754 s

Elapsed run time = 27504.3838 s

Elapsed run time = 27508.8180 s

Elapsed run time = 27511.4172 s

Elapsed run time = 27512.4735 s

Elapsed run time = 27513.2003 s

Elapsed run time = 27515.7902 s

Elapsed run time = 27523.5662 s

Elapsed run time = 27525.0082 s

Elapsed run time = 27526.1482 s

Elapsed run time = 27526.3432 s

Elapsed run time = 27526.4385 s

Elapsed run time = 27526.4926 s

Elapsed run time = 27527.6082 s

Elapsed run time = 27528.2464 s

Elapsed run time = 27528.8375 s

Elapsed run time = 27531.2638 s

Elapsed run time = 27532.0108 s

Elapsed run time = 27535.7449 s

Elapsed run time = 27536.4684 s

Elapsed run time = 27549.6921 s

Elapsed run time = 27549.9108 s

Elapsed run time = 27560.6140 s

Elapsed run time = 27562.8298 s

Elapsed run time = 27563.3358 s

Elapsed run time = 27569.0842 s

Elapsed run time = 27570.7850 s

Elapsed run time = 27573.4513 s

Elapsed run time = 27583.3128 s

Elapsed run time = 27587.2222 s

Elapsed run time = 27594.8567 s

Elapsed run time = 27597.8018 s

Elapsed run time = 27598.0494 s

Elapsed run time = 27600.9266 s

Elapsed run time = 27605.5140 s

Elapsed run time = 27606.2326 s

Elapsed run time = 27611.5945 s

Elapsed run time = 27612.6516 s

Elapsed run time = 27622.3455 s

Elapsed run time = 27623.7795 s

Elapsed run time = 27640.3520 s

Elapsed run time = 27641.0794 s

Elapsed run time = 27642.8247 s
  [SELF][Rank 0] Done moment 1/36: force_integral=-7.135027e-02 (1019.1s)

[WALLTIME GUARD] Elapsed 7.68h + estimated moment (17.0m) >= limit (7.50h). Pausing cleanly.

=====================================================================================
DUAL-FRACTAL CASIMIR CLUTCH SIMULATION COMPLETE
Generation N: 1 (4 needles) | Rotation Angle theta: 30.0 deg
Total Fractal Rotor Force (MEEP):   +2.179896e+03
Total Fractal Rotor Force (fN):     +68917.4257 fN  -->  [+++ FRACTAL REPULSION (LEVITATING) +++]
Rotor Normal Pressure:              +1.4065e+04 Pa (on total A_rotor = 4900.0 nm^2)
Results saved to:                   results_fractal_rotary_clutch/task_002_N_1_th_30deg.json
=====================================================================================


Elapsed run time = 27647.8534 s

Elapsed run time = 27657.2597 s

Elapsed run time = 27659.7977 s

Elapsed run time = 27663.8530 s

Elapsed run time = 27664.7942 s

Elapsed run time = 27679.0268 s

Elapsed run time = 27690.7163 s

Elapsed run time = 27695.0621 s

Elapsed run time = 27696.1365 s

Elapsed run time = 27698.3937 s

Elapsed run time = 27708.7690 s

Elapsed run time = 27712.4265 s

Elapsed run time = 27723.7610 s

Elapsed run time = 27736.6120 s

Elapsed run time = 27737.1234 s

Elapsed run time = 27739.0778 s

Elapsed run time = 27740.8065 s

Elapsed run time = 27743.5308 s

Elapsed run time = 27746.1989 s

Elapsed run time = 27751.5371 s

Elapsed run time = 27751.7453 s

Elapsed run time = 27756.3002 s

Elapsed run time = 27758.3516 s

Elapsed run time = 27759.1852 s

Elapsed run time = 27762.3162 s

Elapsed run time = 27762.5253 s

Elapsed run time = 27769.6481 s

Elapsed run time = 27770.6888 s

Elapsed run time = 27772.0538 s

Elapsed run time = 27774.5027 s

Elapsed run time = 27776.3825 s
Command succeeded cleanly.
Task 2 finished with exit code 0 at Sun Sep 27 04:01:58 AM EDT 2026.
U	Papers/Fractal_Casimir_Nature_EM/figures/fig_quantum_clutch_characteristic.png
