================================================================================
DUAL-FRACTAL ROTARY VACUUM CASIMIR CLUTCH: TASK 1 / 8
Host: x1001c2s0b0n1
Started: Mon Sep 28 10:18:14 AM EDT 2026
================================================================================
Configuration sweep_configs_fractal_clutch/config_001.json loaded:
  Generation N: 1, Rotation theta: 0.0 deg
  Fractal span L: 1.05 um, Primary aperture W1: 0.25 um
  Primary needle w1: 0.035 um, H: 0.25 um, z_tip: 0.015547629459198138 um
  Material: Gold, Resolution: 60, T_run: 3.0
================================================================================
==================================================
RUNNING CRASH-PROOF MEEP SIMULATION WRAPPER
==================================================
Executing: srun -n 128 /N/u/gogordon/BigRed200/.conda/envs/meep/bin/python execution/run_fractal_rotary_clutch_meep.py --task-id 1 --N-fractal 1 --theta 0.0 --L-fractal 1.05 --W1-aperture 0.25 --w1-needle 0.035 --H-needle 0.25 --t-plate 0.025 --z-tip 0.015547629459198138 --material Gold --res 60 --nmax 1 --config all --T-run 3.0 --max-walltime-hours 7.0
=====================================================================================
DUAL-FRACTAL ROTARY VACUUM CASIMIR CLUTCH (Generation N = 1)
Task ID: 1 | Rotation Angle theta: 0.0 deg
Invariant Average Distance <d>: 20.00 nm (Tip clearance z_tip: 15.55 nm)
Fractal Span L: 1050.0 nm, Primary Aperture W1: 250.0 nm
Primary Needle Width w1: 35.0 nm, Height H: 250.0 nm
Tip Clearance z_tip: 15.5 nm (W1/4 threshold = 62.5 nm)
Material: Gold, Resolution: 60 (dx = 16.67 nm)
Predicted State: DISENGAGED (Repulsive Levitation)
=====================================================================================
  [BOTH][Rank 0] Done moment 1/36: force_integral=+1.685905e-01 (335.4s)
  [BOTH][Rank 0] Done moment 2/36: force_integral=+1.642505e-01 (330.4s)
  [BOTH][Rank 0] Done moment 3/36: force_integral=+0.000000e+00 (327.6s)
  [BOTH][Rank 0] Done moment 4/36: force_integral=+0.000000e+00 (321.1s)
  [BOTH][Rank 0] Done moment 5/36: force_integral=-1.452745e+02 (320.3s)
  [BOTH][Rank 0] Done moment 6/36: force_integral=+2.017814e+02 (320.7s)
  [BOTH][Rank 0] Done moment 7/36: force_integral=+0.000000e+00 (323.6s)
  [BOTH][Rank 0] Done moment 8/36: force_integral=+0.000000e+00 (323.0s)
  [BOTH][Rank 0] Done moment 9/36: force_integral=+1.698692e-01 (322.4s)
  [BOTH][Rank 0] Done moment 10/36: force_integral=+1.648995e-01 (322.6s)
  [BOTH][Rank 0] Done moment 11/36: force_integral=-6.779235e+02 (321.5s)
  [BOTH][Rank 0] Done moment 12/36: force_integral=+1.125141e+03 (319.9s)
  [BOTH][Rank 0] Done moment 13/36: force_integral=+0.000000e+00 (319.6s)
  [BOTH][Rank 0] Done moment 14/36: force_integral=+0.000000e+00 (318.6s)
  [BOTH][Rank 0] Done moment 15/36: force_integral=+0.000000e+00 (316.8s)
  [BOTH][Rank 0] Done moment 16/36: force_integral=+0.000000e+00 (316.0s)
  [BOTH][Rank 0] Done moment 17/36: force_integral=+3.784586e+03 (315.6s)
  [BOTH][Rank 0] Done moment 18/36: force_integral=-2.057931e+03 (315.8s)
  [BOTH][Rank 0] Done moment 19/36: force_integral=-1.377405e-01 (315.5s)
  [BOTH][Rank 0] Done moment 20/36: force_integral=-1.358132e-01 (314.9s)
  [BOTH][Rank 0] Done moment 21/36: force_integral=+0.000000e+00 (315.1s)
  [BOTH][Rank 0] Done moment 22/36: force_integral=+0.000000e+00 (316.2s)
  [BOTH][Rank 0] Done moment 23/36: force_integral=-1.259696e+03 (318.5s)
  [BOTH][Rank 0] Done moment 24/36: force_integral=+1.175621e+03 (317.6s)
  [BOTH][Rank 0] Done moment 25/36: force_integral=+0.000000e+00 (314.6s)
  [BOTH][Rank 0] Done moment 26/36: force_integral=+0.000000e+00 (304.8s)
  [BOTH][Rank 0] Done moment 27/36: force_integral=-1.438085e-01 (305.4s)
  [BOTH][Rank 0] Done moment 28/36: force_integral=-1.359998e-01 (309.1s)
  [BOTH][Rank 0] Done moment 29/36: force_integral=-1.259842e+03 (311.9s)
  [BOTH][Rank 0] Done moment 30/36: force_integral=+1.175621e+03 (312.3s)
  [BOTH][Rank 0] Done moment 31/36: force_integral=+0.000000e+00 (312.7s)
  [BOTH][Rank 0] Done moment 32/36: force_integral=+0.000000e+00 (314.1s)
  [BOTH][Rank 0] Done moment 33/36: force_integral=+0.000000e+00 (315.3s)
  [BOTH][Rank 0] Done moment 34/36: force_integral=+0.000000e+00 (314.3s)
  [BOTH][Rank 0] Done moment 35/36: force_integral=+2.037842e+03 (316.1s)
  [BOTH][Rank 0] Done moment 36/36: force_integral=-3.545544e+03 (320.2s)
[BOTH] Complete. Single-needle force: +5.544976e+02
  [SELF][Rank 0] Done moment 1/36: force_integral=-6.943006e-02 (310.2s)
  [SELF][Rank 0] Done moment 2/36: force_integral=-6.943005e-02 (310.6s)
  [SELF][Rank 0] Done moment 3/36: force_integral=+0.000000e+00 (310.3s)
  [SELF][Rank 0] Done moment 4/36: force_integral=+0.000000e+00 (310.1s)
  [SELF][Rank 0] Done moment 5/36: force_integral=-3.008433e+02 (310.2s)
  [SELF][Rank 0] Done moment 6/36: force_integral=+2.018321e+02 (310.5s)
  [SELF][Rank 0] Done moment 7/36: force_integral=+0.000000e+00 (310.2s)
  [SELF][Rank 0] Done moment 8/36: force_integral=+0.000000e+00 (310.7s)
  [SELF][Rank 0] Done moment 9/36: force_integral=-1.142019e-01 (310.8s)
  [SELF][Rank 0] Done moment 10/36: force_integral=-1.142019e-01 (310.2s)
  [SELF][Rank 0] Done moment 11/36: force_integral=-1.173528e+03 (310.2s)
  [SELF][Rank 0] Done moment 12/36: force_integral=+1.125192e+03 (310.3s)
  [SELF][Rank 0] Done moment 13/36: force_integral=+0.000000e+00 (309.7s)
  [SELF][Rank 0] Done moment 14/36: force_integral=+0.000000e+00 (309.5s)
  [SELF][Rank 0] Done moment 15/36: force_integral=+0.000000e+00 (308.7s)
  [SELF][Rank 0] Done moment 16/36: force_integral=+0.000000e+00 (307.5s)
  [SELF][Rank 0] Done moment 17/36: force_integral=+3.790305e+03 (307.8s)
  [SELF][Rank 0] Done moment 18/36: force_integral=-2.057947e+03 (308.8s)
  [SELF][Rank 0] Done moment 19/36: force_integral=-4.798067e-02 (305.6s)
  [SELF][Rank 0] Done moment 20/36: force_integral=-4.798067e-02 (306.5s)
  [SELF][Rank 0] Done moment 21/36: force_integral=+0.000000e+00 (309.3s)
  [SELF][Rank 0] Done moment 22/36: force_integral=+0.000000e+00 (308.4s)
  [SELF][Rank 0] Done moment 23/36: force_integral=-1.114313e+03 (308.2s)
  [SELF][Rank 0] Done moment 24/36: force_integral=+1.175517e+03 (308.2s)
  [SELF][Rank 0] Done moment 25/36: force_integral=+0.000000e+00 (308.4s)
  [SELF][Rank 0] Done moment 26/36: force_integral=+0.000000e+00 (308.7s)
  [SELF][Rank 0] Done moment 27/36: force_integral=-4.798067e-02 (309.5s)
  [SELF][Rank 0] Done moment 28/36: force_integral=-4.798067e-02 (309.9s)
  [SELF][Rank 0] Done moment 29/36: force_integral=-1.114313e+03 (310.2s)
  [SELF][Rank 0] Done moment 30/36: force_integral=+1.175517e+03 (310.4s)
  [SELF][Rank 0] Done moment 31/36: force_integral=+0.000000e+00 (310.1s)
  [SELF][Rank 0] Done moment 32/36: force_integral=+0.000000e+00 (309.7s)
  [SELF][Rank 0] Done moment 33/36: force_integral=+0.000000e+00 (310.1s)
  [SELF][Rank 0] Done moment 34/36: force_integral=+0.000000e+00 (310.3s)

Elapsed run time = 22081.0020 s

Elapsed run time = 22084.8185 s

Elapsed run time = 22086.3649 s

Elapsed run time = 22098.8669 s

Elapsed run time = 22106.9290 s

Elapsed run time = 22140.2900 s

Elapsed run time = 22155.7079 s

Elapsed run time = 22156.7552 s

Elapsed run time = 22158.7614 s

Elapsed run time = 22176.1612 s

Elapsed run time = 22182.0603 s

Elapsed run time = 22199.3627 s

Elapsed run time = 22200.3504 s

Elapsed run time = 22200.4966 s

Elapsed run time = 22202.8529 s

Elapsed run time = 22215.9928 s

Elapsed run time = 22220.3150 s

Elapsed run time = 22223.1761 s

Elapsed run time = 22224.7014 s

Elapsed run time = 22229.1766 s

Elapsed run time = 22230.6998 s

Elapsed run time = 22238.9332 s

Elapsed run time = 22239.3470 s

Elapsed run time = 22243.2236 s
  [SELF][Rank 0] Done moment 35/36: force_integral=+2.030653e+03 (281.8s)

Elapsed run time = 22247.3718 s

Elapsed run time = 22251.6189 s

Elapsed run time = 22256.4903 s

Elapsed run time = 22259.3980 s

Elapsed run time = 22260.7517 s

Elapsed run time = 22260.9316 s

Elapsed run time = 22264.0036 s

Elapsed run time = 22264.2576 s

Elapsed run time = 22270.4537 s

Elapsed run time = 22273.8270 s

Elapsed run time = 22284.9743 s

Elapsed run time = 22287.5981 s

Elapsed run time = 22289.0154 s

Elapsed run time = 22296.4824 s

Elapsed run time = 22299.1300 s

Elapsed run time = 22299.7067 s

Elapsed run time = 22308.4236 s

Elapsed run time = 22310.8798 s

Elapsed run time = 22312.1051 s

Elapsed run time = 22313.6060 s

Elapsed run time = 22320.3981 s

Elapsed run time = 22324.5503 s

Elapsed run time = 22324.8243 s

Elapsed run time = 22324.9515 s

Elapsed run time = 22325.6219 s

Elapsed run time = 22331.7430 s

Elapsed run time = 22334.6993 s

Elapsed run time = 22346.7779 s

Elapsed run time = 22347.9967 s

Elapsed run time = 22352.6191 s

Elapsed run time = 22359.1160 s

Elapsed run time = 22365.0484 s
  [SELF][Rank 0] Done moment 36/36: force_integral=-3.545514e+03 (128.7s)

Elapsed run time = 22372.1998 s
[SELF] Complete. Single-needle force: +1.919979e+02

=====================================================================================
DUAL-FRACTAL CASIMIR CLUTCH SIMULATION COMPLETE
Generation N: 1 (4 needles) | Rotation Angle theta: 0.0 deg
Total Fractal Rotor Force (MEEP):   +3.624998e+02
Total Fractal Rotor Force (fN):     +11460.4303 fN  -->  [+++ FRACTAL REPULSION (LEVITATING) +++]
Rotor Normal Pressure:              +2.3389e+03 Pa (on total A_rotor = 4900.0 nm^2)
Results saved to:                   results_fractal_rotary_clutch/task_001_N_1_th_0deg.json
=====================================================================================


Elapsed run time = 22372.2652 s

Elapsed run time = 22374.9423 s

Elapsed run time = 22377.1346 s

Elapsed run time = 22377.3219 s

Elapsed run time = 22380.1055 s

Elapsed run time = 22383.0108 s

Elapsed run time = 22387.4397 s

Elapsed run time = 22391.2238 s

Elapsed run time = 22397.1080 s

Elapsed run time = 22400.7750 s

Elapsed run time = 22401.6406 s

Elapsed run time = 22401.8672 s

Elapsed run time = 22403.4330 s

Elapsed run time = 22406.2607 s

Elapsed run time = 22408.0758 s

Elapsed run time = 22410.8802 s

Elapsed run time = 22413.5459 s

Elapsed run time = 22417.7584 s

Elapsed run time = 22419.9707 s

Elapsed run time = 22420.4678 s

Elapsed run time = 22423.7858 s

Elapsed run time = 22423.9282 s

Elapsed run time = 22428.1152 s

Elapsed run time = 22431.6100 s

Elapsed run time = 22436.1277 s

Elapsed run time = 22436.4601 s

Elapsed run time = 22438.6920 s

Elapsed run time = 22441.9246 s

Elapsed run time = 22444.0838 s

Elapsed run time = 22447.8928 s

Elapsed run time = 22450.1078 s

Elapsed run time = 22451.8062 s

Elapsed run time = 22453.2779 s

Elapsed run time = 22454.4969 s

Elapsed run time = 22454.9632 s

Elapsed run time = 22455.1386 s

Elapsed run time = 22455.4211 s

Elapsed run time = 22455.7510 s

Elapsed run time = 22457.1645 s

Elapsed run time = 22457.4956 s

Elapsed run time = 22460.2246 s

Elapsed run time = 22466.5093 s

Elapsed run time = 22466.5200 s

Elapsed run time = 22469.6227 s

Elapsed run time = 22472.7174 s

Elapsed run time = 22473.8671 s

Elapsed run time = 22474.2940 s

Elapsed run time = 22476.2732 s

Elapsed run time = 22479.1221 s

Elapsed run time = 22479.9257 s

Elapsed run time = 22482.1131 s

Elapsed run time = 22484.5342 s

Elapsed run time = 22488.3816 s

Elapsed run time = 22489.0929 s

Elapsed run time = 22490.2674 s

Elapsed run time = 22490.8400 s

Elapsed run time = 22493.8144 s

Elapsed run time = 22500.9541 s

Elapsed run time = 22501.5890 s

Elapsed run time = 22506.0339 s

Elapsed run time = 22509.6784 s

Elapsed run time = 22510.5287 s

Elapsed run time = 22518.0109 s

Elapsed run time = 22520.3148 s

Elapsed run time = 22523.6693 s

Elapsed run time = 22535.8937 s

Elapsed run time = 22541.7602 s

Elapsed run time = 22562.7003 s

Elapsed run time = 22576.5330 s

Elapsed run time = 22592.7356 s

Elapsed run time = 22610.4035 s
Command succeeded cleanly.
Task 1 finished with exit code 0 at Mon Sep 28 04:35:23 PM EDT 2026.
