================================================================================
DUAL-FRACTAL ROTARY VACUUM CASIMIR CLUTCH: TASK 4 / 8
Host: x1002c6s3b0n0
Started: Sun Sep 27 04:02:39 AM EDT 2026
================================================================================
Configuration sweep_configs_fractal_clutch/config_004.json loaded:
  Generation N: 1, Rotation theta: 90.0 deg
  Fractal span L: 1.05 um, Primary aperture W1: 0.25 um
  Primary needle w1: 0.035 um, H: 0.25 um, z_tip: 0.015547629459198138 um
  Material: Gold, Resolution: 60, T_run: 12.0
================================================================================
==================================================
RUNNING CRASH-PROOF MEEP SIMULATION WRAPPER
==================================================
Executing: srun -n 128 /N/u/gogordon/BigRed200/.conda/envs/meep/bin/python execution/run_fractal_rotary_clutch_meep.py --task-id 4 --N-fractal 1 --theta 90.0 --L-fractal 1.05 --W1-aperture 0.25 --w1-needle 0.035 --H-needle 0.25 --t-plate 0.025 --z-tip 0.015547629459198138 --material Gold --res 60 --nmax 1 --config all --T-run 12.0 --max-walltime-hours 7.5
=====================================================================================
DUAL-FRACTAL ROTARY VACUUM CASIMIR CLUTCH (Generation N = 1)
Task ID: 4 | Rotation Angle theta: 90.0 deg
Invariant Average Distance <d>: 20.00 nm (Tip clearance z_tip: 15.55 nm)
Fractal Span L: 1050.0 nm, Primary Aperture W1: 250.0 nm
Primary Needle Width w1: 35.0 nm, Height H: 250.0 nm
Tip Clearance z_tip: 15.5 nm (W1/4 threshold = 62.5 nm)
Material: Gold, Resolution: 60 (dx = 16.67 nm)
Predicted State: DISENGAGED (Repulsive Levitation)
=====================================================================================
  [BOTH][Rank 0] Done moment 1/36: force_integral=+1.530197e-01 (1279.7s)
  [BOTH][Rank 0] Done moment 2/36: force_integral=+1.532715e-01 (1271.5s)
  [BOTH][Rank 0] Done moment 3/36: force_integral=+0.000000e+00 (1261.6s)
  [BOTH][Rank 0] Done moment 4/36: force_integral=+0.000000e+00 (1259.2s)
  [BOTH][Rank 0] Done moment 5/36: force_integral=-1.452808e+02 (1264.2s)
  [BOTH][Rank 0] Done moment 6/36: force_integral=+2.017028e+02 (1264.6s)
  [BOTH][Rank 0] Done moment 7/36: force_integral=+0.000000e+00 (1263.7s)
  [BOTH][Rank 0] Done moment 8/36: force_integral=+0.000000e+00 (1265.5s)
  [BOTH][Rank 0] Done moment 9/36: force_integral=+1.542258e-01 (1266.6s)
  [BOTH][Rank 0] Done moment 10/36: force_integral=+1.496131e-01 (1263.5s)
  [BOTH][Rank 0] Done moment 11/36: force_integral=-6.778493e+02 (1261.8s)
  [BOTH][Rank 0] Done moment 12/36: force_integral=+1.125062e+03 (1260.4s)
  [BOTH][Rank 0] Done moment 13/36: force_integral=+0.000000e+00 (1260.9s)
  [BOTH][Rank 0] Done moment 14/36: force_integral=+0.000000e+00 (1261.3s)
  [BOTH][Rank 0] Done moment 15/36: force_integral=+0.000000e+00 (1261.3s)
  [BOTH][Rank 0] Done moment 16/36: force_integral=+0.000000e+00 (1261.8s)
  [BOTH][Rank 0] Done moment 17/36: force_integral=+3.784352e+03 (1263.6s)
  [BOTH][Rank 0] Done moment 18/36: force_integral=-2.057841e+03 (1263.6s)
  [BOTH][Rank 0] Done moment 19/36: force_integral=-1.367359e-01 (1260.8s)
  [BOTH][Rank 0] Done moment 20/36: force_integral=-1.427655e-01 (1261.8s)
  [BOTH][Rank 0] Done moment 21/36: force_integral=+0.000000e+00 (1264.9s)

[WALLTIME GUARD] Elapsed 7.37h + estimated moment (21.1m) >= limit (7.50h). Pausing cleanly.

Elapsed run time = 26779.7162 s

Elapsed run time = 26780.1559 s

Elapsed run time = 26780.7529 s

Elapsed run time = 26781.3849 s

Elapsed run time = 26784.5983 s

Elapsed run time = 26785.9851 s

Elapsed run time = 26786.3709 s

Elapsed run time = 26787.2844 s

Elapsed run time = 26793.6423 s

Elapsed run time = 26798.5879 s

Elapsed run time = 26801.3724 s

Elapsed run time = 26804.8150 s

Elapsed run time = 26838.0354 s

Elapsed run time = 26840.8892 s

Elapsed run time = 26851.0978 s

Elapsed run time = 26851.7529 s

Elapsed run time = 27075.9600 s

Elapsed run time = 27094.6698 s

Elapsed run time = 27163.3888 s

Elapsed run time = 27268.1430 s

Elapsed run time = 27305.6329 s

Elapsed run time = 27324.3105 s

Elapsed run time = 27326.9776 s

Elapsed run time = 27329.7588 s

Elapsed run time = 27334.3605 s

Elapsed run time = 27348.4008 s

Elapsed run time = 27351.3085 s

Elapsed run time = 27357.5399 s

Elapsed run time = 27364.7187 s

Elapsed run time = 27371.5025 s

Elapsed run time = 27371.5491 s

Elapsed run time = 27373.2764 s

Elapsed run time = 27381.5680 s

Elapsed run time = 27387.7174 s

Elapsed run time = 27389.8620 s

Elapsed run time = 27398.7867 s

Elapsed run time = 27413.0725 s

Elapsed run time = 27413.1995 s

Elapsed run time = 27417.9154 s

Elapsed run time = 27421.6068 s

Elapsed run time = 27423.0491 s

Elapsed run time = 27423.3828 s

Elapsed run time = 27425.9670 s

Elapsed run time = 27427.4414 s

Elapsed run time = 27429.6396 s

Elapsed run time = 27430.9061 s

Elapsed run time = 27441.8730 s

Elapsed run time = 27447.3786 s

Elapsed run time = 27453.0454 s

Elapsed run time = 27462.8310 s

Elapsed run time = 27465.5558 s

Elapsed run time = 27475.0320 s

Elapsed run time = 27483.4546 s

Elapsed run time = 27483.4627 s

Elapsed run time = 27498.6091 s

Elapsed run time = 27500.1403 s

Elapsed run time = 27500.2112 s

Elapsed run time = 27503.7324 s

Elapsed run time = 27508.4981 s

Elapsed run time = 27512.7715 s

Elapsed run time = 27512.9008 s

Elapsed run time = 27518.2998 s

Elapsed run time = 27524.3616 s

Elapsed run time = 27525.2004 s

Elapsed run time = 27527.5688 s

Elapsed run time = 27529.1508 s

Elapsed run time = 27532.4952 s

Elapsed run time = 27532.5342 s

Elapsed run time = 27536.3182 s

Elapsed run time = 27537.4376 s

Elapsed run time = 27539.9563 s

Elapsed run time = 27541.2810 s

Elapsed run time = 27544.4777 s

Elapsed run time = 27546.2706 s

Elapsed run time = 27546.7631 s

Elapsed run time = 27547.0363 s

Elapsed run time = 27547.5906 s

Elapsed run time = 27555.0425 s

Elapsed run time = 27556.0034 s

Elapsed run time = 27557.5712 s

Elapsed run time = 27559.9155 s

Elapsed run time = 27561.7948 s

Elapsed run time = 27562.2140 s

Elapsed run time = 27562.2674 s

Elapsed run time = 27568.5855 s

Elapsed run time = 27570.6608 s

Elapsed run time = 27570.6619 s

Elapsed run time = 27573.4687 s

Elapsed run time = 27573.6860 s

Elapsed run time = 27574.2565 s

Elapsed run time = 27575.7672 s

Elapsed run time = 27579.1943 s

Elapsed run time = 27580.2426 s
  [SELF][Rank 0] Done moment 1/36: force_integral=-7.135027e-02 (1038.2s)

[WALLTIME GUARD] Elapsed 7.66h + estimated moment (17.3m) >= limit (7.50h). Pausing cleanly.

=====================================================================================
DUAL-FRACTAL CASIMIR CLUTCH SIMULATION COMPLETE
Generation N: 1 (4 needles) | Rotation Angle theta: 90.0 deg
Total Fractal Rotor Force (MEEP):   +2.230548e+03
Total Fractal Rotor Force (fN):     +70518.7691 fN  -->  [+++ FRACTAL REPULSION (LEVITATING) +++]
Rotor Normal Pressure:              +1.4392e+04 Pa (on total A_rotor = 4900.0 nm^2)
Results saved to:                   results_fractal_rotary_clutch/task_004_N_1_th_90deg.json
=====================================================================================


Elapsed run time = 27583.1028 s

Elapsed run time = 27583.6930 s

Elapsed run time = 27587.8463 s

Elapsed run time = 27588.8119 s

Elapsed run time = 27590.4340 s

Elapsed run time = 27590.7784 s

Elapsed run time = 27591.8474 s

Elapsed run time = 27591.9379 s

Elapsed run time = 27599.8621 s

Elapsed run time = 27600.2811 s

Elapsed run time = 27602.8820 s

Elapsed run time = 27604.4539 s

Elapsed run time = 27616.8542 s

Elapsed run time = 27617.8706 s

Elapsed run time = 27619.2545 s

Elapsed run time = 27620.0517 s

Elapsed run time = 27621.6901 s

Elapsed run time = 27624.3489 s

Elapsed run time = 27626.3853 s

Elapsed run time = 27627.7605 s

Elapsed run time = 27632.0836 s

Elapsed run time = 27633.5422 s

Elapsed run time = 27641.5591 s

Elapsed run time = 27686.6580 s

Elapsed run time = 27687.0476 s

Elapsed run time = 27694.9422 s

Elapsed run time = 27711.3217 s

Elapsed run time = 27711.3219 s

Elapsed run time = 27721.3114 s

Elapsed run time = 27735.9191 s

Elapsed run time = 27747.3040 s

Elapsed run time = 27763.4621 s

Elapsed run time = 27768.9874 s

Elapsed run time = 27772.7915 s

Elapsed run time = 27772.8275 s
Command succeeded cleanly.
Task 4 finished with exit code 0 at Sun Sep 27 11:45:38 AM EDT 2026.
U	Papers/Fractal_Casimir_Nature_EM/figures/fig_quantum_clutch_characteristic.png
