================================================================================
DUAL-FRACTAL ROTARY VACUUM CASIMIR CLUTCH: TASK 4 / 8
Host: x1000c5s0b1n1
Started: Mon Sep 28 04:37:56 PM EDT 2026
================================================================================
Configuration sweep_configs_fractal_clutch/config_004.json loaded:
  Generation N: 1, Rotation theta: 90.0 deg
  Fractal span L: 1.05 um, Primary aperture W1: 0.25 um
  Primary needle w1: 0.035 um, H: 0.25 um, z_tip: 0.015547629459198138 um
  Material: Gold, Resolution: 60, T_run: 3.0
================================================================================
==================================================
RUNNING CRASH-PROOF MEEP SIMULATION WRAPPER
==================================================
Executing: srun -n 128 /N/u/gogordon/BigRed200/.conda/envs/meep/bin/python execution/run_fractal_rotary_clutch_meep.py --task-id 4 --N-fractal 1 --theta 90.0 --L-fractal 1.05 --W1-aperture 0.25 --w1-needle 0.035 --H-needle 0.25 --t-plate 0.025 --z-tip 0.015547629459198138 --material Gold --res 60 --nmax 1 --config all --T-run 3.0 --max-walltime-hours 7.0
=====================================================================================
DUAL-FRACTAL ROTARY VACUUM CASIMIR CLUTCH (Generation N = 1)
Task ID: 4 | Rotation Angle theta: 90.0 deg
Invariant Average Distance <d>: 20.00 nm (Tip clearance z_tip: 15.55 nm)
Fractal Span L: 1050.0 nm, Primary Aperture W1: 250.0 nm
Primary Needle Width w1: 35.0 nm, Height H: 250.0 nm
Tip Clearance z_tip: 15.5 nm (W1/4 threshold = 62.5 nm)
Material: Gold, Resolution: 60 (dx = 16.67 nm)
Predicted State: DISENGAGED (Repulsive Levitation)
=====================================================================================
  [BOTH][Rank 0] Done moment 1/36: force_integral=+1.685905e-01 (336.1s)
  [BOTH][Rank 0] Done moment 2/36: force_integral=+1.689159e-01 (332.9s)
  [BOTH][Rank 0] Done moment 3/36: force_integral=+0.000000e+00 (332.0s)
  [BOTH][Rank 0] Done moment 4/36: force_integral=+0.000000e+00 (327.3s)
  [BOTH][Rank 0] Done moment 5/36: force_integral=-1.453624e+02 (326.1s)
  [BOTH][Rank 0] Done moment 6/36: force_integral=+2.017815e+02 (323.7s)
  [BOTH][Rank 0] Done moment 7/36: force_integral=+0.000000e+00 (323.2s)
  [BOTH][Rank 0] Done moment 8/36: force_integral=+0.000000e+00 (322.6s)
  [BOTH][Rank 0] Done moment 9/36: force_integral=+1.698743e-01 (321.6s)
  [BOTH][Rank 0] Done moment 10/36: force_integral=+1.648968e-01 (319.7s)
  [BOTH][Rank 0] Done moment 11/36: force_integral=-6.779310e+02 (319.5s)
  [BOTH][Rank 0] Done moment 12/36: force_integral=+1.125141e+03 (319.5s)
  [BOTH][Rank 0] Done moment 13/36: force_integral=+0.000000e+00 (318.2s)
  [BOTH][Rank 0] Done moment 14/36: force_integral=+0.000000e+00 (317.5s)
  [BOTH][Rank 0] Done moment 15/36: force_integral=+0.000000e+00 (317.5s)
  [BOTH][Rank 0] Done moment 16/36: force_integral=+0.000000e+00 (316.4s)
  [BOTH][Rank 0] Done moment 17/36: force_integral=+3.784585e+03 (315.7s)
  [BOTH][Rank 0] Done moment 18/36: force_integral=-2.057931e+03 (315.5s)
  [BOTH][Rank 0] Done moment 19/36: force_integral=-1.377405e-01 (314.7s)
  [BOTH][Rank 0] Done moment 20/36: force_integral=-1.437970e-01 (314.5s)
  [BOTH][Rank 0] Done moment 21/36: force_integral=+0.000000e+00 (315.8s)
  [BOTH][Rank 0] Done moment 22/36: force_integral=+0.000000e+00 (315.7s)
  [BOTH][Rank 0] Done moment 23/36: force_integral=-1.259680e+03 (315.4s)
  [BOTH][Rank 0] Done moment 24/36: force_integral=+1.175621e+03 (314.8s)
  [BOTH][Rank 0] Done moment 25/36: force_integral=+0.000000e+00 (314.2s)
  [BOTH][Rank 0] Done moment 26/36: force_integral=+0.000000e+00 (314.8s)
  [BOTH][Rank 0] Done moment 27/36: force_integral=-1.437930e-01 (314.5s)
  [BOTH][Rank 0] Done moment 28/36: force_integral=-1.360000e-01 (314.4s)
  [BOTH][Rank 0] Done moment 29/36: force_integral=-1.259760e+03 (314.4s)
  [BOTH][Rank 0] Done moment 30/36: force_integral=+1.175621e+03 (314.6s)
  [BOTH][Rank 0] Done moment 31/36: force_integral=+0.000000e+00 (313.3s)
  [BOTH][Rank 0] Done moment 32/36: force_integral=+0.000000e+00 (312.4s)
  [BOTH][Rank 0] Done moment 33/36: force_integral=+0.000000e+00 (313.1s)
  [BOTH][Rank 0] Done moment 34/36: force_integral=+0.000000e+00 (313.2s)
  [BOTH][Rank 0] Done moment 35/36: force_integral=+2.037848e+03 (314.0s)
  [BOTH][Rank 0] Done moment 36/36: force_integral=-3.545544e+03 (317.6s)
[BOTH] Complete. Single-needle force: +5.545014e+02
  [SELF][Rank 0] Done moment 1/36: force_integral=-6.943006e-02 (307.5s)
  [SELF][Rank 0] Done moment 2/36: force_integral=-6.943005e-02 (308.7s)
  [SELF][Rank 0] Done moment 3/36: force_integral=+0.000000e+00 (309.3s)
  [SELF][Rank 0] Done moment 4/36: force_integral=+0.000000e+00 (310.9s)
  [SELF][Rank 0] Done moment 5/36: force_integral=-3.008433e+02 (311.9s)
  [SELF][Rank 0] Done moment 6/36: force_integral=+2.018321e+02 (311.9s)
  [SELF][Rank 0] Done moment 7/36: force_integral=+0.000000e+00 (312.1s)
  [SELF][Rank 0] Done moment 8/36: force_integral=+0.000000e+00 (312.8s)
  [SELF][Rank 0] Done moment 9/36: force_integral=-1.142019e-01 (312.4s)
  [SELF][Rank 0] Done moment 10/36: force_integral=-1.142019e-01 (313.0s)
  [SELF][Rank 0] Done moment 11/36: force_integral=-1.173528e+03 (313.3s)
  [SELF][Rank 0] Done moment 12/36: force_integral=+1.125192e+03 (314.0s)
  [SELF][Rank 0] Done moment 13/36: force_integral=+0.000000e+00 (313.6s)
  [SELF][Rank 0] Done moment 14/36: force_integral=+0.000000e+00 (314.3s)
  [SELF][Rank 0] Done moment 15/36: force_integral=+0.000000e+00 (313.8s)
  [SELF][Rank 0] Done moment 16/36: force_integral=+0.000000e+00 (313.7s)
  [SELF][Rank 0] Done moment 17/36: force_integral=+3.790305e+03 (313.7s)
  [SELF][Rank 0] Done moment 18/36: force_integral=-2.057947e+03 (313.2s)
  [SELF][Rank 0] Done moment 19/36: force_integral=-4.798067e-02 (312.3s)
  [SELF][Rank 0] Done moment 20/36: force_integral=-4.798067e-02 (312.7s)
  [SELF][Rank 0] Done moment 21/36: force_integral=+0.000000e+00 (312.2s)
  [SELF][Rank 0] Done moment 22/36: force_integral=+0.000000e+00 (312.0s)
  [SELF][Rank 0] Done moment 23/36: force_integral=-1.114313e+03 (311.9s)
  [SELF][Rank 0] Done moment 24/36: force_integral=+1.175517e+03 (311.6s)
  [SELF][Rank 0] Done moment 25/36: force_integral=+0.000000e+00 (310.8s)
  [SELF][Rank 0] Done moment 26/36: force_integral=+0.000000e+00 (310.1s)
  [SELF][Rank 0] Done moment 27/36: force_integral=-4.798067e-02 (309.1s)
  [SELF][Rank 0] Done moment 28/36: force_integral=-4.798067e-02 (308.9s)
  [SELF][Rank 0] Done moment 29/36: force_integral=-1.114313e+03 (308.6s)
  [SELF][Rank 0] Done moment 30/36: force_integral=+1.175517e+03 (307.8s)
  [SELF][Rank 0] Done moment 31/36: force_integral=+0.000000e+00 (306.5s)
  [SELF][Rank 0] Done moment 32/36: force_integral=+0.000000e+00 (306.5s)
  [SELF][Rank 0] Done moment 33/36: force_integral=+0.000000e+00 (306.1s)
  [SELF][Rank 0] Done moment 34/36: force_integral=+0.000000e+00 (306.7s)

Elapsed run time = 22060.0532 s

Elapsed run time = 22105.9429 s

Elapsed run time = 22120.2988 s

Elapsed run time = 22125.1607 s

Elapsed run time = 22157.8321 s

Elapsed run time = 22170.4490 s

Elapsed run time = 22175.1691 s

Elapsed run time = 22193.9646 s

Elapsed run time = 22201.6535 s

Elapsed run time = 22204.6222 s

Elapsed run time = 22204.6590 s

Elapsed run time = 22212.1449 s

Elapsed run time = 22215.3407 s

Elapsed run time = 22221.7165 s

Elapsed run time = 22231.2500 s

Elapsed run time = 22240.2161 s

Elapsed run time = 22251.3735 s

Elapsed run time = 22252.5652 s

Elapsed run time = 22254.3516 s

Elapsed run time = 22260.7267 s

Elapsed run time = 22262.6206 s

Elapsed run time = 22264.1307 s

Elapsed run time = 22268.3815 s

Elapsed run time = 22273.4527 s

Elapsed run time = 22273.8737 s

Elapsed run time = 22278.4539 s

Elapsed run time = 22278.5696 s

Elapsed run time = 22286.1707 s

Elapsed run time = 22286.8921 s

Elapsed run time = 22290.9194 s

Elapsed run time = 22290.9287 s

Elapsed run time = 22292.6808 s

Elapsed run time = 22292.8489 s

Elapsed run time = 22295.3557 s

Elapsed run time = 22304.9660 s
  [SELF][Rank 0] Done moment 35/36: force_integral=+2.030653e+03 (261.7s)

Elapsed run time = 22306.1291 s

Elapsed run time = 22307.4027 s

Elapsed run time = 22310.8051 s

Elapsed run time = 22314.4235 s

Elapsed run time = 22316.8351 s

Elapsed run time = 22318.2835 s

Elapsed run time = 22320.4620 s

Elapsed run time = 22328.1747 s

Elapsed run time = 22331.2704 s

Elapsed run time = 22331.9226 s

Elapsed run time = 22332.1377 s

Elapsed run time = 22332.8434 s

Elapsed run time = 22335.2076 s

Elapsed run time = 22335.3016 s

Elapsed run time = 22343.1111 s

Elapsed run time = 22347.0135 s

Elapsed run time = 22356.1079 s

Elapsed run time = 22357.2658 s

Elapsed run time = 22358.3673 s

Elapsed run time = 22358.7713 s

Elapsed run time = 22360.5887 s

Elapsed run time = 22361.1780 s

Elapsed run time = 22365.5638 s

Elapsed run time = 22369.4459 s

Elapsed run time = 22373.5492 s

Elapsed run time = 22374.3020 s

Elapsed run time = 22375.7470 s

Elapsed run time = 22375.8604 s
  [SELF][Rank 0] Done moment 36/36: force_integral=-3.545514e+03 (74.0s)
[SELF] Complete. Single-needle force: +1.919979e+02

=====================================================================================
DUAL-FRACTAL CASIMIR CLUTCH SIMULATION COMPLETE
Generation N: 1 (4 needles) | Rotation Angle theta: 90.0 deg
Total Fractal Rotor Force (MEEP):   +3.625035e+02
Total Fractal Rotor Force (fN):     +11460.5493 fN  -->  [+++ FRACTAL REPULSION (LEVITATING) +++]
Rotor Normal Pressure:              +2.3389e+03 Pa (on total A_rotor = 4900.0 nm^2)
Results saved to:                   results_fractal_rotary_clutch/task_004_N_1_th_90deg.json
=====================================================================================


Elapsed run time = 22379.2154 s

Elapsed run time = 22391.4728 s

Elapsed run time = 22392.9037 s

Elapsed run time = 22397.7819 s

Elapsed run time = 22399.6816 s

Elapsed run time = 22401.0532 s

Elapsed run time = 22404.1435 s

Elapsed run time = 22407.3040 s

Elapsed run time = 22410.0235 s

Elapsed run time = 22410.3602 s

Elapsed run time = 22410.7379 s

Elapsed run time = 22412.0362 s

Elapsed run time = 22412.5924 s

Elapsed run time = 22414.3005 s

Elapsed run time = 22420.0248 s

Elapsed run time = 22423.2359 s

Elapsed run time = 22429.0556 s

Elapsed run time = 22434.3830 s

Elapsed run time = 22443.9219 s

Elapsed run time = 22444.8286 s

Elapsed run time = 22448.8425 s

Elapsed run time = 22450.2313 s

Elapsed run time = 22450.5047 s

Elapsed run time = 22452.3588 s

Elapsed run time = 22457.4826 s

Elapsed run time = 22460.2388 s

Elapsed run time = 22462.2115 s

Elapsed run time = 22465.2036 s

Elapsed run time = 22465.7938 s

Elapsed run time = 22466.5355 s

Elapsed run time = 22469.6195 s

Elapsed run time = 22472.4879 s

Elapsed run time = 22473.4073 s

Elapsed run time = 22473.7138 s

Elapsed run time = 22478.4070 s

Elapsed run time = 22479.4181 s

Elapsed run time = 22481.4472 s

Elapsed run time = 22483.2370 s

Elapsed run time = 22483.8682 s

Elapsed run time = 22490.2896 s

Elapsed run time = 22490.8852 s

Elapsed run time = 22491.6166 s

Elapsed run time = 22492.0725 s

Elapsed run time = 22493.7555 s

Elapsed run time = 22505.4152 s

Elapsed run time = 22506.3128 s

Elapsed run time = 22507.9567 s

Elapsed run time = 22508.2346 s

Elapsed run time = 22511.7221 s

Elapsed run time = 22514.5283 s

Elapsed run time = 22521.2950 s

Elapsed run time = 22523.1730 s

Elapsed run time = 22525.3926 s

Elapsed run time = 22528.8515 s

Elapsed run time = 22532.7236 s

Elapsed run time = 22540.6810 s

Elapsed run time = 22542.5311 s

Elapsed run time = 22548.0468 s

Elapsed run time = 22564.4968 s

Elapsed run time = 22575.1688 s

Elapsed run time = 22577.0937 s

Elapsed run time = 22602.7785 s

Elapsed run time = 22604.9690 s

Elapsed run time = 22612.1747 s

Elapsed run time = 22613.0559 s
Command succeeded cleanly.
Task 4 finished with exit code 0 at Mon Sep 28 10:54:54 PM EDT 2026.
