================================================================================
DUAL-FRACTAL ROTARY VACUUM CASIMIR CLUTCH: TASK 1 / 8
Host: x1000c6s3b0n0
Started: Sat Sep 26 08:17:47 PM EDT 2026
================================================================================
Configuration sweep_configs_fractal_clutch/config_001.json loaded:
  Generation N: 1, Rotation theta: 0.0 deg
  Fractal span L: 1.05 um, Primary aperture W1: 0.25 um
  Primary needle w1: 0.035 um, H: 0.25 um, z_tip: 0.015547629459198138 um
  Material: Gold, Resolution: 60, T_run: 12.0
================================================================================
==================================================
RUNNING CRASH-PROOF MEEP SIMULATION WRAPPER
==================================================
Executing: srun -n 128 /N/u/gogordon/BigRed200/.conda/envs/meep/bin/python execution/run_fractal_rotary_clutch_meep.py --task-id 1 --N-fractal 1 --theta 0.0 --L-fractal 1.05 --W1-aperture 0.25 --w1-needle 0.035 --H-needle 0.25 --t-plate 0.025 --z-tip 0.015547629459198138 --material Gold --res 60 --nmax 1 --config all --T-run 12.0 --max-walltime-hours 7.5
=====================================================================================
DUAL-FRACTAL ROTARY VACUUM CASIMIR CLUTCH (Generation N = 1)
Task ID: 1 | Rotation Angle theta: 0.0 deg
Invariant Average Distance <d>: 20.00 nm (Tip clearance z_tip: 15.55 nm)
Fractal Span L: 1050.0 nm, Primary Aperture W1: 250.0 nm
Primary Needle Width w1: 35.0 nm, Height H: 250.0 nm
Tip Clearance z_tip: 15.5 nm (W1/4 threshold = 62.5 nm)
Material: Gold, Resolution: 60 (dx = 16.67 nm)
Predicted State: DISENGAGED (Repulsive Levitation)
=====================================================================================
  [BOTH][Rank 0] Done moment 1/36: force_integral=+1.530205e-01 (1278.9s)
  [BOTH][Rank 0] Done moment 2/36: force_integral=+1.489235e-01 (1271.3s)
  [BOTH][Rank 0] Done moment 3/36: force_integral=+0.000000e+00 (1257.4s)
  [BOTH][Rank 0] Done moment 4/36: force_integral=+0.000000e+00 (1257.8s)
  [BOTH][Rank 0] Done moment 5/36: force_integral=-1.451929e+02 (1265.1s)
  [BOTH][Rank 0] Done moment 6/36: force_integral=+2.017028e+02 (1262.0s)
  [BOTH][Rank 0] Done moment 7/36: force_integral=+0.000000e+00 (1261.7s)
  [BOTH][Rank 0] Done moment 8/36: force_integral=+0.000000e+00 (1261.9s)
  [BOTH][Rank 0] Done moment 9/36: force_integral=+1.542163e-01 (1261.8s)
  [BOTH][Rank 0] Done moment 10/36: force_integral=+1.496194e-01 (1261.4s)
  [BOTH][Rank 0] Done moment 11/36: force_integral=-6.778418e+02 (1262.0s)
  [BOTH][Rank 0] Done moment 12/36: force_integral=+1.125062e+03 (1262.8s)
  [BOTH][Rank 0] Done moment 13/36: force_integral=+0.000000e+00 (1262.5s)
  [BOTH][Rank 0] Done moment 14/36: force_integral=+0.000000e+00 (1260.5s)
  [BOTH][Rank 0] Done moment 15/36: force_integral=+0.000000e+00 (1258.3s)
  [BOTH][Rank 0] Done moment 16/36: force_integral=+0.000000e+00 (1258.2s)
  [BOTH][Rank 0] Done moment 17/36: force_integral=+3.784353e+03 (1258.6s)
  [BOTH][Rank 0] Done moment 18/36: force_integral=-2.057841e+03 (1259.1s)
  [BOTH][Rank 0] Done moment 19/36: force_integral=-1.367360e-01 (1257.6s)
  [BOTH][Rank 0] Done moment 20/36: force_integral=-1.348811e-01 (1257.5s)
  [BOTH][Rank 0] Done moment 21/36: force_integral=+0.000000e+00 (1262.2s)

[WALLTIME GUARD] Elapsed 7.36h + estimated moment (21.0m) >= limit (7.50h). Pausing cleanly.

Elapsed run time = 26782.5293 s

Elapsed run time = 26787.3126 s

Elapsed run time = 26787.3950 s

Elapsed run time = 26798.6513 s

Elapsed run time = 26805.3921 s

Elapsed run time = 26814.2357 s

Elapsed run time = 26838.2690 s

Elapsed run time = 26850.9471 s

Elapsed run time = 26853.1524 s

Elapsed run time = 26867.7011 s

Elapsed run time = 26870.9737 s

Elapsed run time = 26891.4719 s

Elapsed run time = 26892.1174 s

Elapsed run time = 27154.7464 s

Elapsed run time = 27177.9046 s

Elapsed run time = 27203.7860 s

Elapsed run time = 27230.0333 s

Elapsed run time = 27263.2235 s

Elapsed run time = 27285.5660 s

Elapsed run time = 27325.1078 s

Elapsed run time = 27326.8679 s

Elapsed run time = 27327.7783 s

Elapsed run time = 27331.1538 s

Elapsed run time = 27345.4785 s

Elapsed run time = 27364.1224 s

Elapsed run time = 27367.2566 s

Elapsed run time = 27369.8582 s

Elapsed run time = 27390.7260 s

Elapsed run time = 27395.0573 s

Elapsed run time = 27409.6915 s

Elapsed run time = 27411.6862 s

Elapsed run time = 27420.5884 s

Elapsed run time = 27451.2442 s

Elapsed run time = 27455.9491 s

Elapsed run time = 27456.8381 s

Elapsed run time = 27460.0964 s

Elapsed run time = 27461.8114 s

Elapsed run time = 27462.4001 s

Elapsed run time = 27464.5948 s

Elapsed run time = 27465.2336 s

Elapsed run time = 27468.6573 s

Elapsed run time = 27468.7848 s

Elapsed run time = 27470.7161 s

Elapsed run time = 27471.6988 s

Elapsed run time = 27472.8783 s

Elapsed run time = 27480.2360 s

Elapsed run time = 27482.0072 s

Elapsed run time = 27489.0754 s

Elapsed run time = 27496.4140 s

Elapsed run time = 27498.0363 s

Elapsed run time = 27502.7452 s

Elapsed run time = 27504.7529 s

Elapsed run time = 27505.3417 s

Elapsed run time = 27507.8825 s

Elapsed run time = 27512.2799 s

Elapsed run time = 27512.5134 s

Elapsed run time = 27517.9534 s

Elapsed run time = 27518.9117 s

Elapsed run time = 27519.0586 s

Elapsed run time = 27529.1897 s

Elapsed run time = 27530.4300 s

Elapsed run time = 27531.7496 s

Elapsed run time = 27534.2942 s

Elapsed run time = 27538.2809 s

Elapsed run time = 27541.6352 s

Elapsed run time = 27543.1535 s

Elapsed run time = 27545.6365 s

Elapsed run time = 27546.1795 s

Elapsed run time = 27546.6034 s

Elapsed run time = 27550.4952 s

Elapsed run time = 27551.8341 s

Elapsed run time = 27553.6907 s

Elapsed run time = 27558.7342 s

Elapsed run time = 27561.4326 s

Elapsed run time = 27561.4730 s

Elapsed run time = 27562.4344 s

Elapsed run time = 27563.6038 s

Elapsed run time = 27564.5363 s

Elapsed run time = 27567.9172 s

Elapsed run time = 27573.5343 s

Elapsed run time = 27574.1152 s

Elapsed run time = 27574.2731 s

Elapsed run time = 27576.2213 s

Elapsed run time = 27581.3967 s

Elapsed run time = 27582.2576 s
  [SELF][Rank 0] Done moment 1/36: force_integral=-7.135027e-02 (1082.7s)

[WALLTIME GUARD] Elapsed 7.66h + estimated moment (18.0m) >= limit (7.50h). Pausing cleanly.

=====================================================================================
DUAL-FRACTAL CASIMIR CLUTCH SIMULATION COMPLETE
Generation N: 1 (4 needles) | Rotation Angle theta: 0.0 deg
Total Fractal Rotor Force (MEEP):   +2.230648e+03
Total Fractal Rotor Force (fN):     +70521.9297 fN  -->  [+++ FRACTAL REPULSION (LEVITATING) +++]
Rotor Normal Pressure:              +1.4392e+04 Pa (on total A_rotor = 4900.0 nm^2)
Results saved to:                   results_fractal_rotary_clutch/task_001_N_1_th_0deg.json
=====================================================================================


Elapsed run time = 27582.4428 s

Elapsed run time = 27585.5412 s

Elapsed run time = 27586.3040 s

Elapsed run time = 27587.4790 s

Elapsed run time = 27588.3328 s

Elapsed run time = 27598.8322 s

Elapsed run time = 27599.2118 s

Elapsed run time = 27605.7182 s

Elapsed run time = 27606.2120 s

Elapsed run time = 27609.4468 s

Elapsed run time = 27610.6316 s

Elapsed run time = 27611.0280 s

Elapsed run time = 27611.2915 s

Elapsed run time = 27620.8656 s

Elapsed run time = 27645.3235 s

Elapsed run time = 27650.4037 s

Elapsed run time = 27675.3799 s

Elapsed run time = 27675.6527 s

Elapsed run time = 27694.1145 s

Elapsed run time = 27696.7178 s

Elapsed run time = 27699.3781 s

Elapsed run time = 27703.6452 s

Elapsed run time = 27704.9655 s

Elapsed run time = 27706.2475 s

Elapsed run time = 27707.9843 s

Elapsed run time = 27713.3537 s

Elapsed run time = 27725.9856 s

Elapsed run time = 27727.9880 s

Elapsed run time = 27728.6450 s

Elapsed run time = 27729.9173 s

Elapsed run time = 27730.4127 s

Elapsed run time = 27741.9491 s

Elapsed run time = 27743.1187 s

Elapsed run time = 27744.3047 s

Elapsed run time = 27744.4575 s

Elapsed run time = 27748.1627 s

Elapsed run time = 27761.9475 s

Elapsed run time = 27762.8506 s

Elapsed run time = 27767.2137 s

Elapsed run time = 27775.9771 s

Elapsed run time = 27778.3079 s

Elapsed run time = 27784.5296 s

Elapsed run time = 27788.1282 s
Command succeeded cleanly.
Task 1 finished with exit code 0 at Sun Sep 27 04:01:12 AM EDT 2026.
