================================================================================
DUAL-FRACTAL ROTARY VACUUM CASIMIR CLUTCH: TASK 8 / 8
Host: x1000c6s3b0n0
Started: Sun Sep 27 07:26:09 PM EDT 2026
================================================================================
Configuration sweep_configs_fractal_clutch/config_008.json loaded:
  Generation N: 3, Rotation theta: 90.0 deg
  Fractal span L: 1.05 um, Primary aperture W1: 0.25 um
  Primary needle w1: 0.035 um, H: 0.25 um, z_tip: 0.014942986546249738 um
  Material: Gold, Resolution: 60, T_run: 12.0
================================================================================
==================================================
RUNNING CRASH-PROOF MEEP SIMULATION WRAPPER
==================================================
Executing: srun -n 128 /N/u/gogordon/BigRed200/.conda/envs/meep/bin/python execution/run_fractal_rotary_clutch_meep.py --task-id 8 --N-fractal 3 --theta 90.0 --L-fractal 1.05 --W1-aperture 0.25 --w1-needle 0.035 --H-needle 0.25 --t-plate 0.025 --z-tip 0.014942986546249738 --material Gold --res 60 --nmax 1 --config all --T-run 12.0 --max-walltime-hours 7.5
=====================================================================================
DUAL-FRACTAL ROTARY VACUUM CASIMIR CLUTCH (Generation N = 3)
Task ID: 8 | Rotation Angle theta: 90.0 deg
Invariant Average Distance <d>: 20.00 nm (Tip clearance z_tip: 14.94 nm)
Fractal Span L: 1050.0 nm, Primary Aperture W1: 250.0 nm
Primary Needle Width w1: 35.0 nm, Height H: 250.0 nm
Tip Clearance z_tip: 14.9 nm (W1/4 threshold = 62.5 nm)
Material: Gold, Resolution: 60 (dx = 16.67 nm)
Predicted State: DISENGAGED (Repulsive Levitation)
=====================================================================================
  [BOTH][Rank 0] Done moment 1/36: force_integral=+2.389798e-01 (1283.5s)
  [BOTH][Rank 0] Done moment 2/36: force_integral=+2.393782e-01 (1274.5s)
  [BOTH][Rank 0] Done moment 3/36: force_integral=+0.000000e+00 (1265.6s)
  [BOTH][Rank 0] Done moment 4/36: force_integral=+0.000000e+00 (1260.5s)
  [BOTH][Rank 0] Done moment 5/36: force_integral=-1.408630e+02 (1267.5s)
  [BOTH][Rank 0] Done moment 6/36: force_integral=+2.084297e+02 (1270.9s)
  [BOTH][Rank 0] Done moment 7/36: force_integral=+0.000000e+00 (1272.0s)
  [BOTH][Rank 0] Done moment 8/36: force_integral=+0.000000e+00 (1271.4s)
  [BOTH][Rank 0] Done moment 9/36: force_integral=+2.418529e-01 (1271.2s)
  [BOTH][Rank 0] Done moment 10/36: force_integral=+2.063208e-01 (1269.6s)
  [BOTH][Rank 0] Done moment 11/36: force_integral=-6.634853e+02 (1271.2s)
  [BOTH][Rank 0] Done moment 12/36: force_integral=+1.104698e+03 (1270.3s)
  [BOTH][Rank 0] Done moment 13/36: force_integral=+0.000000e+00 (1268.1s)
  [BOTH][Rank 0] Done moment 14/36: force_integral=+0.000000e+00 (1269.9s)
  [BOTH][Rank 0] Done moment 15/36: force_integral=+0.000000e+00 (1268.9s)
  [BOTH][Rank 0] Done moment 16/36: force_integral=+0.000000e+00 (1268.4s)
  [BOTH][Rank 0] Done moment 17/36: force_integral=+3.603049e+03 (1266.5s)
  [BOTH][Rank 0] Done moment 18/36: force_integral=-2.082842e+03 (1268.1s)
  [BOTH][Rank 0] Done moment 19/36: force_integral=-2.579571e-01 (1264.8s)
  [BOTH][Rank 0] Done moment 20/36: force_integral=-2.524575e-01 (1263.7s)
  [BOTH][Rank 0] Done moment 21/36: force_integral=+0.000000e+00 (1269.2s)

[WALLTIME GUARD] Elapsed 7.40h + estimated moment (21.2m) >= limit (7.50h). Pausing cleanly.

Elapsed run time = 26780.6662 s

Elapsed run time = 26782.0550 s

Elapsed run time = 26784.9988 s

Elapsed run time = 26793.4480 s

Elapsed run time = 26796.2313 s

Elapsed run time = 26796.9417 s

Elapsed run time = 26798.3935 s

Elapsed run time = 26798.5351 s

Elapsed run time = 26799.9454 s

Elapsed run time = 26805.1069 s

Elapsed run time = 26805.8844 s

Elapsed run time = 26812.6216 s

Elapsed run time = 26814.2226 s

Elapsed run time = 26825.1651 s

Elapsed run time = 26825.8960 s

Elapsed run time = 26828.7634 s

Elapsed run time = 26832.2639 s

Elapsed run time = 26882.0888 s

Elapsed run time = 26890.2829 s

Elapsed run time = 26902.2567 s

Elapsed run time = 26904.9921 s

Elapsed run time = 27180.5771 s

Elapsed run time = 27180.8166 s

Elapsed run time = 27219.5170 s

Elapsed run time = 27220.0649 s

Elapsed run time = 27220.0885 s

Elapsed run time = 27220.6959 s

Elapsed run time = 27230.3522 s

Elapsed run time = 27234.4824 s

Elapsed run time = 27237.5814 s

Elapsed run time = 27244.8405 s

Elapsed run time = 27258.7821 s

Elapsed run time = 27269.2220 s

Elapsed run time = 27290.0888 s

Elapsed run time = 27292.8287 s

Elapsed run time = 27317.7068 s

Elapsed run time = 27319.6500 s

Elapsed run time = 27326.0888 s

Elapsed run time = 27327.9005 s

Elapsed run time = 27328.9814 s

Elapsed run time = 27340.8600 s

Elapsed run time = 27344.2163 s

Elapsed run time = 27358.5781 s

Elapsed run time = 27360.7125 s

Elapsed run time = 27366.0580 s

Elapsed run time = 27369.4137 s

Elapsed run time = 27371.9182 s

Elapsed run time = 27380.2482 s

Elapsed run time = 27384.5732 s

Elapsed run time = 27386.9978 s

Elapsed run time = 27393.4690 s

Elapsed run time = 27401.6796 s

Elapsed run time = 27403.9509 s

Elapsed run time = 27405.0125 s

Elapsed run time = 27405.2304 s

Elapsed run time = 27408.1589 s

Elapsed run time = 27409.0604 s

Elapsed run time = 27413.7900 s

Elapsed run time = 27436.3534 s

Elapsed run time = 27443.5593 s

Elapsed run time = 27449.0633 s

Elapsed run time = 27452.4249 s

Elapsed run time = 27453.1203 s

Elapsed run time = 27454.4398 s

Elapsed run time = 27459.9084 s

Elapsed run time = 27460.2601 s

Elapsed run time = 27460.9490 s

Elapsed run time = 27463.4082 s

Elapsed run time = 27463.5120 s

Elapsed run time = 27467.2295 s

Elapsed run time = 27468.0102 s

Elapsed run time = 27470.5579 s

Elapsed run time = 27474.8643 s

Elapsed run time = 27477.9746 s

Elapsed run time = 27480.0300 s

Elapsed run time = 27483.2664 s

Elapsed run time = 27487.3655 s

Elapsed run time = 27488.4173 s

Elapsed run time = 27492.6976 s

Elapsed run time = 27501.6987 s

Elapsed run time = 27503.6989 s

Elapsed run time = 27505.1940 s

Elapsed run time = 27505.6455 s

Elapsed run time = 27506.3851 s

Elapsed run time = 27506.6495 s

Elapsed run time = 27508.2589 s

Elapsed run time = 27509.3350 s

Elapsed run time = 27511.0830 s

Elapsed run time = 27513.4846 s

Elapsed run time = 27516.9578 s

Elapsed run time = 27517.0768 s

Elapsed run time = 27521.2953 s

Elapsed run time = 27522.3995 s

Elapsed run time = 27530.9350 s

Elapsed run time = 27535.4735 s

Elapsed run time = 27536.0622 s

Elapsed run time = 27537.3901 s

Elapsed run time = 27537.7616 s

Elapsed run time = 27538.9015 s

Elapsed run time = 27539.6197 s

Elapsed run time = 27539.8549 s

Elapsed run time = 27540.9754 s

Elapsed run time = 27541.1370 s

Elapsed run time = 27542.2599 s

Elapsed run time = 27543.4933 s

Elapsed run time = 27544.9775 s

Elapsed run time = 27547.5238 s

Elapsed run time = 27553.0038 s

Elapsed run time = 27553.1411 s

Elapsed run time = 27553.7284 s

Elapsed run time = 27554.1222 s

Elapsed run time = 27554.9613 s

Elapsed run time = 27556.9484 s

Elapsed run time = 27558.3840 s

Elapsed run time = 27558.9087 s

Elapsed run time = 27560.6843 s
  [SELF][Rank 0] Done moment 1/36: force_integral=-8.908869e-02 (905.3s)

[WALLTIME GUARD] Elapsed 7.66h + estimated moment (15.1m) >= limit (7.50h). Pausing cleanly.

=====================================================================================
DUAL-FRACTAL CASIMIR CLUTCH SIMULATION COMPLETE
Generation N: 3 (16 needles) | Rotation Angle theta: 90.0 deg
Total Fractal Rotor Force (MEEP):   +2.029492e+03
Total Fractal Rotor Force (fN):     +64162.3832 fN  -->  [+++ FRACTAL REPULSION (LEVITATING) +++]
Rotor Normal Pressure:              +1.1529e+04 Pa (on total A_rotor = 5565.4 nm^2)
Results saved to:                   results_fractal_rotary_clutch/task_008_N_3_th_90deg.json
=====================================================================================


Elapsed run time = 27561.8813 s

Elapsed run time = 27571.0924 s

Elapsed run time = 27574.3669 s

Elapsed run time = 27575.7888 s

Elapsed run time = 27576.8576 s

Elapsed run time = 27577.4802 s

Elapsed run time = 27577.5701 s

Elapsed run time = 27581.5722 s

Elapsed run time = 27583.5449 s

Elapsed run time = 27584.8695 s

Elapsed run time = 27587.1095 s

Elapsed run time = 27587.1940 s
Command succeeded cleanly.
Task 8 finished with exit code 0 at Mon Sep 28 03:06:00 AM EDT 2026.
