================================================================================
DUAL-FRACTAL ROTARY VACUUM CASIMIR CLUTCH: TASK 6 / 8
Host: x1000c5s0b1n1
Started: Mon Sep 28 10:58:01 PM EDT 2026
================================================================================
Configuration sweep_configs_fractal_clutch/config_006.json loaded:
  Generation N: 3, Rotation theta: 30.0 deg
  Fractal span L: 1.05 um, Primary aperture W1: 0.25 um
  Primary needle w1: 0.035 um, H: 0.25 um, z_tip: 0.014942986546249738 um
  Material: Gold, Resolution: 60, T_run: 3.0
================================================================================
==================================================
RUNNING CRASH-PROOF MEEP SIMULATION WRAPPER
==================================================
Executing: srun -n 128 /N/u/gogordon/BigRed200/.conda/envs/meep/bin/python execution/run_fractal_rotary_clutch_meep.py --task-id 6 --N-fractal 3 --theta 30.0 --L-fractal 1.05 --W1-aperture 0.25 --w1-needle 0.035 --H-needle 0.25 --t-plate 0.025 --z-tip 0.014942986546249738 --material Gold --res 60 --nmax 1 --config all --T-run 3.0 --max-walltime-hours 7.0
=====================================================================================
DUAL-FRACTAL ROTARY VACUUM CASIMIR CLUTCH (Generation N = 3)
Task ID: 6 | Rotation Angle theta: 30.0 deg
Invariant Average Distance <d>: 20.00 nm (Tip clearance z_tip: 14.94 nm)
Fractal Span L: 1050.0 nm, Primary Aperture W1: 250.0 nm
Primary Needle Width w1: 35.0 nm, Height H: 250.0 nm
Tip Clearance z_tip: 14.9 nm (W1/4 threshold = 62.5 nm)
Material: Gold, Resolution: 60 (dx = 16.67 nm)
Predicted State: TRANSITIONAL
=====================================================================================
  [BOTH][Rank 0] Done moment 1/36: force_integral=+1.476753e-01 (339.4s)
  [BOTH][Rank 0] Done moment 2/36: force_integral=+1.476753e-01 (333.2s)
  [BOTH][Rank 0] Done moment 3/36: force_integral=+0.000000e+00 (322.2s)
  [BOTH][Rank 0] Done moment 4/36: force_integral=+0.000000e+00 (304.5s)
  [BOTH][Rank 0] Done moment 5/36: force_integral=-1.468397e+02 (306.4s)
  [BOTH][Rank 0] Done moment 6/36: force_integral=+2.085162e+02 (311.2s)
  [BOTH][Rank 0] Done moment 7/36: force_integral=+0.000000e+00 (312.5s)
  [BOTH][Rank 0] Done moment 8/36: force_integral=+0.000000e+00 (311.8s)
  [BOTH][Rank 0] Done moment 9/36: force_integral=+1.409155e-01 (312.6s)
  [BOTH][Rank 0] Done moment 10/36: force_integral=+1.409155e-01 (312.4s)
  [BOTH][Rank 0] Done moment 11/36: force_integral=-6.817311e+02 (308.9s)
  [BOTH][Rank 0] Done moment 12/36: force_integral=+1.104785e+03 (312.9s)
  [BOTH][Rank 0] Done moment 13/36: force_integral=+0.000000e+00 (311.4s)
  [BOTH][Rank 0] Done moment 14/36: force_integral=+0.000000e+00 (311.9s)
  [BOTH][Rank 0] Done moment 15/36: force_integral=+0.000000e+00 (312.0s)
  [BOTH][Rank 0] Done moment 16/36: force_integral=+0.000000e+00 (311.5s)
  [BOTH][Rank 0] Done moment 17/36: force_integral=+3.602977e+03 (312.0s)
  [BOTH][Rank 0] Done moment 18/36: force_integral=-2.082946e+03 (308.7s)
  [BOTH][Rank 0] Done moment 19/36: force_integral=-3.163652e-01 (302.7s)
  [BOTH][Rank 0] Done moment 20/36: force_integral=-3.163650e-01 (294.7s)
  [BOTH][Rank 0] Done moment 21/36: force_integral=+0.000000e+00 (291.8s)
  [BOTH][Rank 0] Done moment 22/36: force_integral=+0.000000e+00 (296.7s)
  [BOTH][Rank 0] Done moment 23/36: force_integral=-1.213095e+03 (307.9s)
  [BOTH][Rank 0] Done moment 24/36: force_integral=+1.152832e+03 (315.6s)
  [BOTH][Rank 0] Done moment 25/36: force_integral=+0.000000e+00 (319.9s)
  [BOTH][Rank 0] Done moment 26/36: force_integral=+0.000000e+00 (321.3s)
  [BOTH][Rank 0] Done moment 27/36: force_integral=-3.163652e-01 (321.3s)
  [BOTH][Rank 0] Done moment 28/36: force_integral=-3.163650e-01 (322.6s)
  [BOTH][Rank 0] Done moment 29/36: force_integral=-1.213095e+03 (322.2s)
  [BOTH][Rank 0] Done moment 30/36: force_integral=+1.152832e+03 (322.4s)
  [BOTH][Rank 0] Done moment 31/36: force_integral=+0.000000e+00 (321.7s)
  [BOTH][Rank 0] Done moment 32/36: force_integral=+0.000000e+00 (322.2s)
  [BOTH][Rank 0] Done moment 33/36: force_integral=+0.000000e+00 (322.5s)
  [BOTH][Rank 0] Done moment 34/36: force_integral=+0.000000e+00 (322.2s)
  [BOTH][Rank 0] Done moment 35/36: force_integral=+2.027385e+03 (320.6s)
  [BOTH][Rank 0] Done moment 36/36: force_integral=-3.261194e+03 (320.6s)
[BOTH] Complete. Single-needle force: +6.497365e+02
  [SELF][Rank 0] Done moment 1/36: force_integral=-8.540172e-02 (310.5s)
  [SELF][Rank 0] Done moment 2/36: force_integral=-8.540171e-02 (311.0s)
  [SELF][Rank 0] Done moment 3/36: force_integral=+0.000000e+00 (311.0s)
  [SELF][Rank 0] Done moment 4/36: force_integral=+0.000000e+00 (311.1s)
  [SELF][Rank 0] Done moment 5/36: force_integral=-2.937658e+02 (311.5s)
  [SELF][Rank 0] Done moment 6/36: force_integral=+2.085655e+02 (311.4s)
  [SELF][Rank 0] Done moment 7/36: force_integral=+0.000000e+00 (311.2s)
  [SELF][Rank 0] Done moment 8/36: force_integral=+0.000000e+00 (311.1s)
  [SELF][Rank 0] Done moment 9/36: force_integral=-1.458533e-01 (311.5s)
  [SELF][Rank 0] Done moment 10/36: force_integral=-1.458533e-01 (311.4s)
  [SELF][Rank 0] Done moment 11/36: force_integral=-1.152993e+03 (311.4s)
  [SELF][Rank 0] Done moment 12/36: force_integral=+1.104834e+03 (311.2s)
  [SELF][Rank 0] Done moment 13/36: force_integral=+0.000000e+00 (310.6s)
  [SELF][Rank 0] Done moment 14/36: force_integral=+0.000000e+00 (310.9s)
  [SELF][Rank 0] Done moment 15/36: force_integral=+0.000000e+00 (310.6s)
  [SELF][Rank 0] Done moment 16/36: force_integral=+0.000000e+00 (310.7s)
  [SELF][Rank 0] Done moment 17/36: force_integral=+3.611594e+03 (311.1s)
  [SELF][Rank 0] Done moment 18/36: force_integral=-2.082962e+03 (310.8s)
  [SELF][Rank 0] Done moment 19/36: force_integral=-7.227967e-02 (310.6s)
  [SELF][Rank 0] Done moment 20/36: force_integral=-7.227967e-02 (310.8s)
  [SELF][Rank 0] Done moment 21/36: force_integral=+0.000000e+00 (310.4s)
  [SELF][Rank 0] Done moment 22/36: force_integral=+0.000000e+00 (310.9s)
  [SELF][Rank 0] Done moment 23/36: force_integral=-1.087790e+03 (311.4s)
  [SELF][Rank 0] Done moment 24/36: force_integral=+1.152725e+03 (311.7s)
  [SELF][Rank 0] Done moment 25/36: force_integral=+0.000000e+00 (311.3s)
  [SELF][Rank 0] Done moment 26/36: force_integral=+0.000000e+00 (311.7s)
  [SELF][Rank 0] Done moment 27/36: force_integral=-7.227967e-02 (311.9s)
  [SELF][Rank 0] Done moment 28/36: force_integral=-7.227967e-02 (311.4s)
  [SELF][Rank 0] Done moment 29/36: force_integral=-1.087790e+03 (311.7s)
  [SELF][Rank 0] Done moment 30/36: force_integral=+1.152725e+03 (311.6s)
  [SELF][Rank 0] Done moment 31/36: force_integral=+0.000000e+00 (311.4s)
  [SELF][Rank 0] Done moment 32/36: force_integral=+0.000000e+00 (311.3s)
  [SELF][Rank 0] Done moment 33/36: force_integral=+0.000000e+00 (311.5s)
  [SELF][Rank 0] Done moment 34/36: force_integral=+0.000000e+00 (312.5s)

Elapsed run time = 21935.8472 s

Elapsed run time = 21986.2181 s

Elapsed run time = 22000.3080 s

Elapsed run time = 22003.7399 s

Elapsed run time = 22019.4887 s

Elapsed run time = 22039.0982 s

Elapsed run time = 22040.9504 s

Elapsed run time = 22051.7667 s

Elapsed run time = 22069.7019 s

Elapsed run time = 22094.0862 s

Elapsed run time = 22095.3108 s

Elapsed run time = 22109.8325 s

Elapsed run time = 22126.2279 s

Elapsed run time = 22136.3527 s

Elapsed run time = 22139.3010 s

Elapsed run time = 22139.4743 s

Elapsed run time = 22145.8855 s

Elapsed run time = 22150.7290 s

Elapsed run time = 22151.8860 s

Elapsed run time = 22160.1511 s

Elapsed run time = 22174.8329 s

Elapsed run time = 22184.4894 s

Elapsed run time = 22195.4447 s

Elapsed run time = 22203.4722 s

Elapsed run time = 22208.3406 s

Elapsed run time = 22209.6076 s
  [SELF][Rank 0] Done moment 35/36: force_integral=+2.018688e+03 (305.1s)

Elapsed run time = 22218.9148 s

Elapsed run time = 22224.0783 s

Elapsed run time = 22224.7142 s

Elapsed run time = 22230.6200 s

Elapsed run time = 22232.3761 s

Elapsed run time = 22236.2756 s

Elapsed run time = 22240.0736 s

Elapsed run time = 22240.7825 s

Elapsed run time = 22243.5792 s

Elapsed run time = 22243.9944 s

Elapsed run time = 22247.9000 s

Elapsed run time = 22248.7821 s

Elapsed run time = 22249.7999 s

Elapsed run time = 22252.2645 s

Elapsed run time = 22252.4790 s

Elapsed run time = 22257.9032 s

Elapsed run time = 22262.7984 s

Elapsed run time = 22269.5961 s

Elapsed run time = 22278.1594 s

Elapsed run time = 22281.5056 s

Elapsed run time = 22283.2667 s

Elapsed run time = 22284.2041 s

Elapsed run time = 22291.8321 s

Elapsed run time = 22296.4020 s

Elapsed run time = 22301.4735 s
  [SELF][Rank 0] Done moment 36/36: force_integral=-3.261165e+03 (93.5s)
[SELF] Complete. Single-needle force: +2.819127e+02

=====================================================================================
DUAL-FRACTAL CASIMIR CLUTCH SIMULATION COMPLETE
Generation N: 3 (16 needles) | Rotation Angle theta: 30.0 deg
Total Fractal Rotor Force (MEEP):   +3.678238e+02
Total Fractal Rotor Force (fN):     +11628.7501 fN  -->  [+++ FRACTAL REPULSION (LEVITATING) +++]
Rotor Normal Pressure:              +2.0895e+03 Pa (on total A_rotor = 5565.4 nm^2)
Results saved to:                   results_fractal_rotary_clutch/task_006_N_3_th_30deg.json
=====================================================================================


Elapsed run time = 22306.3883 s

Elapsed run time = 22308.7956 s

Elapsed run time = 22309.9309 s

Elapsed run time = 22311.8645 s

Elapsed run time = 22315.8553 s

Elapsed run time = 22316.6948 s

Elapsed run time = 22317.9009 s

Elapsed run time = 22318.0698 s

Elapsed run time = 22321.2957 s

Elapsed run time = 22326.7021 s

Elapsed run time = 22327.6346 s

Elapsed run time = 22332.6688 s

Elapsed run time = 22333.8918 s

Elapsed run time = 22336.2433 s

Elapsed run time = 22348.5288 s

Elapsed run time = 22355.4623 s

Elapsed run time = 22355.5623 s

Elapsed run time = 22355.6097 s

Elapsed run time = 22355.7558 s

Elapsed run time = 22357.7136 s

Elapsed run time = 22357.7683 s

Elapsed run time = 22358.3265 s

Elapsed run time = 22359.0755 s

Elapsed run time = 22365.0213 s

Elapsed run time = 22365.9969 s

Elapsed run time = 22366.4782 s

Elapsed run time = 22367.2309 s

Elapsed run time = 22369.5140 s

Elapsed run time = 22370.4944 s

Elapsed run time = 22374.8870 s

Elapsed run time = 22382.5781 s

Elapsed run time = 22390.2352 s

Elapsed run time = 22391.2213 s

Elapsed run time = 22396.9255 s

Elapsed run time = 22398.1284 s

Elapsed run time = 22401.9657 s

Elapsed run time = 22402.0802 s

Elapsed run time = 22406.9600 s

Elapsed run time = 22414.2878 s

Elapsed run time = 22414.5896 s

Elapsed run time = 22415.0685 s

Elapsed run time = 22415.6060 s

Elapsed run time = 22415.8491 s

Elapsed run time = 22416.2071 s

Elapsed run time = 22416.8020 s

Elapsed run time = 22419.9012 s

Elapsed run time = 22421.2711 s

Elapsed run time = 22424.9256 s

Elapsed run time = 22428.4901 s

Elapsed run time = 22435.7943 s

Elapsed run time = 22438.0593 s

Elapsed run time = 22438.9966 s

Elapsed run time = 22441.6378 s

Elapsed run time = 22446.0170 s

Elapsed run time = 22451.8759 s

Elapsed run time = 22454.9803 s

Elapsed run time = 22456.3391 s

Elapsed run time = 22459.6452 s

Elapsed run time = 22460.8257 s

Elapsed run time = 22461.1150 s

Elapsed run time = 22461.2359 s

Elapsed run time = 22461.8050 s

Elapsed run time = 22465.4520 s

Elapsed run time = 22470.6031 s

Elapsed run time = 22474.6829 s

Elapsed run time = 22477.8665 s

Elapsed run time = 22481.6853 s

Elapsed run time = 22484.9988 s

Elapsed run time = 22490.8778 s

Elapsed run time = 22493.1365 s

Elapsed run time = 22506.0267 s

Elapsed run time = 22507.2418 s

Elapsed run time = 22511.8016 s

Elapsed run time = 22520.6370 s

Elapsed run time = 22544.2466 s

Elapsed run time = 22544.5201 s

Elapsed run time = 22566.6206 s
Command succeeded cleanly.
Task 6 finished with exit code 0 at Tue Sep 29 05:14:12 AM EDT 2026.
