================================================================================
GEOMETRIC VACUUM CASIMIR REPULSION: TASK 1 / 4
Host: x1001c3s7b1n1
Started: Sat Sep 26 02:44:15 AM EDT 2026
================================================================================
Configuration sweep_configs_geometric_repulsion/config_001.json loaded:
  W_aperture: 0.35 um, t_plate: 0.025 um
  H_needle: 0.25 um, w_needle: 0.04 um
  z_tip: 0.12 um (W/4 threshold = 0.0875 um)
  Material: Gold, Resolution: 80
================================================================================
==================================================
RUNNING CRASH-PROOF MEEP SIMULATION WRAPPER
==================================================
Executing: srun -n 128 /N/u/gogordon/BigRed200/.conda/envs/meep/bin/python execution/run_geometric_repulsion_meep.py --task-id 1 --W-aperture 0.35 --t-plate 0.025 --H-needle 0.25 --w-needle 0.04 --z-tip 0.12 --material Gold --res 80 --nmax 1 --config all --T-run 12.0 --max-walltime-hours 3.5
================================================================================
GEOMETRIC VACUUM CASIMIR REPULSION SOLVER (Levin-Johnson Mechanism)
Task ID: 1
Aperture Width W: 350.0 nm, Plate Thickness t: 25.0 nm
Needle Height H: 250.0 nm, Width w: 40.0 nm
Tip Clearance z_tip: 120.0 nm (W/4 threshold = 87.5 nm)
Material: Gold, Resolution: 80 (dx = 12.50 nm)
Repulsive Regime Expected: NO (z_tip > W/4, attractive)
================================================================================
  [BOTH][Rank 0] Done moment 1/36: force_integral=+3.780588e-01
  [BOTH][Rank 0] Done moment 2/36: force_integral=+3.780588e-01
  [BOTH][Rank 0] Done moment 3/36: force_integral=+0.000000e+00
  [BOTH][Rank 0] Done moment 4/36: force_integral=+0.000000e+00

Elapsed run time = 12936.7950 s

Elapsed run time = 13045.2208 s

Elapsed run time = 13056.9246 s

Elapsed run time = 13061.0132 s

Elapsed run time = 13078.1322 s

Elapsed run time = 13090.5592 s

Elapsed run time = 13093.2645 s

Elapsed run time = 13109.4641 s

Elapsed run time = 13112.1249 s

Elapsed run time = 13127.6736 s

Elapsed run time = 13140.2867 s

Elapsed run time = 13143.0248 s

Elapsed run time = 13144.9300 s

Elapsed run time = 13147.9516 s

Elapsed run time = 13148.6952 s

Elapsed run time = 13160.6200 s

Elapsed run time = 13161.4181 s

Elapsed run time = 13163.7330 s

Elapsed run time = 13166.8277 s

Elapsed run time = 13168.7482 s

Elapsed run time = 13169.7250 s

Elapsed run time = 13170.7403 s

Elapsed run time = 13172.0651 s

Elapsed run time = 13177.8608 s

Elapsed run time = 13178.1037 s

Elapsed run time = 13179.6437 s

Elapsed run time = 13179.7105 s

Elapsed run time = 13180.7664 s

Elapsed run time = 13182.5593 s

Elapsed run time = 13182.9291 s

Elapsed run time = 13183.2119 s

Elapsed run time = 13183.3925 s

Elapsed run time = 13184.5902 s

Elapsed run time = 13185.7316 s

Elapsed run time = 13188.6962 s

Elapsed run time = 13189.4520 s

Elapsed run time = 13195.5137 s

Elapsed run time = 13196.2063 s

Elapsed run time = 13199.0034 s

Elapsed run time = 13199.1578 s

Elapsed run time = 13201.5441 s

Elapsed run time = 13201.8094 s

Elapsed run time = 13205.7917 s

Elapsed run time = 13207.8718 s

Elapsed run time = 13210.5101 s

Elapsed run time = 13211.6697 s
  [BOTH][Rank 0] Done moment 5/36: force_integral=-6.695616e+02

[WALLTIME GUARD] Elapsed 3.67h >= limit (3.50h). Pausing cleanly.

[WALLTIME GUARD] Elapsed 3.67h >= limit (3.50h). Pausing cleanly.

================================================================================
SIMULATION COMPLETE: GROUND-TRUTH CASIMIR FORCE EVALUATION
Force Both (MEEP):  -6.688055e+02
Force Self (MEEP):  +0.000000e+00
Net Force (MEEP):   -6.688055e+02
Net Force (fN):     -21144.2851 fN  -->  [- ATTRACTIVE -]
Pressure:           -1.3215e+04 Pa
Results saved to:   results_geometric_repulsion/task_001_ztip_120nm.json
================================================================================


Elapsed run time = 13212.0679 s

Elapsed run time = 13212.8430 s

Elapsed run time = 13213.1091 s

Elapsed run time = 13213.1171 s

Elapsed run time = 13218.1924 s

Elapsed run time = 13218.7906 s

Elapsed run time = 13218.9831 s

Elapsed run time = 13219.8578 s

Elapsed run time = 13220.4079 s

Elapsed run time = 13220.9613 s

Elapsed run time = 13222.4954 s

Elapsed run time = 13226.5456 s

Elapsed run time = 13232.0154 s

Elapsed run time = 13233.1567 s

Elapsed run time = 13237.5628 s

Elapsed run time = 13239.1527 s

Elapsed run time = 13244.7457 s

Elapsed run time = 13250.5686 s

Elapsed run time = 13254.9752 s

Elapsed run time = 13255.5247 s

Elapsed run time = 13256.1188 s

Elapsed run time = 13256.1586 s

Elapsed run time = 13256.3851 s

Elapsed run time = 13256.5553 s

Elapsed run time = 13265.1628 s

Elapsed run time = 13265.7590 s

Elapsed run time = 13272.5971 s

Elapsed run time = 13274.7630 s

Elapsed run time = 13275.4778 s

Elapsed run time = 13275.7416 s

Elapsed run time = 13278.3719 s

Elapsed run time = 13279.0468 s

Elapsed run time = 13280.5128 s

Elapsed run time = 13280.6015 s

Elapsed run time = 13280.9530 s

Elapsed run time = 13281.1391 s

Elapsed run time = 13281.1824 s

Elapsed run time = 13281.7025 s

Elapsed run time = 13281.8086 s

Elapsed run time = 13282.4765 s

Elapsed run time = 13282.6746 s

Elapsed run time = 13282.7997 s

Elapsed run time = 13283.0049 s

Elapsed run time = 13284.0172 s

Elapsed run time = 13284.5829 s

Elapsed run time = 13284.7766 s

Elapsed run time = 13284.9056 s

Elapsed run time = 13286.3229 s

Elapsed run time = 13287.4725 s

Elapsed run time = 13288.6475 s

Elapsed run time = 13288.6882 s

Elapsed run time = 13288.9321 s

Elapsed run time = 13290.8690 s

Elapsed run time = 13290.9673 s

Elapsed run time = 13291.3952 s

Elapsed run time = 13291.4716 s

Elapsed run time = 13296.2565 s

Elapsed run time = 13296.7059 s

Elapsed run time = 13298.6719 s

Elapsed run time = 13298.6728 s

Elapsed run time = 13298.7644 s

Elapsed run time = 13300.9265 s

Elapsed run time = 13301.1442 s

Elapsed run time = 13305.3608 s

Elapsed run time = 13306.2313 s

Elapsed run time = 13306.5636 s

Elapsed run time = 13307.8234 s

Elapsed run time = 13308.9438 s

Elapsed run time = 13315.6869 s

Elapsed run time = 13327.7710 s

Elapsed run time = 13328.2432 s

Elapsed run time = 13328.4524 s

Elapsed run time = 13336.4616 s

Elapsed run time = 13336.5276 s

Elapsed run time = 13343.4855 s

Elapsed run time = 13343.7210 s

Elapsed run time = 13344.4910 s

Elapsed run time = 13345.5890 s

Elapsed run time = 13346.0194 s

Elapsed run time = 13348.0167 s

Elapsed run time = 13349.2057 s

Elapsed run time = 13350.1000 s
Command succeeded cleanly.
Task 1 finished with exit code 0 at Sat Sep 26 06:27:02 AM EDT 2026.
