/N/u/gogordon/BigRed200/.conda/envs/meep/lib/python3.13/site-packages/meep/simulation.py:6269: RuntimeWarning: quiet has been deprecated; use the Verbosity class instead
  warnings.warn(
/N/u/gogordon/BigRed200/.conda/envs/meep/lib/python3.13/site-packages/meep/simulation.py:6269: RuntimeWarning: quiet has been deprecated; use the Verbosity class instead
  warnings.warn(
/N/u/gogordon/BigRed200/.conda/envs/meep/lib/python3.13/site-packages/meep/simulation.py:6269: RuntimeWarning: quiet has been deprecated; use the Verbosity class instead
  warnings.warn(
/N/u/gogordon/BigRed200/.conda/envs/meep/lib/python3.13/site-packages/meep/simulation.py:6269: RuntimeWarning: quiet has been deprecated; use the Verbosity class instead
  warnings.warn(
/N/u/gogordon/BigRed200/.conda/envs/meep/lib/python3.13/site-packages/meep/simulation.py:6269: RuntimeWarning: quiet has been deprecated; use the Verbosity class instead
  warnings.warn(
/N/u/gogordon/BigRed200/.conda/envs/meep/lib/python3.13/site-packages/meep/simulation.py:6269: RuntimeWarning: quiet has been deprecated; use the Verbosity class instead
  warnings.warn(
/N/u/gogordon/BigRed200/.conda/envs/meep/lib/python3.13/site-packages/meep/simulation.py:6269: RuntimeWarning: quiet has been deprecated; use the Verbosity class instead
  warnings.warn(
/N/u/gogordon/BigRed200/.conda/envs/meep/lib/python3.13/site-packages/meep/simulation.py:6269: RuntimeWarning: quiet has been deprecated; use the Verbosity class instead
  warnings.warn(
/N/u/gogordon/BigRed200/.conda/envs/meep/lib/python3.13/site-packages/meep/simulation.py:6269: RuntimeWarning: quiet has been deprecated; use the Verbosity class instead
  warnings.warn(
/N/u/gogordon/BigRed200/.conda/envs/meep/lib/python3.13/site-packages/meep/simulation.py:6269: RuntimeWarning: quiet has been deprecated; use the Verbosity class instead
  warnings.warn(
/N/u/gogordon/BigRed200/.conda/envs/meep/lib/python3.13/site-packages/meep/simulation.py:6269: RuntimeWarning: quiet has been deprecated; use the Verbosity class instead
  warnings.warn(
/N/u/gogordon/BigRed200/.conda/envs/meep/lib/python3.13/site-packages/meep/simulation.py:6269: RuntimeWarning: quiet has been deprecated; use the Verbosity class instead
  warnings.warn(
/N/u/gogordon/BigRed200/.conda/envs/meep/lib/python3.13/site-packages/meep/simulation.py:6269: RuntimeWarning: quiet has been deprecated; use the Verbosity class instead
  warnings.warn(
/N/u/gogordon/BigRed200/.conda/envs/meep/lib/python3.13/site-packages/meep/simulation.py:6269: RuntimeWarning: quiet has been deprecated; use the Verbosity class instead
  warnings.warn(
/N/u/gogordon/BigRed200/.conda/envs/meep/lib/python3.13/site-packages/meep/simulation.py:6269: RuntimeWarning: quiet has been deprecated; use the Verbosity class instead
  warnings.warn(
/N/u/gogordon/BigRed200/.conda/envs/meep/lib/python3.13/site-packages/meep/simulation.py:6269: RuntimeWarning: quiet has been deprecated; use the Verbosity class instead
  warnings.warn(
/N/u/gogordon/BigRed200/.conda/envs/meep/lib/python3.13/site-packages/meep/simulation.py:6269: RuntimeWarning: quiet has been deprecated; use the Verbosity class instead
  warnings.warn(
/N/u/gogordon/BigRed200/.conda/envs/meep/lib/python3.13/site-packages/meep/simulation.py:6269: RuntimeWarning: quiet has been deprecated; use the Verbosity class instead
  warnings.warn(
/N/u/gogordon/BigRed200/.conda/envs/meep/lib/python3.13/site-packages/meep/simulation.py:6269: RuntimeWarning: quiet has been deprecated; use the Verbosity class instead
  warnings.warn(
/N/u/gogordon/BigRed200/.conda/envs/meep/lib/python3.13/site-packages/meep/simulation.py:6269: RuntimeWarning: quiet has been deprecated; use the Verbosity class instead
  warnings.warn(
/N/u/gogordon/BigRed200/.conda/envs/meep/lib/python3.13/site-packages/meep/simulation.py:6269: RuntimeWarning: quiet has been deprecated; use the Verbosity class instead
  warnings.warn(
/N/u/gogordon/BigRed200/.conda/envs/meep/lib/python3.13/site-packages/meep/simulation.py:6269: RuntimeWarning: quiet has been deprecated; use the Verbosity class instead
  warnings.warn(
/N/u/gogordon/BigRed200/.conda/envs/meep/lib/python3.13/site-packages/meep/simulation.py:6269: RuntimeWarning: quiet has been deprecated; use the Verbosity class instead
  warnings.warn(
/N/u/gogordon/BigRed200/.conda/envs/meep/lib/python3.13/site-packages/meep/simulation.py:6269: RuntimeWarning: quiet has been deprecated; use the Verbosity class instead
  warnings.warn(
/N/u/gogordon/BigRed200/.conda/envs/meep/lib/python3.13/site-packages/meep/simulation.py:6269: RuntimeWarning: quiet has been deprecated; use the Verbosity class instead
  warnings.warn(
/N/u/gogordon/BigRed200/.conda/envs/meep/lib/python3.13/site-packages/meep/simulation.py:6269: RuntimeWarning: quiet has been deprecated; use the Verbosity class instead
  warnings.warn(
/N/u/gogordon/BigRed200/.conda/envs/meep/lib/python3.13/site-packages/meep/simulation.py:6269: RuntimeWarning: quiet has been deprecated; use the Verbosity class instead
  warnings.warn(
/N/u/gogordon/BigRed200/.conda/envs/meep/lib/python3.13/site-packages/meep/simulation.py:6269: RuntimeWarning: quiet has been deprecated; use the Verbosity class instead
  warnings.warn(
/N/u/gogordon/BigRed200/.conda/envs/meep/lib/python3.13/site-packages/meep/simulation.py:6269: RuntimeWarning: quiet has been deprecated; use the Verbosity class instead
  warnings.warn(
/N/u/gogordon/BigRed200/.conda/envs/meep/lib/python3.13/site-packages/meep/simulation.py:6269: RuntimeWarning: quiet has been deprecated; use the Verbosity class instead
  warnings.warn(
/N/u/gogordon/BigRed200/.conda/envs/meep/lib/python3.13/site-packages/meep/simulation.py:6269: RuntimeWarning: quiet has been deprecated; use the Verbosity class instead
  warnings.warn(
/N/u/gogordon/BigRed200/.conda/envs/meep/lib/python3.13/site-packages/meep/simulation.py:6269: RuntimeWarning: quiet has been deprecated; use the Verbosity class instead
  warnings.warn(
/N/u/gogordon/BigRed200/.conda/envs/meep/lib/python3.13/site-packages/meep/simulation.py:6269: RuntimeWarning: quiet has been deprecated; use the Verbosity class instead
  warnings.warn(
/N/u/gogordon/BigRed200/.conda/envs/meep/lib/python3.13/site-packages/meep/simulation.py:6269: RuntimeWarning: quiet has been deprecated; use the Verbosity class instead
  warnings.warn(
/N/u/gogordon/BigRed200/.conda/envs/meep/lib/python3.13/site-packages/meep/simulation.py:6269: RuntimeWarning: quiet has been deprecated; use the Verbosity class instead
  warnings.warn(
/N/u/gogordon/BigRed200/.conda/envs/meep/lib/python3.13/site-packages/meep/simulation.py:6269: RuntimeWarning: quiet has been deprecated; use the Verbosity class instead
  warnings.warn(
/N/u/gogordon/BigRed200/.conda/envs/meep/lib/python3.13/site-packages/meep/simulation.py:6269: RuntimeWarning: quiet has been deprecated; use the Verbosity class instead
  warnings.warn(
/N/u/gogordon/BigRed200/.conda/envs/meep/lib/python3.13/site-packages/meep/simulation.py:6269: RuntimeWarning: quiet has been deprecated; use the Verbosity class instead
  warnings.warn(
/N/u/gogordon/BigRed200/.conda/envs/meep/lib/python3.13/site-packages/meep/simulation.py:6269: RuntimeWarning: quiet has been deprecated; use the Verbosity class instead
  warnings.warn(
/N/u/gogordon/BigRed200/.conda/envs/meep/lib/python3.13/site-packages/meep/simulation.py:6269: RuntimeWarning: quiet has been deprecated; use the Verbosity class instead
  warnings.warn(
/N/u/gogordon/BigRed200/.conda/envs/meep/lib/python3.13/site-packages/meep/simulation.py:6269: RuntimeWarning: quiet has been deprecated; use the Verbosity class instead
  warnings.warn(
/N/u/gogordon/BigRed200/.conda/envs/meep/lib/python3.13/site-packages/meep/simulation.py:6269: RuntimeWarning: quiet has been deprecated; use the Verbosity class instead
  warnings.warn(
/N/u/gogordon/BigRed200/.conda/envs/meep/lib/python3.13/site-packages/meep/simulation.py:6269: RuntimeWarning: quiet has been deprecated; use the Verbosity class instead
  warnings.warn(
/N/u/gogordon/BigRed200/.conda/envs/meep/lib/python3.13/site-packages/meep/simulation.py:6269: RuntimeWarning: quiet has been deprecated; use the Verbosity class instead
  warnings.warn(
/N/u/gogordon/BigRed200/.conda/envs/meep/lib/python3.13/site-packages/meep/simulation.py:6269: RuntimeWarning: quiet has been deprecated; use the Verbosity class instead
  warnings.warn(
/N/u/gogordon/BigRed200/.conda/envs/meep/lib/python3.13/site-packages/meep/simulation.py:6269: RuntimeWarning: quiet has been deprecated; use the Verbosity class instead
  warnings.warn(
/N/u/gogordon/BigRed200/.conda/envs/meep/lib/python3.13/site-packages/meep/simulation.py:6269: RuntimeWarning: quiet has been deprecated; use the Verbosity class instead
  warnings.warn(
/N/u/gogordon/BigRed200/.conda/envs/meep/lib/python3.13/site-packages/meep/simulation.py:6269: RuntimeWarning: quiet has been deprecated; use the Verbosity class instead
  warnings.warn(
/N/u/gogordon/BigRed200/.conda/envs/meep/lib/python3.13/site-packages/meep/simulation.py:6269: RuntimeWarning: quiet has been deprecated; use the Verbosity class instead
  warnings.warn(
/N/u/gogordon/BigRed200/.conda/envs/meep/lib/python3.13/site-packages/meep/simulation.py:6269: RuntimeWarning: quiet has been deprecated; use the Verbosity class instead
  warnings.warn(
/N/u/gogordon/BigRed200/.conda/envs/meep/lib/python3.13/site-packages/meep/simulation.py:6269: RuntimeWarning: quiet has been deprecated; use the Verbosity class instead
  warnings.warn(
/N/u/gogordon/BigRed200/.conda/envs/meep/lib/python3.13/site-packages/meep/simulation.py:6269: RuntimeWarning: quiet has been deprecated; use the Verbosity class instead
  warnings.warn(
/N/u/gogordon/BigRed200/.conda/envs/meep/lib/python3.13/site-packages/meep/simulation.py:6269: RuntimeWarning: quiet has been deprecated; use the Verbosity class instead
  warnings.warn(
/N/u/gogordon/BigRed200/.conda/envs/meep/lib/python3.13/site-packages/meep/simulation.py:6269: RuntimeWarning: quiet has been deprecated; use the Verbosity class instead
  warnings.warn(
/N/u/gogordon/BigRed200/.conda/envs/meep/lib/python3.13/site-packages/meep/simulation.py:6269: RuntimeWarning: quiet has been deprecated; use the Verbosity class instead
  warnings.warn(
/N/u/gogordon/BigRed200/.conda/envs/meep/lib/python3.13/site-packages/meep/simulation.py:6269: RuntimeWarning: quiet has been deprecated; use the Verbosity class instead
  warnings.warn(
/N/u/gogordon/BigRed200/.conda/envs/meep/lib/python3.13/site-packages/meep/simulation.py:6269: RuntimeWarning: quiet has been deprecated; use the Verbosity class instead
  warnings.warn(
/N/u/gogordon/BigRed200/.conda/envs/meep/lib/python3.13/site-packages/meep/simulation.py:6269: RuntimeWarning: quiet has been deprecated; use the Verbosity class instead
  warnings.warn(
/N/u/gogordon/BigRed200/.conda/envs/meep/lib/python3.13/site-packages/meep/simulation.py:6269: RuntimeWarning: quiet has been deprecated; use the Verbosity class instead
  warnings.warn(
/N/u/gogordon/BigRed200/.conda/envs/meep/lib/python3.13/site-packages/meep/simulation.py:6269: RuntimeWarning: quiet has been deprecated; use the Verbosity class instead
  warnings.warn(
/N/u/gogordon/BigRed200/.conda/envs/meep/lib/python3.13/site-packages/meep/simulation.py:6269: RuntimeWarning: quiet has been deprecated; use the Verbosity class instead
  warnings.warn(
/N/u/gogordon/BigRed200/.conda/envs/meep/lib/python3.13/site-packages/meep/simulation.py:6269: RuntimeWarning: quiet has been deprecated; use the Verbosity class instead
  warnings.warn(
/N/u/gogordon/BigRed200/.conda/envs/meep/lib/python3.13/site-packages/meep/simulation.py:6269: RuntimeWarning: quiet has been deprecated; use the Verbosity class instead
  warnings.warn(
/N/u/gogordon/BigRed200/.conda/envs/meep/lib/python3.13/site-packages/meep/simulation.py:6269: RuntimeWarning: quiet has been deprecated; use the Verbosity class instead
  warnings.warn(
/N/u/gogordon/BigRed200/.conda/envs/meep/lib/python3.13/site-packages/meep/simulation.py:6269: RuntimeWarning: quiet has been deprecated; use the Verbosity class instead
  warnings.warn(
/N/u/gogordon/BigRed200/.conda/envs/meep/lib/python3.13/site-packages/meep/simulation.py:6269: RuntimeWarning: quiet has been deprecated; use the Verbosity class instead
  warnings.warn(
/N/u/gogordon/BigRed200/.conda/envs/meep/lib/python3.13/site-packages/meep/simulation.py:6269: RuntimeWarning: quiet has been deprecated; use the Verbosity class instead
  warnings.warn(
/N/u/gogordon/BigRed200/.conda/envs/meep/lib/python3.13/site-packages/meep/simulation.py:6269: RuntimeWarning: quiet has been deprecated; use the Verbosity class instead
  warnings.warn(
/N/u/gogordon/BigRed200/.conda/envs/meep/lib/python3.13/site-packages/meep/simulation.py:6269: RuntimeWarning: quiet has been deprecated; use the Verbosity class instead
  warnings.warn(
/N/u/gogordon/BigRed200/.conda/envs/meep/lib/python3.13/site-packages/meep/simulation.py:6269: RuntimeWarning: quiet has been deprecated; use the Verbosity class instead
  warnings.warn(
/N/u/gogordon/BigRed200/.conda/envs/meep/lib/python3.13/site-packages/meep/simulation.py:6269: RuntimeWarning: quiet has been deprecated; use the Verbosity class instead
  warnings.warn(
/N/u/gogordon/BigRed200/.conda/envs/meep/lib/python3.13/site-packages/meep/simulation.py:6269: RuntimeWarning: quiet has been deprecated; use the Verbosity class instead
  warnings.warn(
/N/u/gogordon/BigRed200/.conda/envs/meep/lib/python3.13/site-packages/meep/simulation.py:6269: RuntimeWarning: quiet has been deprecated; use the Verbosity class instead
  warnings.warn(
/N/u/gogordon/BigRed200/.conda/envs/meep/lib/python3.13/site-packages/meep/simulation.py:6269: RuntimeWarning: quiet has been deprecated; use the Verbosity class instead
  warnings.warn(
/N/u/gogordon/BigRed200/.conda/envs/meep/lib/python3.13/site-packages/meep/simulation.py:6269: RuntimeWarning: quiet has been deprecated; use the Verbosity class instead
  warnings.warn(
/N/u/gogordon/BigRed200/.conda/envs/meep/lib/python3.13/site-packages/meep/simulation.py:6269: RuntimeWarning: quiet has been deprecated; use the Verbosity class instead
  warnings.warn(
/N/u/gogordon/BigRed200/.conda/envs/meep/lib/python3.13/site-packages/meep/simulation.py:6269: RuntimeWarning: quiet has been deprecated; use the Verbosity class instead
  warnings.warn(
/N/u/gogordon/BigRed200/.conda/envs/meep/lib/python3.13/site-packages/meep/simulation.py:6269: RuntimeWarning: quiet has been deprecated; use the Verbosity class instead
  warnings.warn(
/N/u/gogordon/BigRed200/.conda/envs/meep/lib/python3.13/site-packages/meep/simulation.py:6269: RuntimeWarning: quiet has been deprecated; use the Verbosity class instead
  warnings.warn(
/N/u/gogordon/BigRed200/.conda/envs/meep/lib/python3.13/site-packages/meep/simulation.py:6269: RuntimeWarning: quiet has been deprecated; use the Verbosity class instead
  warnings.warn(
/N/u/gogordon/BigRed200/.conda/envs/meep/lib/python3.13/site-packages/meep/simulation.py:6269: RuntimeWarning: quiet has been deprecated; use the Verbosity class instead
  warnings.warn(
/N/u/gogordon/BigRed200/.conda/envs/meep/lib/python3.13/site-packages/meep/simulation.py:6269: RuntimeWarning: quiet has been deprecated; use the Verbosity class instead
  warnings.warn(
/N/u/gogordon/BigRed200/.conda/envs/meep/lib/python3.13/site-packages/meep/simulation.py:6269: RuntimeWarning: quiet has been deprecated; use the Verbosity class instead
  warnings.warn(
/N/u/gogordon/BigRed200/.conda/envs/meep/lib/python3.13/site-packages/meep/simulation.py:6269: RuntimeWarning: quiet has been deprecated; use the Verbosity class instead
  warnings.warn(
/N/u/gogordon/BigRed200/.conda/envs/meep/lib/python3.13/site-packages/meep/simulation.py:6269: RuntimeWarning: quiet has been deprecated; use the Verbosity class instead
  warnings.warn(
/N/u/gogordon/BigRed200/.conda/envs/meep/lib/python3.13/site-packages/meep/simulation.py:6269: RuntimeWarning: quiet has been deprecated; use the Verbosity class instead
  warnings.warn(
/N/u/gogordon/BigRed200/.conda/envs/meep/lib/python3.13/site-packages/meep/simulation.py:6269: RuntimeWarning: quiet has been deprecated; use the Verbosity class instead
  warnings.warn(
/N/u/gogordon/BigRed200/.conda/envs/meep/lib/python3.13/site-packages/meep/simulation.py:6269: RuntimeWarning: quiet has been deprecated; use the Verbosity class instead
  warnings.warn(
/N/u/gogordon/BigRed200/.conda/envs/meep/lib/python3.13/site-packages/meep/simulation.py:6269: RuntimeWarning: quiet has been deprecated; use the Verbosity class instead
  warnings.warn(
/N/u/gogordon/BigRed200/.conda/envs/meep/lib/python3.13/site-packages/meep/simulation.py:6269: RuntimeWarning: quiet has been deprecated; use the Verbosity class instead
  warnings.warn(
/N/u/gogordon/BigRed200/.conda/envs/meep/lib/python3.13/site-packages/meep/simulation.py:6269: RuntimeWarning: quiet has been deprecated; use the Verbosity class instead
  warnings.warn(
/N/u/gogordon/BigRed200/.conda/envs/meep/lib/python3.13/site-packages/meep/simulation.py:6269: RuntimeWarning: quiet has been deprecated; use the Verbosity class instead
  warnings.warn(
Warning: grid volume is not an integer number of pixels; cell size will be rounded to nearest pixel.
Warning: grid volume is not an integer number of pixels; cell size will be rounded to nearest pixel.
Warning: grid volume is not an integer number of pixels; cell size will be rounded to nearest pixel.
Warning: grid volume is not an integer number of pixels; cell size will be rounded to nearest pixel.
Warning: grid volume is not an integer number of pixels; cell size will be rounded to nearest pixel.
Warning: grid volume is not an integer number of pixels; cell size will be rounded to nearest pixel.
Warning: grid volume is not an integer number of pixels; cell size will be rounded to nearest pixel.
Warning: grid volume is not an integer number of pixels; cell size will be rounded to nearest pixel.
Warning: grid volume is not an integer number of pixels; cell size will be rounded to nearest pixel.
Warning: grid volume is not an integer number of pixels; cell size will be rounded to nearest pixel.
Warning: grid volume is not an integer number of pixels; cell size will be rounded to nearest pixel.
Warning: grid volume is not an integer number of pixels; cell size will be rounded to nearest pixel.
/N/u/gogordon/BigRed200/.conda/envs/meep/lib/python3.13/site-packages/meep/simulation.py:6269: RuntimeWarning: quiet has been deprecated; use the Verbosity class instead
  warnings.warn(
/N/u/gogordon/BigRed200/.conda/envs/meep/lib/python3.13/site-packages/meep/simulation.py:6269: RuntimeWarning: quiet has been deprecated; use the Verbosity class instead
  warnings.warn(
Warning: grid volume is not an integer number of pixels; cell size will be rounded to nearest pixel.
/N/u/gogordon/BigRed200/.conda/envs/meep/lib/python3.13/site-packages/meep/simulation.py:6269: RuntimeWarning: quiet has been deprecated; use the Verbosity class instead
  warnings.warn(
/N/u/gogordon/BigRed200/.conda/envs/meep/lib/python3.13/site-packages/meep/simulation.py:6269: RuntimeWarning: quiet has been deprecated; use the Verbosity class instead
  warnings.warn(
/N/u/gogordon/BigRed200/.conda/envs/meep/lib/python3.13/site-packages/meep/simulation.py:6269: RuntimeWarning: quiet has been deprecated; use the Verbosity class instead
  warnings.warn(
/N/u/gogordon/BigRed200/.conda/envs/meep/lib/python3.13/site-packages/meep/simulation.py:6269: RuntimeWarning: quiet has been deprecated; use the Verbosity class instead
  warnings.warn(
/N/u/gogordon/BigRed200/.conda/envs/meep/lib/python3.13/site-packages/meep/simulation.py:6269: RuntimeWarning: quiet has been deprecated; use the Verbosity class instead
  warnings.warn(
/N/u/gogordon/BigRed200/.conda/envs/meep/lib/python3.13/site-packages/meep/simulation.py:6269: RuntimeWarning: quiet has been deprecated; use the Verbosity class instead
  warnings.warn(
/N/u/gogordon/BigRed200/.conda/envs/meep/lib/python3.13/site-packages/meep/simulation.py:6269: RuntimeWarning: quiet has been deprecated; use the Verbosity class instead
  warnings.warn(
/N/u/gogordon/BigRed200/.conda/envs/meep/lib/python3.13/site-packages/meep/simulation.py:6269: RuntimeWarning: quiet has been deprecated; use the Verbosity class instead
  warnings.warn(
/N/u/gogordon/BigRed200/.conda/envs/meep/lib/python3.13/site-packages/meep/simulation.py:6269: RuntimeWarning: quiet has been deprecated; use the Verbosity class instead
  warnings.warn(
/N/u/gogordon/BigRed200/.conda/envs/meep/lib/python3.13/site-packages/meep/simulation.py:6269: RuntimeWarning: quiet has been deprecated; use the Verbosity class instead
  warnings.warn(
/N/u/gogordon/BigRed200/.conda/envs/meep/lib/python3.13/site-packages/meep/simulation.py:6269: RuntimeWarning: quiet has been deprecated; use the Verbosity class instead
  warnings.warn(
/N/u/gogordon/BigRed200/.conda/envs/meep/lib/python3.13/site-packages/meep/simulation.py:6269: RuntimeWarning: quiet has been deprecated; use the Verbosity class instead
  warnings.warn(
/N/u/gogordon/BigRed200/.conda/envs/meep/lib/python3.13/site-packages/meep/simulation.py:6269: RuntimeWarning: quiet has been deprecated; use the Verbosity class instead
  warnings.warn(
/N/u/gogordon/BigRed200/.conda/envs/meep/lib/python3.13/site-packages/meep/simulation.py:6269: RuntimeWarning: quiet has been deprecated; use the Verbosity class instead
  warnings.warn(
/N/u/gogordon/BigRed200/.conda/envs/meep/lib/python3.13/site-packages/meep/simulation.py:6269: RuntimeWarning: quiet has been deprecated; use the Verbosity class instead
  warnings.warn(
/N/u/gogordon/BigRed200/.conda/envs/meep/lib/python3.13/site-packages/meep/simulation.py:6269: RuntimeWarning: quiet has been deprecated; use the Verbosity class instead
  warnings.warn(
/N/u/gogordon/BigRed200/.conda/envs/meep/lib/python3.13/site-packages/meep/simulation.py:6269: RuntimeWarning: quiet has been deprecated; use the Verbosity class instead
  warnings.warn(
/N/u/gogordon/BigRed200/.conda/envs/meep/lib/python3.13/site-packages/meep/simulation.py:6269: RuntimeWarning: quiet has been deprecated; use the Verbosity class instead
  warnings.warn(
/N/u/gogordon/BigRed200/.conda/envs/meep/lib/python3.13/site-packages/meep/simulation.py:6269: RuntimeWarning: quiet has been deprecated; use the Verbosity class instead
  warnings.warn(
/N/u/gogordon/BigRed200/.conda/envs/meep/lib/python3.13/site-packages/meep/simulation.py:6269: RuntimeWarning: quiet has been deprecated; use the Verbosity class instead
  warnings.warn(
/N/u/gogordon/BigRed200/.conda/envs/meep/lib/python3.13/site-packages/meep/simulation.py:6269: RuntimeWarning: quiet has been deprecated; use the Verbosity class instead
  warnings.warn(
/N/u/gogordon/BigRed200/.conda/envs/meep/lib/python3.13/site-packages/meep/simulation.py:6269: RuntimeWarning: quiet has been deprecated; use the Verbosity class instead
  warnings.warn(
/N/u/gogordon/BigRed200/.conda/envs/meep/lib/python3.13/site-packages/meep/simulation.py:6269: RuntimeWarning: quiet has been deprecated; use the Verbosity class instead
  warnings.warn(
/N/u/gogordon/BigRed200/.conda/envs/meep/lib/python3.13/site-packages/meep/simulation.py:6269: RuntimeWarning: quiet has been deprecated; use the Verbosity class instead
  warnings.warn(
/N/u/gogordon/BigRed200/.conda/envs/meep/lib/python3.13/site-packages/meep/simulation.py:6269: RuntimeWarning: quiet has been deprecated; use the Verbosity class instead
  warnings.warn(
/N/u/gogordon/BigRed200/.conda/envs/meep/lib/python3.13/site-packages/meep/simulation.py:6269: RuntimeWarning: quiet has been deprecated; use the Verbosity class instead
  warnings.warn(
/N/u/gogordon/BigRed200/.conda/envs/meep/lib/python3.13/site-packages/meep/simulation.py:6269: RuntimeWarning: quiet has been deprecated; use the Verbosity class instead
  warnings.warn(
/N/u/gogordon/BigRed200/.conda/envs/meep/lib/python3.13/site-packages/meep/simulation.py:6269: RuntimeWarning: quiet has been deprecated; use the Verbosity class instead
  warnings.warn(
/N/u/gogordon/BigRed200/.conda/envs/meep/lib/python3.13/site-packages/meep/simulation.py:6269: RuntimeWarning: quiet has been deprecated; use the Verbosity class instead
  warnings.warn(
/N/u/gogordon/BigRed200/.conda/envs/meep/lib/python3.13/site-packages/meep/simulation.py:6269: RuntimeWarning: quiet has been deprecated; use the Verbosity class instead
  warnings.warn(
/N/u/gogordon/BigRed200/.conda/envs/meep/lib/python3.13/site-packages/meep/simulation.py:6269: RuntimeWarning: quiet has been deprecated; use the Verbosity class instead
  warnings.warn(
/N/u/gogordon/BigRed200/.conda/envs/meep/lib/python3.13/site-packages/meep/simulation.py:6269: RuntimeWarning: quiet has been deprecated; use the Verbosity class instead
  warnings.warn(
/N/u/gogordon/BigRed200/.conda/envs/meep/lib/python3.13/site-packages/meep/simulation.py:6269: RuntimeWarning: quiet has been deprecated; use the Verbosity class instead
  warnings.warn(
/N/u/gogordon/BigRed200/.conda/envs/meep/lib/python3.13/site-packages/meep/simulation.py:6269: RuntimeWarning: quiet has been deprecated; use the Verbosity class instead
  warnings.warn(
Warning: grid volume is not an integer number of pixels; cell size will be rounded to nearest pixel.
Warning: grid volume is not an integer number of pixels; cell size will be rounded to nearest pixel.
Warning: grid volume is not an integer number of pixels; cell size will be rounded to nearest pixel.
Warning: grid volume is not an integer number of pixels; cell size will be rounded to nearest pixel.
Warning: grid volume is not an integer number of pixels; cell size will be rounded to nearest pixel.
Warning: grid volume is not an integer number of pixels; cell size will be rounded to nearest pixel.
Warning: grid volume is not an integer number of pixels; cell size will be rounded to nearest pixel.
Warning: grid volume is not an integer number of pixels; cell size will be rounded to nearest pixel.
Warning: grid volume is not an integer number of pixels; cell size will be rounded to nearest pixel.
Warning: grid volume is not an integer number of pixels; cell size will be rounded to nearest pixel.
Warning: grid volume is not an integer number of pixels; cell size will be rounded to nearest pixel.
Warning: grid volume is not an integer number of pixels; cell size will be rounded to nearest pixel.
Warning: grid volume is not an integer number of pixels; cell size will be rounded to nearest pixel.
Warning: grid volume is not an integer number of pixels; cell size will be rounded to nearest pixel.
Warning: grid volume is not an integer number of pixels; cell size will be rounded to nearest pixel.
Warning: grid volume is not an integer number of pixels; cell size will be rounded to nearest pixel.
Warning: grid volume is not an integer number of pixels; cell size will be rounded to nearest pixel.
Warning: grid volume is not an integer number of pixels; cell size will be rounded to nearest pixel.
Warning: grid volume is not an integer number of pixels; cell size will be rounded to nearest pixel.
slurmstepd: error: *** STEP 8188277.0 ON nid0017 CANCELLED AT 2026-09-11T00:59:01 DUE TO TIME LIMIT ***
slurmstepd: error: *** JOB 8188277 ON nid0017 CANCELLED AT 2026-09-11T00:59:01 DUE TO TIME LIMIT ***
