==================================================
NATURE TASK 1: GRID CONVERGENCE & EDGE ROUNDING
Array Task: 3 / 24 on x1000c6s6b0n0
Start: Wed Sep  9 09:31:47 PM EDT 2026
==================================================

Elapsed run time = 0.0711 s

Elapsed run time = 0.0710 s

Elapsed run time = 0.0707 s

Elapsed run time = 0.0710 s

Elapsed run time = 0.0709 s

Elapsed run time = 0.0709 s

Elapsed run time = 0.0713 s

Elapsed run time = 0.0715 s

Elapsed run time = 0.0715 s

Elapsed run time = 0.0714 s

Elapsed run time = 0.0710 s

Elapsed run time = 0.0715 s

Elapsed run time = 0.0711 s

Elapsed run time = 0.0711 s

Elapsed run time = 0.0709 s

Elapsed run time = 0.0709 s

Elapsed run time = 0.0713 s

Elapsed run time = 0.0713 s

Elapsed run time = 0.0715 s

Elapsed run time = 0.0715 s

Elapsed run time = 0.0713 s

Elapsed run time = 0.0711 s

Elapsed run time = 0.0711 s

Elapsed run time = 0.0713 s

Elapsed run time = 0.0714 s

Elapsed run time = 0.0710 s

Elapsed run time = 0.0713 s

Elapsed run time = 0.0712 s

Elapsed run time = 0.0714 s

Elapsed run time = 0.0712 s

Elapsed run time = 0.0715 s

Elapsed run time = 0.0713 s

Elapsed run time = 0.0709 s

Elapsed run time = 0.0715 s

Elapsed run time = 0.0711 s

Elapsed run time = 0.0714 s

Elapsed run time = 0.0712 s

Elapsed run time = 0.0714 s

Elapsed run time = 0.0713 s

Elapsed run time = 0.0715 s

Elapsed run time = 0.0712 s

Elapsed run time = 0.0714 s

Elapsed run time = 0.0714 s

Elapsed run time = 0.0715 s

Elapsed run time = 0.0713 s

Elapsed run time = 0.0713 s

Elapsed run time = 0.0714 s

Elapsed run time = 0.0718 s

Elapsed run time = 0.0715 s

Elapsed run time = 0.0715 s

Elapsed run time = 0.0715 s

Elapsed run time = 0.0714 s

Elapsed run time = 0.0717 s

Elapsed run time = 0.0715 s

Elapsed run time = 0.0716 s

Elapsed run time = 0.0719 s

Elapsed run time = 1895.0494 s

Elapsed run time = 1903.9085 s

Elapsed run time = 1950.4033 s

Elapsed run time = 1952.8520 s

Elapsed run time = 1968.5747 s

Elapsed run time = 1972.1803 s

Elapsed run time = 1988.1719 s

Elapsed run time = 1992.7940 s
  [BOTH][Rank 0] Done moment 1/1 (task 0): force_integral=+9.315644e-04

Elapsed run time = 6956.2996 s

Elapsed run time = 6964.2768 s

Elapsed run time = 6978.7238 s

Elapsed run time = 6986.7914 s

Elapsed run time = 6991.3801 s

Elapsed run time = 6991.5174 s

Elapsed run time = 6993.6333 s

Elapsed run time = 6994.5125 s

Elapsed run time = 6997.8956 s

Elapsed run time = 6998.7036 s

Elapsed run time = 7006.0210 s

Elapsed run time = 7007.7039 s

Elapsed run time = 7008.3157 s

Elapsed run time = 7008.9632 s

Elapsed run time = 7012.6533 s

Elapsed run time = 7015.4532 s

Elapsed run time = 7016.6947 s

Elapsed run time = 7017.0206 s

Elapsed run time = 7017.9453 s

Elapsed run time = 7018.5782 s

Elapsed run time = 7020.6485 s

Elapsed run time = 7023.8922 s
  [SELF][Rank 0] Done moment 1/1 (task 0): force_integral=+8.157722e-04

Elapsed run time = 7024.5117 s

Elapsed run time = 7025.5089 s

Elapsed run time = 7025.5377 s

Elapsed run time = 7026.2507 s

Elapsed run time = 7027.5696 s

Elapsed run time = 7029.4973 s

Elapsed run time = 7033.9626 s

Elapsed run time = 7034.8580 s

Elapsed run time = 7036.9743 s

Elapsed run time = 7039.2178 s

Elapsed run time = 7041.2764 s

Elapsed run time = 7054.2360 s

Elapsed run time = 7054.8875 s

Elapsed run time = 7055.4061 s

Elapsed run time = 7055.4490 s

Elapsed run time = 7056.6328 s

Elapsed run time = 7057.4771 s

Elapsed run time = 7061.0847 s

Elapsed run time = 7061.9178 s

Elapsed run time = 7062.3509 s

Elapsed run time = 7062.4450 s

Elapsed run time = 7063.7635 s

Elapsed run time = 7063.8841 s

Elapsed run time = 7064.5794 s

Elapsed run time = 7065.2014 s

Elapsed run time = 7065.3118 s

Elapsed run time = 7067.3024 s

Elapsed run time = 7067.9076 s

Elapsed run time = 7068.1599 s

Elapsed run time = 7068.3383 s

Elapsed run time = 7068.3605 s

Elapsed run time = 7070.1725 s

Elapsed run time = 7071.3802 s

Elapsed run time = 7071.5493 s

Elapsed run time = 7072.4177 s

Elapsed run time = 7073.8161 s

Elapsed run time = 7074.2028 s

Elapsed run time = 7076.0922 s

Elapsed run time = 7076.8753 s

Elapsed run time = 7077.4682 s

Elapsed run time = 7080.5138 s
Convergence task complete: Res=40, r_tip=5.0 nm, P=+0.0022 Pa -> Saved to results_nature_validation/conv_res_40_rtip_5.0_ds_30.0_al_75.0_th_90.0.json

Elapsed run time = 7081.0456 s
Completed Task 1 at Wed Sep  9 11:29:58 PM EDT 2026
