==================================================
NATURE TASK 1: GRID CONVERGENCE & EDGE ROUNDING
Array Task: 2 / 24 on x1001c5s6b1n1
Start: Wed Sep  9 09:29:57 PM EDT 2026
==================================================

Elapsed run time = 0.2594 s

Elapsed run time = 0.2825 s

Elapsed run time = 0.2940 s

Elapsed run time = 0.3023 s

Elapsed run time = 0.3036 s

Elapsed run time = 0.3112 s

Elapsed run time = 0.3127 s

Elapsed run time = 0.3188 s

Elapsed run time = 0.3208 s

Elapsed run time = 0.3230 s

Elapsed run time = 0.3238 s

Elapsed run time = 0.3255 s

Elapsed run time = 0.3264 s

Elapsed run time = 0.3303 s

Elapsed run time = 0.3331 s

Elapsed run time = 0.3393 s

Elapsed run time = 0.3402 s

Elapsed run time = 0.3412 s

Elapsed run time = 0.3425 s

Elapsed run time = 0.3440 s

Elapsed run time = 0.3462 s

Elapsed run time = 0.3476 s

Elapsed run time = 0.3522 s

Elapsed run time = 0.3539 s

Elapsed run time = 0.3552 s

Elapsed run time = 0.3605 s

Elapsed run time = 0.3617 s

Elapsed run time = 0.3627 s

Elapsed run time = 0.3635 s

Elapsed run time = 0.3652 s

Elapsed run time = 0.3661 s

Elapsed run time = 0.3679 s

Elapsed run time = 0.3682 s

Elapsed run time = 0.3699 s

Elapsed run time = 0.3728 s

Elapsed run time = 0.3764 s

Elapsed run time = 0.3779 s

Elapsed run time = 0.3790 s

Elapsed run time = 0.3859 s

Elapsed run time = 0.3925 s

Elapsed run time = 0.3961 s

Elapsed run time = 0.3978 s

Elapsed run time = 0.3986 s

Elapsed run time = 0.3997 s

Elapsed run time = 0.4041 s

Elapsed run time = 0.4123 s

Elapsed run time = 0.4135 s

Elapsed run time = 0.4153 s

Elapsed run time = 0.4164 s

Elapsed run time = 0.4179 s

Elapsed run time = 0.4204 s

Elapsed run time = 0.4218 s

Elapsed run time = 0.4285 s

Elapsed run time = 0.4324 s

Elapsed run time = 0.4422 s

Elapsed run time = 0.4836 s

Elapsed run time = 1901.9010 s

Elapsed run time = 1906.8407 s

Elapsed run time = 1944.5925 s

Elapsed run time = 1949.5787 s

Elapsed run time = 1970.0672 s

Elapsed run time = 1970.1414 s

Elapsed run time = 1990.1045 s

Elapsed run time = 1992.2124 s
  [BOTH][Rank 0] Done moment 1/1 (task 0): force_integral=+9.345129e-04

Elapsed run time = 6948.0597 s

Elapsed run time = 6962.4056 s

Elapsed run time = 6975.8227 s

Elapsed run time = 6990.9227 s

Elapsed run time = 6993.0713 s

Elapsed run time = 7000.2205 s

Elapsed run time = 7003.0280 s

Elapsed run time = 7003.7444 s

Elapsed run time = 7005.2016 s

Elapsed run time = 7011.8472 s

Elapsed run time = 7012.1954 s

Elapsed run time = 7013.4539 s

Elapsed run time = 7015.9573 s

Elapsed run time = 7017.6585 s

Elapsed run time = 7018.1421 s

Elapsed run time = 7020.8655 s

Elapsed run time = 7021.7699 s

Elapsed run time = 7021.8646 s

Elapsed run time = 7023.9235 s

Elapsed run time = 7025.2760 s

Elapsed run time = 7025.8228 s

Elapsed run time = 7025.9963 s

Elapsed run time = 7027.0893 s

Elapsed run time = 7027.5700 s
  [SELF][Rank 0] Done moment 1/1 (task 0): force_integral=+8.134567e-04

Elapsed run time = 7033.4423 s

Elapsed run time = 7033.8500 s

Elapsed run time = 7034.5778 s

Elapsed run time = 7039.9286 s

Elapsed run time = 7042.2928 s

Elapsed run time = 7045.6534 s

Elapsed run time = 7047.6396 s

Elapsed run time = 7047.6907 s

Elapsed run time = 7050.4996 s

Elapsed run time = 7058.2334 s

Elapsed run time = 7058.8835 s

Elapsed run time = 7061.5674 s

Elapsed run time = 7063.3392 s

Elapsed run time = 7064.3230 s

Elapsed run time = 7064.8031 s

Elapsed run time = 7065.4257 s

Elapsed run time = 7066.8778 s

Elapsed run time = 7067.1503 s

Elapsed run time = 7067.4725 s

Elapsed run time = 7068.9921 s

Elapsed run time = 7070.1301 s

Elapsed run time = 7070.6062 s

Elapsed run time = 7071.8468 s

Elapsed run time = 7072.7805 s

Elapsed run time = 7073.1861 s

Elapsed run time = 7074.5102 s

Elapsed run time = 7074.9630 s

Elapsed run time = 7078.7308 s

Elapsed run time = 7079.9113 s

Elapsed run time = 7080.5564 s

Elapsed run time = 7081.0938 s

Elapsed run time = 7082.9803 s

Elapsed run time = 7084.4403 s

Elapsed run time = 7084.5188 s

Elapsed run time = 7084.9279 s

Elapsed run time = 7087.0385 s

Elapsed run time = 7087.3413 s

Elapsed run time = 7088.6367 s

Elapsed run time = 7088.6877 s
Convergence task complete: Res=40, r_tip=2.0 nm, P=+83.6078 Pa -> Saved to results_nature_validation/conv_res_40_rtip_2.0_ds_30.0_al_75.0_th_90.0.json

Elapsed run time = 7089.0838 s
Completed Task 1 at Wed Sep  9 11:28:32 PM EDT 2026
