==================================================
NATURE TASK 1: GRID CONVERGENCE & EDGE ROUNDING
Array Task: 11 / 24 on x1002c2s3b1n0
Start: Thu Sep 10 12:42:10 AM EDT 2026
==================================================

Elapsed run time = 0.1479 s

Elapsed run time = 0.1484 s

Elapsed run time = 0.1483 s

Elapsed run time = 0.1483 s

Elapsed run time = 0.1483 s

Elapsed run time = 0.1481 s

Elapsed run time = 0.1484 s

Elapsed run time = 0.1483 s

Elapsed run time = 0.1485 s

Elapsed run time = 0.1483 s

Elapsed run time = 0.1486 s

Elapsed run time = 0.1482 s

Elapsed run time = 0.1485 s

Elapsed run time = 0.1483 s

Elapsed run time = 0.1488 s

Elapsed run time = 0.1489 s

Elapsed run time = 0.1486 s

Elapsed run time = 0.1486 s

Elapsed run time = 0.1487 s

Elapsed run time = 0.1485 s

Elapsed run time = 0.1485 s

Elapsed run time = 0.1488 s

Elapsed run time = 0.1484 s

Elapsed run time = 0.1489 s

Elapsed run time = 0.1490 s

Elapsed run time = 0.1488 s

Elapsed run time = 0.1487 s

Elapsed run time = 0.1487 s

Elapsed run time = 0.1488 s

Elapsed run time = 0.1489 s

Elapsed run time = 0.1488 s

Elapsed run time = 0.1489 s

Elapsed run time = 0.1490 s

Elapsed run time = 0.1493 s

Elapsed run time = 0.1491 s

Elapsed run time = 0.1493 s

Elapsed run time = 0.1493 s

Elapsed run time = 0.1493 s

Elapsed run time = 0.1492 s

Elapsed run time = 0.1493 s

Elapsed run time = 0.1494 s

Elapsed run time = 0.1492 s

Elapsed run time = 0.1490 s

Elapsed run time = 0.1492 s

Elapsed run time = 0.1492 s

Elapsed run time = 0.1492 s

Elapsed run time = 0.1491 s

Elapsed run time = 0.1494 s

Elapsed run time = 0.1490 s

Elapsed run time = 0.1490 s

Elapsed run time = 0.1493 s

Elapsed run time = 0.1491 s

Elapsed run time = 0.1490 s

Elapsed run time = 0.1493 s

Elapsed run time = 0.1492 s

Elapsed run time = 0.1492 s

Elapsed run time = 0.1490 s

Elapsed run time = 0.1490 s

Elapsed run time = 0.1489 s

Elapsed run time = 0.1489 s

Elapsed run time = 0.1493 s

Elapsed run time = 0.1492 s

Elapsed run time = 0.1493 s

Elapsed run time = 0.1491 s

Elapsed run time = 0.1493 s

Elapsed run time = 0.1490 s

Elapsed run time = 0.1492 s

Elapsed run time = 0.1492 s

Elapsed run time = 0.1491 s

Elapsed run time = 0.1489 s

Elapsed run time = 0.1487 s

Elapsed run time = 0.1491 s

Elapsed run time = 0.1491 s

Elapsed run time = 0.1492 s

Elapsed run time = 0.1492 s

Elapsed run time = 0.1495 s

Elapsed run time = 0.1491 s

Elapsed run time = 0.1494 s

Elapsed run time = 0.1491 s

Elapsed run time = 0.1494 s

Elapsed run time = 0.1493 s

Elapsed run time = 0.1494 s

Elapsed run time = 0.1491 s

Elapsed run time = 0.1494 s

Elapsed run time = 0.1491 s

Elapsed run time = 0.1491 s

Elapsed run time = 0.1491 s

Elapsed run time = 0.1493 s

Elapsed run time = 0.1494 s

Elapsed run time = 0.1493 s

Elapsed run time = 0.1493 s

Elapsed run time = 0.1494 s

Elapsed run time = 0.1495 s

Elapsed run time = 0.1493 s

Elapsed run time = 0.1491 s

Elapsed run time = 0.1494 s

Elapsed run time = 0.1493 s

Elapsed run time = 0.1492 s

Elapsed run time = 0.1488 s

Elapsed run time = 0.1495 s

Elapsed run time = 0.1492 s

Elapsed run time = 0.1496 s

Elapsed run time = 0.1491 s

Elapsed run time = 0.1492 s
  [BOTH][Rank 19] Done moment 1/3 (task 19): force_integral=+0.000000e+00
  [BOTH][Rank 17] Done moment 1/3 (task 17): force_integral=+2.518919e+04
  [BOTH][Rank 21] Done moment 1/3 (task 21): force_integral=-2.854703e-04
  [BOTH][Rank 18] Done moment 1/3 (task 18): force_integral=+0.000000e+00
  [BOTH][Rank 16] Done moment 1/3 (task 16): force_integral=-1.433073e+04
  [BOTH][Rank 23] Done moment 1/3 (task 23): force_integral=+2.511741e+04
  [BOTH][Rank 20] Done moment 1/3 (task 20): force_integral=-2.854703e-04
  [BOTH][Rank 22] Done moment 1/3 (task 22): force_integral=-1.328700e+04
  [BOTH][Rank 6] Done moment 1/3 (task 6): force_integral=-2.858621e-04
  [BOTH][Rank 19] Done moment 2/3 (task 43): force_integral=-5.447600e-04
  [BOTH][Rank 14] Done moment 1/3 (task 14): force_integral=+8.573351e-04
  [BOTH][Rank 12] Done moment 1/3 (task 12): force_integral=+0.000000e+00
  [BOTH][Rank 2] Done moment 1/3 (task 2): force_integral=+0.000000e+00
  [BOTH][Rank 13] Done moment 1/3 (task 13): force_integral=+0.000000e+00
  [BOTH][Rank 1] Done moment 1/3 (task 1): force_integral=+8.564523e-04
  [BOTH][Rank 11] Done moment 1/3 (task 11): force_integral=+8.068243e+03
  [BOTH][Rank 3] Done moment 1/3 (task 3): force_integral=+0.000000e+00
  [BOTH][Rank 7] Done moment 1/3 (task 7): force_integral=-2.858621e-04
  [BOTH][Rank 17] Done moment 2/3 (task 41): force_integral=+3.928523e+04
  [BOTH][Rank 8] Done moment 1/3 (task 8): force_integral=+0.000000e+00
  [BOTH][Rank 9] Done moment 1/3 (task 9): force_integral=+0.000000e+00
  [BOTH][Rank 10] Done moment 1/3 (task 10): force_integral=-4.253273e+03
  [BOTH][Rank 21] Done moment 2/3 (task 45): force_integral=+0.000000e+00
  [BOTH][Rank 18] Done moment 2/3 (task 42): force_integral=-5.447600e-04
  [BOTH][Rank 15] Done moment 1/3 (task 15): force_integral=+8.573351e-04
  [BOTH][Rank 23] Done moment 2/3 (task 47): force_integral=+3.918185e+04
  [BOTH][Rank 4] Done moment 1/3 (task 4): force_integral=-4.582217e+03
  [BOTH][Rank 16] Done moment 2/3 (task 40): force_integral=-3.918048e+04
  [BOTH][Rank 5] Done moment 1/3 (task 5): force_integral=+8.090871e+03
  [BOTH][Rank 0] Done moment 1/3 (task 0): force_integral=+8.564523e-04
  [BOTH][Rank 20] Done moment 2/3 (task 44): force_integral=+0.000000e+00
  [BOTH][Rank 22] Done moment 2/3 (task 46): force_integral=-3.912302e+04
