==================================================
NATURE TASK 1: GRID CONVERGENCE & EDGE ROUNDING
Array Task: 7 / 24 on x1002c6s7b0n1
Start: Wed Sep  9 10:59:27 PM EDT 2026
==================================================

Elapsed run time = 0.4669 s

Elapsed run time = 0.4669 s

Elapsed run time = 0.4697 s

Elapsed run time = 0.4674 s

Elapsed run time = 0.4667 s

Elapsed run time = 0.4715 s

Elapsed run time = 0.4698 s

Elapsed run time = 0.4719 s

Elapsed run time = 0.4712 s

Elapsed run time = 0.4715 s

Elapsed run time = 0.4718 s

Elapsed run time = 0.4666 s

Elapsed run time = 0.4672 s

Elapsed run time = 0.4712 s

Elapsed run time = 0.4714 s

Elapsed run time = 0.4710 s

Elapsed run time = 0.4699 s

Elapsed run time = 0.4719 s

Elapsed run time = 0.4718 s

Elapsed run time = 0.4719 s

Elapsed run time = 0.4716 s

Elapsed run time = 0.4707 s

Elapsed run time = 0.4702 s

Elapsed run time = 0.4685 s

Elapsed run time = 0.4720 s

Elapsed run time = 0.4714 s

Elapsed run time = 0.4709 s

Elapsed run time = 0.4725 s

Elapsed run time = 0.4711 s

Elapsed run time = 0.4666 s

Elapsed run time = 0.4705 s

Elapsed run time = 0.4666 s

Elapsed run time = 0.4724 s

Elapsed run time = 0.4709 s

Elapsed run time = 0.4705 s

Elapsed run time = 0.4641 s

Elapsed run time = 0.4730 s

Elapsed run time = 0.4726 s

Elapsed run time = 0.4728 s

Elapsed run time = 0.4728 s

Elapsed run time = 0.4723 s

Elapsed run time = 0.4719 s

Elapsed run time = 0.4718 s

Elapsed run time = 0.4716 s

Elapsed run time = 0.4710 s

Elapsed run time = 0.4708 s

Elapsed run time = 0.4713 s

Elapsed run time = 0.4727 s

Elapsed run time = 0.4704 s

Elapsed run time = 0.4708 s

Elapsed run time = 0.4708 s

Elapsed run time = 0.4711 s

Elapsed run time = 0.4704 s

Elapsed run time = 0.4711 s

Elapsed run time = 0.4719 s

Elapsed run time = 0.4690 s

Elapsed run time = 0.4701 s

Elapsed run time = 0.4725 s

Elapsed run time = 0.4681 s

Elapsed run time = 0.4699 s

Elapsed run time = 0.4686 s

Elapsed run time = 0.4723 s

Elapsed run time = 0.4701 s

Elapsed run time = 0.4697 s

Elapsed run time = 0.4728 s

Elapsed run time = 0.4690 s

Elapsed run time = 0.4671 s

Elapsed run time = 0.4723 s

Elapsed run time = 0.4672 s

Elapsed run time = 0.4726 s

Elapsed run time = 0.4718 s

Elapsed run time = 0.4717 s

Elapsed run time = 0.4715 s

Elapsed run time = 0.4715 s

Elapsed run time = 0.4726 s

Elapsed run time = 0.4716 s

Elapsed run time = 0.4721 s

Elapsed run time = 0.4721 s

Elapsed run time = 0.4730 s

Elapsed run time = 0.4708 s
  [BOTH][Rank 8] Done moment 1/2 (task 8): force_integral=+0.000000e+00
  [BOTH][Rank 12] Done moment 1/2 (task 12): force_integral=+0.000000e+00
  [BOTH][Rank 3] Done moment 1/2 (task 3): force_integral=+0.000000e+00
  [BOTH][Rank 1] Done moment 1/2 (task 1): force_integral=+9.184106e-04
  [BOTH][Rank 9] Done moment 1/2 (task 9): force_integral=+0.000000e+00
  [BOTH][Rank 14] Done moment 1/2 (task 14): force_integral=+9.196723e-04
  [BOTH][Rank 7] Done moment 1/2 (task 7): force_integral=-2.118508e-04
  [BOTH][Rank 10] Done moment 1/2 (task 10): force_integral=-2.651777e+03
  [BOTH][Rank 13] Done moment 1/2 (task 13): force_integral=+0.000000e+00
  [BOTH][Rank 15] Done moment 1/2 (task 15): force_integral=+9.196723e-04
  [BOTH][Rank 5] Done moment 1/2 (task 5): force_integral=+5.026774e+03
  [BOTH][Rank 11] Done moment 1/2 (task 11): force_integral=+5.009528e+03
  [BOTH][Rank 2] Done moment 1/2 (task 2): force_integral=+0.000000e+00
  [BOTH][Rank 6] Done moment 1/2 (task 6): force_integral=-2.118508e-04
  [BOTH][Rank 0] Done moment 1/2 (task 0): force_integral=+9.184106e-04
  [BOTH][Rank 4] Done moment 1/2 (task 4): force_integral=-2.857442e+03
  [BOTH][Rank 18] Done moment 1/2 (task 18): force_integral=+0.000000e+00
  [BOTH][Rank 19] Done moment 1/2 (task 19): force_integral=+0.000000e+00
  [BOTH][Rank 21] Done moment 1/2 (task 21): force_integral=-2.112484e-04
  [BOTH][Rank 20] Done moment 1/2 (task 20): force_integral=-2.112484e-04
  [BOTH][Rank 16] Done moment 1/2 (task 16): force_integral=-8.970256e+03
  [BOTH][Rank 17] Done moment 1/2 (task 17): force_integral=+1.570059e+04
  [BOTH][Rank 22] Done moment 1/2 (task 22): force_integral=-8.310396e+03
  [BOTH][Rank 23] Done moment 1/2 (task 23): force_integral=+1.563701e+04

Elapsed run time = 19148.2546 s

Elapsed run time = 19189.4488 s

Elapsed run time = 19245.8364 s

Elapsed run time = 19266.6723 s

Elapsed run time = 19324.6964 s

Elapsed run time = 19427.1202 s

Elapsed run time = 19435.0480 s

Elapsed run time = 19436.9075 s

Elapsed run time = 19472.2555 s

Elapsed run time = 19483.1523 s

Elapsed run time = 19494.2295 s

Elapsed run time = 19508.3401 s

Elapsed run time = 19510.2598 s

Elapsed run time = 19523.8897 s

Elapsed run time = 19535.1848 s

Elapsed run time = 19541.7546 s
  [BOTH][Rank 8] Done moment 2/2 (task 56): force_integral=-6.021508e-04
  [BOTH][Rank 12] Done moment 2/2 (task 60): force_integral=+0.000000e+00
  [BOTH][Rank 9] Done moment 2/2 (task 57): force_integral=-6.021508e-04
  [BOTH][Rank 3] Done moment 2/2 (task 51): force_integral=+2.431003e-04
  [BOTH][Rank 14] Done moment 2/2 (task 62): force_integral=+0.000000e+00
  [BOTH][Rank 1] Done moment 2/2 (task 49): force_integral=+0.000000e+00
  [BOTH][Rank 7] Done moment 2/2 (task 55): force_integral=+0.000000e+00
  [BOTH][Rank 13] Done moment 2/2 (task 61): force_integral=+0.000000e+00
  [BOTH][Rank 10] Done moment 2/2 (task 58): force_integral=-1.824493e+04
  [BOTH][Rank 15] Done moment 2/2 (task 63): force_integral=+0.000000e+00
  [BOTH][Rank 2] Done moment 2/2 (task 50): force_integral=+2.431003e-04
  [BOTH][Rank 5] Done moment 2/2 (task 53): force_integral=+1.833424e+04
  [BOTH][Rank 11] Done moment 2/2 (task 59): force_integral=+1.826287e+04
  [BOTH][Rank 6] Done moment 2/2 (task 54): force_integral=+0.000000e+00
  [BOTH][Rank 18] Done moment 2/2 (task 66): force_integral=+0.000000e+00
  [BOTH][Rank 0] Done moment 2/2 (task 48): force_integral=+0.000000e+00
  [BOTH][Rank 19] Done moment 2/2 (task 67): force_integral=+0.000000e+00

Elapsed run time = 34345.8150 s
  [BOTH][Rank 4] Done moment 2/2 (task 52): force_integral=-1.830232e+04

Elapsed run time = 34372.1570 s

Elapsed run time = 34385.3993 s
  [BOTH][Rank 21] Done moment 2/2 (task 69): force_integral=+0.000000e+00

Elapsed run time = 34401.2513 s

Elapsed run time = 34407.7522 s
  [BOTH][Rank 20] Done moment 2/2 (task 68): force_integral=+0.000000e+00

Elapsed run time = 34419.0139 s

Elapsed run time = 34447.8974 s

Elapsed run time = 34465.2278 s
  [BOTH][Rank 16] Done moment 2/2 (task 64): force_integral=+1.625210e+04
  [BOTH][Rank 22] Done moment 2/2 (task 70): force_integral=+1.614863e+04
  [BOTH][Rank 17] Done moment 2/2 (task 65): force_integral=-1.617088e+04
  [BOTH][Rank 23] Done moment 2/2 (task 71): force_integral=-1.610655e+04
  [SELF][Rank 18] Done moment 1/2 (task 18): force_integral=+0.000000e+00
  [SELF][Rank 19] Done moment 1/2 (task 19): force_integral=+0.000000e+00
  [SELF][Rank 20] Done moment 1/2 (task 20): force_integral=-7.808453e-05
  [SELF][Rank 21] Done moment 1/2 (task 21): force_integral=-7.808453e-05
  [SELF][Rank 16] Done moment 1/2 (task 16): force_integral=-8.970242e+03
  [SELF][Rank 22] Done moment 1/2 (task 22): force_integral=-8.310387e+03
  [SELF][Rank 17] Done moment 1/2 (task 17): force_integral=+1.570059e+04
  [SELF][Rank 23] Done moment 1/2 (task 23): force_integral=+1.563701e+04
