==================================================
NATURE TASK 1: GRID CONVERGENCE & EDGE ROUNDING
Array Task: 16 / 24 on x1002c0s6b0n0
Start: Thu Sep 10 11:21:26 AM EDT 2026
==================================================

Elapsed run time = 0.1989 s

Elapsed run time = 0.1981 s

Elapsed run time = 0.1972 s

Elapsed run time = 0.1984 s

Elapsed run time = 0.1997 s

Elapsed run time = 0.1972 s

Elapsed run time = 0.1988 s

Elapsed run time = 0.1988 s

Elapsed run time = 0.1991 s

Elapsed run time = 0.1997 s

Elapsed run time = 0.1996 s

Elapsed run time = 0.1995 s

Elapsed run time = 0.1992 s

Elapsed run time = 0.1980 s

Elapsed run time = 0.1983 s

Elapsed run time = 0.1984 s

Elapsed run time = 0.1991 s

Elapsed run time = 0.1974 s

Elapsed run time = 0.1999 s

Elapsed run time = 0.1977 s

Elapsed run time = 0.1980 s

Elapsed run time = 0.1978 s

Elapsed run time = 0.1992 s

Elapsed run time = 0.1983 s

Elapsed run time = 0.1989 s

Elapsed run time = 0.1978 s

Elapsed run time = 0.1974 s

Elapsed run time = 0.2000 s

Elapsed run time = 0.1989 s

Elapsed run time = 0.1987 s

Elapsed run time = 0.1992 s

Elapsed run time = 0.1998 s

Elapsed run time = 0.1973 s

Elapsed run time = 0.1991 s

Elapsed run time = 0.1996 s

Elapsed run time = 0.1990 s

Elapsed run time = 0.1977 s

Elapsed run time = 0.2002 s

Elapsed run time = 0.1996 s

Elapsed run time = 0.1976 s

Elapsed run time = 0.1983 s

Elapsed run time = 0.2003 s

Elapsed run time = 0.1985 s

Elapsed run time = 0.1987 s

Elapsed run time = 0.1985 s

Elapsed run time = 0.1999 s

Elapsed run time = 0.2007 s

Elapsed run time = 0.1990 s

Elapsed run time = 0.1994 s

Elapsed run time = 0.1994 s

Elapsed run time = 0.2009 s

Elapsed run time = 0.2005 s

Elapsed run time = 0.2005 s

Elapsed run time = 0.2006 s

Elapsed run time = 0.2002 s

Elapsed run time = 0.2001 s

Elapsed run time = 0.1986 s

Elapsed run time = 0.1988 s

Elapsed run time = 0.1990 s

Elapsed run time = 0.2007 s

Elapsed run time = 0.2004 s

Elapsed run time = 0.1995 s

Elapsed run time = 0.2006 s

Elapsed run time = 0.2002 s

Elapsed run time = 0.1989 s

Elapsed run time = 0.1992 s

Elapsed run time = 0.1982 s

Elapsed run time = 0.1989 s

Elapsed run time = 0.2002 s

Elapsed run time = 0.1996 s

Elapsed run time = 0.1995 s

Elapsed run time = 0.1985 s

Elapsed run time = 0.1996 s

Elapsed run time = 0.1992 s

Elapsed run time = 0.2000 s

Elapsed run time = 0.1993 s

Elapsed run time = 0.1984 s

Elapsed run time = 0.2000 s

Elapsed run time = 0.2011 s

Elapsed run time = 0.2005 s

Elapsed run time = 0.2010 s

Elapsed run time = 0.1997 s

Elapsed run time = 0.2009 s

Elapsed run time = 0.2002 s

Elapsed run time = 0.2002 s

Elapsed run time = 0.1995 s

Elapsed run time = 0.1990 s

Elapsed run time = 0.1993 s

Elapsed run time = 0.2000 s

Elapsed run time = 0.2010 s

Elapsed run time = 0.2003 s

Elapsed run time = 0.1983 s

Elapsed run time = 0.1991 s

Elapsed run time = 0.1995 s

Elapsed run time = 0.2003 s

Elapsed run time = 0.2010 s

Elapsed run time = 0.2007 s

Elapsed run time = 0.1983 s

Elapsed run time = 0.1998 s

Elapsed run time = 0.1986 s

Elapsed run time = 0.2007 s

Elapsed run time = 0.2001 s

Elapsed run time = 0.2007 s

Elapsed run time = 0.1991 s

Elapsed run time = 0.2011 s

Elapsed run time = 0.1992 s

Elapsed run time = 0.1995 s

Elapsed run time = 0.1990 s

Elapsed run time = 0.1993 s

Elapsed run time = 0.2009 s

Elapsed run time = 0.1993 s

Elapsed run time = 0.2002 s
