/N/u/gogordon/BigRed200/.conda/envs/meep/lib/python3.13/site-packages/meep/simulation.py:6269: RuntimeWarning: quiet has been deprecated; use the Verbosity class instead
  warnings.warn(
/N/u/gogordon/BigRed200/.conda/envs/meep/lib/python3.13/site-packages/meep/simulation.py:6269: RuntimeWarning: quiet has been deprecated; use the Verbosity class instead
  warnings.warn(
/N/u/gogordon/BigRed200/.conda/envs/meep/lib/python3.13/site-packages/meep/simulation.py:6269: RuntimeWarning: quiet has been deprecated; use the Verbosity class instead
  warnings.warn(
/N/u/gogordon/BigRed200/.conda/envs/meep/lib/python3.13/site-packages/meep/simulation.py:6269: RuntimeWarning: quiet has been deprecated; use the Verbosity class instead
  warnings.warn(
/N/u/gogordon/BigRed200/.conda/envs/meep/lib/python3.13/site-packages/meep/simulation.py:6269: RuntimeWarning: quiet has been deprecated; use the Verbosity class instead
  warnings.warn(
/N/u/gogordon/BigRed200/.conda/envs/meep/lib/python3.13/site-packages/meep/simulation.py:6269: RuntimeWarning: quiet has been deprecated; use the Verbosity class instead
  warnings.warn(
/N/u/gogordon/BigRed200/.conda/envs/meep/lib/python3.13/site-packages/meep/simulation.py:6269: RuntimeWarning: quiet has been deprecated; use the Verbosity class instead
  warnings.warn(
/N/u/gogordon/BigRed200/.conda/envs/meep/lib/python3.13/site-packages/meep/simulation.py:6269: RuntimeWarning: quiet has been deprecated; use the Verbosity class instead
  warnings.warn(
/N/u/gogordon/BigRed200/.conda/envs/meep/lib/python3.13/site-packages/meep/simulation.py:6269: RuntimeWarning: quiet has been deprecated; use the Verbosity class instead
  warnings.warn(
/N/u/gogordon/BigRed200/.conda/envs/meep/lib/python3.13/site-packages/meep/simulation.py:6269: RuntimeWarning: quiet has been deprecated; use the Verbosity class instead
  warnings.warn(
/N/u/gogordon/BigRed200/.conda/envs/meep/lib/python3.13/site-packages/meep/simulation.py:6269: RuntimeWarning: quiet has been deprecated; use the Verbosity class instead
  warnings.warn(
/N/u/gogordon/BigRed200/.conda/envs/meep/lib/python3.13/site-packages/meep/simulation.py:6269: RuntimeWarning: quiet has been deprecated; use the Verbosity class instead
  warnings.warn(
/N/u/gogordon/BigRed200/.conda/envs/meep/lib/python3.13/site-packages/meep/simulation.py:6269: RuntimeWarning: quiet has been deprecated; use the Verbosity class instead
  warnings.warn(
/N/u/gogordon/BigRed200/.conda/envs/meep/lib/python3.13/site-packages/meep/simulation.py:6269: RuntimeWarning: quiet has been deprecated; use the Verbosity class instead
  warnings.warn(
/N/u/gogordon/BigRed200/.conda/envs/meep/lib/python3.13/site-packages/meep/simulation.py:6269: RuntimeWarning: quiet has been deprecated; use the Verbosity class instead
  warnings.warn(
/N/u/gogordon/BigRed200/.conda/envs/meep/lib/python3.13/site-packages/meep/simulation.py:6269: RuntimeWarning: quiet has been deprecated; use the Verbosity class instead
  warnings.warn(
/N/u/gogordon/BigRed200/.conda/envs/meep/lib/python3.13/site-packages/meep/simulation.py:6269: RuntimeWarning: quiet has been deprecated; use the Verbosity class instead
  warnings.warn(
/N/u/gogordon/BigRed200/.conda/envs/meep/lib/python3.13/site-packages/meep/simulation.py:6269: RuntimeWarning: quiet has been deprecated; use the Verbosity class instead
  warnings.warn(
/N/u/gogordon/BigRed200/.conda/envs/meep/lib/python3.13/site-packages/meep/simulation.py:6269: RuntimeWarning: quiet has been deprecated; use the Verbosity class instead
  warnings.warn(
/N/u/gogordon/BigRed200/.conda/envs/meep/lib/python3.13/site-packages/meep/simulation.py:6269: RuntimeWarning: quiet has been deprecated; use the Verbosity class instead
  warnings.warn(
/N/u/gogordon/BigRed200/.conda/envs/meep/lib/python3.13/site-packages/meep/simulation.py:6269: RuntimeWarning: quiet has been deprecated; use the Verbosity class instead
  warnings.warn(
/N/u/gogordon/BigRed200/.conda/envs/meep/lib/python3.13/site-packages/meep/simulation.py:6269: RuntimeWarning: quiet has been deprecated; use the Verbosity class instead
  warnings.warn(
/N/u/gogordon/BigRed200/.conda/envs/meep/lib/python3.13/site-packages/meep/simulation.py:6269: RuntimeWarning: quiet has been deprecated; use the Verbosity class instead
  warnings.warn(
/N/u/gogordon/BigRed200/.conda/envs/meep/lib/python3.13/site-packages/meep/simulation.py:6269: RuntimeWarning: quiet has been deprecated; use the Verbosity class instead
  warnings.warn(
/N/u/gogordon/BigRed200/.conda/envs/meep/lib/python3.13/site-packages/meep/simulation.py:6269: RuntimeWarning: quiet has been deprecated; use the Verbosity class instead
  warnings.warn(
/N/u/gogordon/BigRed200/.conda/envs/meep/lib/python3.13/site-packages/meep/simulation.py:6269: RuntimeWarning: quiet has been deprecated; use the Verbosity class instead
  warnings.warn(
/N/u/gogordon/BigRed200/.conda/envs/meep/lib/python3.13/site-packages/meep/simulation.py:6269: RuntimeWarning: quiet has been deprecated; use the Verbosity class instead
  warnings.warn(
/N/u/gogordon/BigRed200/.conda/envs/meep/lib/python3.13/site-packages/meep/simulation.py:6269: RuntimeWarning: quiet has been deprecated; use the Verbosity class instead
  warnings.warn(
/N/u/gogordon/BigRed200/.conda/envs/meep/lib/python3.13/site-packages/meep/simulation.py:6269: RuntimeWarning: quiet has been deprecated; use the Verbosity class instead
  warnings.warn(
/N/u/gogordon/BigRed200/.conda/envs/meep/lib/python3.13/site-packages/meep/simulation.py:6269: RuntimeWarning: quiet has been deprecated; use the Verbosity class instead
  warnings.warn(
/N/u/gogordon/BigRed200/.conda/envs/meep/lib/python3.13/site-packages/meep/simulation.py:6269: RuntimeWarning: quiet has been deprecated; use the Verbosity class instead
  warnings.warn(
/N/u/gogordon/BigRed200/.conda/envs/meep/lib/python3.13/site-packages/meep/simulation.py:6269: RuntimeWarning: quiet has been deprecated; use the Verbosity class instead
  warnings.warn(
/N/u/gogordon/BigRed200/.conda/envs/meep/lib/python3.13/site-packages/meep/simulation.py:6269: RuntimeWarning: quiet has been deprecated; use the Verbosity class instead
  warnings.warn(
/N/u/gogordon/BigRed200/.conda/envs/meep/lib/python3.13/site-packages/meep/simulation.py:6269: RuntimeWarning: quiet has been deprecated; use the Verbosity class instead
  warnings.warn(
/N/u/gogordon/BigRed200/.conda/envs/meep/lib/python3.13/site-packages/meep/simulation.py:6269: RuntimeWarning: quiet has been deprecated; use the Verbosity class instead
  warnings.warn(
/N/u/gogordon/BigRed200/.conda/envs/meep/lib/python3.13/site-packages/meep/simulation.py:6269: RuntimeWarning: quiet has been deprecated; use the Verbosity class instead
  warnings.warn(
/N/u/gogordon/BigRed200/.conda/envs/meep/lib/python3.13/site-packages/meep/simulation.py:6269: RuntimeWarning: quiet has been deprecated; use the Verbosity class instead
  warnings.warn(
/N/u/gogordon/BigRed200/.conda/envs/meep/lib/python3.13/site-packages/meep/simulation.py:6269: RuntimeWarning: quiet has been deprecated; use the Verbosity class instead
  warnings.warn(
/N/u/gogordon/BigRed200/.conda/envs/meep/lib/python3.13/site-packages/meep/simulation.py:6269: RuntimeWarning: quiet has been deprecated; use the Verbosity class instead
  warnings.warn(
/N/u/gogordon/BigRed200/.conda/envs/meep/lib/python3.13/site-packages/meep/simulation.py:6269: RuntimeWarning: quiet has been deprecated; use the Verbosity class instead
  warnings.warn(
/N/u/gogordon/BigRed200/.conda/envs/meep/lib/python3.13/site-packages/meep/simulation.py:6269: RuntimeWarning: quiet has been deprecated; use the Verbosity class instead
  warnings.warn(
/N/u/gogordon/BigRed200/.conda/envs/meep/lib/python3.13/site-packages/meep/simulation.py:6269: RuntimeWarning: quiet has been deprecated; use the Verbosity class instead
  warnings.warn(
/N/u/gogordon/BigRed200/.conda/envs/meep/lib/python3.13/site-packages/meep/simulation.py:6269: RuntimeWarning: quiet has been deprecated; use the Verbosity class instead
  warnings.warn(
/N/u/gogordon/BigRed200/.conda/envs/meep/lib/python3.13/site-packages/meep/simulation.py:6269: RuntimeWarning: quiet has been deprecated; use the Verbosity class instead
  warnings.warn(
/N/u/gogordon/BigRed200/.conda/envs/meep/lib/python3.13/site-packages/meep/simulation.py:6269: RuntimeWarning: quiet has been deprecated; use the Verbosity class instead
  warnings.warn(
/N/u/gogordon/BigRed200/.conda/envs/meep/lib/python3.13/site-packages/meep/simulation.py:6269: RuntimeWarning: quiet has been deprecated; use the Verbosity class instead
  warnings.warn(
/N/u/gogordon/BigRed200/.conda/envs/meep/lib/python3.13/site-packages/meep/simulation.py:6269: RuntimeWarning: quiet has been deprecated; use the Verbosity class instead
  warnings.warn(
/N/u/gogordon/BigRed200/.conda/envs/meep/lib/python3.13/site-packages/meep/simulation.py:6269: RuntimeWarning: quiet has been deprecated; use the Verbosity class instead
  warnings.warn(
/N/u/gogordon/BigRed200/.conda/envs/meep/lib/python3.13/site-packages/meep/simulation.py:6269: RuntimeWarning: quiet has been deprecated; use the Verbosity class instead
  warnings.warn(
/N/u/gogordon/BigRed200/.conda/envs/meep/lib/python3.13/site-packages/meep/simulation.py:6269: RuntimeWarning: quiet has been deprecated; use the Verbosity class instead
  warnings.warn(
/N/u/gogordon/BigRed200/.conda/envs/meep/lib/python3.13/site-packages/meep/simulation.py:6269: RuntimeWarning: quiet has been deprecated; use the Verbosity class instead
  warnings.warn(
/N/u/gogordon/BigRed200/.conda/envs/meep/lib/python3.13/site-packages/meep/simulation.py:6269: RuntimeWarning: quiet has been deprecated; use the Verbosity class instead
  warnings.warn(
/N/u/gogordon/BigRed200/.conda/envs/meep/lib/python3.13/site-packages/meep/simulation.py:6269: RuntimeWarning: quiet has been deprecated; use the Verbosity class instead
  warnings.warn(
/N/u/gogordon/BigRed200/.conda/envs/meep/lib/python3.13/site-packages/meep/simulation.py:6269: RuntimeWarning: quiet has been deprecated; use the Verbosity class instead
  warnings.warn(
/N/u/gogordon/BigRed200/.conda/envs/meep/lib/python3.13/site-packages/meep/simulation.py:6269: RuntimeWarning: quiet has been deprecated; use the Verbosity class instead
  warnings.warn(
/N/u/gogordon/BigRed200/.conda/envs/meep/lib/python3.13/site-packages/meep/simulation.py:6269: RuntimeWarning: quiet has been deprecated; use the Verbosity class instead
  warnings.warn(
/N/u/gogordon/BigRed200/.conda/envs/meep/lib/python3.13/site-packages/meep/simulation.py:6269: RuntimeWarning: quiet has been deprecated; use the Verbosity class instead
  warnings.warn(
/N/u/gogordon/BigRed200/.conda/envs/meep/lib/python3.13/site-packages/meep/simulation.py:6269: RuntimeWarning: quiet has been deprecated; use the Verbosity class instead
  warnings.warn(
/N/u/gogordon/BigRed200/.conda/envs/meep/lib/python3.13/site-packages/meep/simulation.py:6269: RuntimeWarning: quiet has been deprecated; use the Verbosity class instead
  warnings.warn(
/N/u/gogordon/BigRed200/.conda/envs/meep/lib/python3.13/site-packages/meep/simulation.py:6269: RuntimeWarning: quiet has been deprecated; use the Verbosity class instead
  warnings.warn(
/N/u/gogordon/BigRed200/.conda/envs/meep/lib/python3.13/site-packages/meep/simulation.py:6269: RuntimeWarning: quiet has been deprecated; use the Verbosity class instead
  warnings.warn(
/N/u/gogordon/BigRed200/.conda/envs/meep/lib/python3.13/site-packages/meep/simulation.py:6269: RuntimeWarning: quiet has been deprecated; use the Verbosity class instead
  warnings.warn(
/N/u/gogordon/BigRed200/.conda/envs/meep/lib/python3.13/site-packages/meep/simulation.py:6269: RuntimeWarning: quiet has been deprecated; use the Verbosity class instead
  warnings.warn(
/N/u/gogordon/BigRed200/.conda/envs/meep/lib/python3.13/site-packages/meep/simulation.py:6269: RuntimeWarning: quiet has been deprecated; use the Verbosity class instead
  warnings.warn(
/N/u/gogordon/BigRed200/.conda/envs/meep/lib/python3.13/site-packages/meep/simulation.py:6269: RuntimeWarning: quiet has been deprecated; use the Verbosity class instead
  warnings.warn(
/N/u/gogordon/BigRed200/.conda/envs/meep/lib/python3.13/site-packages/meep/simulation.py:6269: RuntimeWarning: quiet has been deprecated; use the Verbosity class instead
  warnings.warn(
/N/u/gogordon/BigRed200/.conda/envs/meep/lib/python3.13/site-packages/meep/simulation.py:6269: RuntimeWarning: quiet has been deprecated; use the Verbosity class instead
  warnings.warn(
/N/u/gogordon/BigRed200/.conda/envs/meep/lib/python3.13/site-packages/meep/simulation.py:6269: RuntimeWarning: quiet has been deprecated; use the Verbosity class instead
  warnings.warn(
/N/u/gogordon/BigRed200/.conda/envs/meep/lib/python3.13/site-packages/meep/simulation.py:6269: RuntimeWarning: quiet has been deprecated; use the Verbosity class instead
  warnings.warn(
/N/u/gogordon/BigRed200/.conda/envs/meep/lib/python3.13/site-packages/meep/simulation.py:6269: RuntimeWarning: quiet has been deprecated; use the Verbosity class instead
  warnings.warn(
/N/u/gogordon/BigRed200/.conda/envs/meep/lib/python3.13/site-packages/meep/simulation.py:6269: RuntimeWarning: quiet has been deprecated; use the Verbosity class instead
  warnings.warn(
/N/u/gogordon/BigRed200/.conda/envs/meep/lib/python3.13/site-packages/meep/simulation.py:6269: RuntimeWarning: quiet has been deprecated; use the Verbosity class instead
  warnings.warn(
/N/u/gogordon/BigRed200/.conda/envs/meep/lib/python3.13/site-packages/meep/simulation.py:6269: RuntimeWarning: quiet has been deprecated; use the Verbosity class instead
  warnings.warn(
/N/u/gogordon/BigRed200/.conda/envs/meep/lib/python3.13/site-packages/meep/simulation.py:6269: RuntimeWarning: quiet has been deprecated; use the Verbosity class instead
  warnings.warn(
/N/u/gogordon/BigRed200/.conda/envs/meep/lib/python3.13/site-packages/meep/simulation.py:6269: RuntimeWarning: quiet has been deprecated; use the Verbosity class instead
  warnings.warn(
/N/u/gogordon/BigRed200/.conda/envs/meep/lib/python3.13/site-packages/meep/simulation.py:6269: RuntimeWarning: quiet has been deprecated; use the Verbosity class instead
  warnings.warn(
/N/u/gogordon/BigRed200/.conda/envs/meep/lib/python3.13/site-packages/meep/simulation.py:6269: RuntimeWarning: quiet has been deprecated; use the Verbosity class instead
  warnings.warn(
/N/u/gogordon/BigRed200/.conda/envs/meep/lib/python3.13/site-packages/meep/simulation.py:6269: RuntimeWarning: quiet has been deprecated; use the Verbosity class instead
  warnings.warn(
/N/u/gogordon/BigRed200/.conda/envs/meep/lib/python3.13/site-packages/meep/simulation.py:6269: RuntimeWarning: quiet has been deprecated; use the Verbosity class instead
  warnings.warn(
/N/u/gogordon/BigRed200/.conda/envs/meep/lib/python3.13/site-packages/meep/simulation.py:6269: RuntimeWarning: quiet has been deprecated; use the Verbosity class instead
  warnings.warn(
/N/u/gogordon/BigRed200/.conda/envs/meep/lib/python3.13/site-packages/meep/simulation.py:6269: RuntimeWarning: quiet has been deprecated; use the Verbosity class instead
  warnings.warn(
/N/u/gogordon/BigRed200/.conda/envs/meep/lib/python3.13/site-packages/meep/simulation.py:6269: RuntimeWarning: quiet has been deprecated; use the Verbosity class instead
  warnings.warn(
/N/u/gogordon/BigRed200/.conda/envs/meep/lib/python3.13/site-packages/meep/simulation.py:6269: RuntimeWarning: quiet has been deprecated; use the Verbosity class instead
  warnings.warn(
/N/u/gogordon/BigRed200/.conda/envs/meep/lib/python3.13/site-packages/meep/simulation.py:6269: RuntimeWarning: quiet has been deprecated; use the Verbosity class instead
  warnings.warn(
/N/u/gogordon/BigRed200/.conda/envs/meep/lib/python3.13/site-packages/meep/simulation.py:6269: RuntimeWarning: quiet has been deprecated; use the Verbosity class instead
  warnings.warn(
/N/u/gogordon/BigRed200/.conda/envs/meep/lib/python3.13/site-packages/meep/simulation.py:6269: RuntimeWarning: quiet has been deprecated; use the Verbosity class instead
  warnings.warn(
/N/u/gogordon/BigRed200/.conda/envs/meep/lib/python3.13/site-packages/meep/simulation.py:6269: RuntimeWarning: quiet has been deprecated; use the Verbosity class instead
  warnings.warn(
/N/u/gogordon/BigRed200/.conda/envs/meep/lib/python3.13/site-packages/meep/simulation.py:6269: RuntimeWarning: quiet has been deprecated; use the Verbosity class instead
  warnings.warn(
/N/u/gogordon/BigRed200/.conda/envs/meep/lib/python3.13/site-packages/meep/simulation.py:6269: RuntimeWarning: quiet has been deprecated; use the Verbosity class instead
  warnings.warn(
/N/u/gogordon/BigRed200/.conda/envs/meep/lib/python3.13/site-packages/meep/simulation.py:6269: RuntimeWarning: quiet has been deprecated; use the Verbosity class instead
  warnings.warn(
/N/u/gogordon/BigRed200/.conda/envs/meep/lib/python3.13/site-packages/meep/simulation.py:6269: RuntimeWarning: quiet has been deprecated; use the Verbosity class instead
  warnings.warn(
/N/u/gogordon/BigRed200/.conda/envs/meep/lib/python3.13/site-packages/meep/simulation.py:6269: RuntimeWarning: quiet has been deprecated; use the Verbosity class instead
  warnings.warn(
/N/u/gogordon/BigRed200/.conda/envs/meep/lib/python3.13/site-packages/meep/simulation.py:6269: RuntimeWarning: quiet has been deprecated; use the Verbosity class instead
  warnings.warn(
/N/u/gogordon/BigRed200/.conda/envs/meep/lib/python3.13/site-packages/meep/simulation.py:6269: RuntimeWarning: quiet has been deprecated; use the Verbosity class instead
  warnings.warn(
/N/u/gogordon/BigRed200/.conda/envs/meep/lib/python3.13/site-packages/meep/simulation.py:6269: RuntimeWarning: quiet has been deprecated; use the Verbosity class instead
  warnings.warn(
/N/u/gogordon/BigRed200/.conda/envs/meep/lib/python3.13/site-packages/meep/simulation.py:6269: RuntimeWarning: quiet has been deprecated; use the Verbosity class instead
  warnings.warn(
/N/u/gogordon/BigRed200/.conda/envs/meep/lib/python3.13/site-packages/meep/simulation.py:6269: RuntimeWarning: quiet has been deprecated; use the Verbosity class instead
  warnings.warn(
/N/u/gogordon/BigRed200/.conda/envs/meep/lib/python3.13/site-packages/meep/simulation.py:6269: RuntimeWarning: quiet has been deprecated; use the Verbosity class instead
  warnings.warn(
/N/u/gogordon/BigRed200/.conda/envs/meep/lib/python3.13/site-packages/meep/simulation.py:6269: RuntimeWarning: quiet has been deprecated; use the Verbosity class instead
  warnings.warn(
/N/u/gogordon/BigRed200/.conda/envs/meep/lib/python3.13/site-packages/meep/simulation.py:6269: RuntimeWarning: quiet has been deprecated; use the Verbosity class instead
  warnings.warn(
/N/u/gogordon/BigRed200/.conda/envs/meep/lib/python3.13/site-packages/meep/simulation.py:6269: RuntimeWarning: quiet has been deprecated; use the Verbosity class instead
  warnings.warn(
/N/u/gogordon/BigRed200/.conda/envs/meep/lib/python3.13/site-packages/meep/simulation.py:6269: RuntimeWarning: quiet has been deprecated; use the Verbosity class instead
  warnings.warn(
/N/u/gogordon/BigRed200/.conda/envs/meep/lib/python3.13/site-packages/meep/simulation.py:6269: RuntimeWarning: quiet has been deprecated; use the Verbosity class instead
  warnings.warn(
/N/u/gogordon/BigRed200/.conda/envs/meep/lib/python3.13/site-packages/meep/simulation.py:6269: RuntimeWarning: quiet has been deprecated; use the Verbosity class instead
  warnings.warn(
/N/u/gogordon/BigRed200/.conda/envs/meep/lib/python3.13/site-packages/meep/simulation.py:6269: RuntimeWarning: quiet has been deprecated; use the Verbosity class instead
  warnings.warn(
/N/u/gogordon/BigRed200/.conda/envs/meep/lib/python3.13/site-packages/meep/simulation.py:6269: RuntimeWarning: quiet has been deprecated; use the Verbosity class instead
  warnings.warn(
/N/u/gogordon/BigRed200/.conda/envs/meep/lib/python3.13/site-packages/meep/simulation.py:6269: RuntimeWarning: quiet has been deprecated; use the Verbosity class instead
  warnings.warn(
/N/u/gogordon/BigRed200/.conda/envs/meep/lib/python3.13/site-packages/meep/simulation.py:6269: RuntimeWarning: quiet has been deprecated; use the Verbosity class instead
  warnings.warn(
/N/u/gogordon/BigRed200/.conda/envs/meep/lib/python3.13/site-packages/meep/simulation.py:6269: RuntimeWarning: quiet has been deprecated; use the Verbosity class instead
  warnings.warn(
/N/u/gogordon/BigRed200/.conda/envs/meep/lib/python3.13/site-packages/meep/simulation.py:6269: RuntimeWarning: quiet has been deprecated; use the Verbosity class instead
  warnings.warn(
/N/u/gogordon/BigRed200/.conda/envs/meep/lib/python3.13/site-packages/meep/simulation.py:6269: RuntimeWarning: quiet has been deprecated; use the Verbosity class instead
  warnings.warn(
/N/u/gogordon/BigRed200/.conda/envs/meep/lib/python3.13/site-packages/meep/simulation.py:6269: RuntimeWarning: quiet has been deprecated; use the Verbosity class instead
  warnings.warn(
/N/u/gogordon/BigRed200/.conda/envs/meep/lib/python3.13/site-packages/meep/simulation.py:6269: RuntimeWarning: quiet has been deprecated; use the Verbosity class instead
  warnings.warn(
/N/u/gogordon/BigRed200/.conda/envs/meep/lib/python3.13/site-packages/meep/simulation.py:6269: RuntimeWarning: quiet has been deprecated; use the Verbosity class instead
  warnings.warn(
/N/u/gogordon/BigRed200/.conda/envs/meep/lib/python3.13/site-packages/meep/simulation.py:6269: RuntimeWarning: quiet has been deprecated; use the Verbosity class instead
  warnings.warn(
/N/u/gogordon/BigRed200/.conda/envs/meep/lib/python3.13/site-packages/meep/simulation.py:6269: RuntimeWarning: quiet has been deprecated; use the Verbosity class instead
  warnings.warn(
/N/u/gogordon/BigRed200/.conda/envs/meep/lib/python3.13/site-packages/meep/simulation.py:6269: RuntimeWarning: quiet has been deprecated; use the Verbosity class instead
  warnings.warn(
/N/u/gogordon/BigRed200/.conda/envs/meep/lib/python3.13/site-packages/meep/simulation.py:6269: RuntimeWarning: quiet has been deprecated; use the Verbosity class instead
  warnings.warn(
/N/u/gogordon/BigRed200/.conda/envs/meep/lib/python3.13/site-packages/meep/simulation.py:6269: RuntimeWarning: quiet has been deprecated; use the Verbosity class instead
  warnings.warn(
/N/u/gogordon/BigRed200/.conda/envs/meep/lib/python3.13/site-packages/meep/simulation.py:6269: RuntimeWarning: quiet has been deprecated; use the Verbosity class instead
  warnings.warn(
/N/u/gogordon/BigRed200/.conda/envs/meep/lib/python3.13/site-packages/meep/simulation.py:6269: RuntimeWarning: quiet has been deprecated; use the Verbosity class instead
  warnings.warn(
/N/u/gogordon/BigRed200/.conda/envs/meep/lib/python3.13/site-packages/meep/simulation.py:6269: RuntimeWarning: quiet has been deprecated; use the Verbosity class instead
  warnings.warn(
/N/u/gogordon/BigRed200/.conda/envs/meep/lib/python3.13/site-packages/meep/simulation.py:6269: RuntimeWarning: quiet has been deprecated; use the Verbosity class instead
  warnings.warn(
/N/u/gogordon/BigRed200/.conda/envs/meep/lib/python3.13/site-packages/meep/simulation.py:6269: RuntimeWarning: quiet has been deprecated; use the Verbosity class instead
  warnings.warn(
/N/u/gogordon/BigRed200/.conda/envs/meep/lib/python3.13/site-packages/meep/simulation.py:6269: RuntimeWarning: quiet has been deprecated; use the Verbosity class instead
  warnings.warn(
/N/u/gogordon/BigRed200/.conda/envs/meep/lib/python3.13/site-packages/meep/simulation.py:6269: RuntimeWarning: quiet has been deprecated; use the Verbosity class instead
  warnings.warn(
/N/u/gogordon/BigRed200/.conda/envs/meep/lib/python3.13/site-packages/meep/simulation.py:6269: RuntimeWarning: quiet has been deprecated; use the Verbosity class instead
  warnings.warn(
/N/u/gogordon/BigRed200/.conda/envs/meep/lib/python3.13/site-packages/meep/simulation.py:6269: RuntimeWarning: quiet has been deprecated; use the Verbosity class instead
  warnings.warn(
srun: Job step aborted: Waiting up to 32 seconds for job step to finish.
slurmstepd: error: *** STEP 8182902.0 ON nid0110 CANCELLED AT 2026-09-11T11:21:38 DUE TO TIME LIMIT ***
slurmstepd: error: *** JOB 8182902 ON nid0110 CANCELLED AT 2026-09-11T11:21:38 DUE TO TIME LIMIT ***
