==================================================
NATURE TASK 1: GRID CONVERGENCE & EDGE ROUNDING
Array Task: 14 / 24 on x1002c0s4b0n1
Start: Thu Sep 10 10:49:27 AM EDT 2026
==================================================

Elapsed run time = 0.6057 s

Elapsed run time = 0.6061 s

Elapsed run time = 0.6063 s

Elapsed run time = 0.6060 s

Elapsed run time = 0.6033 s

Elapsed run time = 0.6038 s

Elapsed run time = 0.6058 s

Elapsed run time = 0.6060 s

Elapsed run time = 0.6062 s

Elapsed run time = 0.6060 s

Elapsed run time = 0.6032 s

Elapsed run time = 0.6028 s

Elapsed run time = 0.6048 s

Elapsed run time = 0.6064 s

Elapsed run time = 0.6040 s

Elapsed run time = 0.6063 s

Elapsed run time = 0.6031 s

Elapsed run time = 0.6032 s

Elapsed run time = 0.6034 s

Elapsed run time = 0.6052 s

Elapsed run time = 0.6065 s

Elapsed run time = 0.6036 s

Elapsed run time = 0.6065 s

Elapsed run time = 0.6044 s

Elapsed run time = 0.6051 s

Elapsed run time = 0.6036 s

Elapsed run time = 0.6066 s

Elapsed run time = 0.6039 s

Elapsed run time = 0.6040 s

Elapsed run time = 0.6064 s

Elapsed run time = 0.6051 s

Elapsed run time = 0.6049 s

Elapsed run time = 0.6031 s

Elapsed run time = 0.6064 s

Elapsed run time = 0.6066 s

Elapsed run time = 0.6052 s

Elapsed run time = 0.6068 s

Elapsed run time = 0.6043 s

Elapsed run time = 0.6069 s

Elapsed run time = 0.6068 s

Elapsed run time = 0.6067 s

Elapsed run time = 0.6058 s

Elapsed run time = 0.6060 s

Elapsed run time = 0.6071 s

Elapsed run time = 0.6058 s

Elapsed run time = 0.6068 s

Elapsed run time = 0.6043 s

Elapsed run time = 0.6069 s

Elapsed run time = 0.6056 s

Elapsed run time = 0.6034 s

Elapsed run time = 0.6052 s

Elapsed run time = 0.6067 s

Elapsed run time = 0.6035 s

Elapsed run time = 0.6057 s

Elapsed run time = 0.6037 s

Elapsed run time = 0.6048 s

Elapsed run time = 0.6035 s

Elapsed run time = 0.6041 s

Elapsed run time = 0.6037 s

Elapsed run time = 0.6071 s

Elapsed run time = 0.6068 s

Elapsed run time = 0.6042 s

Elapsed run time = 0.6064 s

Elapsed run time = 0.6066 s

Elapsed run time = 0.6062 s

Elapsed run time = 0.6068 s

Elapsed run time = 0.6044 s

Elapsed run time = 0.6075 s

Elapsed run time = 0.6077 s

Elapsed run time = 0.6076 s

Elapsed run time = 0.6073 s

Elapsed run time = 0.6047 s

Elapsed run time = 0.6047 s

Elapsed run time = 0.6051 s

Elapsed run time = 0.6046 s

Elapsed run time = 0.6043 s

Elapsed run time = 0.6054 s

Elapsed run time = 0.6045 s

Elapsed run time = 0.6050 s

Elapsed run time = 0.6044 s

Elapsed run time = 0.6077 s

Elapsed run time = 0.6043 s

Elapsed run time = 0.6073 s

Elapsed run time = 0.6051 s

Elapsed run time = 0.6050 s

Elapsed run time = 0.6047 s

Elapsed run time = 0.6071 s

Elapsed run time = 0.6050 s

Elapsed run time = 0.6072 s

Elapsed run time = 0.6055 s

Elapsed run time = 0.6077 s

Elapsed run time = 0.6072 s

Elapsed run time = 0.6081 s

Elapsed run time = 0.6079 s

Elapsed run time = 0.6051 s

Elapsed run time = 0.6085 s

Elapsed run time = 0.6083 s

Elapsed run time = 0.6083 s

Elapsed run time = 0.6068 s

Elapsed run time = 0.6077 s

Elapsed run time = 0.6054 s

Elapsed run time = 0.6080 s

Elapsed run time = 0.6075 s

Elapsed run time = 0.6084 s
  [BOTH][Rank 18] Done moment 1/3 (task 18): force_integral=+0.000000e+00
  [BOTH][Rank 19] Done moment 1/3 (task 19): force_integral=+0.000000e+00
  [BOTH][Rank 20] Done moment 1/3 (task 20): force_integral=-2.780515e-04
  [BOTH][Rank 21] Done moment 1/3 (task 21): force_integral=-2.780515e-04
  [BOTH][Rank 16] Done moment 1/3 (task 16): force_integral=-1.433056e+04
  [BOTH][Rank 17] Done moment 1/3 (task 17): force_integral=+2.518919e+04
  [BOTH][Rank 22] Done moment 1/3 (task 22): force_integral=-1.328684e+04
  [BOTH][Rank 23] Done moment 1/3 (task 23): force_integral=+2.511741e+04
