==================================================
NATURE TASK 1: GRID CONVERGENCE & EDGE ROUNDING
Array Task: 18 / 24 on x1002c1s7b1n0
Start: Thu Sep 10 12:31:26 PM EDT 2026
==================================================

Elapsed run time = 0.3917 s

Elapsed run time = 0.3911 s

Elapsed run time = 0.3919 s

Elapsed run time = 0.3926 s

Elapsed run time = 0.3934 s

Elapsed run time = 0.3917 s

Elapsed run time = 0.3923 s

Elapsed run time = 0.3917 s

Elapsed run time = 0.3906 s

Elapsed run time = 0.3919 s

Elapsed run time = 0.3921 s

Elapsed run time = 0.3913 s

Elapsed run time = 0.3932 s

Elapsed run time = 0.3913 s

Elapsed run time = 0.3905 s

Elapsed run time = 0.3914 s

Elapsed run time = 0.3921 s

Elapsed run time = 0.3918 s

Elapsed run time = 0.3915 s

Elapsed run time = 0.3905 s

Elapsed run time = 0.3929 s

Elapsed run time = 0.3929 s

Elapsed run time = 0.3914 s

Elapsed run time = 0.3915 s

Elapsed run time = 0.3927 s

Elapsed run time = 0.3923 s

Elapsed run time = 0.3924 s

Elapsed run time = 0.3921 s

Elapsed run time = 0.3924 s

Elapsed run time = 0.3923 s

Elapsed run time = 0.3922 s

Elapsed run time = 0.3927 s

Elapsed run time = 0.3927 s

Elapsed run time = 0.3924 s

Elapsed run time = 0.3928 s

Elapsed run time = 0.3920 s

Elapsed run time = 0.3922 s

Elapsed run time = 0.3934 s

Elapsed run time = 0.3936 s

Elapsed run time = 0.3920 s

Elapsed run time = 0.3933 s

Elapsed run time = 0.3921 s

Elapsed run time = 0.3918 s

Elapsed run time = 0.3923 s

Elapsed run time = 0.3933 s

Elapsed run time = 0.3921 s

Elapsed run time = 0.3930 s

Elapsed run time = 0.3922 s

Elapsed run time = 0.3922 s

Elapsed run time = 0.3922 s

Elapsed run time = 0.3930 s

Elapsed run time = 0.3937 s

Elapsed run time = 0.3937 s

Elapsed run time = 0.3930 s

Elapsed run time = 0.3932 s

Elapsed run time = 0.3932 s

Elapsed run time = 0.3930 s

Elapsed run time = 0.3915 s

Elapsed run time = 0.3933 s

Elapsed run time = 0.3930 s

Elapsed run time = 0.3941 s

Elapsed run time = 0.3933 s

Elapsed run time = 0.3934 s

Elapsed run time = 0.3940 s

Elapsed run time = 0.3935 s

Elapsed run time = 0.3936 s

Elapsed run time = 0.3923 s

Elapsed run time = 0.3937 s

Elapsed run time = 0.3916 s

Elapsed run time = 0.3925 s

Elapsed run time = 0.3918 s

Elapsed run time = 0.3937 s

Elapsed run time = 0.3936 s

Elapsed run time = 0.3934 s

Elapsed run time = 0.3923 s

Elapsed run time = 0.3941 s

Elapsed run time = 0.3934 s

Elapsed run time = 0.3924 s

Elapsed run time = 0.3935 s

Elapsed run time = 0.3928 s

Elapsed run time = 0.3940 s

Elapsed run time = 0.3931 s

Elapsed run time = 0.3939 s

Elapsed run time = 0.3926 s

Elapsed run time = 0.3925 s

Elapsed run time = 0.3924 s

Elapsed run time = 0.3930 s

Elapsed run time = 0.3942 s

Elapsed run time = 0.3938 s

Elapsed run time = 0.3934 s

Elapsed run time = 0.3940 s

Elapsed run time = 0.3925 s

Elapsed run time = 0.3944 s

Elapsed run time = 0.3924 s

Elapsed run time = 0.3926 s

Elapsed run time = 0.3923 s

Elapsed run time = 0.3929 s

Elapsed run time = 0.3921 s

Elapsed run time = 0.3938 s

Elapsed run time = 0.3927 s

Elapsed run time = 0.3948 s

Elapsed run time = 0.3944 s

Elapsed run time = 0.3934 s

Elapsed run time = 0.3946 s

Elapsed run time = 0.3944 s

Elapsed run time = 0.3926 s

Elapsed run time = 0.3943 s

Elapsed run time = 0.3944 s

Elapsed run time = 0.3940 s

Elapsed run time = 0.3939 s

Elapsed run time = 0.3928 s

Elapsed run time = 0.3937 s
