==================================================
NATURE TASK 1: GRID CONVERGENCE & EDGE ROUNDING
Array Task: 23 / 24 on x1002c6s7b0n1
Start: Thu Sep 10 11:00:28 PM EDT 2026
==================================================

Elapsed run time = 0.5585 s

Elapsed run time = 0.5577 s

Elapsed run time = 0.5692 s

Elapsed run time = 0.5733 s

Elapsed run time = 0.5802 s

Elapsed run time = 0.5840 s

Elapsed run time = 0.5993 s

Elapsed run time = 0.5999 s

Elapsed run time = 0.6070 s

Elapsed run time = 0.6077 s

Elapsed run time = 0.6253 s

Elapsed run time = 0.6227 s

Elapsed run time = 0.6252 s

Elapsed run time = 0.6256 s

Elapsed run time = 0.6216 s

Elapsed run time = 0.6310 s

Elapsed run time = 0.6317 s

Elapsed run time = 0.6303 s

Elapsed run time = 0.6286 s

Elapsed run time = 0.6253 s

Elapsed run time = 0.6326 s

Elapsed run time = 0.6341 s

Elapsed run time = 0.6358 s

Elapsed run time = 0.6387 s

Elapsed run time = 0.6400 s

Elapsed run time = 0.6369 s

Elapsed run time = 0.6423 s

Elapsed run time = 0.6399 s

Elapsed run time = 0.6424 s

Elapsed run time = 0.6464 s

Elapsed run time = 0.6477 s

Elapsed run time = 0.6484 s

Elapsed run time = 0.6498 s

Elapsed run time = 0.6499 s

Elapsed run time = 0.6562 s

Elapsed run time = 0.6520 s

Elapsed run time = 0.6539 s

Elapsed run time = 0.6583 s

Elapsed run time = 0.6542 s

Elapsed run time = 0.6558 s

Elapsed run time = 0.6597 s

Elapsed run time = 0.6537 s

Elapsed run time = 0.6594 s

Elapsed run time = 0.6642 s

Elapsed run time = 0.6636 s

Elapsed run time = 0.6615 s

Elapsed run time = 0.6658 s

Elapsed run time = 0.6658 s

Elapsed run time = 0.6622 s

Elapsed run time = 0.6696 s

Elapsed run time = 0.6722 s

Elapsed run time = 0.6689 s

Elapsed run time = 0.6733 s

Elapsed run time = 0.6728 s

Elapsed run time = 0.6697 s

Elapsed run time = 0.6778 s

Elapsed run time = 0.6758 s

Elapsed run time = 0.6769 s

Elapsed run time = 0.6832 s

Elapsed run time = 0.6762 s

Elapsed run time = 0.6809 s

Elapsed run time = 0.6820 s

Elapsed run time = 0.6875 s

Elapsed run time = 0.6861 s

Elapsed run time = 0.6844 s

Elapsed run time = 0.6889 s

Elapsed run time = 0.6880 s

Elapsed run time = 0.6890 s

Elapsed run time = 0.6900 s

Elapsed run time = 0.6928 s

Elapsed run time = 0.6909 s

Elapsed run time = 0.6959 s

Elapsed run time = 0.6959 s

Elapsed run time = 0.7011 s

Elapsed run time = 0.6916 s

Elapsed run time = 0.7046 s

Elapsed run time = 0.7046 s

Elapsed run time = 0.6986 s

Elapsed run time = 0.7065 s

Elapsed run time = 0.7075 s

Elapsed run time = 0.7086 s

Elapsed run time = 0.7072 s

Elapsed run time = 0.7144 s

Elapsed run time = 0.7080 s

Elapsed run time = 0.7122 s

Elapsed run time = 0.7179 s

Elapsed run time = 0.7157 s

Elapsed run time = 0.7125 s

Elapsed run time = 0.7203 s

Elapsed run time = 0.7192 s

Elapsed run time = 0.7279 s

Elapsed run time = 0.7240 s

Elapsed run time = 0.7303 s

Elapsed run time = 0.7252 s

Elapsed run time = 0.7327 s

Elapsed run time = 0.7238 s

Elapsed run time = 0.7300 s

Elapsed run time = 0.7307 s

Elapsed run time = 0.7391 s

Elapsed run time = 0.7406 s

Elapsed run time = 0.7406 s

Elapsed run time = 0.7437 s

Elapsed run time = 0.7414 s

Elapsed run time = 0.7461 s
  [BOTH][Rank 18] Done moment 1/3 (task 18): force_integral=+0.000000e+00
  [BOTH][Rank 19] Done moment 1/3 (task 19): force_integral=+0.000000e+00
  [BOTH][Rank 20] Done moment 1/3 (task 20): force_integral=-2.784348e-04
  [BOTH][Rank 21] Done moment 1/3 (task 21): force_integral=-2.784348e-04
  [BOTH][Rank 16] Done moment 1/3 (task 16): force_integral=-1.433063e+04
  [BOTH][Rank 17] Done moment 1/3 (task 17): force_integral=+2.518919e+04
  [BOTH][Rank 22] Done moment 1/3 (task 22): force_integral=-1.328686e+04
  [BOTH][Rank 23] Done moment 1/3 (task 23): force_integral=+2.511741e+04
