==================================================
SLURM ARRAY TASK ID: 123 / 224
Running on node: x1001c2s2b0n1
Start time: Thu Sep 10 08:17:23 PM EDT 2026
==================================================
Reading parameters from sweep_configs_sweet_spot/config_123.json...
Executing 3D FDTD Simulation: Alpha=80.0 deg, Theta=82.0 deg, d=0.2 um, L=2.0 um, Res=40...

Elapsed run time = 0.0203 s

Elapsed run time = 0.0156 s

Elapsed run time = 0.0160 s

Elapsed run time = 0.0153 s

Elapsed run time = 0.0179 s

Elapsed run time = 0.0157 s

Elapsed run time = 0.0174 s

Elapsed run time = 0.0284 s

Elapsed run time = 0.0056 s

Elapsed run time = 0.0147 s

Elapsed run time = 0.0406 s

Elapsed run time = 0.0403 s

Elapsed run time = 0.0342 s

Elapsed run time = 0.0165 s

Elapsed run time = 0.0268 s

Elapsed run time = 0.0274 s

Elapsed run time = 0.0141 s

Elapsed run time = 0.0408 s

Elapsed run time = 0.0119 s

Elapsed run time = 0.0408 s

Elapsed run time = 0.0171 s

Elapsed run time = 0.0344 s

Elapsed run time = 0.0267 s

Elapsed run time = 0.0068 s

Elapsed run time = 0.0068 s

Elapsed run time = 0.0068 s

Elapsed run time = 0.0067 s

Elapsed run time = 0.0270 s

Elapsed run time = 0.0053 s

Elapsed run time = 0.0198 s

Elapsed run time = 0.0052 s

Elapsed run time = 0.0056 s

Elapsed run time = 0.0255 s

Elapsed run time = 0.0252 s

Elapsed run time = 0.0188 s

Elapsed run time = 0.0040 s

Elapsed run time = 0.0041 s
Starting simulation: d=0.2 um, N_top=3, N_bottom=3, material=Phosphorene_tuned, resolution=40, nmax=3, theta=82.0, eps_bg=2.1, config=all, stepped_sieve=False, corrugated=True
Parallel configuration: 128 processes running 108 parallel moment partitions.
Task already complete! Found cached result in .tmp/meep_d_0.2000_N_3_corrugated_Nbot_3_Phosphorene_tuned_res_40_theta_82.0_eps_2.1_L_2.00.json (F_sub=-1.354188e-01). Skipping.

Elapsed run time = 0.0047 s

Elapsed run time = 0.0179 s

Elapsed run time = 0.0070 s

Elapsed run time = 0.0208 s

Elapsed run time = 0.0062 s

Elapsed run time = 0.0060 s

Elapsed run time = 0.0063 s

Elapsed run time = 0.0060 s

Elapsed run time = 0.0056 s

Elapsed run time = 0.0057 s

Elapsed run time = 0.0054 s

Elapsed run time = 0.0051 s

Elapsed run time = 0.0050 s

Elapsed run time = 0.0047 s

Elapsed run time = 0.0047 s

Elapsed run time = 0.0050 s

Elapsed run time = 0.0044 s

Elapsed run time = 0.0048 s

Elapsed run time = 0.0044 s

Elapsed run time = 0.0049 s

Elapsed run time = 0.0052 s

Elapsed run time = 0.0055 s

Elapsed run time = 0.0048 s

Elapsed run time = 0.0047 s

Elapsed run time = 0.0054 s

Elapsed run time = 0.0059 s

Elapsed run time = 0.0046 s

Elapsed run time = 0.0053 s

Elapsed run time = 0.0050 s

Elapsed run time = 0.0060 s

Elapsed run time = 0.0056 s

Elapsed run time = 0.0057 s

Elapsed run time = 0.0060 s

Elapsed run time = 0.0057 s

Elapsed run time = 0.0058 s

Elapsed run time = 0.0055 s

Elapsed run time = 0.0052 s

Elapsed run time = 0.0050 s

Elapsed run time = 0.0051 s

Elapsed run time = 0.0051 s

Elapsed run time = 0.0050 s

Elapsed run time = 0.0040 s

Elapsed run time = 0.0067 s

Elapsed run time = 0.0064 s

Elapsed run time = 0.0042 s

Elapsed run time = 0.0041 s

Elapsed run time = 0.0066 s

Elapsed run time = 0.0064 s

Elapsed run time = 0.0065 s

Elapsed run time = 0.0065 s

Elapsed run time = 0.0065 s

Elapsed run time = 0.0065 s

Elapsed run time = 0.0053 s

Elapsed run time = 0.0044 s

Elapsed run time = 0.0043 s

Elapsed run time = 0.0039 s

Elapsed run time = 0.0044 s

Elapsed run time = 0.0041 s

Elapsed run time = 0.0057 s

Elapsed run time = 0.0057 s

Elapsed run time = 0.0057 s

Elapsed run time = 0.0057 s

Elapsed run time = 0.0054 s

Elapsed run time = 0.0057 s

Elapsed run time = 0.0059 s

Elapsed run time = 0.0039 s

Elapsed run time = 0.0049 s

Elapsed run time = 0.0063 s

Elapsed run time = 0.0055 s

Elapsed run time = 0.0067 s

Elapsed run time = 0.0066 s

Elapsed run time = 0.0056 s

Elapsed run time = 0.0057 s

Elapsed run time = 0.0061 s

Elapsed run time = 0.0056 s

Elapsed run time = 0.0050 s

Elapsed run time = 0.0053 s

Elapsed run time = 0.0057 s

Elapsed run time = 0.0052 s

Elapsed run time = 0.0043 s

Elapsed run time = 0.0042 s

Elapsed run time = 0.0048 s

Elapsed run time = 0.0052 s

Elapsed run time = 0.0050 s

Elapsed run time = 0.0054 s

Elapsed run time = 0.0058 s

Elapsed run time = 0.0047 s

Elapsed run time = 0.0041 s

Elapsed run time = 0.0051 s

Elapsed run time = 0.0053 s

Elapsed run time = 0.0051 s
Task 123 complete at Thu Sep 10 08:17:28 PM EDT 2026.
