==================================================
SLURM ARRAY TASK ID: 113 / 224
Running on node: x1002c5s1b1n1
Start time: Thu Sep 10 08:17:07 PM EDT 2026
==================================================
Reading parameters from sweep_configs_sweet_spot/config_113.json...
Executing 3D FDTD Simulation: Alpha=80.0 deg, Theta=80.0 deg, d=0.05 um, L=2.0 um, Res=40...

Elapsed run time = 0.0832 s

Elapsed run time = 0.0834 s

Elapsed run time = 0.0840 s

Elapsed run time = 0.0842 s

Elapsed run time = 0.0841 s

Elapsed run time = 0.0840 s

Elapsed run time = 0.0842 s

Elapsed run time = 0.0841 s

Elapsed run time = 0.0842 s

Elapsed run time = 0.0841 s

Elapsed run time = 0.0841 s

Elapsed run time = 0.0839 s

Elapsed run time = 0.0841 s

Elapsed run time = 0.0840 s

Elapsed run time = 0.0843 s

Elapsed run time = 0.0839 s

Elapsed run time = 0.0845 s

Elapsed run time = 0.0841 s

Elapsed run time = 0.0840 s

Elapsed run time = 0.0842 s

Elapsed run time = 0.0843 s

Elapsed run time = 0.0842 s

Elapsed run time = 0.0844 s

Elapsed run time = 0.0841 s

Elapsed run time = 0.0841 s

Elapsed run time = 0.0843 s

Elapsed run time = 0.0841 s

Elapsed run time = 0.0843 s

Elapsed run time = 0.0842 s

Elapsed run time = 0.0840 s

Elapsed run time = 0.0842 s

Elapsed run time = 0.0841 s

Elapsed run time = 0.0843 s

Elapsed run time = 0.0842 s

Elapsed run time = 0.0841 s

Elapsed run time = 0.0841 s

Elapsed run time = 0.0841 s

Elapsed run time = 0.0838 s

Elapsed run time = 0.0841 s

Elapsed run time = 0.0841 s

Elapsed run time = 0.0842 s

Elapsed run time = 0.0841 s

Elapsed run time = 0.0839 s

Elapsed run time = 0.0844 s

Elapsed run time = 0.0842 s

Elapsed run time = 0.0841 s

Elapsed run time = 0.0841 s

Elapsed run time = 0.0843 s

Elapsed run time = 0.0840 s

Elapsed run time = 0.0843 s

Elapsed run time = 0.0845 s

Elapsed run time = 0.0842 s

Elapsed run time = 0.0843 s

Elapsed run time = 0.0843 s
Starting simulation: d=0.05 um, N_top=3, N_bottom=3, material=Phosphorene_tuned, resolution=40, nmax=3, theta=80.0, eps_bg=2.1, config=all, stepped_sieve=False, corrugated=True
Parallel configuration: 128 processes running 108 parallel moment partitions.
Task already complete! Found cached result in .tmp/meep_d_0.0500_N_3_corrugated_Nbot_3_Phosphorene_tuned_res_40_theta_80.0_eps_2.1_L_2.00.json (F_sub=-4.499228e+01). Skipping.

Elapsed run time = 0.0843 s

Elapsed run time = 0.0848 s

Elapsed run time = 0.0848 s

Elapsed run time = 0.0846 s

Elapsed run time = 0.0848 s

Elapsed run time = 0.0847 s

Elapsed run time = 0.0847 s

Elapsed run time = 0.0847 s

Elapsed run time = 0.0846 s

Elapsed run time = 0.0847 s

Elapsed run time = 0.0847 s

Elapsed run time = 0.0843 s

Elapsed run time = 0.0847 s

Elapsed run time = 0.0846 s

Elapsed run time = 0.0848 s

Elapsed run time = 0.0847 s

Elapsed run time = 0.0847 s

Elapsed run time = 0.0846 s

Elapsed run time = 0.0845 s

Elapsed run time = 0.0845 s

Elapsed run time = 0.0845 s

Elapsed run time = 0.0847 s

Elapsed run time = 0.0844 s

Elapsed run time = 0.0848 s

Elapsed run time = 0.0845 s

Elapsed run time = 0.0845 s

Elapsed run time = 0.0845 s

Elapsed run time = 0.0847 s

Elapsed run time = 0.0846 s

Elapsed run time = 0.0849 s

Elapsed run time = 0.0847 s

Elapsed run time = 0.0847 s

Elapsed run time = 0.0847 s

Elapsed run time = 0.0848 s

Elapsed run time = 0.0845 s

Elapsed run time = 0.0847 s

Elapsed run time = 0.0844 s

Elapsed run time = 0.0847 s

Elapsed run time = 0.0844 s

Elapsed run time = 0.0846 s

Elapsed run time = 0.0846 s

Elapsed run time = 0.0846 s

Elapsed run time = 0.0847 s

Elapsed run time = 0.0845 s

Elapsed run time = 0.0844 s

Elapsed run time = 0.0845 s

Elapsed run time = 0.0846 s

Elapsed run time = 0.0847 s

Elapsed run time = 0.0848 s

Elapsed run time = 0.0848 s

Elapsed run time = 0.0847 s

Elapsed run time = 0.0848 s

Elapsed run time = 0.0849 s

Elapsed run time = 0.0845 s

Elapsed run time = 0.0848 s

Elapsed run time = 0.0846 s

Elapsed run time = 0.0846 s

Elapsed run time = 0.0844 s

Elapsed run time = 0.0848 s

Elapsed run time = 0.0847 s

Elapsed run time = 0.0848 s

Elapsed run time = 0.0847 s

Elapsed run time = 0.0849 s

Elapsed run time = 0.0846 s

Elapsed run time = 0.0848 s

Elapsed run time = 0.0848 s

Elapsed run time = 0.0851 s

Elapsed run time = 0.0844 s

Elapsed run time = 0.0847 s

Elapsed run time = 0.0848 s

Elapsed run time = 0.0846 s

Elapsed run time = 0.0849 s

Elapsed run time = 0.0845 s

Elapsed run time = 0.0846 s
Task 113 complete at Thu Sep 10 08:17:16 PM EDT 2026.
