==================================================
SLURM ARRAY TASK ID: 86 / 224
Running on node: x1001c3s2b0n0
Start time: Fri Sep 11 03:36:36 AM EDT 2026
==================================================
Reading parameters from sweep_configs_sweet_spot/config_086.json...
Executing 3D FDTD Simulation: Alpha=75.0 deg, Theta=88.0 deg, d=0.1 um, L=2.0 um, Res=40...
Starting simulation: d=0.1 um, N_top=3, N_bottom=3, material=Phosphorene_tuned, resolution=40, nmax=3, theta=88.0, eps_bg=2.1, config=all, stepped_sieve=False, corrugated=True
Parallel configuration: 128 processes running 108 parallel moment partitions.

Elapsed run time = 0.0636 s

Elapsed run time = 0.0649 s

Elapsed run time = 0.0653 s

Elapsed run time = 0.0660 s

Elapsed run time = 0.0665 s

Elapsed run time = 0.0670 s

Elapsed run time = 0.0688 s

Elapsed run time = 0.0695 s

Elapsed run time = 0.0700 s

Elapsed run time = 0.0709 s

Elapsed run time = 0.0714 s

Elapsed run time = 0.0732 s

Elapsed run time = 0.0969 s

Elapsed run time = 0.0976 s

Elapsed run time = 0.0987 s

Elapsed run time = 0.0989 s

Elapsed run time = 0.0993 s

Elapsed run time = 0.1006 s

Elapsed run time = 0.1009 s

Elapsed run time = 0.1009 s

Elapsed run time = 1400.8053 s

Elapsed run time = 1406.9775 s

Elapsed run time = 1436.8048 s

Elapsed run time = 1439.7032 s

Elapsed run time = 2048.7838 s

Elapsed run time = 2049.8694 s

Elapsed run time = 2051.0185 s

Elapsed run time = 2051.0280 s

Elapsed run time = 2064.5181 s

Elapsed run time = 2072.4032 s

Elapsed run time = 2076.0702 s

Elapsed run time = 2086.0539 s
  [BOTH][Rank 0] Done moment 1/1 (task 0): force_integral=-8.926868e-03

Elapsed run time = 4862.6471 s

Elapsed run time = 4887.2021 s

Elapsed run time = 4902.7014 s

Elapsed run time = 4902.8825 s

Elapsed run time = 4905.3715 s

Elapsed run time = 4908.4747 s

Elapsed run time = 4908.7372 s

Elapsed run time = 4912.9689 s

Elapsed run time = 4914.4924 s

Elapsed run time = 4916.1724 s

Elapsed run time = 4916.9643 s

Elapsed run time = 4917.1916 s

Elapsed run time = 4917.6853 s

Elapsed run time = 4919.1991 s

Elapsed run time = 4920.4155 s

Elapsed run time = 4920.7044 s

Elapsed run time = 4920.7328 s

Elapsed run time = 4921.8088 s

Elapsed run time = 4922.2628 s

Elapsed run time = 4922.9592 s

Elapsed run time = 4923.5195 s

Elapsed run time = 4923.6248 s

Elapsed run time = 4923.9460 s

Elapsed run time = 4924.8491 s

Elapsed run time = 4925.1673 s

Elapsed run time = 4925.3111 s

Elapsed run time = 4925.6007 s

Elapsed run time = 4926.0344 s

Elapsed run time = 4927.1741 s

Elapsed run time = 4927.1824 s

Elapsed run time = 4927.7879 s

Elapsed run time = 4929.0845 s

Elapsed run time = 4929.3444 s

Elapsed run time = 4930.5655 s

Elapsed run time = 4930.5687 s

Elapsed run time = 4930.7093 s

Elapsed run time = 4931.8886 s

Elapsed run time = 4933.8137 s

Elapsed run time = 4934.4320 s

Elapsed run time = 4935.3988 s

Elapsed run time = 4936.3592 s

Elapsed run time = 4936.4460 s
  [SELF][Rank 0] Done moment 1/1 (task 0): force_integral=-1.928478e-03

Elapsed run time = 4937.7852 s

Elapsed run time = 4941.5147 s

Elapsed run time = 4941.9804 s

Elapsed run time = 4942.2153 s

Elapsed run time = 4943.8734 s

Elapsed run time = 4944.3379 s

Elapsed run time = 4945.5185 s

Elapsed run time = 4945.9464 s

Elapsed run time = 4947.1505 s

Elapsed run time = 4950.8494 s

Elapsed run time = 4951.4685 s

Elapsed run time = 4951.5510 s

Elapsed run time = 4952.0315 s

Elapsed run time = 4952.0472 s

Elapsed run time = 4952.2611 s

Elapsed run time = 4952.3301 s

Elapsed run time = 4952.3929 s

Elapsed run time = 4953.1719 s

Elapsed run time = 4953.3918 s

Elapsed run time = 4954.1238 s

Elapsed run time = 4955.1646 s

Elapsed run time = 4955.3317 s

Elapsed run time = 4955.4552 s

Elapsed run time = 4956.2514 s

Elapsed run time = 4956.2782 s

Elapsed run time = 4957.2223 s

Elapsed run time = 4957.3660 s

Elapsed run time = 4958.1998 s

Elapsed run time = 4958.6063 s

Elapsed run time = 4958.7728 s

Elapsed run time = 4958.8179 s

Elapsed run time = 4959.2737 s

Elapsed run time = 4959.8716 s

Elapsed run time = 4959.8727 s

Elapsed run time = 4960.1418 s

Elapsed run time = 4960.6587 s

Elapsed run time = 4960.8295 s

Elapsed run time = 4961.0004 s

Elapsed run time = 4961.1286 s

Elapsed run time = 4961.1647 s

Elapsed run time = 4961.6781 s

Elapsed run time = 4962.6513 s

Elapsed run time = 4963.2707 s

Elapsed run time = 4966.4103 s

Elapsed run time = 4967.4479 s

Elapsed run time = 4967.4907 s

Elapsed run time = 4967.6333 s

Elapsed run time = 4969.8585 s

Elapsed run time = 4971.0112 s

Elapsed run time = 4972.0322 s

Elapsed run time = 4972.5236 s

Elapsed run time = 4972.6672 s

Elapsed run time = 4974.6320 s
Simulation complete. Subtracted force: 2.358538e-02. Saved to .tmp/meep_d_0.1000_N_3_corrugated_al_75.0_Nbot_3_Phosphorene_tuned_res_40_theta_88.0_eps_2.1_L_2.00.json

Elapsed run time = 4975.3607 s
Task 86 complete at Fri Sep 11 04:59:46 AM EDT 2026.
