==================================================
SLURM ARRAY TASK ID: 98 / 224
Running on node: x1002c6s7b0n0
Start time: Fri Sep 11 04:54:41 AM EDT 2026
==================================================
Reading parameters from sweep_configs_sweet_spot/config_098.json...
Executing 3D FDTD Simulation: Alpha=75.0 deg, Theta=90.0 deg, d=0.35 um, L=2.0 um, Res=40...
Starting simulation: d=0.35 um, N_top=3, N_bottom=3, material=Phosphorene_tuned, resolution=40, nmax=3, theta=90.0, eps_bg=2.1, config=all, stepped_sieve=False, corrugated=True
Parallel configuration: 128 processes running 108 parallel moment partitions.

Elapsed run time = 0.0798 s

Elapsed run time = 0.0798 s

Elapsed run time = 0.0812 s

Elapsed run time = 0.0808 s

Elapsed run time = 0.0821 s

Elapsed run time = 0.0834 s

Elapsed run time = 0.0851 s

Elapsed run time = 0.0861 s

Elapsed run time = 0.0879 s

Elapsed run time = 0.0899 s

Elapsed run time = 0.1129 s

Elapsed run time = 0.1152 s

Elapsed run time = 0.1157 s

Elapsed run time = 0.1178 s

Elapsed run time = 0.1171 s

Elapsed run time = 0.1183 s

Elapsed run time = 0.1185 s

Elapsed run time = 0.1194 s

Elapsed run time = 0.1196 s

Elapsed run time = 0.1202 s

Elapsed run time = 1521.6574 s

Elapsed run time = 1571.6536 s

Elapsed run time = 1586.4972 s

Elapsed run time = 1596.2869 s

Elapsed run time = 2268.0859 s

Elapsed run time = 2271.2133 s

Elapsed run time = 2288.3167 s

Elapsed run time = 2288.5372 s

Elapsed run time = 2290.8955 s

Elapsed run time = 2304.3261 s

Elapsed run time = 2305.9195 s

Elapsed run time = 2317.6160 s
  [BOTH][Rank 0] Done moment 1/1 (task 0): force_integral=-6.717128e-03

Elapsed run time = 5328.4859 s

Elapsed run time = 5346.0211 s

Elapsed run time = 5351.7152 s

Elapsed run time = 5371.9633 s

Elapsed run time = 5373.7683 s

Elapsed run time = 5377.2970 s

Elapsed run time = 5379.1966 s

Elapsed run time = 5386.3533 s

Elapsed run time = 5386.3801 s

Elapsed run time = 5387.7767 s

Elapsed run time = 5388.6685 s

Elapsed run time = 5389.2277 s

Elapsed run time = 5390.5615 s

Elapsed run time = 5391.0156 s

Elapsed run time = 5392.5232 s

Elapsed run time = 5393.1526 s

Elapsed run time = 5393.2119 s

Elapsed run time = 5393.3988 s

Elapsed run time = 5393.8089 s

Elapsed run time = 5395.2674 s

Elapsed run time = 5396.9996 s

Elapsed run time = 5398.1636 s

Elapsed run time = 5398.5141 s

Elapsed run time = 5401.5320 s

Elapsed run time = 5404.5470 s

Elapsed run time = 5404.6349 s

Elapsed run time = 5405.4514 s

Elapsed run time = 5407.4775 s

Elapsed run time = 5407.7847 s

Elapsed run time = 5409.6698 s

Elapsed run time = 5411.0366 s

Elapsed run time = 5411.1313 s

Elapsed run time = 5411.5858 s

Elapsed run time = 5412.4617 s

Elapsed run time = 5412.5255 s

Elapsed run time = 5414.0285 s

Elapsed run time = 5414.0638 s

Elapsed run time = 5414.0710 s

Elapsed run time = 5414.3270 s

Elapsed run time = 5416.2201 s

Elapsed run time = 5416.5292 s

Elapsed run time = 5416.7018 s

Elapsed run time = 5419.0302 s

Elapsed run time = 5419.4298 s

Elapsed run time = 5419.7322 s

Elapsed run time = 5419.9079 s

Elapsed run time = 5420.0275 s

Elapsed run time = 5420.7600 s

Elapsed run time = 5421.1089 s

Elapsed run time = 5423.5010 s

Elapsed run time = 5423.8739 s

Elapsed run time = 5423.9509 s

Elapsed run time = 5425.1518 s

Elapsed run time = 5426.9947 s

Elapsed run time = 5427.5271 s

Elapsed run time = 5427.5303 s

Elapsed run time = 5428.6841 s
  [SELF][Rank 0] Done moment 1/1 (task 0): force_integral=-5.859567e-03

Elapsed run time = 5429.3261 s

Elapsed run time = 5429.7972 s

Elapsed run time = 5432.3137 s

Elapsed run time = 5433.5084 s

Elapsed run time = 5435.9498 s

Elapsed run time = 5436.2724 s

Elapsed run time = 5437.1270 s

Elapsed run time = 5437.3608 s

Elapsed run time = 5437.7301 s

Elapsed run time = 5439.0980 s

Elapsed run time = 5439.2219 s

Elapsed run time = 5440.0879 s

Elapsed run time = 5441.1615 s

Elapsed run time = 5442.0846 s

Elapsed run time = 5442.2565 s

Elapsed run time = 5442.2566 s

Elapsed run time = 5442.4764 s

Elapsed run time = 5443.0525 s

Elapsed run time = 5443.6629 s

Elapsed run time = 5444.7897 s

Elapsed run time = 5445.9581 s

Elapsed run time = 5447.1821 s

Elapsed run time = 5447.6989 s

Elapsed run time = 5448.1555 s

Elapsed run time = 5448.8804 s

Elapsed run time = 5449.3776 s

Elapsed run time = 5449.9469 s

Elapsed run time = 5452.2725 s

Elapsed run time = 5452.7609 s

Elapsed run time = 5453.4951 s

Elapsed run time = 5453.6932 s

Elapsed run time = 5454.2636 s

Elapsed run time = 5454.5925 s

Elapsed run time = 5454.6800 s

Elapsed run time = 5455.0125 s

Elapsed run time = 5455.3374 s

Elapsed run time = 5456.1620 s

Elapsed run time = 5458.4956 s
Simulation complete. Subtracted force: -1.783328e-02. Saved to .tmp/meep_d_0.3500_N_3_corrugated_al_75.0_Nbot_3_Phosphorene_tuned_res_40_theta_90.0_eps_2.1_L_2.00.json

Elapsed run time = 5459.3523 s
Task 98 complete at Fri Sep 11 06:25:53 AM EDT 2026.
