==================================================
SLURM ARRAY TASK ID: 133 / 224
Running on node: x1001c5s6b1n1
Start time: Fri Sep 11 06:54:04 AM EDT 2026
==================================================
Reading parameters from sweep_configs_sweet_spot/config_133.json...
Executing 3D FDTD Simulation: Alpha=80.0 deg, Theta=84.0 deg, d=0.35 um, L=2.0 um, Res=40...
Starting simulation: d=0.35 um, N_top=3, N_bottom=3, material=Phosphorene_tuned, resolution=40, nmax=3, theta=84.0, eps_bg=2.1, config=all, stepped_sieve=False, corrugated=True
Parallel configuration: 128 processes running 108 parallel moment partitions.

Elapsed run time = 0.0890 s

Elapsed run time = 0.0902 s

Elapsed run time = 0.0917 s

Elapsed run time = 0.0927 s

Elapsed run time = 0.0936 s

Elapsed run time = 0.0940 s

Elapsed run time = 0.0960 s

Elapsed run time = 0.0968 s

Elapsed run time = 0.0972 s

Elapsed run time = 0.1051 s

Elapsed run time = 0.1137 s

Elapsed run time = 0.1140 s

Elapsed run time = 0.1149 s

Elapsed run time = 0.1156 s

Elapsed run time = 0.1157 s

Elapsed run time = 0.1161 s

Elapsed run time = 0.1163 s

Elapsed run time = 0.1167 s

Elapsed run time = 0.1189 s

Elapsed run time = 0.1194 s

Elapsed run time = 1529.5098 s

Elapsed run time = 1544.5165 s

Elapsed run time = 1572.6993 s

Elapsed run time = 1576.6910 s

Elapsed run time = 2248.7965 s

Elapsed run time = 2249.3290 s

Elapsed run time = 2249.7804 s

Elapsed run time = 2254.3736 s

Elapsed run time = 2270.4388 s

Elapsed run time = 2278.9948 s

Elapsed run time = 2282.2774 s

Elapsed run time = 2287.5113 s
  [BOTH][Rank 0] Done moment 1/1 (task 0): force_integral=-4.901109e-03

Elapsed run time = 5360.7653 s

Elapsed run time = 5362.8244 s

Elapsed run time = 5376.1057 s

Elapsed run time = 5376.8836 s

Elapsed run time = 5378.9217 s

Elapsed run time = 5379.6336 s

Elapsed run time = 5381.5053 s

Elapsed run time = 5384.5016 s

Elapsed run time = 5386.1633 s

Elapsed run time = 5386.6394 s

Elapsed run time = 5387.4600 s

Elapsed run time = 5387.8352 s

Elapsed run time = 5388.6263 s

Elapsed run time = 5389.4301 s

Elapsed run time = 5391.6486 s

Elapsed run time = 5394.8654 s

Elapsed run time = 5398.1810 s

Elapsed run time = 5398.2868 s

Elapsed run time = 5398.4204 s

Elapsed run time = 5398.4860 s

Elapsed run time = 5399.2548 s

Elapsed run time = 5400.1070 s

Elapsed run time = 5401.8818 s

Elapsed run time = 5402.0217 s

Elapsed run time = 5402.6735 s

Elapsed run time = 5404.3812 s

Elapsed run time = 5405.2439 s

Elapsed run time = 5405.3041 s

Elapsed run time = 5406.4767 s

Elapsed run time = 5407.1724 s

Elapsed run time = 5408.0653 s

Elapsed run time = 5408.1302 s

Elapsed run time = 5409.0690 s

Elapsed run time = 5409.3829 s

Elapsed run time = 5409.9864 s

Elapsed run time = 5410.0120 s

Elapsed run time = 5410.0707 s

Elapsed run time = 5410.1229 s

Elapsed run time = 5410.8646 s

Elapsed run time = 5412.1450 s

Elapsed run time = 5413.0790 s

Elapsed run time = 5414.0407 s
  [SELF][Rank 0] Done moment 1/1 (task 0): force_integral=-4.109767e-03

Elapsed run time = 5415.7965 s

Elapsed run time = 5416.8940 s

Elapsed run time = 5417.9194 s

Elapsed run time = 5419.1702 s

Elapsed run time = 5419.3491 s

Elapsed run time = 5420.0305 s

Elapsed run time = 5420.2135 s

Elapsed run time = 5423.0610 s

Elapsed run time = 5423.7494 s

Elapsed run time = 5424.7492 s

Elapsed run time = 5424.7740 s

Elapsed run time = 5427.6757 s

Elapsed run time = 5429.3243 s

Elapsed run time = 5430.0459 s

Elapsed run time = 5431.3913 s

Elapsed run time = 5432.2534 s

Elapsed run time = 5432.8443 s

Elapsed run time = 5433.0348 s

Elapsed run time = 5433.2681 s

Elapsed run time = 5433.3672 s

Elapsed run time = 5434.5475 s

Elapsed run time = 5435.1154 s

Elapsed run time = 5435.9017 s

Elapsed run time = 5436.0428 s

Elapsed run time = 5437.4979 s

Elapsed run time = 5438.2212 s

Elapsed run time = 5438.2689 s

Elapsed run time = 5438.2785 s

Elapsed run time = 5438.5239 s

Elapsed run time = 5438.5376 s

Elapsed run time = 5439.0800 s

Elapsed run time = 5440.5043 s

Elapsed run time = 5440.8491 s

Elapsed run time = 5440.9991 s

Elapsed run time = 5441.1600 s

Elapsed run time = 5441.6484 s

Elapsed run time = 5441.9513 s

Elapsed run time = 5443.1039 s

Elapsed run time = 5443.2211 s

Elapsed run time = 5443.5409 s

Elapsed run time = 5443.6130 s

Elapsed run time = 5443.8549 s

Elapsed run time = 5444.3451 s

Elapsed run time = 5445.2353 s

Elapsed run time = 5445.7717 s

Elapsed run time = 5445.7817 s

Elapsed run time = 5447.1982 s

Elapsed run time = 5447.2959 s

Elapsed run time = 5451.5956 s

Elapsed run time = 5451.6490 s

Elapsed run time = 5453.8913 s

Elapsed run time = 5455.6883 s

Elapsed run time = 5456.4041 s
Simulation complete. Subtracted force: -1.885701e-02. Saved to .tmp/meep_d_0.3500_N_3_corrugated_al_80.0_Nbot_3_Phosphorene_tuned_res_40_theta_84.0_eps_2.1_L_2.00.json

Elapsed run time = 5457.0547 s
Task 133 complete at Fri Sep 11 08:25:09 AM EDT 2026.
