==================================================
SLURM ARRAY TASK ID: 94 / 224
Running on node: x1001c3s6b1n1
Start time: Fri Sep 11 04:22:02 AM EDT 2026
==================================================
Reading parameters from sweep_configs_sweet_spot/config_094.json...
Executing 3D FDTD Simulation: Alpha=75.0 deg, Theta=90.0 deg, d=0.15 um, L=2.0 um, Res=40...
Starting simulation: d=0.15 um, N_top=3, N_bottom=3, material=Phosphorene_tuned, resolution=40, nmax=3, theta=90.0, eps_bg=2.1, config=all, stepped_sieve=False, corrugated=True
Parallel configuration: 128 processes running 108 parallel moment partitions.

Elapsed run time = 0.0860 s

Elapsed run time = 0.0852 s

Elapsed run time = 0.0857 s

Elapsed run time = 0.0863 s

Elapsed run time = 0.0859 s

Elapsed run time = 0.0856 s

Elapsed run time = 0.0858 s

Elapsed run time = 0.0860 s

Elapsed run time = 0.0868 s

Elapsed run time = 0.0860 s

Elapsed run time = 0.0861 s

Elapsed run time = 0.0862 s

Elapsed run time = 0.0867 s

Elapsed run time = 0.0861 s

Elapsed run time = 0.0861 s

Elapsed run time = 0.0861 s

Elapsed run time = 0.0865 s

Elapsed run time = 0.0862 s

Elapsed run time = 0.0864 s

Elapsed run time = 0.0874 s

Elapsed run time = 1439.1965 s

Elapsed run time = 1467.3809 s

Elapsed run time = 1471.2792 s

Elapsed run time = 1472.8994 s

Elapsed run time = 2091.7332 s

Elapsed run time = 2092.2308 s

Elapsed run time = 2093.0236 s

Elapsed run time = 2096.9500 s

Elapsed run time = 2110.2718 s

Elapsed run time = 2113.0935 s

Elapsed run time = 2123.3995 s

Elapsed run time = 2126.3630 s
  [BOTH][Rank 0] Done moment 1/1 (task 0): force_integral=-3.678508e-04

Elapsed run time = 4979.2504 s

Elapsed run time = 4989.3255 s

Elapsed run time = 4992.7095 s

Elapsed run time = 4995.5390 s

Elapsed run time = 4996.0529 s

Elapsed run time = 4997.3327 s

Elapsed run time = 4998.4685 s

Elapsed run time = 4999.2089 s

Elapsed run time = 4999.5431 s

Elapsed run time = 5000.3476 s

Elapsed run time = 5000.8836 s

Elapsed run time = 5002.1256 s

Elapsed run time = 5005.5415 s

Elapsed run time = 5007.1759 s

Elapsed run time = 5010.9853 s

Elapsed run time = 5011.6222 s

Elapsed run time = 5012.6463 s

Elapsed run time = 5013.7210 s

Elapsed run time = 5014.8905 s

Elapsed run time = 5015.9726 s

Elapsed run time = 5016.2706 s

Elapsed run time = 5016.6176 s

Elapsed run time = 5017.0669 s

Elapsed run time = 5017.1463 s

Elapsed run time = 5017.7783 s

Elapsed run time = 5017.9854 s

Elapsed run time = 5019.3716 s

Elapsed run time = 5020.1679 s

Elapsed run time = 5021.3662 s

Elapsed run time = 5021.6230 s

Elapsed run time = 5022.0990 s

Elapsed run time = 5022.3708 s

Elapsed run time = 5022.6539 s

Elapsed run time = 5022.6623 s

Elapsed run time = 5022.7976 s

Elapsed run time = 5023.1123 s

Elapsed run time = 5023.2416 s

Elapsed run time = 5024.0650 s

Elapsed run time = 5024.3730 s

Elapsed run time = 5024.6981 s

Elapsed run time = 5024.8144 s

Elapsed run time = 5026.1026 s

Elapsed run time = 5026.9323 s
  [SELF][Rank 0] Done moment 1/1 (task 0): force_integral=+4.958030e-03

Elapsed run time = 5028.5303 s

Elapsed run time = 5028.8800 s

Elapsed run time = 5028.9856 s

Elapsed run time = 5029.4312 s

Elapsed run time = 5029.8460 s

Elapsed run time = 5030.0795 s

Elapsed run time = 5034.0936 s

Elapsed run time = 5036.7278 s

Elapsed run time = 5037.2028 s

Elapsed run time = 5038.0471 s

Elapsed run time = 5038.3817 s

Elapsed run time = 5039.4621 s

Elapsed run time = 5041.1818 s

Elapsed run time = 5041.2281 s

Elapsed run time = 5041.5660 s

Elapsed run time = 5042.2204 s

Elapsed run time = 5045.1506 s

Elapsed run time = 5045.4028 s

Elapsed run time = 5045.6042 s

Elapsed run time = 5046.4609 s

Elapsed run time = 5046.7060 s

Elapsed run time = 5046.7241 s

Elapsed run time = 5047.1963 s

Elapsed run time = 5047.3148 s

Elapsed run time = 5048.5008 s

Elapsed run time = 5048.9744 s

Elapsed run time = 5049.6675 s

Elapsed run time = 5049.7132 s

Elapsed run time = 5050.5623 s

Elapsed run time = 5050.8007 s

Elapsed run time = 5050.9839 s

Elapsed run time = 5051.0102 s

Elapsed run time = 5051.0503 s

Elapsed run time = 5051.3937 s

Elapsed run time = 5051.4466 s

Elapsed run time = 5051.7468 s

Elapsed run time = 5051.8310 s

Elapsed run time = 5051.8913 s

Elapsed run time = 5051.9503 s

Elapsed run time = 5051.9810 s

Elapsed run time = 5053.2916 s

Elapsed run time = 5053.4580 s

Elapsed run time = 5053.4602 s

Elapsed run time = 5053.8257 s

Elapsed run time = 5054.1668 s

Elapsed run time = 5055.0311 s

Elapsed run time = 5056.3818 s

Elapsed run time = 5056.4068 s

Elapsed run time = 5056.6184 s

Elapsed run time = 5057.3073 s

Elapsed run time = 5057.6357 s

Elapsed run time = 5057.7804 s
Simulation complete. Subtracted force: -3.307622e-01. Saved to .tmp/meep_d_0.1500_N_3_corrugated_al_75.0_Nbot_3_Phosphorene_tuned_res_40_theta_90.0_eps_2.1_L_2.00.json

Elapsed run time = 5059.0907 s
Task 94 complete at Fri Sep 11 05:46:27 AM EDT 2026.
