==================================================
SLURM ARRAY TASK ID: 106 / 224
Running on node: x1000c2s6b1n0
Start time: Thu Sep 10 08:14:47 PM EDT 2026
==================================================
Reading parameters from sweep_configs_sweet_spot/config_106.json...
Executing 3D FDTD Simulation: Alpha=75.0 deg, Theta=94.0 deg, d=0.05 um, L=2.0 um, Res=40...

Elapsed run time = 0.0193 s

Elapsed run time = 0.0244 s

Elapsed run time = 0.0247 s

Elapsed run time = 0.0231 s

Elapsed run time = 0.0171 s

Elapsed run time = 0.0180 s

Elapsed run time = 0.0202 s

Elapsed run time = 0.0173 s

Elapsed run time = 0.0147 s

Elapsed run time = 0.0152 s

Elapsed run time = 0.0150 s

Elapsed run time = 0.0145 s

Elapsed run time = 0.0149 s

Elapsed run time = 0.0186 s

Elapsed run time = 0.0164 s

Elapsed run time = 0.0170 s

Elapsed run time = 0.0185 s

Elapsed run time = 0.0154 s

Elapsed run time = 0.0166 s

Elapsed run time = 0.0171 s

Elapsed run time = 0.0155 s

Elapsed run time = 0.0191 s

Elapsed run time = 0.0161 s

Elapsed run time = 0.0163 s

Elapsed run time = 0.0158 s

Elapsed run time = 0.0185 s

Elapsed run time = 0.0162 s

Elapsed run time = 0.0175 s
Starting simulation: d=0.05 um, N_top=3, N_bottom=3, material=Phosphorene_tuned, resolution=40, nmax=3, theta=94.0, eps_bg=2.1, config=all, stepped_sieve=False, corrugated=True
Parallel configuration: 128 processes running 108 parallel moment partitions.
Task already complete! Found cached result in .tmp/meep_d_0.0500_N_3_corrugated_Nbot_3_Phosphorene_tuned_res_40_theta_94.0_eps_2.1_L_2.00.json (F_sub=-5.102380e+01). Skipping.

Elapsed run time = 0.0097 s

Elapsed run time = 0.0169 s

Elapsed run time = 0.0084 s

Elapsed run time = 0.0070 s

Elapsed run time = 0.0082 s

Elapsed run time = 0.0172 s

Elapsed run time = 0.0083 s

Elapsed run time = 0.0129 s

Elapsed run time = 0.0091 s

Elapsed run time = 0.0128 s

Elapsed run time = 0.0133 s

Elapsed run time = 0.0115 s

Elapsed run time = 0.0138 s

Elapsed run time = 0.0128 s

Elapsed run time = 0.0082 s

Elapsed run time = 0.0142 s

Elapsed run time = 0.0083 s

Elapsed run time = 0.0116 s

Elapsed run time = 0.0091 s

Elapsed run time = 0.0189 s

Elapsed run time = 0.0154 s

Elapsed run time = 0.0154 s

Elapsed run time = 0.0147 s

Elapsed run time = 0.0064 s

Elapsed run time = 0.0140 s

Elapsed run time = 0.0144 s

Elapsed run time = 0.0068 s

Elapsed run time = 0.0147 s

Elapsed run time = 0.0087 s

Elapsed run time = 0.0165 s

Elapsed run time = 0.0162 s

Elapsed run time = 0.0153 s

Elapsed run time = 0.0135 s

Elapsed run time = 0.0153 s

Elapsed run time = 0.0142 s

Elapsed run time = 0.0154 s

Elapsed run time = 0.0047 s

Elapsed run time = 0.0153 s

Elapsed run time = 0.0161 s

Elapsed run time = 0.0149 s

Elapsed run time = 0.0070 s

Elapsed run time = 0.0103 s

Elapsed run time = 0.0205 s

Elapsed run time = 0.0154 s

Elapsed run time = 0.0148 s

Elapsed run time = 0.0147 s

Elapsed run time = 0.0187 s

Elapsed run time = 0.0155 s

Elapsed run time = 0.0142 s

Elapsed run time = 0.0110 s

Elapsed run time = 0.0134 s

Elapsed run time = 0.0139 s

Elapsed run time = 0.0258 s

Elapsed run time = 0.0089 s

Elapsed run time = 0.0075 s

Elapsed run time = 0.0145 s

Elapsed run time = 0.0106 s

Elapsed run time = 0.0144 s

Elapsed run time = 0.0054 s

Elapsed run time = 0.0141 s

Elapsed run time = 0.0093 s

Elapsed run time = 0.0060 s

Elapsed run time = 0.0124 s

Elapsed run time = 0.0124 s

Elapsed run time = 0.0104 s

Elapsed run time = 0.0124 s

Elapsed run time = 0.0091 s

Elapsed run time = 0.0123 s

Elapsed run time = 0.0056 s

Elapsed run time = 0.0193 s

Elapsed run time = 0.0083 s

Elapsed run time = 0.0139 s

Elapsed run time = 0.0089 s

Elapsed run time = 0.0188 s

Elapsed run time = 0.0137 s

Elapsed run time = 0.0115 s

Elapsed run time = 0.0152 s

Elapsed run time = 0.0122 s

Elapsed run time = 0.0146 s

Elapsed run time = 0.0126 s

Elapsed run time = 0.0151 s

Elapsed run time = 0.0127 s

Elapsed run time = 0.0147 s

Elapsed run time = 0.0118 s

Elapsed run time = 0.0181 s

Elapsed run time = 0.0121 s

Elapsed run time = 0.0111 s

Elapsed run time = 0.0110 s

Elapsed run time = 0.0108 s

Elapsed run time = 0.0143 s

Elapsed run time = 0.0132 s

Elapsed run time = 0.0130 s

Elapsed run time = 0.0141 s

Elapsed run time = 0.0113 s

Elapsed run time = 0.0200 s

Elapsed run time = 0.0170 s

Elapsed run time = 0.0045 s

Elapsed run time = 0.0046 s

Elapsed run time = 0.0050 s

Elapsed run time = 0.0067 s
Task 106 complete at Thu Sep 10 08:14:51 PM EDT 2026.
