==================================================
SLURM ARRAY TASK ID: 59 / 224
Running on node: x1000c2s3b1n1
Start time: Thu Sep 10 11:51:34 PM EDT 2026
==================================================
Reading parameters from sweep_configs_sweet_spot/config_059.json...
Executing 3D FDTD Simulation: Alpha=75.0 deg, Theta=80.0 deg, d=0.15 um, L=2.0 um, Res=40...
Starting simulation: d=0.15 um, N_top=3, N_bottom=3, material=Phosphorene_tuned, resolution=40, nmax=3, theta=80.0, eps_bg=2.1, config=all, stepped_sieve=False, corrugated=True
Parallel configuration: 128 processes running 108 parallel moment partitions.

Elapsed run time = 0.0268 s

Elapsed run time = 0.0268 s

Elapsed run time = 0.0269 s

Elapsed run time = 0.0271 s

Elapsed run time = 0.0273 s

Elapsed run time = 0.0270 s

Elapsed run time = 0.0270 s

Elapsed run time = 0.0272 s

Elapsed run time = 0.0268 s

Elapsed run time = 0.0272 s

Elapsed run time = 0.0270 s

Elapsed run time = 0.0270 s

Elapsed run time = 0.0273 s

Elapsed run time = 0.0273 s

Elapsed run time = 0.0270 s

Elapsed run time = 0.0272 s

Elapsed run time = 0.0271 s

Elapsed run time = 0.0273 s

Elapsed run time = 0.0273 s

Elapsed run time = 0.0271 s

Elapsed run time = 1489.7218 s

Elapsed run time = 1501.0456 s

Elapsed run time = 1529.3272 s

Elapsed run time = 1534.6124 s

Elapsed run time = 2168.9894 s

Elapsed run time = 2175.3253 s

Elapsed run time = 2186.1334 s

Elapsed run time = 2187.6008 s

Elapsed run time = 2193.6146 s

Elapsed run time = 2205.4177 s

Elapsed run time = 2207.1241 s

Elapsed run time = 2218.7882 s
  [BOTH][Rank 0] Done moment 1/1 (task 0): force_integral=-9.181903e-05

Elapsed run time = 5163.1441 s

Elapsed run time = 5174.7362 s

Elapsed run time = 5175.8478 s

Elapsed run time = 5191.8576 s

Elapsed run time = 5194.5930 s

Elapsed run time = 5205.4764 s

Elapsed run time = 5206.1205 s

Elapsed run time = 5206.9331 s

Elapsed run time = 5206.9366 s

Elapsed run time = 5208.0655 s

Elapsed run time = 5208.5259 s

Elapsed run time = 5210.3345 s

Elapsed run time = 5213.4196 s

Elapsed run time = 5215.2000 s

Elapsed run time = 5215.3717 s

Elapsed run time = 5216.5442 s

Elapsed run time = 5216.5965 s

Elapsed run time = 5217.1952 s

Elapsed run time = 5217.5926 s

Elapsed run time = 5217.6656 s

Elapsed run time = 5218.4662 s

Elapsed run time = 5218.8605 s

Elapsed run time = 5219.0144 s

Elapsed run time = 5220.7499 s

Elapsed run time = 5221.3215 s

Elapsed run time = 5222.6534 s

Elapsed run time = 5223.8169 s

Elapsed run time = 5226.0958 s

Elapsed run time = 5226.5766 s

Elapsed run time = 5226.5854 s

Elapsed run time = 5226.6965 s

Elapsed run time = 5226.9991 s

Elapsed run time = 5227.4354 s

Elapsed run time = 5229.0811 s

Elapsed run time = 5231.2212 s

Elapsed run time = 5231.3273 s

Elapsed run time = 5233.9605 s

Elapsed run time = 5234.0240 s
  [SELF][Rank 0] Done moment 1/1 (task 0): force_integral=+4.895374e-03

Elapsed run time = 5238.1080 s

Elapsed run time = 5239.2948 s

Elapsed run time = 5239.4166 s

Elapsed run time = 5241.6516 s

Elapsed run time = 5242.1610 s

Elapsed run time = 5242.3486 s

Elapsed run time = 5242.6836 s

Elapsed run time = 5245.0734 s

Elapsed run time = 5245.3876 s

Elapsed run time = 5248.3857 s

Elapsed run time = 5250.2424 s

Elapsed run time = 5250.9075 s

Elapsed run time = 5251.0827 s

Elapsed run time = 5251.2256 s

Elapsed run time = 5251.4251 s

Elapsed run time = 5251.9756 s

Elapsed run time = 5252.0838 s

Elapsed run time = 5253.0935 s

Elapsed run time = 5253.5503 s

Elapsed run time = 5253.9649 s

Elapsed run time = 5254.0164 s

Elapsed run time = 5255.8987 s

Elapsed run time = 5256.2604 s

Elapsed run time = 5256.4484 s

Elapsed run time = 5256.6664 s

Elapsed run time = 5256.8000 s

Elapsed run time = 5256.8899 s

Elapsed run time = 5257.1137 s

Elapsed run time = 5257.4368 s

Elapsed run time = 5258.3138 s

Elapsed run time = 5258.5066 s

Elapsed run time = 5258.8997 s

Elapsed run time = 5259.4249 s

Elapsed run time = 5259.5009 s

Elapsed run time = 5260.7621 s

Elapsed run time = 5260.9778 s

Elapsed run time = 5261.4075 s

Elapsed run time = 5261.8568 s

Elapsed run time = 5262.4130 s

Elapsed run time = 5262.8366 s

Elapsed run time = 5262.9677 s

Elapsed run time = 5263.5967 s

Elapsed run time = 5263.7369 s

Elapsed run time = 5264.1914 s

Elapsed run time = 5264.1997 s

Elapsed run time = 5265.7237 s

Elapsed run time = 5269.8524 s

Elapsed run time = 5269.9105 s

Elapsed run time = 5269.9786 s

Elapsed run time = 5270.7945 s

Elapsed run time = 5273.5745 s

Elapsed run time = 5278.3083 s

Elapsed run time = 5279.1279 s

Elapsed run time = 5281.1148 s

Elapsed run time = 5283.9427 s

Elapsed run time = 5284.5449 s

Elapsed run time = 5284.5869 s
Simulation complete. Subtracted force: -3.137374e-01. Saved to .tmp/meep_d_0.1500_N_3_corrugated_al_75.0_Nbot_3_Phosphorene_tuned_res_40_theta_80.0_eps_2.1_L_2.00.json

Elapsed run time = 5285.1153 s
Task 59 complete at Fri Sep 11 01:19:44 AM EDT 2026.
