==================================================
SLURM ARRAY TASK ID: 35 / 224
Running on node: x1002c6s1b0n1
Start time: Thu Sep 10 01:36:18 PM EDT 2026
==================================================
Reading parameters from sweep_configs_sweet_spot/config_035.json...
Executing 3D FDTD Simulation: Alpha=70.0 deg, Theta=88.0 deg, d=0.35 um, L=2.0 um, Res=40...

Elapsed run time = 0.0248 s

Elapsed run time = 0.0269 s

Elapsed run time = 0.0288 s

Elapsed run time = 0.0295 s

Elapsed run time = 0.0306 s

Elapsed run time = 0.0321 s

Elapsed run time = 0.0339 s

Elapsed run time = 0.0373 s

Elapsed run time = 0.0388 s

Elapsed run time = 0.0401 s

Elapsed run time = 0.0395 s

Elapsed run time = 0.0471 s

Elapsed run time = 0.0482 s

Elapsed run time = 0.0494 s

Elapsed run time = 0.0494 s

Elapsed run time = 0.0509 s

Elapsed run time = 0.0503 s

Elapsed run time = 0.0512 s

Elapsed run time = 0.0518 s

Elapsed run time = 0.0532 s

Elapsed run time = 1549.5899 s

Elapsed run time = 1549.9725 s

Elapsed run time = 1579.1173 s

Elapsed run time = 1581.2792 s

Elapsed run time = 2241.1341 s

Elapsed run time = 2243.4252 s

Elapsed run time = 2259.9935 s

Elapsed run time = 2260.7144 s

Elapsed run time = 2269.2364 s

Elapsed run time = 2278.6518 s

Elapsed run time = 2282.0299 s

Elapsed run time = 2290.6430 s
Starting simulation: d=0.35 um, N_top=3, N_bottom=3, material=Phosphorene_tuned, resolution=40, nmax=3, theta=88.0, eps_bg=2.1, config=all, stepped_sieve=False, corrugated=True
Parallel configuration: 128 processes running 108 parallel moment partitions.
  [BOTH][Rank 0] Done moment 1/1 (task 0): force_integral=+1.586035e-03

Elapsed run time = 5342.7164 s

Elapsed run time = 5349.9937 s

Elapsed run time = 5364.4516 s

Elapsed run time = 5366.4259 s

Elapsed run time = 5379.8743 s

Elapsed run time = 5380.9813 s

Elapsed run time = 5384.4971 s

Elapsed run time = 5384.5509 s

Elapsed run time = 5387.8726 s

Elapsed run time = 5391.4873 s

Elapsed run time = 5392.4807 s

Elapsed run time = 5392.6050 s

Elapsed run time = 5394.9146 s

Elapsed run time = 5394.9934 s

Elapsed run time = 5395.4264 s

Elapsed run time = 5395.8688 s

Elapsed run time = 5397.6037 s

Elapsed run time = 5400.2442 s

Elapsed run time = 5401.6126 s

Elapsed run time = 5401.6224 s

Elapsed run time = 5403.2249 s

Elapsed run time = 5404.6916 s

Elapsed run time = 5406.4380 s

Elapsed run time = 5407.7635 s

Elapsed run time = 5408.3615 s

Elapsed run time = 5408.7784 s

Elapsed run time = 5409.1226 s

Elapsed run time = 5409.3126 s

Elapsed run time = 5411.1046 s

Elapsed run time = 5411.1496 s

Elapsed run time = 5411.1919 s

Elapsed run time = 5411.3097 s

Elapsed run time = 5412.0839 s

Elapsed run time = 5412.2484 s

Elapsed run time = 5412.6330 s

Elapsed run time = 5412.6826 s

Elapsed run time = 5412.7415 s

Elapsed run time = 5413.0790 s

Elapsed run time = 5414.8485 s

Elapsed run time = 5415.4979 s

Elapsed run time = 5415.6867 s

Elapsed run time = 5415.8917 s

Elapsed run time = 5416.7899 s

Elapsed run time = 5417.4993 s

Elapsed run time = 5418.0674 s

Elapsed run time = 5418.8984 s

Elapsed run time = 5418.9365 s

Elapsed run time = 5418.9627 s

Elapsed run time = 5421.3811 s

Elapsed run time = 5424.2487 s

Elapsed run time = 5424.4328 s

Elapsed run time = 5425.2147 s

Elapsed run time = 5427.0177 s

Elapsed run time = 5428.4652 s

Elapsed run time = 5429.0715 s

Elapsed run time = 5429.2628 s

Elapsed run time = 5429.3772 s

Elapsed run time = 5429.7995 s

Elapsed run time = 5431.5269 s

Elapsed run time = 5431.9415 s

Elapsed run time = 5432.8114 s

Elapsed run time = 5433.7155 s
  [SELF][Rank 0] Done moment 1/1 (task 0): force_integral=+2.458670e-03

Elapsed run time = 5435.5264 s

Elapsed run time = 5438.2591 s

Elapsed run time = 5440.6851 s

Elapsed run time = 5440.9525 s

Elapsed run time = 5440.9798 s

Elapsed run time = 5441.0839 s

Elapsed run time = 5441.2041 s

Elapsed run time = 5441.5071 s

Elapsed run time = 5441.6726 s

Elapsed run time = 5441.7704 s

Elapsed run time = 5441.9743 s

Elapsed run time = 5442.5934 s

Elapsed run time = 5442.6055 s

Elapsed run time = 5442.6883 s

Elapsed run time = 5442.7095 s

Elapsed run time = 5443.1809 s

Elapsed run time = 5443.5555 s

Elapsed run time = 5443.7800 s

Elapsed run time = 5444.5934 s

Elapsed run time = 5444.8753 s

Elapsed run time = 5444.8796 s

Elapsed run time = 5445.5523 s

Elapsed run time = 5447.0184 s

Elapsed run time = 5448.9037 s

Elapsed run time = 5448.9265 s

Elapsed run time = 5449.2021 s

Elapsed run time = 5449.8447 s

Elapsed run time = 5454.3585 s

Elapsed run time = 5456.0882 s

Elapsed run time = 5456.5859 s

Elapsed run time = 5461.9343 s

Elapsed run time = 5461.9627 s

Elapsed run time = 5462.9184 s
Simulation complete. Subtracted force: -1.657767e-02. Saved to .tmp/meep_d_0.3500_N_3_corrugated_Nbot_3_Phosphorene_tuned_res_40_theta_88.0_eps_2.1_L_2.00.json

Elapsed run time = 5478.7423 s
Task 35 complete at Thu Sep 10 03:08:07 PM EDT 2026.
