==================================================
SLURM ARRAY TASK ID: 160 / 224
Running on node: x1002c3s7b0n1
Start time: Fri Sep 11 08:15:44 AM EDT 2026
==================================================
Reading parameters from sweep_configs_sweet_spot/config_160.json...
Executing 3D FDTD Simulation: Alpha=80.0 deg, Theta=92.0 deg, d=0.3 um, L=2.0 um, Res=40...
Starting simulation: d=0.3 um, N_top=3, N_bottom=3, material=Phosphorene_tuned, resolution=40, nmax=3, theta=92.0, eps_bg=2.1, config=all, stepped_sieve=False, corrugated=True
Parallel configuration: 128 processes running 108 parallel moment partitions.

Elapsed run time = 0.1583 s

Elapsed run time = 0.1621 s

Elapsed run time = 0.1613 s

Elapsed run time = 0.1664 s

Elapsed run time = 0.1649 s

Elapsed run time = 0.1667 s

Elapsed run time = 0.1683 s

Elapsed run time = 0.1691 s

Elapsed run time = 0.1703 s

Elapsed run time = 0.1715 s

Elapsed run time = 0.1745 s

Elapsed run time = 0.1739 s

Elapsed run time = 0.1745 s

Elapsed run time = 0.1754 s

Elapsed run time = 0.1785 s

Elapsed run time = 0.1913 s

Elapsed run time = 0.1911 s

Elapsed run time = 0.1928 s

Elapsed run time = 0.1921 s

Elapsed run time = 0.1933 s

Elapsed run time = 1517.7241 s

Elapsed run time = 1532.2306 s

Elapsed run time = 1546.8253 s

Elapsed run time = 1548.2779 s

Elapsed run time = 2195.9266 s

Elapsed run time = 2200.4358 s

Elapsed run time = 2202.3943 s

Elapsed run time = 2211.5646 s

Elapsed run time = 2228.8198 s

Elapsed run time = 2232.4227 s

Elapsed run time = 2237.9423 s

Elapsed run time = 2242.1871 s
  [BOTH][Rank 0] Done moment 1/1 (task 0): force_integral=-1.473512e-03

Elapsed run time = 5205.2468 s

Elapsed run time = 5258.2278 s

Elapsed run time = 5265.3720 s

Elapsed run time = 5277.7897 s

Elapsed run time = 5279.0433 s

Elapsed run time = 5279.1905 s

Elapsed run time = 5284.4649 s

Elapsed run time = 5285.5381 s

Elapsed run time = 5289.6711 s

Elapsed run time = 5291.1426 s

Elapsed run time = 5291.5269 s

Elapsed run time = 5295.0908 s

Elapsed run time = 5295.3587 s

Elapsed run time = 5296.9651 s

Elapsed run time = 5297.7737 s

Elapsed run time = 5299.7262 s

Elapsed run time = 5300.3199 s

Elapsed run time = 5301.0305 s

Elapsed run time = 5301.7203 s

Elapsed run time = 5301.7953 s

Elapsed run time = 5301.8027 s

Elapsed run time = 5302.4146 s

Elapsed run time = 5302.4297 s

Elapsed run time = 5302.4723 s

Elapsed run time = 5302.7717 s

Elapsed run time = 5302.7960 s

Elapsed run time = 5303.4575 s

Elapsed run time = 5303.7068 s

Elapsed run time = 5304.0758 s
  [SELF][Rank 0] Done moment 1/1 (task 0): force_integral=-1.450431e-04

Elapsed run time = 5305.6504 s

Elapsed run time = 5306.7545 s

Elapsed run time = 5307.3441 s

Elapsed run time = 5307.3895 s

Elapsed run time = 5307.8787 s

Elapsed run time = 5308.0914 s

Elapsed run time = 5308.6049 s

Elapsed run time = 5309.1438 s

Elapsed run time = 5311.3140 s

Elapsed run time = 5312.9402 s

Elapsed run time = 5314.2016 s

Elapsed run time = 5314.2679 s

Elapsed run time = 5315.1750 s

Elapsed run time = 5315.2272 s

Elapsed run time = 5315.6805 s

Elapsed run time = 5317.1650 s

Elapsed run time = 5321.8850 s

Elapsed run time = 5322.8058 s

Elapsed run time = 5322.8596 s

Elapsed run time = 5324.3266 s

Elapsed run time = 5325.5262 s

Elapsed run time = 5325.9981 s

Elapsed run time = 5326.2150 s

Elapsed run time = 5326.8727 s

Elapsed run time = 5328.4254 s

Elapsed run time = 5328.6427 s

Elapsed run time = 5329.7053 s

Elapsed run time = 5330.3859 s

Elapsed run time = 5330.4120 s

Elapsed run time = 5331.2179 s

Elapsed run time = 5331.4222 s

Elapsed run time = 5331.5711 s

Elapsed run time = 5331.5964 s

Elapsed run time = 5333.0654 s

Elapsed run time = 5333.8181 s

Elapsed run time = 5334.3318 s

Elapsed run time = 5334.3991 s

Elapsed run time = 5335.1905 s

Elapsed run time = 5335.5558 s

Elapsed run time = 5335.9267 s

Elapsed run time = 5336.3821 s

Elapsed run time = 5336.6041 s

Elapsed run time = 5336.9069 s

Elapsed run time = 5337.2041 s

Elapsed run time = 5337.3230 s

Elapsed run time = 5337.3251 s

Elapsed run time = 5337.9334 s

Elapsed run time = 5337.9972 s

Elapsed run time = 5338.7943 s

Elapsed run time = 5339.0954 s

Elapsed run time = 5339.5454 s

Elapsed run time = 5339.9044 s

Elapsed run time = 5340.1354 s

Elapsed run time = 5342.1493 s

Elapsed run time = 5342.9695 s

Elapsed run time = 5343.4662 s

Elapsed run time = 5343.6577 s

Elapsed run time = 5343.7350 s

Elapsed run time = 5343.8466 s

Elapsed run time = 5344.4187 s

Elapsed run time = 5346.7355 s

Elapsed run time = 5348.7200 s

Elapsed run time = 5350.9078 s

Elapsed run time = 5355.4029 s

Elapsed run time = 5355.7682 s

Elapsed run time = 5355.8297 s
Simulation complete. Subtracted force: -4.364616e-02. Saved to .tmp/meep_d_0.3000_N_3_corrugated_al_80.0_Nbot_3_Phosphorene_tuned_res_40_theta_92.0_eps_2.1_L_2.00.json

Elapsed run time = 5356.3537 s
Task 160 complete at Fri Sep 11 09:45:47 AM EDT 2026.
