==================================================
SLURM ARRAY TASK ID: 63 / 224
Running on node: x1001c4s0b1n1
Start time: Thu Sep 10 05:03:45 PM EDT 2026
==================================================
Reading parameters from sweep_configs_sweet_spot/config_063.json...
Executing 3D FDTD Simulation: Alpha=75.0 deg, Theta=80.0 deg, d=0.35 um, L=2.0 um, Res=40...

Elapsed run time = 0.0671 s

Elapsed run time = 0.0670 s

Elapsed run time = 0.0672 s

Elapsed run time = 0.0676 s

Elapsed run time = 0.0675 s

Elapsed run time = 0.0676 s

Elapsed run time = 0.0675 s

Elapsed run time = 0.0676 s

Elapsed run time = 0.0676 s

Elapsed run time = 0.0677 s

Elapsed run time = 0.0676 s

Elapsed run time = 0.0676 s

Elapsed run time = 0.0678 s

Elapsed run time = 0.0679 s

Elapsed run time = 0.0677 s

Elapsed run time = 0.0677 s

Elapsed run time = 0.0679 s

Elapsed run time = 0.0677 s

Elapsed run time = 0.0677 s

Elapsed run time = 0.0675 s

Elapsed run time = 0.0678 s

Elapsed run time = 0.0677 s

Elapsed run time = 0.0676 s

Elapsed run time = 0.0677 s

Elapsed run time = 0.0680 s

Elapsed run time = 0.0677 s

Elapsed run time = 0.0676 s

Elapsed run time = 0.0678 s

Elapsed run time = 0.0675 s

Elapsed run time = 0.0675 s

Elapsed run time = 0.0676 s

Elapsed run time = 0.0676 s

Elapsed run time = 0.0678 s

Elapsed run time = 0.0676 s

Elapsed run time = 0.0678 s

Elapsed run time = 0.0678 s

Elapsed run time = 0.0680 s

Elapsed run time = 0.0680 s

Elapsed run time = 0.0680 s

Elapsed run time = 0.0677 s

Elapsed run time = 0.0677 s

Elapsed run time = 0.0677 s

Elapsed run time = 0.0678 s

Elapsed run time = 0.0678 s

Elapsed run time = 0.0677 s

Elapsed run time = 0.0677 s

Elapsed run time = 0.0676 s

Elapsed run time = 0.0678 s

Elapsed run time = 0.0677 s

Elapsed run time = 0.0676 s

Elapsed run time = 0.0677 s

Elapsed run time = 0.0680 s

Elapsed run time = 0.0680 s

Elapsed run time = 0.0678 s

Elapsed run time = 0.0680 s

Elapsed run time = 0.0674 s

Elapsed run time = 0.0677 s

Elapsed run time = 0.0680 s

Elapsed run time = 0.0678 s

Elapsed run time = 0.0678 s

Elapsed run time = 0.0682 s

Elapsed run time = 0.0677 s

Elapsed run time = 0.0676 s

Elapsed run time = 0.0678 s

Elapsed run time = 0.0678 s

Elapsed run time = 0.0679 s

Elapsed run time = 0.0677 s

Elapsed run time = 0.0679 s
Starting simulation: d=0.35 um, N_top=3, N_bottom=3, material=Phosphorene_tuned, resolution=40, nmax=3, theta=80.0, eps_bg=2.1, config=all, stepped_sieve=False, corrugated=True
Parallel configuration: 128 processes running 108 parallel moment partitions.
Task already complete! Found cached result in .tmp/meep_d_0.3500_N_3_corrugated_Nbot_3_Phosphorene_tuned_res_40_theta_80.0_eps_2.1_L_2.00.json (F_sub=-1.605117e-02). Skipping.

Elapsed run time = 0.0680 s

Elapsed run time = 0.0682 s

Elapsed run time = 0.0683 s

Elapsed run time = 0.0682 s

Elapsed run time = 0.0682 s

Elapsed run time = 0.0686 s

Elapsed run time = 0.0682 s

Elapsed run time = 0.0679 s

Elapsed run time = 0.0680 s

Elapsed run time = 0.0680 s

Elapsed run time = 0.0682 s

Elapsed run time = 0.0682 s

Elapsed run time = 0.0683 s

Elapsed run time = 0.0682 s

Elapsed run time = 0.0682 s

Elapsed run time = 0.0682 s

Elapsed run time = 0.0682 s

Elapsed run time = 0.0682 s

Elapsed run time = 0.0683 s

Elapsed run time = 0.0683 s

Elapsed run time = 0.0683 s

Elapsed run time = 0.0683 s

Elapsed run time = 0.0683 s

Elapsed run time = 0.0684 s

Elapsed run time = 0.0681 s

Elapsed run time = 0.0681 s

Elapsed run time = 0.0684 s

Elapsed run time = 0.0681 s

Elapsed run time = 0.0679 s

Elapsed run time = 0.0679 s

Elapsed run time = 0.0681 s

Elapsed run time = 0.0682 s

Elapsed run time = 0.0683 s

Elapsed run time = 0.0681 s

Elapsed run time = 0.0680 s

Elapsed run time = 0.0680 s

Elapsed run time = 0.0680 s

Elapsed run time = 0.0683 s

Elapsed run time = 0.0679 s

Elapsed run time = 0.0682 s

Elapsed run time = 0.0682 s

Elapsed run time = 0.0682 s

Elapsed run time = 0.0681 s

Elapsed run time = 0.0683 s

Elapsed run time = 0.0683 s

Elapsed run time = 0.0684 s

Elapsed run time = 0.0681 s

Elapsed run time = 0.0680 s

Elapsed run time = 0.0683 s

Elapsed run time = 0.0684 s

Elapsed run time = 0.0683 s

Elapsed run time = 0.0683 s

Elapsed run time = 0.0681 s

Elapsed run time = 0.0684 s

Elapsed run time = 0.0683 s

Elapsed run time = 0.0684 s

Elapsed run time = 0.0681 s

Elapsed run time = 0.0684 s

Elapsed run time = 0.0683 s

Elapsed run time = 0.0682 s
Task 63 complete at Thu Sep 10 05:04:12 PM EDT 2026.
