==================================================
SLURM ARRAY TASK ID: 81 / 224
Running on node: x1002c4s3b0n0
Start time: Fri Sep 11 03:24:39 AM EDT 2026
==================================================
Reading parameters from sweep_configs_sweet_spot/config_081.json...
Executing 3D FDTD Simulation: Alpha=75.0 deg, Theta=86.0 deg, d=0.2 um, L=2.0 um, Res=40...
Starting simulation: d=0.2 um, N_top=3, N_bottom=3, material=Phosphorene_tuned, resolution=40, nmax=3, theta=86.0, eps_bg=2.1, config=all, stepped_sieve=False, corrugated=True
Parallel configuration: 128 processes running 108 parallel moment partitions.

Elapsed run time = 0.0737 s

Elapsed run time = 0.0739 s

Elapsed run time = 0.0741 s

Elapsed run time = 0.0740 s

Elapsed run time = 0.0739 s

Elapsed run time = 0.0739 s

Elapsed run time = 0.0738 s

Elapsed run time = 0.0742 s

Elapsed run time = 0.0737 s

Elapsed run time = 0.0740 s

Elapsed run time = 0.0741 s

Elapsed run time = 0.0738 s

Elapsed run time = 0.0738 s

Elapsed run time = 0.0740 s

Elapsed run time = 0.0740 s

Elapsed run time = 0.0741 s

Elapsed run time = 0.0740 s

Elapsed run time = 0.0739 s

Elapsed run time = 0.0740 s

Elapsed run time = 0.0739 s

Elapsed run time = 1457.1688 s

Elapsed run time = 1457.2355 s

Elapsed run time = 1487.9879 s

Elapsed run time = 1493.6983 s

Elapsed run time = 2127.3219 s

Elapsed run time = 2128.5843 s

Elapsed run time = 2129.0650 s

Elapsed run time = 2134.6934 s

Elapsed run time = 2141.2340 s

Elapsed run time = 2153.9969 s

Elapsed run time = 2154.1929 s

Elapsed run time = 2156.3037 s
  [BOTH][Rank 0] Done moment 1/1 (task 0): force_integral=-6.916832e-04

Elapsed run time = 5052.4162 s

Elapsed run time = 5071.9601 s

Elapsed run time = 5079.6164 s

Elapsed run time = 5090.4032 s

Elapsed run time = 5093.4102 s

Elapsed run time = 5093.7823 s

Elapsed run time = 5097.1459 s

Elapsed run time = 5097.7415 s

Elapsed run time = 5097.8976 s

Elapsed run time = 5098.2258 s

Elapsed run time = 5098.6077 s

Elapsed run time = 5099.1100 s

Elapsed run time = 5100.9665 s

Elapsed run time = 5103.7863 s

Elapsed run time = 5105.5580 s

Elapsed run time = 5106.2134 s

Elapsed run time = 5106.5368 s

Elapsed run time = 5108.0400 s

Elapsed run time = 5108.7396 s

Elapsed run time = 5110.6462 s

Elapsed run time = 5110.9791 s

Elapsed run time = 5113.0142 s

Elapsed run time = 5113.1554 s

Elapsed run time = 5113.2927 s

Elapsed run time = 5113.6418 s

Elapsed run time = 5114.7374 s
  [SELF][Rank 0] Done moment 1/1 (task 0): force_integral=+2.333318e-03

Elapsed run time = 5114.9011 s

Elapsed run time = 5117.0347 s

Elapsed run time = 5117.1725 s

Elapsed run time = 5118.7862 s

Elapsed run time = 5119.3152 s

Elapsed run time = 5120.5774 s

Elapsed run time = 5120.5888 s

Elapsed run time = 5120.9741 s

Elapsed run time = 5121.2646 s

Elapsed run time = 5121.5075 s

Elapsed run time = 5121.7061 s

Elapsed run time = 5122.8260 s

Elapsed run time = 5123.7346 s

Elapsed run time = 5124.6408 s

Elapsed run time = 5124.6987 s

Elapsed run time = 5124.7754 s

Elapsed run time = 5126.0777 s

Elapsed run time = 5129.0435 s

Elapsed run time = 5131.0327 s

Elapsed run time = 5131.4660 s

Elapsed run time = 5131.5587 s

Elapsed run time = 5131.6264 s

Elapsed run time = 5132.9821 s

Elapsed run time = 5133.3314 s

Elapsed run time = 5133.5100 s

Elapsed run time = 5135.5668 s

Elapsed run time = 5135.9586 s

Elapsed run time = 5136.1733 s

Elapsed run time = 5136.5711 s

Elapsed run time = 5136.9404 s

Elapsed run time = 5138.7387 s

Elapsed run time = 5140.9629 s

Elapsed run time = 5141.6647 s

Elapsed run time = 5142.2779 s

Elapsed run time = 5142.3618 s

Elapsed run time = 5143.1279 s

Elapsed run time = 5144.0814 s

Elapsed run time = 5145.8777 s

Elapsed run time = 5145.9992 s

Elapsed run time = 5146.1803 s

Elapsed run time = 5146.7083 s

Elapsed run time = 5147.1211 s

Elapsed run time = 5147.7906 s

Elapsed run time = 5147.8982 s

Elapsed run time = 5148.3458 s

Elapsed run time = 5148.3971 s

Elapsed run time = 5148.6212 s

Elapsed run time = 5148.6658 s

Elapsed run time = 5148.7938 s

Elapsed run time = 5150.1338 s

Elapsed run time = 5150.2240 s

Elapsed run time = 5150.7218 s

Elapsed run time = 5151.1444 s

Elapsed run time = 5151.2184 s

Elapsed run time = 5151.8051 s

Elapsed run time = 5153.0315 s

Elapsed run time = 5153.4128 s

Elapsed run time = 5154.0292 s

Elapsed run time = 5154.4384 s

Elapsed run time = 5154.4701 s

Elapsed run time = 5154.8652 s

Elapsed run time = 5155.0058 s

Elapsed run time = 5156.1165 s

Elapsed run time = 5159.9892 s

Elapsed run time = 5161.3640 s

Elapsed run time = 5161.4550 s

Elapsed run time = 5164.2974 s

Elapsed run time = 5165.1687 s

Elapsed run time = 5166.3499 s
Simulation complete. Subtracted force: -1.485309e-01. Saved to .tmp/meep_d_0.2000_N_3_corrugated_al_75.0_Nbot_3_Phosphorene_tuned_res_40_theta_86.0_eps_2.1_L_2.00.json

Elapsed run time = 5167.1791 s
Task 81 complete at Fri Sep 11 04:50:52 AM EDT 2026.
