==================================================
SLURM ARRAY TASK ID: 188 / 224
Running on node: x1000c4s1b1n0
Start time: Fri Sep 11 09:39:50 AM EDT 2026
==================================================
Reading parameters from sweep_configs_sweet_spot/config_188.json...
Executing 3D FDTD Simulation: Alpha=85.0 deg, Theta=84.0 deg, d=0.3 um, L=2.0 um, Res=40...
Starting simulation: d=0.3 um, N_top=3, N_bottom=3, material=Phosphorene_tuned, resolution=40, nmax=3, theta=84.0, eps_bg=2.1, config=all, stepped_sieve=False, corrugated=True
Parallel configuration: 128 processes running 108 parallel moment partitions.

Elapsed run time = 0.2294 s

Elapsed run time = 0.2321 s

Elapsed run time = 0.2332 s

Elapsed run time = 0.2351 s

Elapsed run time = 0.2363 s

Elapsed run time = 0.2377 s

Elapsed run time = 0.2394 s

Elapsed run time = 0.2401 s

Elapsed run time = 0.2392 s

Elapsed run time = 0.2424 s

Elapsed run time = 0.2663 s

Elapsed run time = 0.2672 s

Elapsed run time = 0.2680 s

Elapsed run time = 0.2694 s

Elapsed run time = 0.2706 s

Elapsed run time = 0.2718 s

Elapsed run time = 0.2722 s

Elapsed run time = 0.2724 s

Elapsed run time = 0.2725 s

Elapsed run time = 0.2731 s

Elapsed run time = 1508.0491 s

Elapsed run time = 1513.5129 s

Elapsed run time = 1543.8367 s

Elapsed run time = 1551.2505 s

Elapsed run time = 2201.1401 s

Elapsed run time = 2202.2514 s

Elapsed run time = 2216.4646 s

Elapsed run time = 2216.6283 s

Elapsed run time = 2222.3628 s

Elapsed run time = 2223.0710 s

Elapsed run time = 2234.2611 s

Elapsed run time = 2244.8823 s
  [BOTH][Rank 0] Done moment 1/1 (task 0): force_integral=-1.178430e-03

Elapsed run time = 5233.5823 s

Elapsed run time = 5262.8056 s

Elapsed run time = 5270.7734 s

Elapsed run time = 5271.3823 s

Elapsed run time = 5279.0250 s

Elapsed run time = 5282.6829 s

Elapsed run time = 5283.6680 s

Elapsed run time = 5285.4833 s

Elapsed run time = 5287.2638 s

Elapsed run time = 5291.2549 s

Elapsed run time = 5292.1304 s

Elapsed run time = 5292.3292 s

Elapsed run time = 5292.7771 s

Elapsed run time = 5293.5305 s

Elapsed run time = 5294.3982 s

Elapsed run time = 5297.6599 s

Elapsed run time = 5299.5320 s

Elapsed run time = 5300.3944 s

Elapsed run time = 5301.7142 s

Elapsed run time = 5301.9551 s

Elapsed run time = 5301.9938 s

Elapsed run time = 5302.8520 s

Elapsed run time = 5303.2555 s

Elapsed run time = 5303.2751 s

Elapsed run time = 5303.6002 s

Elapsed run time = 5303.6278 s

Elapsed run time = 5305.1201 s

Elapsed run time = 5306.1947 s

Elapsed run time = 5306.5620 s

Elapsed run time = 5306.8746 s

Elapsed run time = 5307.3052 s

Elapsed run time = 5309.3718 s

Elapsed run time = 5310.3615 s

Elapsed run time = 5311.1666 s

Elapsed run time = 5311.2104 s

Elapsed run time = 5311.4982 s

Elapsed run time = 5312.5447 s

Elapsed run time = 5315.2599 s

Elapsed run time = 5315.9703 s

Elapsed run time = 5316.9035 s

Elapsed run time = 5317.2184 s

Elapsed run time = 5317.4107 s

Elapsed run time = 5318.1026 s

Elapsed run time = 5319.0929 s

Elapsed run time = 5319.3115 s

Elapsed run time = 5321.5273 s

Elapsed run time = 5323.2944 s

Elapsed run time = 5323.4938 s

Elapsed run time = 5324.4034 s
  [SELF][Rank 0] Done moment 1/1 (task 0): force_integral=+1.062973e-04

Elapsed run time = 5326.9306 s

Elapsed run time = 5327.8630 s

Elapsed run time = 5327.9010 s

Elapsed run time = 5327.9712 s

Elapsed run time = 5328.9527 s

Elapsed run time = 5329.1330 s

Elapsed run time = 5329.1587 s

Elapsed run time = 5330.0611 s

Elapsed run time = 5331.3873 s

Elapsed run time = 5332.1177 s

Elapsed run time = 5332.1861 s

Elapsed run time = 5333.3088 s

Elapsed run time = 5334.0422 s

Elapsed run time = 5334.1833 s

Elapsed run time = 5334.3325 s

Elapsed run time = 5334.7186 s

Elapsed run time = 5334.8696 s

Elapsed run time = 5335.2606 s

Elapsed run time = 5335.7356 s

Elapsed run time = 5336.5924 s

Elapsed run time = 5336.7851 s

Elapsed run time = 5339.7958 s

Elapsed run time = 5340.8362 s

Elapsed run time = 5340.8426 s

Elapsed run time = 5341.2409 s

Elapsed run time = 5343.2061 s

Elapsed run time = 5343.4389 s

Elapsed run time = 5344.2669 s

Elapsed run time = 5345.4121 s

Elapsed run time = 5346.1733 s

Elapsed run time = 5346.2252 s

Elapsed run time = 5348.3252 s

Elapsed run time = 5348.3418 s

Elapsed run time = 5349.1473 s

Elapsed run time = 5349.9142 s

Elapsed run time = 5351.5995 s

Elapsed run time = 5352.2910 s

Elapsed run time = 5352.3346 s

Elapsed run time = 5352.3968 s

Elapsed run time = 5353.0065 s

Elapsed run time = 5353.7538 s

Elapsed run time = 5356.4634 s

Elapsed run time = 5356.6717 s

Elapsed run time = 5356.7009 s

Elapsed run time = 5357.2455 s

Elapsed run time = 5357.6528 s
Simulation complete. Subtracted force: -4.343619e-02. Saved to .tmp/meep_d_0.3000_N_3_corrugated_al_85.0_Nbot_3_Phosphorene_tuned_res_40_theta_84.0_eps_2.1_L_2.00.json

Elapsed run time = 5358.1066 s
Task 188 complete at Fri Sep 11 11:09:54 AM EDT 2026.
