==================================================
SLURM ARRAY TASK ID: 80 / 224
Running on node: x1002c2s4b1n1
Start time: Fri Sep 11 03:19:38 AM EDT 2026
==================================================
Reading parameters from sweep_configs_sweet_spot/config_080.json...
Executing 3D FDTD Simulation: Alpha=75.0 deg, Theta=86.0 deg, d=0.15 um, L=2.0 um, Res=40...
Starting simulation: d=0.15 um, N_top=3, N_bottom=3, material=Phosphorene_tuned, resolution=40, nmax=3, theta=86.0, eps_bg=2.1, config=all, stepped_sieve=False, corrugated=True
Parallel configuration: 128 processes running 108 parallel moment partitions.

Elapsed run time = 0.0918 s

Elapsed run time = 0.0908 s

Elapsed run time = 0.0911 s

Elapsed run time = 0.0924 s

Elapsed run time = 0.0918 s

Elapsed run time = 0.0910 s

Elapsed run time = 0.0927 s

Elapsed run time = 0.0916 s

Elapsed run time = 0.0918 s

Elapsed run time = 0.0910 s

Elapsed run time = 0.0920 s

Elapsed run time = 0.0924 s

Elapsed run time = 0.0920 s

Elapsed run time = 0.0921 s

Elapsed run time = 0.0918 s

Elapsed run time = 0.0919 s

Elapsed run time = 0.0919 s

Elapsed run time = 0.0920 s

Elapsed run time = 0.0919 s

Elapsed run time = 0.0920 s

Elapsed run time = 1430.6746 s

Elapsed run time = 1442.7176 s

Elapsed run time = 1466.7875 s

Elapsed run time = 1470.7061 s

Elapsed run time = 2090.0183 s

Elapsed run time = 2090.7513 s

Elapsed run time = 2091.3990 s

Elapsed run time = 2094.5407 s

Elapsed run time = 2107.0796 s

Elapsed run time = 2112.1058 s

Elapsed run time = 2120.3654 s

Elapsed run time = 2124.1488 s
  [BOTH][Rank 0] Done moment 1/1 (task 0): force_integral=-2.896972e-03

Elapsed run time = 4944.6992 s

Elapsed run time = 4952.1974 s

Elapsed run time = 4972.0999 s

Elapsed run time = 4986.1391 s

Elapsed run time = 4988.5744 s

Elapsed run time = 4989.0815 s

Elapsed run time = 4995.3678 s

Elapsed run time = 4998.7496 s

Elapsed run time = 5000.1185 s

Elapsed run time = 5000.2324 s

Elapsed run time = 5004.9052 s

Elapsed run time = 5007.4379 s

Elapsed run time = 5009.5765 s

Elapsed run time = 5009.7888 s

Elapsed run time = 5010.1820 s

Elapsed run time = 5010.5058 s

Elapsed run time = 5010.8670 s

Elapsed run time = 5011.7059 s

Elapsed run time = 5012.2252 s

Elapsed run time = 5012.3632 s

Elapsed run time = 5013.4367 s

Elapsed run time = 5015.1160 s

Elapsed run time = 5015.1229 s

Elapsed run time = 5015.4635 s

Elapsed run time = 5015.9206 s

Elapsed run time = 5016.1067 s

Elapsed run time = 5017.1911 s

Elapsed run time = 5018.6408 s

Elapsed run time = 5019.1283 s

Elapsed run time = 5020.3789 s

Elapsed run time = 5020.5231 s

Elapsed run time = 5021.2552 s

Elapsed run time = 5021.3497 s

Elapsed run time = 5023.4104 s

Elapsed run time = 5024.6979 s

Elapsed run time = 5025.9482 s

Elapsed run time = 5026.4202 s

Elapsed run time = 5026.5776 s

Elapsed run time = 5026.7124 s

Elapsed run time = 5027.9004 s

Elapsed run time = 5029.0563 s

Elapsed run time = 5029.1663 s

Elapsed run time = 5029.3335 s
  [SELF][Rank 0] Done moment 1/1 (task 0): force_integral=+2.301974e-03

Elapsed run time = 5029.5694 s

Elapsed run time = 5031.7040 s

Elapsed run time = 5032.0230 s

Elapsed run time = 5032.2307 s

Elapsed run time = 5033.0690 s

Elapsed run time = 5033.2204 s

Elapsed run time = 5033.2257 s

Elapsed run time = 5033.3290 s

Elapsed run time = 5035.4302 s

Elapsed run time = 5036.3366 s

Elapsed run time = 5041.9448 s

Elapsed run time = 5042.2741 s

Elapsed run time = 5042.8723 s

Elapsed run time = 5043.8286 s

Elapsed run time = 5043.8722 s

Elapsed run time = 5045.7560 s

Elapsed run time = 5045.9625 s

Elapsed run time = 5045.9775 s

Elapsed run time = 5047.9275 s

Elapsed run time = 5048.1824 s

Elapsed run time = 5048.1911 s

Elapsed run time = 5048.2388 s

Elapsed run time = 5048.3367 s

Elapsed run time = 5048.8002 s

Elapsed run time = 5048.9206 s

Elapsed run time = 5050.2126 s

Elapsed run time = 5050.9559 s

Elapsed run time = 5051.9572 s

Elapsed run time = 5052.2848 s

Elapsed run time = 5052.7130 s

Elapsed run time = 5053.2658 s

Elapsed run time = 5055.0329 s

Elapsed run time = 5055.8599 s

Elapsed run time = 5055.8925 s

Elapsed run time = 5056.0318 s

Elapsed run time = 5056.0656 s

Elapsed run time = 5057.0921 s

Elapsed run time = 5057.6629 s

Elapsed run time = 5058.0470 s

Elapsed run time = 5058.1907 s

Elapsed run time = 5058.3067 s

Elapsed run time = 5058.3445 s

Elapsed run time = 5058.8153 s

Elapsed run time = 5059.2011 s

Elapsed run time = 5059.6199 s

Elapsed run time = 5060.1046 s

Elapsed run time = 5060.2590 s

Elapsed run time = 5061.0070 s

Elapsed run time = 5061.2136 s

Elapsed run time = 5061.5801 s

Elapsed run time = 5062.0640 s

Elapsed run time = 5064.0516 s
Simulation complete. Subtracted force: -3.260066e-01. Saved to .tmp/meep_d_0.1500_N_3_corrugated_al_75.0_Nbot_3_Phosphorene_tuned_res_40_theta_86.0_eps_2.1_L_2.00.json

Elapsed run time = 5064.4637 s
Task 80 complete at Fri Sep 11 04:44:11 AM EDT 2026.
