==================================================
SLURM ARRAY TASK ID: 157 / 224
Running on node: x1001c3s3b1n0
Start time: Fri Sep 11 08:12:32 AM EDT 2026
==================================================
Reading parameters from sweep_configs_sweet_spot/config_157.json...
Executing 3D FDTD Simulation: Alpha=80.0 deg, Theta=92.0 deg, d=0.15 um, L=2.0 um, Res=40...
Starting simulation: d=0.15 um, N_top=3, N_bottom=3, material=Phosphorene_tuned, resolution=40, nmax=3, theta=92.0, eps_bg=2.1, config=all, stepped_sieve=False, corrugated=True
Parallel configuration: 128 processes running 108 parallel moment partitions.

Elapsed run time = 0.2330 s

Elapsed run time = 0.2333 s

Elapsed run time = 0.2342 s

Elapsed run time = 0.2351 s

Elapsed run time = 0.2350 s

Elapsed run time = 0.2390 s

Elapsed run time = 0.2389 s

Elapsed run time = 0.2410 s

Elapsed run time = 0.2434 s

Elapsed run time = 0.2493 s

Elapsed run time = 0.2655 s

Elapsed run time = 0.2644 s

Elapsed run time = 0.2671 s

Elapsed run time = 0.2669 s

Elapsed run time = 0.2668 s

Elapsed run time = 0.2669 s

Elapsed run time = 0.2683 s

Elapsed run time = 0.2682 s

Elapsed run time = 0.2694 s

Elapsed run time = 0.2687 s

Elapsed run time = 1434.0307 s

Elapsed run time = 1436.9496 s

Elapsed run time = 1467.1979 s

Elapsed run time = 1471.7357 s

Elapsed run time = 2055.5121 s

Elapsed run time = 2079.5697 s

Elapsed run time = 2093.7212 s

Elapsed run time = 2094.3122 s

Elapsed run time = 2096.8822 s

Elapsed run time = 2111.4141 s

Elapsed run time = 2113.9630 s

Elapsed run time = 2126.5125 s
  [BOTH][Rank 0] Done moment 1/1 (task 0): force_integral=-7.451188e-03

Elapsed run time = 4968.7591 s

Elapsed run time = 4968.9213 s

Elapsed run time = 4977.3139 s

Elapsed run time = 4992.6927 s

Elapsed run time = 4993.8698 s

Elapsed run time = 4995.2401 s

Elapsed run time = 4995.8011 s

Elapsed run time = 5002.6148 s

Elapsed run time = 5002.8438 s

Elapsed run time = 5006.9366 s

Elapsed run time = 5010.7901 s

Elapsed run time = 5011.1799 s

Elapsed run time = 5013.0456 s

Elapsed run time = 5013.4998 s

Elapsed run time = 5013.5501 s

Elapsed run time = 5014.2411 s

Elapsed run time = 5015.0014 s

Elapsed run time = 5015.8203 s

Elapsed run time = 5016.5205 s

Elapsed run time = 5017.8786 s

Elapsed run time = 5018.2314 s

Elapsed run time = 5019.0884 s

Elapsed run time = 5019.2696 s

Elapsed run time = 5019.8999 s

Elapsed run time = 5020.2570 s

Elapsed run time = 5020.3270 s

Elapsed run time = 5020.7199 s

Elapsed run time = 5020.8158 s

Elapsed run time = 5021.1875 s

Elapsed run time = 5021.2882 s

Elapsed run time = 5022.1253 s

Elapsed run time = 5022.1742 s

Elapsed run time = 5022.2968 s

Elapsed run time = 5022.3367 s

Elapsed run time = 5023.5989 s

Elapsed run time = 5024.1046 s

Elapsed run time = 5024.2527 s

Elapsed run time = 5025.5990 s

Elapsed run time = 5026.2228 s
  [SELF][Rank 0] Done moment 1/1 (task 0): force_integral=-2.186218e-03

Elapsed run time = 5028.9772 s

Elapsed run time = 5029.9548 s

Elapsed run time = 5030.7063 s

Elapsed run time = 5031.0029 s

Elapsed run time = 5031.5741 s

Elapsed run time = 5032.1748 s

Elapsed run time = 5033.2708 s

Elapsed run time = 5033.5482 s

Elapsed run time = 5035.0642 s

Elapsed run time = 5035.2629 s

Elapsed run time = 5035.8179 s

Elapsed run time = 5039.5841 s

Elapsed run time = 5040.1458 s

Elapsed run time = 5041.2288 s

Elapsed run time = 5041.4491 s

Elapsed run time = 5041.7562 s

Elapsed run time = 5042.3744 s

Elapsed run time = 5042.6564 s

Elapsed run time = 5042.7720 s

Elapsed run time = 5043.6418 s

Elapsed run time = 5044.3611 s

Elapsed run time = 5044.8627 s

Elapsed run time = 5045.6918 s

Elapsed run time = 5046.5917 s

Elapsed run time = 5047.7733 s

Elapsed run time = 5048.0698 s

Elapsed run time = 5048.9494 s

Elapsed run time = 5049.1583 s

Elapsed run time = 5049.3635 s

Elapsed run time = 5050.0546 s

Elapsed run time = 5050.2812 s

Elapsed run time = 5050.6037 s

Elapsed run time = 5050.6660 s

Elapsed run time = 5051.5637 s

Elapsed run time = 5051.9869 s

Elapsed run time = 5052.8243 s

Elapsed run time = 5053.8736 s

Elapsed run time = 5054.1732 s

Elapsed run time = 5054.4415 s

Elapsed run time = 5055.3915 s

Elapsed run time = 5056.7017 s

Elapsed run time = 5056.7868 s

Elapsed run time = 5057.2554 s

Elapsed run time = 5057.8454 s

Elapsed run time = 5057.9584 s

Elapsed run time = 5058.1190 s

Elapsed run time = 5058.6313 s

Elapsed run time = 5058.6642 s

Elapsed run time = 5058.6994 s

Elapsed run time = 5061.2892 s

Elapsed run time = 5068.1637 s

Elapsed run time = 5070.3103 s

Elapsed run time = 5070.7133 s

Elapsed run time = 5070.7761 s

Elapsed run time = 5071.4903 s

Elapsed run time = 5074.0083 s
Simulation complete. Subtracted force: -3.210320e-01. Saved to .tmp/meep_d_0.1500_N_3_corrugated_al_80.0_Nbot_3_Phosphorene_tuned_res_40_theta_92.0_eps_2.1_L_2.00.json

Elapsed run time = 5074.5673 s
Task 157 complete at Fri Sep 11 09:37:57 AM EDT 2026.
