==================================================
SLURM ARRAY TASK ID: 170 / 224
Running on node: x1001c2s2b0n1
Start time: Thu Sep 10 08:18:14 PM EDT 2026
==================================================
Reading parameters from sweep_configs_sweet_spot/config_170.json...
Executing 3D FDTD Simulation: Alpha=85.0 deg, Theta=80.0 deg, d=0.1 um, L=2.0 um, Res=40...

Elapsed run time = 0.0075 s

Elapsed run time = 0.0077 s

Elapsed run time = 0.0110 s

Elapsed run time = 0.0075 s

Elapsed run time = 0.0075 s

Elapsed run time = 0.0171 s

Elapsed run time = 0.0145 s

Elapsed run time = 0.0184 s

Elapsed run time = 0.0134 s

Elapsed run time = 0.0134 s

Elapsed run time = 0.0179 s

Elapsed run time = 0.0104 s

Elapsed run time = 0.0114 s

Elapsed run time = 0.0161 s

Elapsed run time = 0.0144 s

Elapsed run time = 0.0172 s

Elapsed run time = 0.0108 s

Elapsed run time = 0.0105 s

Elapsed run time = 0.0164 s

Elapsed run time = 0.0177 s

Elapsed run time = 0.0154 s

Elapsed run time = 0.0171 s

Elapsed run time = 0.0177 s

Elapsed run time = 0.0186 s

Elapsed run time = 0.0106 s

Elapsed run time = 0.0130 s

Elapsed run time = 0.0149 s

Elapsed run time = 0.0121 s

Elapsed run time = 0.0179 s

Elapsed run time = 0.0173 s

Elapsed run time = 0.0177 s

Elapsed run time = 0.0103 s

Elapsed run time = 0.0144 s

Elapsed run time = 0.0117 s

Elapsed run time = 0.0103 s

Elapsed run time = 0.0113 s

Elapsed run time = 0.0094 s

Elapsed run time = 0.0181 s

Elapsed run time = 0.0105 s

Elapsed run time = 0.0094 s

Elapsed run time = 0.0090 s

Elapsed run time = 0.0195 s

Elapsed run time = 0.0104 s

Elapsed run time = 0.0104 s

Elapsed run time = 0.0100 s

Elapsed run time = 0.0103 s

Elapsed run time = 0.0110 s

Elapsed run time = 0.0112 s

Elapsed run time = 0.0090 s

Elapsed run time = 0.0099 s

Elapsed run time = 0.0102 s

Elapsed run time = 0.0099 s

Elapsed run time = 0.0173 s

Elapsed run time = 0.0099 s

Elapsed run time = 0.0180 s

Elapsed run time = 0.0191 s

Elapsed run time = 0.0103 s

Elapsed run time = 0.0088 s

Elapsed run time = 0.0093 s

Elapsed run time = 0.0193 s

Elapsed run time = 0.0192 s

Elapsed run time = 0.0101 s

Elapsed run time = 0.0100 s

Elapsed run time = 0.0134 s

Elapsed run time = 0.0099 s

Elapsed run time = 0.0091 s

Elapsed run time = 0.0102 s

Elapsed run time = 0.0102 s

Elapsed run time = 0.0105 s

Elapsed run time = 0.0185 s

Elapsed run time = 0.0102 s

Elapsed run time = 0.0156 s

Elapsed run time = 0.0099 s

Elapsed run time = 0.0149 s

Elapsed run time = 0.0151 s

Elapsed run time = 0.0195 s

Elapsed run time = 0.0100 s

Elapsed run time = 0.0132 s

Elapsed run time = 0.0101 s

Elapsed run time = 0.0100 s

Elapsed run time = 0.0186 s

Elapsed run time = 0.0158 s

Elapsed run time = 0.0100 s

Elapsed run time = 0.0100 s

Elapsed run time = 0.0152 s

Elapsed run time = 0.0098 s

Elapsed run time = 0.0100 s

Elapsed run time = 0.0169 s

Elapsed run time = 0.0099 s

Elapsed run time = 0.0196 s

Elapsed run time = 0.0154 s

Elapsed run time = 0.0105 s

Elapsed run time = 0.0101 s

Elapsed run time = 0.0099 s

Elapsed run time = 0.0098 s

Elapsed run time = 0.0131 s

Elapsed run time = 0.0182 s
Starting simulation: d=0.1 um, N_top=3, N_bottom=3, material=Phosphorene_tuned, resolution=40, nmax=3, theta=80.0, eps_bg=2.1, config=all, stepped_sieve=False, corrugated=True
Parallel configuration: 128 processes running 108 parallel moment partitions.
Task already complete! Found cached result in .tmp/meep_d_0.1000_N_3_corrugated_Nbot_3_Phosphorene_tuned_res_40_theta_80.0_eps_2.1_L_2.00.json (F_sub=7.182594e-01). Skipping.

Elapsed run time = 0.0087 s

Elapsed run time = 0.0092 s

Elapsed run time = 0.0099 s

Elapsed run time = 0.0094 s

Elapsed run time = 0.0100 s

Elapsed run time = 0.0097 s

Elapsed run time = 0.0090 s

Elapsed run time = 0.0096 s

Elapsed run time = 0.0091 s

Elapsed run time = 0.0098 s

Elapsed run time = 0.0099 s

Elapsed run time = 0.0094 s

Elapsed run time = 0.0093 s

Elapsed run time = 0.0098 s

Elapsed run time = 0.0095 s

Elapsed run time = 0.0098 s

Elapsed run time = 0.0092 s

Elapsed run time = 0.0078 s

Elapsed run time = 0.0095 s

Elapsed run time = 0.0086 s

Elapsed run time = 0.0088 s

Elapsed run time = 0.0101 s

Elapsed run time = 0.0097 s

Elapsed run time = 0.0099 s

Elapsed run time = 0.0094 s

Elapsed run time = 0.0097 s

Elapsed run time = 0.0099 s

Elapsed run time = 0.0098 s

Elapsed run time = 0.0095 s

Elapsed run time = 0.0090 s

Elapsed run time = 0.0098 s
Task 170 complete at Thu Sep 10 08:18:19 PM EDT 2026.
