==================================================
SLURM ARRAY TASK ID: 60 / 224
Running on node: x1002c7s4b0n0
Start time: Thu Sep 10 04:52:23 PM EDT 2026
==================================================
Reading parameters from sweep_configs_sweet_spot/config_060.json...
Executing 3D FDTD Simulation: Alpha=75.0 deg, Theta=80.0 deg, d=0.2 um, L=2.0 um, Res=40...

Elapsed run time = 0.1608 s

Elapsed run time = 0.1606 s

Elapsed run time = 0.1638 s

Elapsed run time = 0.1620 s

Elapsed run time = 0.1619 s
Starting simulation: d=0.2 um, N_top=3, N_bottom=3, material=Phosphorene_tuned, resolution=40, nmax=3, theta=80.0, eps_bg=2.1, config=all, stepped_sieve=False, corrugated=True
Parallel configuration: 128 processes running 108 parallel moment partitions.
Task already complete! Found cached result in .tmp/meep_d_0.2000_N_3_corrugated_Nbot_3_Phosphorene_tuned_res_40_theta_80.0_eps_2.1_L_2.00.json (F_sub=-1.340673e-01). Skipping.

Elapsed run time = 0.1618 s

Elapsed run time = 0.1638 s

Elapsed run time = 0.1643 s

Elapsed run time = 0.1628 s

Elapsed run time = 0.1613 s

Elapsed run time = 0.1638 s

Elapsed run time = 0.1612 s

Elapsed run time = 0.1636 s

Elapsed run time = 0.1637 s

Elapsed run time = 0.1611 s

Elapsed run time = 0.1624 s

Elapsed run time = 0.1610 s

Elapsed run time = 0.1619 s

Elapsed run time = 0.1635 s

Elapsed run time = 0.1625 s

Elapsed run time = 0.1624 s

Elapsed run time = 0.1645 s

Elapsed run time = 0.1606 s

Elapsed run time = 0.1632 s

Elapsed run time = 0.1606 s

Elapsed run time = 0.1636 s

Elapsed run time = 0.1614 s

Elapsed run time = 0.1640 s

Elapsed run time = 0.1614 s

Elapsed run time = 0.1618 s

Elapsed run time = 0.1614 s

Elapsed run time = 0.1626 s

Elapsed run time = 0.1621 s

Elapsed run time = 0.1641 s

Elapsed run time = 0.1621 s

Elapsed run time = 0.1627 s

Elapsed run time = 0.1613 s

Elapsed run time = 0.1624 s

Elapsed run time = 0.1622 s

Elapsed run time = 0.1633 s

Elapsed run time = 0.1627 s

Elapsed run time = 0.1641 s

Elapsed run time = 0.1613 s

Elapsed run time = 0.1629 s

Elapsed run time = 0.1616 s

Elapsed run time = 0.1636 s

Elapsed run time = 0.1643 s

Elapsed run time = 0.1611 s

Elapsed run time = 0.1631 s

Elapsed run time = 0.1608 s

Elapsed run time = 0.1633 s

Elapsed run time = 0.1611 s

Elapsed run time = 0.1618 s

Elapsed run time = 0.1623 s

Elapsed run time = 0.1621 s

Elapsed run time = 0.1615 s

Elapsed run time = 0.1638 s

Elapsed run time = 0.1610 s

Elapsed run time = 0.1639 s

Elapsed run time = 0.1610 s

Elapsed run time = 0.1642 s

Elapsed run time = 0.1613 s

Elapsed run time = 0.1643 s

Elapsed run time = 0.1611 s

Elapsed run time = 0.1632 s

Elapsed run time = 0.1612 s

Elapsed run time = 0.1641 s

Elapsed run time = 0.1620 s

Elapsed run time = 0.1614 s

Elapsed run time = 0.1621 s

Elapsed run time = 0.1598 s

Elapsed run time = 0.1627 s

Elapsed run time = 0.1620 s

Elapsed run time = 0.1628 s

Elapsed run time = 0.1610 s

Elapsed run time = 0.1611 s

Elapsed run time = 0.1612 s

Elapsed run time = 0.1624 s

Elapsed run time = 0.1605 s

Elapsed run time = 0.1621 s

Elapsed run time = 0.1613 s

Elapsed run time = 0.1622 s

Elapsed run time = 0.1611 s

Elapsed run time = 0.1641 s

Elapsed run time = 0.1629 s

Elapsed run time = 0.1639 s

Elapsed run time = 0.1616 s

Elapsed run time = 0.1644 s

Elapsed run time = 0.1612 s

Elapsed run time = 0.1640 s

Elapsed run time = 0.1607 s

Elapsed run time = 0.1644 s

Elapsed run time = 0.1617 s

Elapsed run time = 0.1625 s

Elapsed run time = 0.1620 s

Elapsed run time = 0.1623 s

Elapsed run time = 0.1633 s

Elapsed run time = 0.1642 s

Elapsed run time = 0.1631 s

Elapsed run time = 0.1629 s

Elapsed run time = 0.1635 s

Elapsed run time = 0.1641 s

Elapsed run time = 0.1634 s

Elapsed run time = 0.1639 s

Elapsed run time = 0.1631 s

Elapsed run time = 0.1619 s

Elapsed run time = 0.1635 s

Elapsed run time = 0.1637 s

Elapsed run time = 0.1623 s

Elapsed run time = 0.1644 s

Elapsed run time = 0.1632 s

Elapsed run time = 0.1627 s

Elapsed run time = 0.1616 s

Elapsed run time = 0.1627 s

Elapsed run time = 0.1638 s

Elapsed run time = 0.1635 s

Elapsed run time = 0.1637 s

Elapsed run time = 0.1639 s

Elapsed run time = 0.1619 s

Elapsed run time = 0.1614 s

Elapsed run time = 0.1613 s

Elapsed run time = 0.1637 s

Elapsed run time = 0.1628 s

Elapsed run time = 0.1618 s

Elapsed run time = 0.1571 s

Elapsed run time = 0.1610 s

Elapsed run time = 0.1610 s

Elapsed run time = 0.1607 s
Task 60 complete at Thu Sep 10 04:52:29 PM EDT 2026.
