==================================================
SLURM ARRAY TASK ID: 52 / 224
Running on node: x1001c2s5b0n1
Start time: Thu Sep 10 03:52:39 PM EDT 2026
==================================================
Reading parameters from sweep_configs_sweet_spot/config_052.json...
Executing 3D FDTD Simulation: Alpha=70.0 deg, Theta=94.0 deg, d=0.15 um, L=2.0 um, Res=40...

Elapsed run time = 0.0269 s

Elapsed run time = 0.0269 s

Elapsed run time = 0.0270 s

Elapsed run time = 0.0270 s

Elapsed run time = 0.0268 s

Elapsed run time = 0.0275 s

Elapsed run time = 0.0271 s

Elapsed run time = 0.0275 s

Elapsed run time = 0.0273 s

Elapsed run time = 0.0275 s

Elapsed run time = 0.0274 s

Elapsed run time = 0.0270 s

Elapsed run time = 0.0272 s

Elapsed run time = 0.0272 s

Elapsed run time = 0.0277 s

Elapsed run time = 0.0277 s

Elapsed run time = 0.0272 s

Elapsed run time = 0.0271 s

Elapsed run time = 0.0274 s

Elapsed run time = 0.0271 s

Elapsed run time = 1431.7054 s

Elapsed run time = 1437.6025 s

Elapsed run time = 1464.7433 s

Elapsed run time = 1466.9502 s

Elapsed run time = 2084.2769 s

Elapsed run time = 2086.3613 s

Elapsed run time = 2086.4498 s

Elapsed run time = 2100.1028 s

Elapsed run time = 2109.1670 s

Elapsed run time = 2121.4436 s

Elapsed run time = 2121.4937 s

Elapsed run time = 2124.1288 s
Starting simulation: d=0.15 um, N_top=3, N_bottom=3, material=Phosphorene_tuned, resolution=40, nmax=3, theta=94.0, eps_bg=2.1, config=all, stepped_sieve=False, corrugated=True
Parallel configuration: 128 processes running 108 parallel moment partitions.
  [BOTH][Rank 0] Done moment 1/1 (task 0): force_integral=-2.954044e-03

Elapsed run time = 4960.1311 s

Elapsed run time = 4966.6412 s

Elapsed run time = 4980.5639 s

Elapsed run time = 4993.1817 s

Elapsed run time = 4994.9627 s

Elapsed run time = 4997.7700 s

Elapsed run time = 4999.8774 s

Elapsed run time = 5000.5127 s

Elapsed run time = 5000.7653 s

Elapsed run time = 5003.2118 s

Elapsed run time = 5006.9289 s

Elapsed run time = 5009.1285 s

Elapsed run time = 5013.0899 s

Elapsed run time = 5013.9051 s

Elapsed run time = 5015.0957 s

Elapsed run time = 5015.2404 s

Elapsed run time = 5015.2899 s

Elapsed run time = 5017.3827 s

Elapsed run time = 5019.5245 s

Elapsed run time = 5020.1377 s

Elapsed run time = 5020.4376 s

Elapsed run time = 5020.5218 s

Elapsed run time = 5020.7384 s

Elapsed run time = 5022.8596 s

Elapsed run time = 5022.8649 s

Elapsed run time = 5023.0473 s

Elapsed run time = 5024.0870 s

Elapsed run time = 5024.0878 s

Elapsed run time = 5024.1169 s

Elapsed run time = 5024.2412 s

Elapsed run time = 5024.4331 s

Elapsed run time = 5025.2228 s

Elapsed run time = 5025.9569 s

Elapsed run time = 5026.7849 s

Elapsed run time = 5028.0176 s

Elapsed run time = 5028.0564 s

Elapsed run time = 5028.0989 s

Elapsed run time = 5028.1081 s
  [SELF][Rank 0] Done moment 1/1 (task 0): force_integral=+2.273508e-03

Elapsed run time = 5031.2335 s

Elapsed run time = 5032.1705 s

Elapsed run time = 5032.3331 s

Elapsed run time = 5033.0127 s

Elapsed run time = 5034.3744 s

Elapsed run time = 5037.4706 s

Elapsed run time = 5038.1327 s

Elapsed run time = 5039.3760 s

Elapsed run time = 5041.3967 s

Elapsed run time = 5043.4339 s

Elapsed run time = 5044.0637 s

Elapsed run time = 5045.0684 s

Elapsed run time = 5045.4328 s

Elapsed run time = 5045.5354 s

Elapsed run time = 5045.5604 s

Elapsed run time = 5045.9664 s

Elapsed run time = 5046.1310 s

Elapsed run time = 5047.8017 s

Elapsed run time = 5047.9128 s

Elapsed run time = 5048.4763 s

Elapsed run time = 5049.2036 s

Elapsed run time = 5050.5415 s

Elapsed run time = 5051.3975 s

Elapsed run time = 5052.1378 s

Elapsed run time = 5052.5186 s

Elapsed run time = 5052.7332 s

Elapsed run time = 5053.0991 s

Elapsed run time = 5053.1873 s

Elapsed run time = 5053.4046 s

Elapsed run time = 5053.4883 s

Elapsed run time = 5053.5040 s

Elapsed run time = 5053.7820 s

Elapsed run time = 5054.9683 s

Elapsed run time = 5055.0988 s

Elapsed run time = 5055.7120 s

Elapsed run time = 5055.7694 s

Elapsed run time = 5056.0928 s

Elapsed run time = 5056.1643 s

Elapsed run time = 5056.1801 s

Elapsed run time = 5056.4987 s

Elapsed run time = 5057.1453 s

Elapsed run time = 5057.3703 s

Elapsed run time = 5057.4153 s

Elapsed run time = 5057.7683 s

Elapsed run time = 5058.5551 s

Elapsed run time = 5060.3748 s

Elapsed run time = 5061.3465 s

Elapsed run time = 5061.4669 s

Elapsed run time = 5061.7888 s

Elapsed run time = 5061.8220 s

Elapsed run time = 5065.7783 s

Elapsed run time = 5073.1310 s

Elapsed run time = 5073.5905 s

Elapsed run time = 5075.0947 s

Elapsed run time = 5076.1508 s

Elapsed run time = 5076.3242 s

Elapsed run time = 5077.9713 s
Simulation complete. Subtracted force: -3.179244e-01. Saved to .tmp/meep_d_0.1500_N_3_corrugated_Nbot_3_Phosphorene_tuned_res_40_theta_94.0_eps_2.1_L_2.00.json

Elapsed run time = 5078.5913 s
Task 52 complete at Thu Sep 10 05:17:35 PM EDT 2026.
