==================================================
SLURM ARRAY TASK ID: 34 / 224
Running on node: x1001c2s0b0n0
Start time: Thu Sep 10 01:21:29 PM EDT 2026
==================================================
Reading parameters from sweep_configs_sweet_spot/config_034.json...
Executing 3D FDTD Simulation: Alpha=70.0 deg, Theta=88.0 deg, d=0.3 um, L=2.0 um, Res=40...

Elapsed run time = 0.0364 s

Elapsed run time = 0.0366 s

Elapsed run time = 0.0437 s

Elapsed run time = 0.0444 s

Elapsed run time = 0.0451 s

Elapsed run time = 0.0461 s

Elapsed run time = 0.0469 s

Elapsed run time = 0.0489 s

Elapsed run time = 0.0526 s

Elapsed run time = 0.0531 s

Elapsed run time = 0.0543 s

Elapsed run time = 0.0647 s

Elapsed run time = 0.0662 s

Elapsed run time = 0.0672 s

Elapsed run time = 0.0680 s

Elapsed run time = 0.0684 s

Elapsed run time = 0.0688 s

Elapsed run time = 0.0692 s

Elapsed run time = 0.0688 s

Elapsed run time = 0.0701 s

Elapsed run time = 1506.6276 s

Elapsed run time = 1526.2606 s

Elapsed run time = 1543.5479 s

Elapsed run time = 1556.5570 s

Elapsed run time = 2173.2586 s

Elapsed run time = 2202.5301 s

Elapsed run time = 2205.3334 s

Elapsed run time = 2205.8117 s

Elapsed run time = 2222.4050 s

Elapsed run time = 2229.0755 s

Elapsed run time = 2235.8699 s

Elapsed run time = 2243.8927 s
Starting simulation: d=0.3 um, N_top=3, N_bottom=3, material=Phosphorene_tuned, resolution=40, nmax=3, theta=88.0, eps_bg=2.1, config=all, stepped_sieve=False, corrugated=True
Parallel configuration: 128 processes running 108 parallel moment partitions.
  [BOTH][Rank 0] Done moment 1/1 (task 0): force_integral=-1.580606e-03

Elapsed run time = 5259.9978 s

Elapsed run time = 5261.8808 s

Elapsed run time = 5269.2914 s

Elapsed run time = 5277.0220 s

Elapsed run time = 5279.8323 s

Elapsed run time = 5281.3464 s

Elapsed run time = 5286.9957 s

Elapsed run time = 5287.2317 s

Elapsed run time = 5288.9887 s

Elapsed run time = 5290.3629 s

Elapsed run time = 5290.8514 s

Elapsed run time = 5291.5680 s

Elapsed run time = 5292.5705 s

Elapsed run time = 5294.5827 s

Elapsed run time = 5294.8782 s

Elapsed run time = 5296.1707 s

Elapsed run time = 5296.2598 s

Elapsed run time = 5297.3453 s

Elapsed run time = 5297.8353 s

Elapsed run time = 5298.1314 s

Elapsed run time = 5298.5361 s

Elapsed run time = 5298.8033 s

Elapsed run time = 5299.2313 s

Elapsed run time = 5303.2151 s

Elapsed run time = 5303.4962 s

Elapsed run time = 5303.9741 s

Elapsed run time = 5304.3962 s

Elapsed run time = 5305.3394 s

Elapsed run time = 5305.3409 s

Elapsed run time = 5305.6945 s

Elapsed run time = 5305.7358 s

Elapsed run time = 5305.9125 s

Elapsed run time = 5307.3612 s

Elapsed run time = 5309.3412 s

Elapsed run time = 5310.3625 s

Elapsed run time = 5310.3773 s

Elapsed run time = 5310.8276 s
  [SELF][Rank 0] Done moment 1/1 (task 0): force_integral=-1.940991e-04

Elapsed run time = 5311.3168 s

Elapsed run time = 5311.4740 s

Elapsed run time = 5312.4474 s

Elapsed run time = 5312.6303 s

Elapsed run time = 5313.1927 s

Elapsed run time = 5313.5505 s

Elapsed run time = 5314.7136 s

Elapsed run time = 5315.6806 s

Elapsed run time = 5316.7692 s

Elapsed run time = 5317.0439 s

Elapsed run time = 5318.9589 s

Elapsed run time = 5320.4450 s

Elapsed run time = 5320.4474 s

Elapsed run time = 5320.9185 s

Elapsed run time = 5321.6029 s

Elapsed run time = 5329.0585 s

Elapsed run time = 5329.2120 s

Elapsed run time = 5329.7623 s

Elapsed run time = 5330.0983 s

Elapsed run time = 5331.1513 s

Elapsed run time = 5331.5124 s

Elapsed run time = 5332.8387 s

Elapsed run time = 5333.0191 s

Elapsed run time = 5333.2488 s

Elapsed run time = 5334.1899 s

Elapsed run time = 5334.2902 s

Elapsed run time = 5334.5446 s

Elapsed run time = 5334.9655 s

Elapsed run time = 5335.0081 s

Elapsed run time = 5335.0781 s

Elapsed run time = 5335.7973 s

Elapsed run time = 5336.2262 s

Elapsed run time = 5337.3332 s

Elapsed run time = 5338.0638 s

Elapsed run time = 5338.3284 s

Elapsed run time = 5338.4578 s

Elapsed run time = 5339.1784 s

Elapsed run time = 5339.2538 s

Elapsed run time = 5339.7631 s

Elapsed run time = 5339.8238 s

Elapsed run time = 5340.1514 s

Elapsed run time = 5340.2329 s

Elapsed run time = 5341.4144 s

Elapsed run time = 5341.6892 s

Elapsed run time = 5341.8434 s

Elapsed run time = 5342.2420 s

Elapsed run time = 5342.3503 s

Elapsed run time = 5342.5757 s

Elapsed run time = 5342.9469 s

Elapsed run time = 5343.5362 s

Elapsed run time = 5344.3521 s

Elapsed run time = 5345.4041 s

Elapsed run time = 5346.2398 s

Elapsed run time = 5348.7579 s

Elapsed run time = 5348.8177 s

Elapsed run time = 5350.1597 s

Elapsed run time = 5352.8220 s

Elapsed run time = 5353.1180 s
Simulation complete. Subtracted force: -3.938032e-02. Saved to .tmp/meep_d_0.3000_N_3_corrugated_Nbot_3_Phosphorene_tuned_res_40_theta_88.0_eps_2.1_L_2.00.json

Elapsed run time = 5353.8518 s
Task 34 complete at Thu Sep 10 02:51:15 PM EDT 2026.
