==================================================
SLURM ARRAY TASK ID: 86 / 224
Running on node: x1002c6s4b1n0
Start time: Thu Sep 10 06:54:06 PM EDT 2026
==================================================
Reading parameters from sweep_configs_sweet_spot/config_086.json...
Executing 3D FDTD Simulation: Alpha=75.0 deg, Theta=88.0 deg, d=0.1 um, L=2.0 um, Res=40...

Elapsed run time = 0.0511 s

Elapsed run time = 0.0525 s

Elapsed run time = 0.0503 s

Elapsed run time = 0.0498 s

Elapsed run time = 0.0514 s

Elapsed run time = 0.0523 s

Elapsed run time = 0.0496 s

Elapsed run time = 0.0509 s

Elapsed run time = 0.0496 s

Elapsed run time = 0.0503 s

Elapsed run time = 0.0517 s

Elapsed run time = 0.0520 s

Elapsed run time = 0.0506 s

Elapsed run time = 0.0515 s

Elapsed run time = 0.0507 s

Elapsed run time = 0.0520 s

Elapsed run time = 0.0499 s

Elapsed run time = 0.0508 s

Elapsed run time = 0.0525 s

Elapsed run time = 0.0514 s

Elapsed run time = 0.0525 s

Elapsed run time = 0.0495 s

Elapsed run time = 0.0516 s

Elapsed run time = 0.0512 s

Elapsed run time = 0.0525 s

Elapsed run time = 0.0520 s

Elapsed run time = 0.0524 s

Elapsed run time = 0.0496 s

Elapsed run time = 0.0496 s
Starting simulation: d=0.1 um, N_top=3, N_bottom=3, material=Phosphorene_tuned, resolution=40, nmax=3, theta=88.0, eps_bg=2.1, config=all, stepped_sieve=False, corrugated=True
Parallel configuration: 128 processes running 108 parallel moment partitions.
Task already complete! Found cached result in .tmp/meep_d_0.1000_N_3_corrugated_Nbot_3_Phosphorene_tuned_res_40_theta_88.0_eps_2.1_L_2.00.json (F_sub=5.072721e-01). Skipping.

Elapsed run time = 0.0502 s

Elapsed run time = 0.0534 s

Elapsed run time = 0.0534 s

Elapsed run time = 0.0502 s

Elapsed run time = 0.0507 s

Elapsed run time = 0.0512 s

Elapsed run time = 0.0524 s

Elapsed run time = 0.0500 s

Elapsed run time = 0.0529 s

Elapsed run time = 0.0501 s

Elapsed run time = 0.0510 s

Elapsed run time = 0.0514 s

Elapsed run time = 0.0522 s

Elapsed run time = 0.0521 s

Elapsed run time = 0.0498 s

Elapsed run time = 0.0500 s

Elapsed run time = 0.0508 s

Elapsed run time = 0.0538 s

Elapsed run time = 0.0524 s

Elapsed run time = 0.0513 s

Elapsed run time = 0.0521 s

Elapsed run time = 0.0515 s

Elapsed run time = 0.0533 s

Elapsed run time = 0.0510 s

Elapsed run time = 0.0515 s

Elapsed run time = 0.0516 s

Elapsed run time = 0.0502 s

Elapsed run time = 0.0524 s

Elapsed run time = 0.0510 s

Elapsed run time = 0.0527 s

Elapsed run time = 0.0525 s

Elapsed run time = 0.0513 s

Elapsed run time = 0.0510 s

Elapsed run time = 0.0531 s

Elapsed run time = 0.0515 s

Elapsed run time = 0.0522 s

Elapsed run time = 0.0505 s

Elapsed run time = 0.0519 s

Elapsed run time = 0.0523 s

Elapsed run time = 0.0522 s

Elapsed run time = 0.0515 s

Elapsed run time = 0.0517 s

Elapsed run time = 0.0504 s

Elapsed run time = 0.0498 s

Elapsed run time = 0.0522 s

Elapsed run time = 0.0502 s

Elapsed run time = 0.0526 s

Elapsed run time = 0.0532 s

Elapsed run time = 0.0519 s

Elapsed run time = 0.0527 s

Elapsed run time = 0.0503 s

Elapsed run time = 0.0496 s

Elapsed run time = 0.0519 s

Elapsed run time = 0.0505 s

Elapsed run time = 0.0512 s

Elapsed run time = 0.0498 s

Elapsed run time = 0.0532 s

Elapsed run time = 0.0520 s

Elapsed run time = 0.0500 s

Elapsed run time = 0.0499 s

Elapsed run time = 0.0526 s

Elapsed run time = 0.0496 s

Elapsed run time = 0.0517 s

Elapsed run time = 0.0512 s

Elapsed run time = 0.0517 s

Elapsed run time = 0.0503 s

Elapsed run time = 0.0522 s

Elapsed run time = 0.0495 s

Elapsed run time = 0.0527 s

Elapsed run time = 0.0499 s

Elapsed run time = 0.0499 s

Elapsed run time = 0.0498 s

Elapsed run time = 0.0518 s

Elapsed run time = 0.0528 s

Elapsed run time = 0.0525 s

Elapsed run time = 0.0529 s

Elapsed run time = 0.0530 s

Elapsed run time = 0.0520 s

Elapsed run time = 0.0499 s

Elapsed run time = 0.0511 s

Elapsed run time = 0.0526 s

Elapsed run time = 0.0528 s

Elapsed run time = 0.0535 s

Elapsed run time = 0.0527 s

Elapsed run time = 0.0505 s

Elapsed run time = 0.0497 s

Elapsed run time = 0.0518 s

Elapsed run time = 0.0520 s

Elapsed run time = 0.0497 s

Elapsed run time = 0.0501 s

Elapsed run time = 0.0500 s

Elapsed run time = 0.0536 s

Elapsed run time = 0.0517 s

Elapsed run time = 0.0498 s

Elapsed run time = 0.0518 s

Elapsed run time = 0.0502 s

Elapsed run time = 0.0528 s

Elapsed run time = 0.0543 s

Elapsed run time = 0.0521 s
Task 86 complete at Thu Sep 10 06:54:19 PM EDT 2026.
