==================================================
SLURM ARRAY TASK ID: 120 / 224
Running on node: x1000c3s2b1n1
Start time: Fri Sep 11 06:29:04 AM EDT 2026
==================================================
Reading parameters from sweep_configs_sweet_spot/config_120.json...
Executing 3D FDTD Simulation: Alpha=80.0 deg, Theta=82.0 deg, d=0.05 um, L=2.0 um, Res=40...
Starting simulation: d=0.05 um, N_top=3, N_bottom=3, material=Phosphorene_tuned, resolution=40, nmax=3, theta=82.0, eps_bg=2.1, config=all, stepped_sieve=False, corrugated=True
Parallel configuration: 128 processes running 108 parallel moment partitions.

Elapsed run time = 0.2306 s

Elapsed run time = 0.2323 s

Elapsed run time = 0.2333 s

Elapsed run time = 0.2359 s

Elapsed run time = 0.2368 s

Elapsed run time = 0.2378 s

Elapsed run time = 0.2406 s

Elapsed run time = 0.2418 s

Elapsed run time = 0.2435 s

Elapsed run time = 0.2460 s

Elapsed run time = 0.2473 s

Elapsed run time = 0.2580 s

Elapsed run time = 0.2600 s

Elapsed run time = 0.2624 s

Elapsed run time = 0.2635 s

Elapsed run time = 0.2631 s

Elapsed run time = 0.2632 s

Elapsed run time = 0.2632 s

Elapsed run time = 0.2649 s

Elapsed run time = 0.2685 s

Elapsed run time = 1429.8030 s

Elapsed run time = 1433.2422 s

Elapsed run time = 1455.3686 s

Elapsed run time = 1457.8768 s

Elapsed run time = 2075.4551 s

Elapsed run time = 2077.1096 s

Elapsed run time = 2087.4389 s

Elapsed run time = 2087.4821 s

Elapsed run time = 2093.1141 s

Elapsed run time = 2102.4548 s

Elapsed run time = 2104.3589 s

Elapsed run time = 2112.4606 s
  [BOTH][Rank 0] Done moment 1/1 (task 0): force_integral=-1.678351e-02

Elapsed run time = 4954.3637 s

Elapsed run time = 4962.5087 s

Elapsed run time = 4962.7856 s

Elapsed run time = 4962.9009 s

Elapsed run time = 4963.2978 s

Elapsed run time = 4964.0591 s

Elapsed run time = 4966.6311 s

Elapsed run time = 4967.4525 s

Elapsed run time = 4967.5778 s

Elapsed run time = 4968.5130 s

Elapsed run time = 4969.3451 s

Elapsed run time = 4971.2488 s

Elapsed run time = 4973.7547 s

Elapsed run time = 4975.1293 s

Elapsed run time = 4977.4804 s

Elapsed run time = 4978.0067 s

Elapsed run time = 4978.1510 s

Elapsed run time = 4978.3837 s

Elapsed run time = 4980.5441 s

Elapsed run time = 4981.2931 s

Elapsed run time = 4981.6284 s

Elapsed run time = 4982.4152 s

Elapsed run time = 4983.0580 s

Elapsed run time = 4983.1750 s

Elapsed run time = 4985.9426 s

Elapsed run time = 4987.2887 s
  [SELF][Rank 0] Done moment 1/1 (task 0): force_integral=-3.448782e-03

Elapsed run time = 4988.7652 s

Elapsed run time = 4988.9203 s

Elapsed run time = 4989.1419 s

Elapsed run time = 4989.3509 s

Elapsed run time = 4990.2368 s

Elapsed run time = 4991.5615 s

Elapsed run time = 4991.6406 s

Elapsed run time = 4991.7511 s

Elapsed run time = 4992.7882 s

Elapsed run time = 4993.3792 s

Elapsed run time = 4994.1091 s

Elapsed run time = 4994.7766 s

Elapsed run time = 4995.6435 s

Elapsed run time = 4996.7916 s

Elapsed run time = 4998.2615 s

Elapsed run time = 4998.7427 s

Elapsed run time = 4999.6618 s

Elapsed run time = 5002.0086 s

Elapsed run time = 5003.5497 s

Elapsed run time = 5004.3065 s

Elapsed run time = 5004.3173 s

Elapsed run time = 5004.7997 s

Elapsed run time = 5004.8828 s

Elapsed run time = 5005.5957 s

Elapsed run time = 5005.7537 s

Elapsed run time = 5006.1054 s

Elapsed run time = 5007.2670 s

Elapsed run time = 5007.6877 s

Elapsed run time = 5008.2477 s

Elapsed run time = 5008.9653 s

Elapsed run time = 5010.3762 s

Elapsed run time = 5011.2500 s

Elapsed run time = 5011.7565 s

Elapsed run time = 5012.7486 s

Elapsed run time = 5013.3069 s

Elapsed run time = 5013.3700 s

Elapsed run time = 5014.5055 s

Elapsed run time = 5016.4541 s

Elapsed run time = 5016.5387 s

Elapsed run time = 5016.5516 s

Elapsed run time = 5016.9350 s

Elapsed run time = 5017.8450 s

Elapsed run time = 5018.0265 s

Elapsed run time = 5018.1358 s

Elapsed run time = 5018.3083 s

Elapsed run time = 5018.6090 s

Elapsed run time = 5019.4719 s

Elapsed run time = 5019.8514 s

Elapsed run time = 5019.9554 s

Elapsed run time = 5020.2112 s

Elapsed run time = 5020.2740 s

Elapsed run time = 5020.3891 s

Elapsed run time = 5021.8077 s

Elapsed run time = 5022.0278 s

Elapsed run time = 5022.3498 s

Elapsed run time = 5023.3650 s

Elapsed run time = 5023.4307 s

Elapsed run time = 5023.8335 s

Elapsed run time = 5024.1975 s

Elapsed run time = 5024.2096 s

Elapsed run time = 5024.4337 s

Elapsed run time = 5028.0067 s

Elapsed run time = 5031.7329 s

Elapsed run time = 5032.2061 s

Elapsed run time = 5034.4478 s

Elapsed run time = 5035.5514 s

Elapsed run time = 5036.6731 s

Elapsed run time = 5038.8843 s

Elapsed run time = 5039.1267 s
Simulation complete. Subtracted force: -5.896503e+01. Saved to .tmp/meep_d_0.0500_N_3_corrugated_al_80.0_Nbot_3_Phosphorene_tuned_res_40_theta_82.0_eps_2.1_L_2.00.json

Elapsed run time = 5039.9019 s
Task 120 complete at Fri Sep 11 07:53:09 AM EDT 2026.
