==================================================
SLURM ARRAY TASK ID: 204 / 224
Running on node: x1000c3s5b1n0
Start time: Fri Sep 11 10:49:02 AM EDT 2026
==================================================
Reading parameters from sweep_configs_sweet_spot/config_204.json...
Executing 3D FDTD Simulation: Alpha=85.0 deg, Theta=90.0 deg, d=0.05 um, L=2.0 um, Res=40...
Starting simulation: d=0.05 um, N_top=3, N_bottom=3, material=Phosphorene_tuned, resolution=40, nmax=3, theta=90.0, eps_bg=2.1, config=all, stepped_sieve=False, corrugated=True
Parallel configuration: 128 processes running 108 parallel moment partitions.

Elapsed run time = 0.0398 s

Elapsed run time = 0.0399 s

Elapsed run time = 0.0404 s

Elapsed run time = 0.0400 s

Elapsed run time = 0.0403 s

Elapsed run time = 0.0404 s

Elapsed run time = 0.0402 s

Elapsed run time = 0.0404 s

Elapsed run time = 0.0403 s

Elapsed run time = 0.0405 s

Elapsed run time = 0.0405 s

Elapsed run time = 0.0406 s

Elapsed run time = 0.0401 s

Elapsed run time = 0.0403 s

Elapsed run time = 0.0398 s

Elapsed run time = 0.0404 s

Elapsed run time = 0.0402 s

Elapsed run time = 0.0402 s

Elapsed run time = 0.0402 s

Elapsed run time = 0.0403 s

Elapsed run time = 1379.5246 s

Elapsed run time = 1382.1680 s

Elapsed run time = 1409.8171 s

Elapsed run time = 1410.9357 s

Elapsed run time = 1968.0371 s

Elapsed run time = 2002.5693 s

Elapsed run time = 2009.6676 s

Elapsed run time = 2009.9955 s

Elapsed run time = 2023.4176 s

Elapsed run time = 2026.4470 s

Elapsed run time = 2034.9926 s

Elapsed run time = 2038.1221 s
  [BOTH][Rank 0] Done moment 1/1 (task 0): force_integral=-1.855620e-02

Elapsed run time = 4787.4538 s

Elapsed run time = 4797.4487 s

Elapsed run time = 4801.1676 s

Elapsed run time = 4807.5851 s

Elapsed run time = 4810.4471 s

Elapsed run time = 4812.7667 s

Elapsed run time = 4812.9215 s

Elapsed run time = 4813.7740 s

Elapsed run time = 4813.8772 s

Elapsed run time = 4815.6394 s

Elapsed run time = 4815.7302 s

Elapsed run time = 4816.7837 s

Elapsed run time = 4818.9015 s

Elapsed run time = 4820.9001 s

Elapsed run time = 4822.2587 s

Elapsed run time = 4823.5099 s

Elapsed run time = 4823.9344 s

Elapsed run time = 4823.9347 s

Elapsed run time = 4824.6306 s

Elapsed run time = 4825.2302 s

Elapsed run time = 4825.8065 s

Elapsed run time = 4825.8871 s

Elapsed run time = 4826.6154 s

Elapsed run time = 4828.1854 s

Elapsed run time = 4829.1634 s

Elapsed run time = 4829.5462 s

Elapsed run time = 4830.1487 s

Elapsed run time = 4830.2422 s

Elapsed run time = 4830.7671 s

Elapsed run time = 4831.5894 s

Elapsed run time = 4831.7782 s

Elapsed run time = 4832.2573 s

Elapsed run time = 4832.4136 s

Elapsed run time = 4832.9320 s

Elapsed run time = 4834.9582 s

Elapsed run time = 4835.1820 s

Elapsed run time = 4837.8630 s

Elapsed run time = 4838.1524 s

Elapsed run time = 4839.7874 s

Elapsed run time = 4839.8142 s

Elapsed run time = 4840.6872 s

Elapsed run time = 4841.0827 s

Elapsed run time = 4842.1229 s

Elapsed run time = 4842.3310 s

Elapsed run time = 4842.4935 s

Elapsed run time = 4842.7964 s

Elapsed run time = 4843.2213 s

Elapsed run time = 4843.5137 s

Elapsed run time = 4843.6921 s

Elapsed run time = 4843.8537 s

Elapsed run time = 4844.0446 s

Elapsed run time = 4844.2371 s
  [SELF][Rank 0] Done moment 1/1 (task 0): force_integral=-4.631976e-03

Elapsed run time = 4848.0529 s

Elapsed run time = 4848.4148 s

Elapsed run time = 4848.7147 s

Elapsed run time = 4849.4751 s

Elapsed run time = 4850.8610 s

Elapsed run time = 4851.0510 s

Elapsed run time = 4852.6884 s

Elapsed run time = 4852.7614 s

Elapsed run time = 4853.0202 s

Elapsed run time = 4855.7344 s

Elapsed run time = 4856.0150 s

Elapsed run time = 4856.3163 s

Elapsed run time = 4856.8867 s

Elapsed run time = 4857.3847 s

Elapsed run time = 4858.7236 s

Elapsed run time = 4858.8834 s

Elapsed run time = 4859.2440 s

Elapsed run time = 4860.8503 s

Elapsed run time = 4860.8527 s

Elapsed run time = 4861.8006 s

Elapsed run time = 4862.8510 s

Elapsed run time = 4865.5818 s

Elapsed run time = 4865.8745 s

Elapsed run time = 4865.9397 s

Elapsed run time = 4866.0576 s

Elapsed run time = 4866.2960 s

Elapsed run time = 4866.4951 s

Elapsed run time = 4866.5104 s

Elapsed run time = 4866.5727 s

Elapsed run time = 4867.4710 s

Elapsed run time = 4867.7113 s

Elapsed run time = 4867.7380 s

Elapsed run time = 4868.1981 s

Elapsed run time = 4868.4065 s

Elapsed run time = 4868.6766 s

Elapsed run time = 4868.8381 s

Elapsed run time = 4870.3277 s

Elapsed run time = 4870.9445 s

Elapsed run time = 4871.4648 s

Elapsed run time = 4871.5371 s

Elapsed run time = 4873.3969 s

Elapsed run time = 4873.7463 s

Elapsed run time = 4873.8972 s
Simulation complete. Subtracted force: -6.614573e+01. Saved to .tmp/meep_d_0.0500_N_3_corrugated_al_85.0_Nbot_3_Phosphorene_tuned_res_40_theta_90.0_eps_2.1_L_2.00.json

Elapsed run time = 4874.7946 s
Task 204 complete at Fri Sep 11 12:10:22 PM EDT 2026.
