==================================================
SLURM ARRAY TASK ID: 67 / 224
Running on node: x1001c3s5b1n0
Start time: Thu Sep 10 05:14:19 PM EDT 2026
==================================================
Reading parameters from sweep_configs_sweet_spot/config_067.json...
Executing 3D FDTD Simulation: Alpha=75.0 deg, Theta=82.0 deg, d=0.2 um, L=2.0 um, Res=40...

Elapsed run time = 0.0436 s

Elapsed run time = 0.0458 s

Elapsed run time = 0.0476 s

Elapsed run time = 0.0469 s

Elapsed run time = 0.0445 s

Elapsed run time = 0.0463 s

Elapsed run time = 0.0477 s

Elapsed run time = 0.0462 s

Elapsed run time = 0.0473 s

Elapsed run time = 0.0479 s

Elapsed run time = 0.0478 s

Elapsed run time = 0.0475 s

Elapsed run time = 0.0452 s

Elapsed run time = 0.0469 s

Elapsed run time = 0.0447 s

Elapsed run time = 0.0479 s

Elapsed run time = 0.0474 s

Elapsed run time = 0.0474 s

Elapsed run time = 0.0455 s

Elapsed run time = 0.0464 s

Elapsed run time = 0.0477 s

Elapsed run time = 0.0448 s

Elapsed run time = 0.0477 s

Elapsed run time = 0.0466 s

Elapsed run time = 0.0476 s

Elapsed run time = 0.0478 s

Elapsed run time = 0.0476 s

Elapsed run time = 0.0459 s

Elapsed run time = 0.0448 s

Elapsed run time = 0.0451 s

Elapsed run time = 0.0454 s

Elapsed run time = 0.0476 s

Elapsed run time = 0.0465 s

Elapsed run time = 0.0456 s

Elapsed run time = 0.0450 s

Elapsed run time = 0.0473 s

Elapsed run time = 0.0473 s

Elapsed run time = 0.0474 s

Elapsed run time = 0.0478 s

Elapsed run time = 0.0473 s

Elapsed run time = 0.0451 s

Elapsed run time = 0.0444 s

Elapsed run time = 0.0448 s

Elapsed run time = 0.0450 s

Elapsed run time = 0.0475 s

Elapsed run time = 0.0456 s

Elapsed run time = 0.0474 s

Elapsed run time = 0.0477 s

Elapsed run time = 0.0447 s

Elapsed run time = 0.0468 s

Elapsed run time = 0.0478 s

Elapsed run time = 0.0448 s

Elapsed run time = 0.0464 s

Elapsed run time = 0.0450 s

Elapsed run time = 0.0479 s

Elapsed run time = 0.0478 s

Elapsed run time = 0.0455 s

Elapsed run time = 0.0450 s

Elapsed run time = 0.0477 s

Elapsed run time = 0.0453 s

Elapsed run time = 0.0460 s

Elapsed run time = 0.0479 s
Starting simulation: d=0.2 um, N_top=3, N_bottom=3, material=Phosphorene_tuned, resolution=40, nmax=3, theta=82.0, eps_bg=2.1, config=all, stepped_sieve=False, corrugated=True
Parallel configuration: 128 processes running 108 parallel moment partitions.
Task already complete! Found cached result in .tmp/meep_d_0.2000_N_3_corrugated_Nbot_3_Phosphorene_tuned_res_40_theta_82.0_eps_2.1_L_2.00.json (F_sub=-1.354188e-01). Skipping.

Elapsed run time = 0.0476 s

Elapsed run time = 0.0480 s

Elapsed run time = 0.0451 s

Elapsed run time = 0.0455 s

Elapsed run time = 0.0481 s

Elapsed run time = 0.0483 s

Elapsed run time = 0.0477 s

Elapsed run time = 0.0475 s

Elapsed run time = 0.0482 s

Elapsed run time = 0.0468 s

Elapsed run time = 0.0461 s

Elapsed run time = 0.0476 s

Elapsed run time = 0.0455 s

Elapsed run time = 0.0459 s

Elapsed run time = 0.0461 s

Elapsed run time = 0.0477 s

Elapsed run time = 0.0472 s

Elapsed run time = 0.0480 s

Elapsed run time = 0.0473 s

Elapsed run time = 0.0480 s

Elapsed run time = 0.0454 s

Elapsed run time = 0.0480 s

Elapsed run time = 0.0476 s

Elapsed run time = 0.0478 s

Elapsed run time = 0.0459 s

Elapsed run time = 0.0460 s

Elapsed run time = 0.0476 s

Elapsed run time = 0.0481 s

Elapsed run time = 0.0481 s

Elapsed run time = 0.0481 s

Elapsed run time = 0.0475 s

Elapsed run time = 0.0478 s

Elapsed run time = 0.0483 s

Elapsed run time = 0.0468 s

Elapsed run time = 0.0450 s

Elapsed run time = 0.0452 s

Elapsed run time = 0.0458 s

Elapsed run time = 0.0467 s

Elapsed run time = 0.0469 s

Elapsed run time = 0.0479 s

Elapsed run time = 0.0478 s

Elapsed run time = 0.0479 s

Elapsed run time = 0.0477 s

Elapsed run time = 0.0482 s

Elapsed run time = 0.0480 s

Elapsed run time = 0.0452 s

Elapsed run time = 0.0455 s

Elapsed run time = 0.0482 s

Elapsed run time = 0.0450 s

Elapsed run time = 0.0476 s

Elapsed run time = 0.0470 s

Elapsed run time = 0.0454 s

Elapsed run time = 0.0477 s

Elapsed run time = 0.0451 s

Elapsed run time = 0.0481 s

Elapsed run time = 0.0461 s

Elapsed run time = 0.0461 s

Elapsed run time = 0.0482 s

Elapsed run time = 0.0468 s

Elapsed run time = 0.0476 s

Elapsed run time = 0.0457 s

Elapsed run time = 0.0474 s

Elapsed run time = 0.0483 s

Elapsed run time = 0.0480 s

Elapsed run time = 0.0458 s

Elapsed run time = 0.0451 s
Task 67 complete at Thu Sep 10 05:14:29 PM EDT 2026.
