==================================================
SLURM ARRAY TASK ID: 2 / 224
Running on node: x1002c7s5b1n0
Start time: Wed Sep  9 07:58:24 PM EDT 2026
==================================================
Reading parameters from sweep_configs_sweet_spot/config_002.json...
Executing 3D FDTD Simulation: Alpha=70.0 deg, Theta=80.0 deg, d=0.1 um, L=2.0 um, Res=40...

Elapsed run time = 0.0128 s

Elapsed run time = 0.0129 s

Elapsed run time = 0.0127 s

Elapsed run time = 0.0141 s

Elapsed run time = 0.0107 s

Elapsed run time = 0.0151 s

Elapsed run time = 0.0117 s

Elapsed run time = 0.0131 s

Elapsed run time = 0.0148 s

Elapsed run time = 0.0111 s

Elapsed run time = 0.0120 s

Elapsed run time = 0.0139 s

Elapsed run time = 0.0112 s

Elapsed run time = 0.0118 s

Elapsed run time = 0.0140 s

Elapsed run time = 0.0129 s

Elapsed run time = 0.0121 s

Elapsed run time = 0.0145 s

Elapsed run time = 0.0136 s

Elapsed run time = 0.0176 s

Elapsed run time = 1465.6018 s

Elapsed run time = 1467.5739 s

Elapsed run time = 1494.8740 s

Elapsed run time = 1505.3272 s

Elapsed run time = 2126.3855 s

Elapsed run time = 2127.5255 s

Elapsed run time = 2142.6560 s

Elapsed run time = 2145.1001 s

Elapsed run time = 2147.6560 s

Elapsed run time = 2160.3997 s

Elapsed run time = 2162.5131 s

Elapsed run time = 2175.2172 s
Starting simulation: d=0.1 um, N_top=3, N_bottom=3, material=Phosphorene_tuned, resolution=40, nmax=3, theta=80.0, eps_bg=2.1, config=all, stepped_sieve=False, corrugated=True
Parallel configuration: 128 processes running 108 parallel moment partitions.
  [BOTH][Rank 0] Done moment 1/1 (task 0): force_integral=-1.988631e-03

Elapsed run time = 4454.4214 s

Elapsed run time = 4466.2239 s

Elapsed run time = 4475.5705 s

Elapsed run time = 4780.3430 s

Elapsed run time = 4788.7026 s

Elapsed run time = 4792.6700 s

Elapsed run time = 4796.9088 s

Elapsed run time = 4984.2901 s

Elapsed run time = 4992.9085 s

Elapsed run time = 4994.3363 s

Elapsed run time = 4997.6958 s

Elapsed run time = 4998.5928 s

Elapsed run time = 5002.4259 s

Elapsed run time = 5003.3514 s

Elapsed run time = 5004.4296 s

Elapsed run time = 5095.3861 s

Elapsed run time = 5116.9070 s

Elapsed run time = 5118.9133 s

Elapsed run time = 5120.3071 s

Elapsed run time = 5121.1762 s

Elapsed run time = 5129.0309 s

Elapsed run time = 5129.8015 s

Elapsed run time = 5132.1727 s

Elapsed run time = 5138.8787 s

Elapsed run time = 5142.9716 s

Elapsed run time = 5150.6960 s

Elapsed run time = 5151.6695 s

Elapsed run time = 5153.6903 s

Elapsed run time = 5157.8764 s

Elapsed run time = 5158.7087 s

Elapsed run time = 5158.8569 s
  [SELF][Rank 0] Done moment 1/1 (task 0): force_integral=+4.620139e-03

Elapsed run time = 8614.5425 s

Elapsed run time = 8622.1680 s

Elapsed run time = 8632.0091 s

Elapsed run time = 8633.3851 s

Elapsed run time = 8640.8858 s

Elapsed run time = 8645.0672 s

Elapsed run time = 8647.0219 s

Elapsed run time = 8653.4820 s

Elapsed run time = 8657.1863 s

Elapsed run time = 8657.2850 s

Elapsed run time = 8657.3728 s

Elapsed run time = 8659.6311 s

Elapsed run time = 8661.1059 s

Elapsed run time = 8663.6875 s

Elapsed run time = 8669.2737 s

Elapsed run time = 8669.4395 s

Elapsed run time = 8670.3244 s

Elapsed run time = 8670.5158 s

Elapsed run time = 8673.0448 s

Elapsed run time = 8675.1993 s

Elapsed run time = 8675.9255 s

Elapsed run time = 8676.2726 s

Elapsed run time = 8677.1294 s

Elapsed run time = 8678.3457 s

Elapsed run time = 8678.7349 s

Elapsed run time = 8678.8507 s

Elapsed run time = 8683.8676 s

Elapsed run time = 8686.2114 s

Elapsed run time = 8689.7100 s

Elapsed run time = 8691.8518 s

Elapsed run time = 8693.9877 s

Elapsed run time = 8694.4195 s

Elapsed run time = 10061.4300 s

Elapsed run time = 10078.7508 s

Elapsed run time = 10083.1965 s

Elapsed run time = 10095.9615 s

Elapsed run time = 10131.5848 s

Elapsed run time = 10146.5909 s

Elapsed run time = 10166.1267 s

Elapsed run time = 10166.8311 s

Elapsed run time = 10179.1370 s

Elapsed run time = 10188.0061 s

Elapsed run time = 10192.2746 s

Elapsed run time = 10202.0273 s

Elapsed run time = 10204.1483 s

Elapsed run time = 10204.8099 s

Elapsed run time = 10206.6299 s

Elapsed run time = 10213.3686 s

Elapsed run time = 10218.6380 s

Elapsed run time = 10222.8757 s

Elapsed run time = 10223.2796 s

Elapsed run time = 10223.5307 s

Elapsed run time = 10240.5515 s

Elapsed run time = 10249.8555 s

Elapsed run time = 10262.7294 s

Elapsed run time = 10264.9760 s

Elapsed run time = 10270.7866 s

Elapsed run time = 10274.8268 s

Elapsed run time = 10278.7819 s

Elapsed run time = 10290.0654 s

Elapsed run time = 10293.9389 s

Elapsed run time = 10298.5703 s

Elapsed run time = 10303.7590 s

Elapsed run time = 10306.3412 s
Simulation complete. Subtracted force: 7.182594e-01. Saved to .tmp/meep_d_0.1000_N_3_corrugated_Nbot_3_Phosphorene_tuned_res_40_theta_80.0_eps_2.1_L_2.00.json

Elapsed run time = 10308.4445 s
Task 2 complete at Wed Sep  9 10:50:34 PM EDT 2026.
