==================================================
SLURM ARRAY TASK ID: 155 / 224
Running on node: x1002c2s0b0n0
Start time: Fri Sep 11 08:07:39 AM EDT 2026
==================================================
Reading parameters from sweep_configs_sweet_spot/config_155.json...
Executing 3D FDTD Simulation: Alpha=80.0 deg, Theta=92.0 deg, d=0.05 um, L=2.0 um, Res=40...
Starting simulation: d=0.05 um, N_top=3, N_bottom=3, material=Phosphorene_tuned, resolution=40, nmax=3, theta=92.0, eps_bg=2.1, config=all, stepped_sieve=False, corrugated=True
Parallel configuration: 128 processes running 108 parallel moment partitions.

Elapsed run time = 0.0282 s

Elapsed run time = 0.0356 s

Elapsed run time = 0.0331 s

Elapsed run time = 0.0357 s

Elapsed run time = 0.0261 s

Elapsed run time = 0.0337 s

Elapsed run time = 0.0343 s

Elapsed run time = 0.0260 s

Elapsed run time = 0.0344 s

Elapsed run time = 0.0335 s

Elapsed run time = 0.0360 s

Elapsed run time = 0.0280 s

Elapsed run time = 0.0329 s

Elapsed run time = 0.0354 s

Elapsed run time = 0.0356 s

Elapsed run time = 0.0259 s

Elapsed run time = 0.0346 s

Elapsed run time = 0.0263 s

Elapsed run time = 0.0360 s

Elapsed run time = 0.0337 s

Elapsed run time = 1386.2329 s

Elapsed run time = 1394.4276 s

Elapsed run time = 1405.8849 s

Elapsed run time = 1417.8099 s

Elapsed run time = 2008.9130 s

Elapsed run time = 2009.9548 s

Elapsed run time = 2020.3476 s

Elapsed run time = 2020.9905 s

Elapsed run time = 2022.9935 s

Elapsed run time = 2035.3107 s

Elapsed run time = 2038.4711 s

Elapsed run time = 2047.7401 s
  [BOTH][Rank 0] Done moment 1/1 (task 0): force_integral=-1.282899e-02

Elapsed run time = 4761.2480 s

Elapsed run time = 4776.9295 s

Elapsed run time = 4785.9441 s

Elapsed run time = 4795.8088 s

Elapsed run time = 4804.3643 s

Elapsed run time = 4805.8916 s

Elapsed run time = 4809.2434 s

Elapsed run time = 4809.3183 s

Elapsed run time = 4809.9275 s

Elapsed run time = 4810.9480 s

Elapsed run time = 4816.8818 s

Elapsed run time = 4817.3710 s

Elapsed run time = 4817.5530 s

Elapsed run time = 4821.9947 s

Elapsed run time = 4822.2659 s

Elapsed run time = 4822.2978 s

Elapsed run time = 4823.3096 s

Elapsed run time = 4823.8812 s

Elapsed run time = 4824.0230 s

Elapsed run time = 4824.5902 s

Elapsed run time = 4824.8653 s

Elapsed run time = 4825.2319 s

Elapsed run time = 4826.9216 s

Elapsed run time = 4827.2412 s

Elapsed run time = 4828.5059 s

Elapsed run time = 4828.7029 s

Elapsed run time = 4829.4479 s

Elapsed run time = 4829.7247 s

Elapsed run time = 4830.0773 s

Elapsed run time = 4830.9682 s

Elapsed run time = 4832.5244 s

Elapsed run time = 4832.7771 s

Elapsed run time = 4833.7592 s

Elapsed run time = 4834.6631 s
  [SELF][Rank 0] Done moment 1/1 (task 0): force_integral=+1.096572e-03

Elapsed run time = 4835.8219 s

Elapsed run time = 4839.1358 s

Elapsed run time = 4840.1288 s

Elapsed run time = 4840.5110 s

Elapsed run time = 4840.8287 s

Elapsed run time = 4841.6043 s

Elapsed run time = 4841.9284 s

Elapsed run time = 4841.9584 s

Elapsed run time = 4842.1716 s

Elapsed run time = 4842.8224 s

Elapsed run time = 4843.8847 s

Elapsed run time = 4846.7084 s

Elapsed run time = 4847.3071 s

Elapsed run time = 4847.4819 s

Elapsed run time = 4847.5119 s

Elapsed run time = 4848.5947 s

Elapsed run time = 4849.0031 s

Elapsed run time = 4850.0260 s

Elapsed run time = 4850.2061 s

Elapsed run time = 4851.8822 s

Elapsed run time = 4851.9806 s

Elapsed run time = 4853.4150 s

Elapsed run time = 4853.9624 s

Elapsed run time = 4854.0739 s

Elapsed run time = 4854.3181 s

Elapsed run time = 4854.7997 s

Elapsed run time = 4855.0295 s

Elapsed run time = 4855.6709 s

Elapsed run time = 4856.7542 s

Elapsed run time = 4857.4235 s

Elapsed run time = 4857.9611 s

Elapsed run time = 4858.1190 s

Elapsed run time = 4858.2788 s

Elapsed run time = 4858.8999 s

Elapsed run time = 4859.0771 s

Elapsed run time = 4859.3542 s

Elapsed run time = 4859.4947 s

Elapsed run time = 4861.0084 s

Elapsed run time = 4862.6299 s

Elapsed run time = 4862.6466 s

Elapsed run time = 4862.7470 s

Elapsed run time = 4863.4128 s

Elapsed run time = 4863.5802 s

Elapsed run time = 4864.1483 s

Elapsed run time = 4865.2735 s

Elapsed run time = 4865.9775 s

Elapsed run time = 4866.0320 s

Elapsed run time = 4867.4591 s

Elapsed run time = 4867.6133 s

Elapsed run time = 4868.4505 s

Elapsed run time = 4868.8649 s

Elapsed run time = 4869.1336 s

Elapsed run time = 4870.0183 s

Elapsed run time = 4870.0786 s

Elapsed run time = 4870.0693 s

Elapsed run time = 4878.2318 s

Elapsed run time = 4878.5060 s

Elapsed run time = 4880.0582 s

Elapsed run time = 4882.9828 s

Elapsed run time = 4884.5827 s

Elapsed run time = 4884.6139 s
Simulation complete. Subtracted force: -6.073852e+01. Saved to .tmp/meep_d_0.0500_N_3_corrugated_al_80.0_Nbot_3_Phosphorene_tuned_res_40_theta_92.0_eps_2.1_L_2.00.json

Elapsed run time = 4885.1519 s
Task 155 complete at Fri Sep 11 09:29:08 AM EDT 2026.
