==================================================
SLURM ARRAY TASK ID: 130 / 224
Running on node: x1000c5s7b1n0
Start time: Thu Sep 10 08:17:31 PM EDT 2026
==================================================
Reading parameters from sweep_configs_sweet_spot/config_130.json...
Executing 3D FDTD Simulation: Alpha=80.0 deg, Theta=84.0 deg, d=0.2 um, L=2.0 um, Res=40...

Elapsed run time = 0.0197 s

Elapsed run time = 0.0507 s

Elapsed run time = 0.0639 s

Elapsed run time = 0.0459 s

Elapsed run time = 0.0538 s

Elapsed run time = 0.0537 s

Elapsed run time = 0.0537 s

Elapsed run time = 0.0460 s

Elapsed run time = 0.0215 s

Elapsed run time = 0.0205 s

Elapsed run time = 0.0617 s

Elapsed run time = 0.0614 s

Elapsed run time = 0.0305 s

Elapsed run time = 0.0300 s

Elapsed run time = 0.0208 s

Elapsed run time = 0.0216 s

Elapsed run time = 0.0216 s

Elapsed run time = 0.0217 s

Elapsed run time = 0.0152 s

Elapsed run time = 0.0180 s

Elapsed run time = 0.0178 s

Elapsed run time = 0.0156 s

Elapsed run time = 0.0161 s

Elapsed run time = 0.0162 s

Elapsed run time = 0.0154 s

Elapsed run time = 0.0159 s

Elapsed run time = 0.0450 s

Elapsed run time = 0.0461 s

Elapsed run time = 0.0459 s

Elapsed run time = 0.0475 s

Elapsed run time = 0.0476 s

Elapsed run time = 0.0477 s

Elapsed run time = 0.0461 s

Elapsed run time = 0.0240 s

Elapsed run time = 0.0281 s

Elapsed run time = 0.0282 s

Elapsed run time = 0.0281 s

Elapsed run time = 0.0270 s

Elapsed run time = 0.0305 s

Elapsed run time = 0.0308 s

Elapsed run time = 0.0302 s

Elapsed run time = 0.0373 s

Elapsed run time = 0.0369 s

Elapsed run time = 0.0372 s

Elapsed run time = 0.0373 s

Elapsed run time = 0.0253 s

Elapsed run time = 0.0274 s

Elapsed run time = 0.0210 s

Elapsed run time = 0.0212 s

Elapsed run time = 0.0237 s

Elapsed run time = 0.0072 s

Elapsed run time = 0.0480 s

Elapsed run time = 0.0072 s

Elapsed run time = 0.0616 s

Elapsed run time = 0.0334 s

Elapsed run time = 0.0335 s

Elapsed run time = 0.0208 s

Elapsed run time = 0.0165 s

Elapsed run time = 0.0164 s

Elapsed run time = 0.0165 s

Elapsed run time = 0.0049 s

Elapsed run time = 0.0329 s

Elapsed run time = 0.0050 s

Elapsed run time = 0.0332 s

Elapsed run time = 0.0048 s

Elapsed run time = 0.0328 s

Elapsed run time = 0.0245 s

Elapsed run time = 0.0643 s

Elapsed run time = 0.0541 s

Elapsed run time = 0.0053 s

Elapsed run time = 0.0048 s

Elapsed run time = 0.0051 s

Elapsed run time = 0.0054 s

Elapsed run time = 0.0041 s

Elapsed run time = 0.0045 s

Elapsed run time = 0.0048 s

Elapsed run time = 0.0049 s

Elapsed run time = 0.0048 s

Elapsed run time = 0.0048 s

Elapsed run time = 0.0049 s

Elapsed run time = 0.0049 s

Elapsed run time = 0.0049 s

Elapsed run time = 0.0050 s

Elapsed run time = 0.0057 s

Elapsed run time = 0.0057 s

Elapsed run time = 0.0058 s

Elapsed run time = 0.0058 s

Elapsed run time = 0.0054 s

Elapsed run time = 0.0051 s

Elapsed run time = 0.0052 s

Elapsed run time = 0.0055 s

Elapsed run time = 0.0051 s

Elapsed run time = 0.0050 s

Elapsed run time = 0.0047 s

Elapsed run time = 0.0045 s

Elapsed run time = 0.0051 s

Elapsed run time = 0.0062 s

Elapsed run time = 0.0053 s

Elapsed run time = 0.0063 s

Elapsed run time = 0.0060 s

Elapsed run time = 0.0048 s

Elapsed run time = 0.0050 s

Elapsed run time = 0.0054 s

Elapsed run time = 0.0064 s

Elapsed run time = 0.0053 s

Elapsed run time = 0.0059 s

Elapsed run time = 0.0043 s

Elapsed run time = 0.0054 s

Elapsed run time = 0.0047 s

Elapsed run time = 0.0044 s

Elapsed run time = 0.0046 s

Elapsed run time = 0.0048 s

Elapsed run time = 0.0050 s

Elapsed run time = 0.0044 s
Starting simulation: d=0.2 um, N_top=3, N_bottom=3, material=Phosphorene_tuned, resolution=40, nmax=3, theta=84.0, eps_bg=2.1, config=all, stepped_sieve=False, corrugated=True
Parallel configuration: 128 processes running 108 parallel moment partitions.
Task already complete! Found cached result in .tmp/meep_d_0.2000_N_3_corrugated_Nbot_3_Phosphorene_tuned_res_40_theta_84.0_eps_2.1_L_2.00.json (F_sub=-1.369988e-01). Skipping.

Elapsed run time = 0.0064 s

Elapsed run time = 0.0050 s

Elapsed run time = 0.0053 s

Elapsed run time = 0.0053 s

Elapsed run time = 0.0041 s

Elapsed run time = 0.0059 s

Elapsed run time = 0.0055 s

Elapsed run time = 0.0052 s

Elapsed run time = 0.0056 s

Elapsed run time = 0.0059 s

Elapsed run time = 0.0058 s

Elapsed run time = 0.0048 s

Elapsed run time = 0.0054 s

Elapsed run time = 0.0059 s
Task 130 complete at Thu Sep 10 08:17:35 PM EDT 2026.
