==================================================
SLURM ARRAY TASK ID: 74 / 224
Running on node: x1001c5s7b0n1
Start time: Thu Sep 10 06:11:55 PM EDT 2026
==================================================
Reading parameters from sweep_configs_sweet_spot/config_074.json...
Executing 3D FDTD Simulation: Alpha=75.0 deg, Theta=84.0 deg, d=0.2 um, L=2.0 um, Res=40...

Elapsed run time = 0.0602 s

Elapsed run time = 0.0544 s

Elapsed run time = 0.0533 s

Elapsed run time = 0.0515 s

Elapsed run time = 0.0524 s

Elapsed run time = 0.0544 s

Elapsed run time = 0.0564 s

Elapsed run time = 0.0521 s

Elapsed run time = 0.0565 s

Elapsed run time = 0.0522 s

Elapsed run time = 0.0585 s

Elapsed run time = 0.0471 s

Elapsed run time = 0.0538 s

Elapsed run time = 0.0474 s

Elapsed run time = 0.0467 s

Elapsed run time = 0.0426 s

Elapsed run time = 0.0590 s

Elapsed run time = 0.0587 s

Elapsed run time = 0.0578 s

Elapsed run time = 0.0562 s

Elapsed run time = 0.0512 s

Elapsed run time = 0.0556 s

Elapsed run time = 0.0584 s

Elapsed run time = 0.0556 s

Elapsed run time = 0.0589 s

Elapsed run time = 0.0558 s

Elapsed run time = 0.0561 s

Elapsed run time = 0.0532 s

Elapsed run time = 0.0565 s
Starting simulation: d=0.2 um, N_top=3, N_bottom=3, material=Phosphorene_tuned, resolution=40, nmax=3, theta=84.0, eps_bg=2.1, config=all, stepped_sieve=False, corrugated=True
Parallel configuration: 128 processes running 108 parallel moment partitions.
Task already complete! Found cached result in .tmp/meep_d_0.2000_N_3_corrugated_Nbot_3_Phosphorene_tuned_res_40_theta_84.0_eps_2.1_L_2.00.json (F_sub=-1.369988e-01). Skipping.

Elapsed run time = 0.0455 s

Elapsed run time = 0.0501 s

Elapsed run time = 0.0571 s

Elapsed run time = 0.0586 s

Elapsed run time = 0.0490 s

Elapsed run time = 0.0589 s

Elapsed run time = 0.0570 s

Elapsed run time = 0.0442 s

Elapsed run time = 0.0543 s

Elapsed run time = 0.0420 s

Elapsed run time = 0.0523 s

Elapsed run time = 0.0469 s

Elapsed run time = 0.0582 s

Elapsed run time = 0.0424 s

Elapsed run time = 0.0487 s

Elapsed run time = 0.0514 s

Elapsed run time = 0.0478 s

Elapsed run time = 0.0489 s

Elapsed run time = 0.0452 s

Elapsed run time = 0.0560 s

Elapsed run time = 0.0461 s

Elapsed run time = 0.0472 s

Elapsed run time = 0.0439 s

Elapsed run time = 0.0548 s

Elapsed run time = 0.0419 s

Elapsed run time = 0.0458 s

Elapsed run time = 0.0574 s

Elapsed run time = 0.0461 s

Elapsed run time = 0.0491 s

Elapsed run time = 0.0479 s

Elapsed run time = 0.0478 s

Elapsed run time = 0.0415 s

Elapsed run time = 0.0590 s

Elapsed run time = 0.0461 s

Elapsed run time = 0.0462 s

Elapsed run time = 0.0600 s

Elapsed run time = 0.0459 s

Elapsed run time = 0.0414 s

Elapsed run time = 0.0558 s

Elapsed run time = 0.0444 s

Elapsed run time = 0.0493 s

Elapsed run time = 0.0451 s

Elapsed run time = 0.0480 s

Elapsed run time = 0.0480 s

Elapsed run time = 0.0590 s

Elapsed run time = 0.0612 s

Elapsed run time = 0.0598 s

Elapsed run time = 0.0556 s

Elapsed run time = 0.0609 s

Elapsed run time = 0.0550 s

Elapsed run time = 0.0566 s

Elapsed run time = 0.0554 s

Elapsed run time = 0.0536 s

Elapsed run time = 0.0555 s

Elapsed run time = 0.0553 s

Elapsed run time = 0.0610 s

Elapsed run time = 0.0470 s

Elapsed run time = 0.0572 s

Elapsed run time = 0.0463 s

Elapsed run time = 0.0463 s

Elapsed run time = 0.0596 s

Elapsed run time = 0.0467 s

Elapsed run time = 0.0599 s

Elapsed run time = 0.0457 s

Elapsed run time = 0.0605 s

Elapsed run time = 0.0463 s

Elapsed run time = 0.0465 s

Elapsed run time = 0.0464 s

Elapsed run time = 0.0565 s

Elapsed run time = 0.0504 s

Elapsed run time = 0.0550 s

Elapsed run time = 0.0560 s

Elapsed run time = 0.0573 s

Elapsed run time = 0.0533 s

Elapsed run time = 0.0528 s

Elapsed run time = 0.0546 s

Elapsed run time = 0.0507 s

Elapsed run time = 0.0508 s

Elapsed run time = 0.0414 s

Elapsed run time = 0.0519 s

Elapsed run time = 0.0455 s

Elapsed run time = 0.0588 s

Elapsed run time = 0.0463 s

Elapsed run time = 0.0492 s

Elapsed run time = 0.0421 s

Elapsed run time = 0.0502 s

Elapsed run time = 0.0430 s

Elapsed run time = 0.0581 s

Elapsed run time = 0.0375 s

Elapsed run time = 0.0453 s

Elapsed run time = 0.0425 s

Elapsed run time = 0.0415 s

Elapsed run time = 0.0600 s

Elapsed run time = 0.0390 s

Elapsed run time = 0.0403 s

Elapsed run time = 0.0452 s

Elapsed run time = 0.0513 s

Elapsed run time = 0.0392 s

Elapsed run time = 0.0594 s
Task 74 complete at Thu Sep 10 06:12:00 PM EDT 2026.
