==================================================
SLURM ARRAY TASK ID: 12 / 224
Running on node: x1002c7s5b1n0
Start time: Wed Sep  9 10:50:35 PM EDT 2026
==================================================
Reading parameters from sweep_configs_sweet_spot/config_012.json...
Executing 3D FDTD Simulation: Alpha=70.0 deg, Theta=82.0 deg, d=0.25 um, L=2.0 um, Res=40...

Elapsed run time = 0.0241 s

Elapsed run time = 0.0215 s

Elapsed run time = 0.0241 s

Elapsed run time = 0.0203 s

Elapsed run time = 0.0210 s

Elapsed run time = 0.0231 s

Elapsed run time = 0.0238 s

Elapsed run time = 0.0238 s

Elapsed run time = 0.0213 s

Elapsed run time = 0.0223 s

Elapsed run time = 0.0213 s

Elapsed run time = 0.0242 s

Elapsed run time = 0.0246 s

Elapsed run time = 0.0243 s

Elapsed run time = 0.0225 s

Elapsed run time = 0.0221 s

Elapsed run time = 0.0235 s

Elapsed run time = 0.0222 s

Elapsed run time = 0.0229 s

Elapsed run time = 0.0267 s

Elapsed run time = 1540.8997 s

Elapsed run time = 1547.3704 s

Elapsed run time = 1568.6209 s

Elapsed run time = 1573.7697 s

Elapsed run time = 2226.4838 s

Elapsed run time = 2231.1699 s

Elapsed run time = 2245.5050 s

Elapsed run time = 2246.8748 s

Elapsed run time = 2257.2483 s

Elapsed run time = 2267.7916 s

Elapsed run time = 2268.8582 s

Elapsed run time = 2276.0506 s
Starting simulation: d=0.25 um, N_top=3, N_bottom=3, material=Phosphorene_tuned, resolution=40, nmax=3, theta=82.0, eps_bg=2.1, config=all, stepped_sieve=False, corrugated=True
Parallel configuration: 128 processes running 108 parallel moment partitions.
  [BOTH][Rank 0] Done moment 1/1 (task 0): force_integral=-1.861928e-03

Elapsed run time = 5338.5747 s

Elapsed run time = 5342.3858 s

Elapsed run time = 5348.1551 s

Elapsed run time = 5349.6131 s

Elapsed run time = 5350.5753 s

Elapsed run time = 5352.4532 s

Elapsed run time = 5352.4988 s

Elapsed run time = 5355.3198 s

Elapsed run time = 5361.2546 s

Elapsed run time = 5362.5265 s

Elapsed run time = 5363.7151 s

Elapsed run time = 5364.1646 s

Elapsed run time = 5366.2507 s

Elapsed run time = 5366.6101 s

Elapsed run time = 5367.2838 s

Elapsed run time = 5367.9513 s

Elapsed run time = 5368.0672 s

Elapsed run time = 5368.6051 s

Elapsed run time = 5369.6734 s

Elapsed run time = 5371.7811 s

Elapsed run time = 5372.2653 s

Elapsed run time = 5372.7217 s

Elapsed run time = 5377.6032 s

Elapsed run time = 5377.9543 s

Elapsed run time = 5378.2844 s

Elapsed run time = 5378.2972 s

Elapsed run time = 5379.7813 s

Elapsed run time = 5380.3818 s

Elapsed run time = 5380.9092 s

Elapsed run time = 5381.8523 s

Elapsed run time = 5382.5209 s

Elapsed run time = 5383.0198 s

Elapsed run time = 5384.2141 s

Elapsed run time = 5385.2004 s

Elapsed run time = 5385.9943 s

Elapsed run time = 5386.0029 s

Elapsed run time = 5387.1116 s

Elapsed run time = 5387.1563 s

Elapsed run time = 5387.2150 s

Elapsed run time = 5387.7550 s
  [SELF][Rank 0] Done moment 1/1 (task 0): force_integral=+4.552975e-05

Elapsed run time = 5387.9087 s

Elapsed run time = 5388.1820 s

Elapsed run time = 5388.2694 s

Elapsed run time = 5390.0260 s

Elapsed run time = 5392.0058 s

Elapsed run time = 5392.9362 s

Elapsed run time = 5393.8810 s

Elapsed run time = 5395.7571 s

Elapsed run time = 5395.9254 s

Elapsed run time = 5396.8249 s

Elapsed run time = 5398.5853 s

Elapsed run time = 5399.2148 s

Elapsed run time = 5399.9457 s

Elapsed run time = 5400.2533 s

Elapsed run time = 5400.2752 s

Elapsed run time = 5400.7349 s

Elapsed run time = 5401.9933 s

Elapsed run time = 5402.2082 s

Elapsed run time = 5403.8929 s

Elapsed run time = 5404.8748 s

Elapsed run time = 5405.7629 s

Elapsed run time = 5406.3124 s

Elapsed run time = 5407.3296 s

Elapsed run time = 5408.7280 s

Elapsed run time = 5408.9634 s

Elapsed run time = 5409.3648 s

Elapsed run time = 5409.7804 s

Elapsed run time = 5410.2819 s

Elapsed run time = 5411.5396 s

Elapsed run time = 5412.4483 s

Elapsed run time = 5412.9614 s

Elapsed run time = 5414.0824 s

Elapsed run time = 5414.8754 s

Elapsed run time = 5415.0005 s

Elapsed run time = 5415.4393 s

Elapsed run time = 5415.6781 s

Elapsed run time = 5415.7222 s

Elapsed run time = 5416.3526 s

Elapsed run time = 5417.1326 s

Elapsed run time = 5417.1602 s

Elapsed run time = 5417.9224 s

Elapsed run time = 5418.1970 s

Elapsed run time = 5418.4455 s

Elapsed run time = 5418.6691 s

Elapsed run time = 5419.3813 s

Elapsed run time = 5419.4843 s

Elapsed run time = 5419.9711 s

Elapsed run time = 5420.3463 s

Elapsed run time = 5420.5041 s

Elapsed run time = 5421.0269 s

Elapsed run time = 5421.8809 s

Elapsed run time = 5422.7290 s

Elapsed run time = 5424.2815 s

Elapsed run time = 5425.9104 s

Elapsed run time = 5427.4055 s
Simulation complete. Subtracted force: -6.922319e-02. Saved to .tmp/meep_d_0.2500_N_3_corrugated_Nbot_3_Phosphorene_tuned_res_40_theta_82.0_eps_2.1_L_2.00.json

Elapsed run time = 5428.1176 s
Task 12 complete at Thu Sep 10 12:21:12 AM EDT 2026.
