==================================================
SLURM ARRAY TASK ID: 156 / 224
Running on node: x1002c5s1b1n1
Start time: Thu Sep 10 08:17:59 PM EDT 2026
==================================================
Reading parameters from sweep_configs_sweet_spot/config_156.json...
Executing 3D FDTD Simulation: Alpha=80.0 deg, Theta=92.0 deg, d=0.1 um, L=2.0 um, Res=40...

Elapsed run time = 0.0258 s

Elapsed run time = 0.0272 s

Elapsed run time = 0.0283 s

Elapsed run time = 0.0256 s

Elapsed run time = 0.0249 s

Elapsed run time = 0.0269 s

Elapsed run time = 0.0275 s

Elapsed run time = 0.0284 s

Elapsed run time = 0.0286 s

Elapsed run time = 0.0246 s

Elapsed run time = 0.0268 s

Elapsed run time = 0.0258 s

Elapsed run time = 0.0249 s

Elapsed run time = 0.0267 s

Elapsed run time = 0.0270 s

Elapsed run time = 0.0284 s

Elapsed run time = 0.0248 s

Elapsed run time = 0.0244 s

Elapsed run time = 0.0237 s

Elapsed run time = 0.0260 s

Elapsed run time = 0.0285 s

Elapsed run time = 0.0219 s

Elapsed run time = 0.0281 s

Elapsed run time = 0.0248 s

Elapsed run time = 0.0282 s

Elapsed run time = 0.0244 s

Elapsed run time = 0.0250 s
Starting simulation: d=0.1 um, N_top=3, N_bottom=3, material=Phosphorene_tuned, resolution=40, nmax=3, theta=92.0, eps_bg=2.1, config=all, stepped_sieve=False, corrugated=True
Parallel configuration: 128 processes running 108 parallel moment partitions.
Task already complete! Found cached result in .tmp/meep_d_0.1000_N_3_corrugated_Nbot_3_Phosphorene_tuned_res_40_theta_92.0_eps_2.1_L_2.00.json (F_sub=5.072721e-01). Skipping.

Elapsed run time = 0.0066 s

Elapsed run time = 0.0091 s

Elapsed run time = 0.0113 s

Elapsed run time = 0.0188 s

Elapsed run time = 0.0103 s

Elapsed run time = 0.0177 s

Elapsed run time = 0.0243 s

Elapsed run time = 0.0211 s

Elapsed run time = 0.0118 s

Elapsed run time = 0.0233 s

Elapsed run time = 0.0199 s

Elapsed run time = 0.0244 s

Elapsed run time = 0.0205 s

Elapsed run time = 0.0244 s

Elapsed run time = 0.0124 s

Elapsed run time = 0.0269 s

Elapsed run time = 0.0144 s

Elapsed run time = 0.0187 s

Elapsed run time = 0.0093 s

Elapsed run time = 0.0224 s

Elapsed run time = 0.0104 s

Elapsed run time = 0.0206 s

Elapsed run time = 0.0150 s

Elapsed run time = 0.0102 s

Elapsed run time = 0.0135 s

Elapsed run time = 0.0161 s

Elapsed run time = 0.0197 s

Elapsed run time = 0.0232 s

Elapsed run time = 0.0229 s

Elapsed run time = 0.0089 s

Elapsed run time = 0.0212 s

Elapsed run time = 0.0074 s

Elapsed run time = 0.0217 s

Elapsed run time = 0.0184 s

Elapsed run time = 0.0107 s

Elapsed run time = 0.0089 s

Elapsed run time = 0.0208 s

Elapsed run time = 0.0080 s

Elapsed run time = 0.0191 s

Elapsed run time = 0.0113 s

Elapsed run time = 0.0184 s

Elapsed run time = 0.0091 s

Elapsed run time = 0.0099 s

Elapsed run time = 0.0166 s

Elapsed run time = 0.0071 s

Elapsed run time = 0.0180 s

Elapsed run time = 0.0107 s

Elapsed run time = 0.0185 s

Elapsed run time = 0.0091 s

Elapsed run time = 0.0152 s

Elapsed run time = 0.0105 s

Elapsed run time = 0.0205 s

Elapsed run time = 0.0060 s

Elapsed run time = 0.0235 s

Elapsed run time = 0.0116 s

Elapsed run time = 0.0215 s

Elapsed run time = 0.0138 s

Elapsed run time = 0.0055 s

Elapsed run time = 0.0138 s

Elapsed run time = 0.0096 s

Elapsed run time = 0.0135 s

Elapsed run time = 0.0089 s

Elapsed run time = 0.0127 s

Elapsed run time = 0.0108 s

Elapsed run time = 0.0138 s

Elapsed run time = 0.0092 s

Elapsed run time = 0.0211 s

Elapsed run time = 0.0083 s

Elapsed run time = 0.0205 s

Elapsed run time = 0.0136 s

Elapsed run time = 0.0132 s

Elapsed run time = 0.0058 s

Elapsed run time = 0.0198 s

Elapsed run time = 0.0136 s

Elapsed run time = 0.0144 s

Elapsed run time = 0.0112 s

Elapsed run time = 0.0145 s

Elapsed run time = 0.0217 s

Elapsed run time = 0.0141 s

Elapsed run time = 0.0204 s

Elapsed run time = 0.0137 s

Elapsed run time = 0.0120 s

Elapsed run time = 0.0202 s

Elapsed run time = 0.0143 s

Elapsed run time = 0.0120 s

Elapsed run time = 0.0114 s

Elapsed run time = 0.0175 s

Elapsed run time = 0.0136 s

Elapsed run time = 0.0135 s

Elapsed run time = 0.0293 s

Elapsed run time = 0.0136 s

Elapsed run time = 0.0134 s

Elapsed run time = 0.0225 s

Elapsed run time = 0.0234 s

Elapsed run time = 0.0236 s

Elapsed run time = 0.0119 s

Elapsed run time = 0.0213 s

Elapsed run time = 0.0178 s

Elapsed run time = 0.0193 s

Elapsed run time = 0.0173 s

Elapsed run time = 0.0043 s
Task 156 complete at Thu Sep 10 08:18:03 PM EDT 2026.
