==================================================
SLURM ARRAY TASK ID: 203 / 224
Running on node: x1002c3s6b1n1
Start time: Fri Sep 11 10:47:00 AM EDT 2026
==================================================
Reading parameters from sweep_configs_sweet_spot/config_203.json...
Executing 3D FDTD Simulation: Alpha=85.0 deg, Theta=88.0 deg, d=0.35 um, L=2.0 um, Res=40...
Starting simulation: d=0.35 um, N_top=3, N_bottom=3, material=Phosphorene_tuned, resolution=40, nmax=3, theta=88.0, eps_bg=2.1, config=all, stepped_sieve=False, corrugated=True
Parallel configuration: 128 processes running 108 parallel moment partitions.

Elapsed run time = 0.0690 s

Elapsed run time = 0.0692 s

Elapsed run time = 0.0695 s

Elapsed run time = 0.0697 s

Elapsed run time = 0.0699 s

Elapsed run time = 0.0696 s

Elapsed run time = 0.0694 s

Elapsed run time = 0.0695 s

Elapsed run time = 0.0696 s

Elapsed run time = 0.0697 s

Elapsed run time = 0.0698 s

Elapsed run time = 0.0695 s

Elapsed run time = 0.0704 s

Elapsed run time = 0.0705 s

Elapsed run time = 0.0697 s

Elapsed run time = 0.0705 s

Elapsed run time = 0.0695 s

Elapsed run time = 0.0705 s

Elapsed run time = 0.0697 s

Elapsed run time = 0.0698 s

Elapsed run time = 1543.1207 s

Elapsed run time = 1547.1214 s

Elapsed run time = 1573.2220 s

Elapsed run time = 1578.7289 s

Elapsed run time = 2238.5589 s

Elapsed run time = 2238.8153 s

Elapsed run time = 2260.9838 s

Elapsed run time = 2261.5978 s

Elapsed run time = 2261.6826 s

Elapsed run time = 2274.4671 s

Elapsed run time = 2277.7744 s

Elapsed run time = 2289.6131 s
  [BOTH][Rank 0] Done moment 1/1 (task 0): force_integral=+1.760937e-03

Elapsed run time = 5343.2334 s

Elapsed run time = 5351.0894 s

Elapsed run time = 5359.1522 s

Elapsed run time = 5368.2650 s

Elapsed run time = 5370.9248 s

Elapsed run time = 5371.8656 s

Elapsed run time = 5375.7026 s

Elapsed run time = 5376.4412 s

Elapsed run time = 5376.7913 s

Elapsed run time = 5381.3679 s

Elapsed run time = 5385.5443 s

Elapsed run time = 5386.7315 s

Elapsed run time = 5387.0380 s

Elapsed run time = 5390.8450 s

Elapsed run time = 5391.9488 s

Elapsed run time = 5392.3498 s

Elapsed run time = 5393.0875 s

Elapsed run time = 5393.7143 s

Elapsed run time = 5394.4710 s

Elapsed run time = 5395.0278 s

Elapsed run time = 5395.0678 s

Elapsed run time = 5395.4666 s

Elapsed run time = 5395.5715 s

Elapsed run time = 5396.0040 s

Elapsed run time = 5398.0188 s

Elapsed run time = 5398.7899 s

Elapsed run time = 5399.1695 s

Elapsed run time = 5399.9415 s

Elapsed run time = 5400.8729 s

Elapsed run time = 5401.1946 s

Elapsed run time = 5401.4432 s

Elapsed run time = 5402.1276 s

Elapsed run time = 5402.9059 s

Elapsed run time = 5403.0565 s

Elapsed run time = 5404.0575 s

Elapsed run time = 5404.1287 s

Elapsed run time = 5405.0254 s

Elapsed run time = 5405.0903 s

Elapsed run time = 5406.0962 s

Elapsed run time = 5407.3007 s

Elapsed run time = 5407.3820 s

Elapsed run time = 5409.4019 s

Elapsed run time = 5409.4530 s

Elapsed run time = 5409.9614 s

Elapsed run time = 5414.1676 s

Elapsed run time = 5414.5009 s

Elapsed run time = 5415.9575 s

Elapsed run time = 5416.2838 s
  [SELF][Rank 0] Done moment 1/1 (task 0): force_integral=+2.582836e-03

Elapsed run time = 5416.7803 s

Elapsed run time = 5418.1659 s

Elapsed run time = 5418.5147 s

Elapsed run time = 5420.6455 s

Elapsed run time = 5423.4336 s

Elapsed run time = 5424.1552 s

Elapsed run time = 5426.0804 s

Elapsed run time = 5426.7416 s

Elapsed run time = 5426.9116 s

Elapsed run time = 5427.7242 s

Elapsed run time = 5427.9912 s

Elapsed run time = 5428.6185 s

Elapsed run time = 5428.7365 s

Elapsed run time = 5429.2051 s

Elapsed run time = 5431.3539 s

Elapsed run time = 5431.6110 s

Elapsed run time = 5432.5519 s

Elapsed run time = 5433.0927 s

Elapsed run time = 5433.5065 s

Elapsed run time = 5433.8046 s

Elapsed run time = 5433.9790 s

Elapsed run time = 5433.9851 s

Elapsed run time = 5434.8369 s

Elapsed run time = 5436.4588 s

Elapsed run time = 5436.6063 s

Elapsed run time = 5437.1240 s

Elapsed run time = 5437.3415 s

Elapsed run time = 5437.8418 s

Elapsed run time = 5437.9932 s

Elapsed run time = 5438.1712 s

Elapsed run time = 5438.4188 s

Elapsed run time = 5438.4471 s

Elapsed run time = 5438.7230 s

Elapsed run time = 5438.8633 s

Elapsed run time = 5439.5986 s

Elapsed run time = 5440.1420 s

Elapsed run time = 5440.3359 s

Elapsed run time = 5440.6051 s

Elapsed run time = 5440.9638 s

Elapsed run time = 5441.8211 s

Elapsed run time = 5443.2257 s

Elapsed run time = 5443.3534 s

Elapsed run time = 5443.7888 s

Elapsed run time = 5446.8161 s

Elapsed run time = 5447.3693 s

Elapsed run time = 5447.9351 s

Elapsed run time = 5448.1504 s
Simulation complete. Subtracted force: -1.907272e-02. Saved to .tmp/meep_d_0.3500_N_3_corrugated_al_85.0_Nbot_3_Phosphorene_tuned_res_40_theta_88.0_eps_2.1_L_2.00.json

Elapsed run time = 5449.0465 s
Task 203 complete at Fri Sep 11 12:17:54 PM EDT 2026.
