==================================================
SLURM ARRAY TASK ID: 44 / 224
Running on node: x1000c7s1b1n1
Start time: Thu Sep 10 03:12:16 PM EDT 2026
==================================================
Reading parameters from sweep_configs_sweet_spot/config_044.json...
Executing 3D FDTD Simulation: Alpha=70.0 deg, Theta=92.0 deg, d=0.1 um, L=2.0 um, Res=40...

Elapsed run time = 0.0320 s

Elapsed run time = 0.0319 s

Elapsed run time = 0.0318 s

Elapsed run time = 0.0319 s

Elapsed run time = 0.0318 s

Elapsed run time = 0.0319 s

Elapsed run time = 0.0319 s

Elapsed run time = 0.0318 s

Elapsed run time = 0.0318 s

Elapsed run time = 0.0318 s

Elapsed run time = 0.0316 s

Elapsed run time = 0.0319 s

Elapsed run time = 0.0319 s

Elapsed run time = 0.0319 s

Elapsed run time = 0.0318 s

Elapsed run time = 0.0318 s

Elapsed run time = 0.0315 s

Elapsed run time = 0.0321 s

Elapsed run time = 0.0324 s

Elapsed run time = 0.0321 s

Elapsed run time = 1409.2078 s

Elapsed run time = 1409.2526 s

Elapsed run time = 1443.8138 s

Elapsed run time = 1445.7158 s

Elapsed run time = 2058.8714 s

Elapsed run time = 2059.1110 s

Elapsed run time = 2059.3044 s

Elapsed run time = 2070.7251 s

Elapsed run time = 2074.4269 s

Elapsed run time = 2077.1182 s

Elapsed run time = 2088.5579 s

Elapsed run time = 2089.7220 s
Starting simulation: d=0.1 um, N_top=3, N_bottom=3, material=Phosphorene_tuned, resolution=40, nmax=3, theta=92.0, eps_bg=2.1, config=all, stepped_sieve=False, corrugated=True
Parallel configuration: 128 processes running 108 parallel moment partitions.
  [BOTH][Rank 0] Done moment 1/1 (task 0): force_integral=-8.987753e-03

Elapsed run time = 4836.0642 s

Elapsed run time = 4870.4671 s

Elapsed run time = 4877.9447 s

Elapsed run time = 4880.8596 s

Elapsed run time = 4886.9322 s

Elapsed run time = 4896.3768 s

Elapsed run time = 4898.4858 s

Elapsed run time = 4905.1916 s

Elapsed run time = 4905.6994 s

Elapsed run time = 4906.9968 s

Elapsed run time = 4907.0938 s

Elapsed run time = 4907.5090 s

Elapsed run time = 4907.6763 s

Elapsed run time = 4909.0810 s

Elapsed run time = 4910.7735 s

Elapsed run time = 4911.9331 s

Elapsed run time = 4913.0337 s

Elapsed run time = 4914.7337 s

Elapsed run time = 4916.2671 s

Elapsed run time = 4916.4878 s

Elapsed run time = 4917.0771 s

Elapsed run time = 4919.4983 s

Elapsed run time = 4920.0870 s

Elapsed run time = 4921.2099 s

Elapsed run time = 4923.0210 s

Elapsed run time = 4923.8457 s

Elapsed run time = 4924.2503 s

Elapsed run time = 4924.5223 s

Elapsed run time = 4925.2073 s

Elapsed run time = 4925.8877 s

Elapsed run time = 4926.0425 s

Elapsed run time = 4926.7244 s

Elapsed run time = 4928.6077 s

Elapsed run time = 4929.8545 s

Elapsed run time = 4930.1508 s

Elapsed run time = 4930.4306 s

Elapsed run time = 4930.4652 s

Elapsed run time = 4930.5532 s

Elapsed run time = 4930.7879 s

Elapsed run time = 4932.8268 s

Elapsed run time = 4933.0166 s

Elapsed run time = 4933.9871 s

Elapsed run time = 4935.6832 s
  [SELF][Rank 0] Done moment 1/1 (task 0): force_integral=-1.955710e-03

Elapsed run time = 4936.2292 s

Elapsed run time = 4936.9004 s

Elapsed run time = 4937.7255 s

Elapsed run time = 4938.0923 s

Elapsed run time = 4938.4286 s

Elapsed run time = 4939.1848 s

Elapsed run time = 4939.2228 s

Elapsed run time = 4940.6467 s

Elapsed run time = 4941.6427 s

Elapsed run time = 4941.9711 s

Elapsed run time = 4942.9530 s

Elapsed run time = 4942.9598 s

Elapsed run time = 4942.9671 s

Elapsed run time = 4944.0146 s

Elapsed run time = 4945.3052 s

Elapsed run time = 4945.7845 s

Elapsed run time = 4946.6854 s

Elapsed run time = 4946.8220 s

Elapsed run time = 4948.3345 s

Elapsed run time = 4949.1028 s

Elapsed run time = 4949.5416 s

Elapsed run time = 4951.1966 s

Elapsed run time = 4951.3079 s

Elapsed run time = 4952.2532 s

Elapsed run time = 4956.9995 s

Elapsed run time = 4957.0112 s

Elapsed run time = 4957.1104 s

Elapsed run time = 4958.4057 s

Elapsed run time = 4958.4103 s

Elapsed run time = 4958.5360 s

Elapsed run time = 4959.1801 s

Elapsed run time = 4959.7824 s

Elapsed run time = 4959.8818 s

Elapsed run time = 4961.0382 s

Elapsed run time = 4961.8412 s

Elapsed run time = 4962.2098 s

Elapsed run time = 4962.9879 s

Elapsed run time = 4963.1765 s

Elapsed run time = 4963.9042 s

Elapsed run time = 4964.7211 s

Elapsed run time = 4965.0743 s

Elapsed run time = 4965.5877 s

Elapsed run time = 4965.8042 s

Elapsed run time = 4965.8565 s

Elapsed run time = 4968.6366 s

Elapsed run time = 4968.8676 s

Elapsed run time = 4969.0927 s

Elapsed run time = 4969.1911 s

Elapsed run time = 4969.2506 s

Elapsed run time = 4969.4773 s

Elapsed run time = 4970.6073 s

Elapsed run time = 4972.5812 s
Simulation complete. Subtracted force: 5.072721e-01. Saved to .tmp/meep_d_0.1000_N_3_corrugated_Nbot_3_Phosphorene_tuned_res_40_theta_92.0_eps_2.1_L_2.00.json

Elapsed run time = 4973.1976 s
Task 44 complete at Thu Sep 10 04:35:55 PM EDT 2026.
