==================================================
SLURM ARRAY TASK ID: 87 / 224
Running on node: x1002c6s4b1n0
Start time: Thu Sep 10 06:54:19 PM EDT 2026
==================================================
Reading parameters from sweep_configs_sweet_spot/config_087.json...
Executing 3D FDTD Simulation: Alpha=75.0 deg, Theta=88.0 deg, d=0.15 um, L=2.0 um, Res=40...

Elapsed run time = 0.0308 s

Elapsed run time = 0.0326 s

Elapsed run time = 0.0179 s

Elapsed run time = 0.0299 s

Elapsed run time = 0.0301 s

Elapsed run time = 0.0254 s

Elapsed run time = 0.0328 s

Elapsed run time = 0.0327 s

Elapsed run time = 0.0219 s

Elapsed run time = 0.0224 s

Elapsed run time = 0.0217 s

Elapsed run time = 0.0276 s

Elapsed run time = 0.0255 s

Elapsed run time = 0.0325 s

Elapsed run time = 0.0326 s
Starting simulation: d=0.15 um, N_top=3, N_bottom=3, material=Phosphorene_tuned, resolution=40, nmax=3, theta=88.0, eps_bg=2.1, config=all, stepped_sieve=False, corrugated=True
Parallel configuration: 128 processes running 108 parallel moment partitions.
Task already complete! Found cached result in .tmp/meep_d_0.1500_N_3_corrugated_Nbot_3_Phosphorene_tuned_res_40_theta_88.0_eps_2.1_L_2.00.json (F_sub=-3.224742e-01). Skipping.

Elapsed run time = 0.0287 s

Elapsed run time = 0.0329 s

Elapsed run time = 0.0263 s

Elapsed run time = 0.0251 s

Elapsed run time = 0.0329 s

Elapsed run time = 0.0231 s

Elapsed run time = 0.0251 s

Elapsed run time = 0.0330 s

Elapsed run time = 0.0250 s

Elapsed run time = 0.0252 s

Elapsed run time = 0.0318 s

Elapsed run time = 0.0314 s

Elapsed run time = 0.0263 s

Elapsed run time = 0.0288 s

Elapsed run time = 0.0271 s

Elapsed run time = 0.0306 s

Elapsed run time = 0.0248 s

Elapsed run time = 0.0258 s

Elapsed run time = 0.0245 s

Elapsed run time = 0.0215 s

Elapsed run time = 0.0324 s

Elapsed run time = 0.0246 s

Elapsed run time = 0.0223 s

Elapsed run time = 0.0284 s

Elapsed run time = 0.0303 s

Elapsed run time = 0.0294 s

Elapsed run time = 0.0319 s

Elapsed run time = 0.0154 s

Elapsed run time = 0.0317 s

Elapsed run time = 0.0319 s

Elapsed run time = 0.0281 s

Elapsed run time = 0.0282 s

Elapsed run time = 0.0280 s

Elapsed run time = 0.0260 s

Elapsed run time = 0.0311 s

Elapsed run time = 0.0265 s

Elapsed run time = 0.0220 s

Elapsed run time = 0.0263 s

Elapsed run time = 0.0201 s

Elapsed run time = 0.0149 s

Elapsed run time = 0.0213 s

Elapsed run time = 0.0238 s

Elapsed run time = 0.0235 s

Elapsed run time = 0.0239 s

Elapsed run time = 0.0242 s

Elapsed run time = 0.0238 s

Elapsed run time = 0.0304 s

Elapsed run time = 0.0315 s

Elapsed run time = 0.0314 s

Elapsed run time = 0.0292 s

Elapsed run time = 0.0315 s

Elapsed run time = 0.0270 s

Elapsed run time = 0.0316 s

Elapsed run time = 0.0257 s

Elapsed run time = 0.0299 s

Elapsed run time = 0.0330 s

Elapsed run time = 0.0298 s

Elapsed run time = 0.0330 s

Elapsed run time = 0.0297 s

Elapsed run time = 0.0285 s

Elapsed run time = 0.0316 s

Elapsed run time = 0.0260 s

Elapsed run time = 0.0319 s

Elapsed run time = 0.0331 s

Elapsed run time = 0.0332 s

Elapsed run time = 0.0330 s

Elapsed run time = 0.0325 s

Elapsed run time = 0.0321 s

Elapsed run time = 0.0295 s

Elapsed run time = 0.0319 s

Elapsed run time = 0.0319 s

Elapsed run time = 0.0318 s

Elapsed run time = 0.0324 s

Elapsed run time = 0.0331 s

Elapsed run time = 0.0206 s

Elapsed run time = 0.0200 s

Elapsed run time = 0.0333 s

Elapsed run time = 0.0332 s

Elapsed run time = 0.0147 s

Elapsed run time = 0.0330 s

Elapsed run time = 0.0134 s

Elapsed run time = 0.0198 s

Elapsed run time = 0.0320 s

Elapsed run time = 0.0219 s

Elapsed run time = 0.0323 s

Elapsed run time = 0.0132 s

Elapsed run time = 0.0235 s

Elapsed run time = 0.0227 s

Elapsed run time = 0.0232 s

Elapsed run time = 0.0227 s

Elapsed run time = 0.0138 s

Elapsed run time = 0.0181 s

Elapsed run time = 0.0321 s

Elapsed run time = 0.0161 s

Elapsed run time = 0.0069 s

Elapsed run time = 0.0077 s

Elapsed run time = 0.0163 s

Elapsed run time = 0.0162 s

Elapsed run time = 0.0320 s

Elapsed run time = 0.0158 s

Elapsed run time = 0.0304 s

Elapsed run time = 0.0220 s

Elapsed run time = 0.0199 s

Elapsed run time = 0.0157 s

Elapsed run time = 0.0217 s

Elapsed run time = 0.0150 s

Elapsed run time = 0.0137 s

Elapsed run time = 0.0193 s

Elapsed run time = 0.0306 s

Elapsed run time = 0.0339 s

Elapsed run time = 0.0244 s

Elapsed run time = 0.0317 s

Elapsed run time = 0.0331 s
Task 87 complete at Thu Sep 10 06:54:25 PM EDT 2026.
