==================================================
SLURM ARRAY TASK ID: 144 / 224
Running on node: x1000c7s5b1n0
Start time: Thu Sep 10 08:17:46 PM EDT 2026
==================================================
Reading parameters from sweep_configs_sweet_spot/config_144.json...
Executing 3D FDTD Simulation: Alpha=80.0 deg, Theta=88.0 deg, d=0.2 um, L=2.0 um, Res=40...

Elapsed run time = 0.0515 s

Elapsed run time = 0.0499 s

Elapsed run time = 0.0499 s

Elapsed run time = 0.0517 s

Elapsed run time = 0.0462 s

Elapsed run time = 0.0427 s

Elapsed run time = 0.0442 s

Elapsed run time = 0.0436 s

Elapsed run time = 0.0457 s

Elapsed run time = 0.0418 s

Elapsed run time = 0.0466 s

Elapsed run time = 0.0413 s

Elapsed run time = 0.0464 s

Elapsed run time = 0.0504 s

Elapsed run time = 0.0394 s

Elapsed run time = 0.0505 s
Starting simulation: d=0.2 um, N_top=3, N_bottom=3, material=Phosphorene_tuned, resolution=40, nmax=3, theta=88.0, eps_bg=2.1, config=all, stepped_sieve=False, corrugated=True
Parallel configuration: 128 processes running 108 parallel moment partitions.
Task already complete! Found cached result in .tmp/meep_d_0.2000_N_3_corrugated_Nbot_3_Phosphorene_tuned_res_40_theta_88.0_eps_2.1_L_2.00.json (F_sub=-1.399856e-01). Skipping.

Elapsed run time = 0.0346 s

Elapsed run time = 0.0276 s

Elapsed run time = 0.0208 s

Elapsed run time = 0.0421 s

Elapsed run time = 0.0419 s

Elapsed run time = 0.0085 s

Elapsed run time = 0.0382 s

Elapsed run time = 0.0412 s

Elapsed run time = 0.0392 s

Elapsed run time = 0.0261 s

Elapsed run time = 0.0434 s

Elapsed run time = 0.0063 s

Elapsed run time = 0.0432 s

Elapsed run time = 0.0414 s

Elapsed run time = 0.0345 s

Elapsed run time = 0.0390 s

Elapsed run time = 0.0411 s

Elapsed run time = 0.0399 s

Elapsed run time = 0.0360 s

Elapsed run time = 0.0324 s

Elapsed run time = 0.0359 s

Elapsed run time = 0.0065 s

Elapsed run time = 0.0252 s

Elapsed run time = 0.0323 s

Elapsed run time = 0.0313 s

Elapsed run time = 0.0386 s

Elapsed run time = 0.0459 s

Elapsed run time = 0.0132 s

Elapsed run time = 0.0406 s

Elapsed run time = 0.0229 s

Elapsed run time = 0.0266 s

Elapsed run time = 0.0278 s

Elapsed run time = 0.0162 s

Elapsed run time = 0.0165 s

Elapsed run time = 0.0164 s

Elapsed run time = 0.0354 s

Elapsed run time = 0.0347 s

Elapsed run time = 0.0182 s

Elapsed run time = 0.0334 s

Elapsed run time = 0.0222 s

Elapsed run time = 0.0222 s

Elapsed run time = 0.0217 s

Elapsed run time = 0.0222 s

Elapsed run time = 0.0097 s

Elapsed run time = 0.0157 s

Elapsed run time = 0.0137 s

Elapsed run time = 0.0111 s

Elapsed run time = 0.0110 s

Elapsed run time = 0.0038 s

Elapsed run time = 0.0341 s

Elapsed run time = 0.0040 s

Elapsed run time = 0.0221 s

Elapsed run time = 0.0039 s

Elapsed run time = 0.0159 s

Elapsed run time = 0.0086 s

Elapsed run time = 0.0322 s

Elapsed run time = 0.0040 s

Elapsed run time = 0.0321 s

Elapsed run time = 0.0054 s

Elapsed run time = 0.0525 s

Elapsed run time = 0.0203 s

Elapsed run time = 0.0277 s

Elapsed run time = 0.0271 s

Elapsed run time = 0.0065 s

Elapsed run time = 0.0048 s

Elapsed run time = 0.0322 s

Elapsed run time = 0.0065 s

Elapsed run time = 0.0273 s

Elapsed run time = 0.0088 s

Elapsed run time = 0.0231 s

Elapsed run time = 0.0275 s

Elapsed run time = 0.0133 s

Elapsed run time = 0.0240 s

Elapsed run time = 0.0128 s

Elapsed run time = 0.0218 s

Elapsed run time = 0.0138 s

Elapsed run time = 0.0242 s

Elapsed run time = 0.0132 s

Elapsed run time = 0.0146 s

Elapsed run time = 0.0133 s

Elapsed run time = 0.0268 s

Elapsed run time = 0.0114 s

Elapsed run time = 0.0149 s

Elapsed run time = 0.0115 s

Elapsed run time = 0.0155 s

Elapsed run time = 0.0109 s

Elapsed run time = 0.0137 s

Elapsed run time = 0.0113 s

Elapsed run time = 0.0150 s

Elapsed run time = 0.0107 s

Elapsed run time = 0.0217 s

Elapsed run time = 0.0300 s

Elapsed run time = 0.0160 s

Elapsed run time = 0.0250 s

Elapsed run time = 0.0047 s

Elapsed run time = 0.0044 s

Elapsed run time = 0.0050 s

Elapsed run time = 0.0043 s

Elapsed run time = 0.0039 s

Elapsed run time = 0.0040 s

Elapsed run time = 0.0045 s

Elapsed run time = 0.0045 s

Elapsed run time = 0.0047 s

Elapsed run time = 0.0050 s

Elapsed run time = 0.0055 s

Elapsed run time = 0.0050 s

Elapsed run time = 0.0045 s

Elapsed run time = 0.0061 s

Elapsed run time = 0.0054 s

Elapsed run time = 0.0055 s

Elapsed run time = 0.0055 s

Elapsed run time = 0.0066 s
Task 144 complete at Thu Sep 10 08:17:51 PM EDT 2026.
