==================================================
SLURM ARRAY TASK ID: 95 / 224
Running on node: x1002c6s4b1n1
Start time: Thu Sep 10 07:43:24 PM EDT 2026
==================================================
Reading parameters from sweep_configs_sweet_spot/config_095.json...
Executing 3D FDTD Simulation: Alpha=75.0 deg, Theta=90.0 deg, d=0.2 um, L=2.0 um, Res=40...

Elapsed run time = 0.0255 s

Elapsed run time = 0.0236 s

Elapsed run time = 0.0218 s

Elapsed run time = 0.0238 s

Elapsed run time = 0.0248 s

Elapsed run time = 0.0353 s

Elapsed run time = 0.0312 s

Elapsed run time = 0.0333 s

Elapsed run time = 0.0263 s

Elapsed run time = 0.0248 s

Elapsed run time = 0.0458 s

Elapsed run time = 0.0455 s

Elapsed run time = 0.0257 s

Elapsed run time = 0.0267 s

Elapsed run time = 0.0362 s

Elapsed run time = 0.0418 s

Elapsed run time = 0.0399 s

Elapsed run time = 0.0373 s

Elapsed run time = 0.0364 s

Elapsed run time = 0.0191 s

Elapsed run time = 0.0282 s

Elapsed run time = 0.0269 s

Elapsed run time = 0.0396 s

Elapsed run time = 0.0449 s

Elapsed run time = 0.0156 s

Elapsed run time = 0.0111 s

Elapsed run time = 0.0046 s

Elapsed run time = 0.0182 s

Elapsed run time = 0.0057 s

Elapsed run time = 0.0186 s

Elapsed run time = 0.0418 s

Elapsed run time = 0.0148 s

Elapsed run time = 0.0143 s

Elapsed run time = 0.0149 s

Elapsed run time = 0.0149 s

Elapsed run time = 0.0116 s

Elapsed run time = 0.0150 s

Elapsed run time = 0.0302 s

Elapsed run time = 0.0413 s

Elapsed run time = 0.0426 s

Elapsed run time = 0.0218 s

Elapsed run time = 0.0343 s

Elapsed run time = 0.0417 s

Elapsed run time = 0.0122 s

Elapsed run time = 0.0419 s

Elapsed run time = 0.0044 s

Elapsed run time = 0.0175 s

Elapsed run time = 0.0061 s

Elapsed run time = 0.0272 s

Elapsed run time = 0.0081 s

Elapsed run time = 0.0396 s

Elapsed run time = 0.0063 s

Elapsed run time = 0.0128 s

Elapsed run time = 0.0070 s

Elapsed run time = 0.0431 s

Elapsed run time = 0.0423 s

Elapsed run time = 0.0088 s

Elapsed run time = 0.0211 s

Elapsed run time = 0.0092 s

Elapsed run time = 0.0350 s

Elapsed run time = 0.0264 s

Elapsed run time = 0.0444 s

Elapsed run time = 0.0066 s

Elapsed run time = 0.0197 s

Elapsed run time = 0.0094 s

Elapsed run time = 0.0219 s

Elapsed run time = 0.0081 s

Elapsed run time = 0.0199 s

Elapsed run time = 0.0063 s

Elapsed run time = 0.0158 s

Elapsed run time = 0.0037 s

Elapsed run time = 0.0136 s

Elapsed run time = 0.0314 s

Elapsed run time = 0.0195 s

Elapsed run time = 0.0138 s

Elapsed run time = 0.0142 s

Elapsed run time = 0.0044 s

Elapsed run time = 0.0064 s

Elapsed run time = 0.0150 s

Elapsed run time = 0.0043 s

Elapsed run time = 0.0050 s

Elapsed run time = 0.0079 s

Elapsed run time = 0.0172 s

Elapsed run time = 0.0150 s

Elapsed run time = 0.0303 s

Elapsed run time = 0.0105 s

Elapsed run time = 0.0466 s

Elapsed run time = 0.0073 s

Elapsed run time = 0.0344 s

Elapsed run time = 0.0145 s

Elapsed run time = 0.0121 s

Elapsed run time = 0.0151 s

Elapsed run time = 0.0176 s

Elapsed run time = 0.0206 s

Elapsed run time = 0.0336 s

Elapsed run time = 0.0100 s

Elapsed run time = 0.0130 s

Elapsed run time = 0.0080 s

Elapsed run time = 0.0207 s

Elapsed run time = 0.0083 s

Elapsed run time = 0.0212 s

Elapsed run time = 0.0078 s

Elapsed run time = 0.0084 s

Elapsed run time = 0.0118 s

Elapsed run time = 0.0151 s

Elapsed run time = 0.0299 s

Elapsed run time = 0.0139 s

Elapsed run time = 0.0136 s

Elapsed run time = 0.0103 s

Elapsed run time = 0.0102 s

Elapsed run time = 0.0102 s

Elapsed run time = 0.0120 s

Elapsed run time = 0.0116 s

Elapsed run time = 0.0183 s

Elapsed run time = 0.0053 s

Elapsed run time = 0.0043 s

Elapsed run time = 0.0048 s

Elapsed run time = 0.0052 s

Elapsed run time = 0.0051 s

Elapsed run time = 0.0047 s

Elapsed run time = 0.0056 s

Elapsed run time = 0.0053 s

Elapsed run time = 0.0051 s

Elapsed run time = 0.0040 s

Elapsed run time = 0.0042 s

Elapsed run time = 0.0048 s
Starting simulation: d=0.2 um, N_top=3, N_bottom=3, material=Phosphorene_tuned, resolution=40, nmax=3, theta=90.0, eps_bg=2.1, config=all, stepped_sieve=False, corrugated=True
Parallel configuration: 128 processes running 108 parallel moment partitions.
Task already complete! Found cached result in .tmp/meep_d_0.2000_N_3_corrugated_Nbot_3_Phosphorene_tuned_res_40_theta_90.0_eps_2.1_L_2.00.json (F_sub=-1.403595e-01). Skipping.

Elapsed run time = 0.0044 s

Elapsed run time = 0.0047 s
Task 95 complete at Thu Sep 10 07:43:29 PM EDT 2026.
