==================================================
SLURM ARRAY TASK ID: 146 / 224
Running on node: x1002c3s4b0n0
Start time: Fri Sep 11 07:52:35 AM EDT 2026
==================================================
Reading parameters from sweep_configs_sweet_spot/config_146.json...
Executing 3D FDTD Simulation: Alpha=80.0 deg, Theta=88.0 deg, d=0.3 um, L=2.0 um, Res=40...
Starting simulation: d=0.3 um, N_top=3, N_bottom=3, material=Phosphorene_tuned, resolution=40, nmax=3, theta=88.0, eps_bg=2.1, config=all, stepped_sieve=False, corrugated=True
Parallel configuration: 128 processes running 108 parallel moment partitions.

Elapsed run time = 0.0716 s

Elapsed run time = 0.0725 s

Elapsed run time = 0.0734 s

Elapsed run time = 0.0743 s

Elapsed run time = 0.0756 s

Elapsed run time = 0.0761 s

Elapsed run time = 0.0771 s

Elapsed run time = 0.0779 s

Elapsed run time = 0.0820 s

Elapsed run time = 0.0837 s

Elapsed run time = 0.1024 s

Elapsed run time = 0.1028 s

Elapsed run time = 0.1047 s

Elapsed run time = 0.1054 s

Elapsed run time = 0.1067 s

Elapsed run time = 0.1068 s

Elapsed run time = 0.1071 s

Elapsed run time = 0.1073 s

Elapsed run time = 0.1084 s

Elapsed run time = 0.1095 s

Elapsed run time = 1515.7207 s

Elapsed run time = 1516.3389 s

Elapsed run time = 1545.3922 s

Elapsed run time = 1550.0821 s

Elapsed run time = 2198.3393 s

Elapsed run time = 2201.0227 s

Elapsed run time = 2216.3061 s

Elapsed run time = 2217.7154 s

Elapsed run time = 2220.6086 s

Elapsed run time = 2231.6904 s

Elapsed run time = 2237.2394 s

Elapsed run time = 2247.8098 s
  [BOTH][Rank 0] Done moment 1/1 (task 0): force_integral=-1.473512e-03

Elapsed run time = 5258.4969 s

Elapsed run time = 5270.5599 s

Elapsed run time = 5274.6530 s

Elapsed run time = 5275.3646 s

Elapsed run time = 5276.1977 s

Elapsed run time = 5283.6435 s

Elapsed run time = 5284.7236 s

Elapsed run time = 5285.0862 s

Elapsed run time = 5286.2868 s

Elapsed run time = 5290.5662 s

Elapsed run time = 5291.5754 s

Elapsed run time = 5292.5308 s

Elapsed run time = 5293.5659 s

Elapsed run time = 5294.2075 s

Elapsed run time = 5294.7095 s

Elapsed run time = 5294.8042 s

Elapsed run time = 5294.8178 s

Elapsed run time = 5295.5731 s

Elapsed run time = 5297.6826 s

Elapsed run time = 5298.1831 s

Elapsed run time = 5298.2251 s

Elapsed run time = 5298.8519 s

Elapsed run time = 5299.3480 s

Elapsed run time = 5300.0217 s

Elapsed run time = 5300.5978 s

Elapsed run time = 5303.6387 s

Elapsed run time = 5304.6110 s

Elapsed run time = 5304.7662 s

Elapsed run time = 5304.9882 s

Elapsed run time = 5305.2537 s

Elapsed run time = 5305.3879 s

Elapsed run time = 5305.7620 s

Elapsed run time = 5306.3355 s

Elapsed run time = 5306.7873 s

Elapsed run time = 5307.6137 s

Elapsed run time = 5308.2177 s

Elapsed run time = 5309.0134 s

Elapsed run time = 5310.8942 s

Elapsed run time = 5312.8815 s

Elapsed run time = 5313.7673 s

Elapsed run time = 5314.8409 s

Elapsed run time = 5314.9817 s
  [SELF][Rank 0] Done moment 1/1 (task 0): force_integral=-1.450431e-04

Elapsed run time = 5315.3493 s

Elapsed run time = 5315.3815 s

Elapsed run time = 5316.1071 s

Elapsed run time = 5318.2144 s

Elapsed run time = 5318.2612 s

Elapsed run time = 5318.6940 s

Elapsed run time = 5318.8693 s

Elapsed run time = 5320.2770 s

Elapsed run time = 5321.9616 s

Elapsed run time = 5322.3492 s

Elapsed run time = 5322.7979 s

Elapsed run time = 5323.1292 s

Elapsed run time = 5323.6040 s

Elapsed run time = 5325.2534 s

Elapsed run time = 5326.4362 s

Elapsed run time = 5327.2072 s

Elapsed run time = 5327.9443 s

Elapsed run time = 5328.8417 s

Elapsed run time = 5329.5409 s

Elapsed run time = 5329.6158 s

Elapsed run time = 5330.7823 s

Elapsed run time = 5331.3452 s

Elapsed run time = 5331.7808 s

Elapsed run time = 5332.1614 s

Elapsed run time = 5332.4373 s

Elapsed run time = 5332.5615 s

Elapsed run time = 5333.6540 s

Elapsed run time = 5334.0995 s

Elapsed run time = 5334.3384 s

Elapsed run time = 5337.1411 s

Elapsed run time = 5337.8183 s

Elapsed run time = 5337.9311 s

Elapsed run time = 5341.1193 s

Elapsed run time = 5341.3944 s

Elapsed run time = 5341.7186 s

Elapsed run time = 5342.0358 s

Elapsed run time = 5342.0651 s

Elapsed run time = 5342.4960 s

Elapsed run time = 5342.9828 s

Elapsed run time = 5343.4361 s

Elapsed run time = 5343.9047 s

Elapsed run time = 5344.0241 s

Elapsed run time = 5344.3948 s

Elapsed run time = 5344.5004 s

Elapsed run time = 5344.5083 s

Elapsed run time = 5344.6020 s

Elapsed run time = 5346.7845 s

Elapsed run time = 5347.7406 s

Elapsed run time = 5352.6795 s

Elapsed run time = 5354.6338 s

Elapsed run time = 5357.8608 s

Elapsed run time = 5358.2795 s

Elapsed run time = 5358.8991 s
Simulation complete. Subtracted force: -4.364616e-02. Saved to .tmp/meep_d_0.3000_N_3_corrugated_al_80.0_Nbot_3_Phosphorene_tuned_res_40_theta_88.0_eps_2.1_L_2.00.json

Elapsed run time = 5363.0270 s
Task 146 complete at Fri Sep 11 09:22:04 AM EDT 2026.
