==================================================
SLURM ARRAY TASK ID: 46 / 224
Running on node: x1000c3s7b0n1
Start time: Thu Sep 10 03:35:04 PM EDT 2026
==================================================
Reading parameters from sweep_configs_sweet_spot/config_046.json...
Executing 3D FDTD Simulation: Alpha=70.0 deg, Theta=92.0 deg, d=0.2 um, L=2.0 um, Res=40...

Elapsed run time = 0.0255 s

Elapsed run time = 0.0294 s

Elapsed run time = 0.0315 s

Elapsed run time = 0.0347 s

Elapsed run time = 0.0376 s

Elapsed run time = 0.0380 s

Elapsed run time = 0.0393 s

Elapsed run time = 0.0418 s

Elapsed run time = 0.0425 s

Elapsed run time = 0.0450 s

Elapsed run time = 0.0504 s

Elapsed run time = 0.0518 s

Elapsed run time = 0.0524 s

Elapsed run time = 0.0529 s

Elapsed run time = 0.0537 s

Elapsed run time = 0.0542 s

Elapsed run time = 0.0582 s

Elapsed run time = 0.0594 s

Elapsed run time = 0.0602 s

Elapsed run time = 0.0615 s

Elapsed run time = 1461.9790 s

Elapsed run time = 1470.0201 s

Elapsed run time = 1492.5690 s

Elapsed run time = 1499.5604 s

Elapsed run time = 2127.1963 s

Elapsed run time = 2129.1695 s

Elapsed run time = 2129.3531 s

Elapsed run time = 2130.0288 s

Elapsed run time = 2147.3182 s

Elapsed run time = 2151.6173 s

Elapsed run time = 2158.4676 s

Elapsed run time = 2165.9312 s
Starting simulation: d=0.2 um, N_top=3, N_bottom=3, material=Phosphorene_tuned, resolution=40, nmax=3, theta=92.0, eps_bg=2.1, config=all, stepped_sieve=False, corrugated=True
Parallel configuration: 128 processes running 108 parallel moment partitions.
  [BOTH][Rank 0] Done moment 1/1 (task 0): force_integral=-5.576977e-03

Elapsed run time = 5057.5965 s

Elapsed run time = 5060.8123 s

Elapsed run time = 5066.6468 s

Elapsed run time = 5076.7955 s

Elapsed run time = 5088.5083 s

Elapsed run time = 5089.9992 s

Elapsed run time = 5090.5784 s

Elapsed run time = 5096.3385 s

Elapsed run time = 5096.8659 s

Elapsed run time = 5097.6937 s

Elapsed run time = 5097.9036 s

Elapsed run time = 5099.7231 s

Elapsed run time = 5099.8745 s

Elapsed run time = 5100.8839 s

Elapsed run time = 5100.9226 s

Elapsed run time = 5101.1289 s

Elapsed run time = 5101.6368 s

Elapsed run time = 5102.9138 s

Elapsed run time = 5103.2107 s

Elapsed run time = 5104.0076 s

Elapsed run time = 5104.2351 s

Elapsed run time = 5104.4092 s

Elapsed run time = 5106.1922 s

Elapsed run time = 5106.2553 s

Elapsed run time = 5107.3692 s

Elapsed run time = 5108.1527 s

Elapsed run time = 5108.7553 s

Elapsed run time = 5109.7803 s

Elapsed run time = 5109.9342 s

Elapsed run time = 5113.2456 s

Elapsed run time = 5114.1774 s

Elapsed run time = 5114.4144 s

Elapsed run time = 5116.0221 s

Elapsed run time = 5116.2685 s

Elapsed run time = 5117.1438 s

Elapsed run time = 5117.9965 s

Elapsed run time = 5118.0446 s

Elapsed run time = 5118.3306 s

Elapsed run time = 5120.1260 s

Elapsed run time = 5120.2643 s

Elapsed run time = 5120.8914 s

Elapsed run time = 5120.9768 s

Elapsed run time = 5122.0295 s

Elapsed run time = 5122.3394 s

Elapsed run time = 5124.8388 s

Elapsed run time = 5126.0264 s

Elapsed run time = 5126.5092 s

Elapsed run time = 5126.5535 s

Elapsed run time = 5127.0936 s

Elapsed run time = 5127.1840 s

Elapsed run time = 5130.6587 s

Elapsed run time = 5131.0002 s

Elapsed run time = 5131.0629 s

Elapsed run time = 5131.1833 s

Elapsed run time = 5131.6603 s

Elapsed run time = 5133.4160 s

Elapsed run time = 5134.1816 s

Elapsed run time = 5135.6639 s

Elapsed run time = 5136.2667 s

Elapsed run time = 5136.8455 s

Elapsed run time = 5137.2577 s

Elapsed run time = 5137.5951 s

Elapsed run time = 5138.3251 s
  [SELF][Rank 0] Done moment 1/1 (task 0): force_integral=-2.457791e-03

Elapsed run time = 5139.9153 s

Elapsed run time = 5140.6332 s

Elapsed run time = 5142.7339 s

Elapsed run time = 5142.7695 s

Elapsed run time = 5142.9773 s

Elapsed run time = 5143.8660 s

Elapsed run time = 5144.8951 s

Elapsed run time = 5146.2810 s

Elapsed run time = 5147.1731 s

Elapsed run time = 5147.7969 s

Elapsed run time = 5148.1804 s

Elapsed run time = 5148.4789 s

Elapsed run time = 5148.6008 s

Elapsed run time = 5149.3379 s

Elapsed run time = 5149.6377 s

Elapsed run time = 5149.8957 s

Elapsed run time = 5150.2193 s

Elapsed run time = 5151.1401 s

Elapsed run time = 5151.6050 s

Elapsed run time = 5151.8934 s

Elapsed run time = 5153.5644 s

Elapsed run time = 5156.1459 s

Elapsed run time = 5157.2300 s

Elapsed run time = 5157.6123 s

Elapsed run time = 5160.5646 s

Elapsed run time = 5161.0569 s

Elapsed run time = 5161.1246 s

Elapsed run time = 5161.5160 s

Elapsed run time = 5162.7496 s

Elapsed run time = 5167.8020 s

Elapsed run time = 5168.2681 s

Elapsed run time = 5168.4209 s
Simulation complete. Subtracted force: -1.399856e-01. Saved to .tmp/meep_d_0.2000_N_3_corrugated_Nbot_3_Phosphorene_tuned_res_40_theta_92.0_eps_2.1_L_2.00.json

Elapsed run time = 5171.4926 s
Task 46 complete at Thu Sep 10 05:02:09 PM EDT 2026.
