==================================================
SLURM ARRAY TASK ID: 174 / 224
Running on node: x1002c3s1b0n0
Start time: Fri Sep 11 09:03:44 AM EDT 2026
==================================================
Reading parameters from sweep_configs_sweet_spot/config_174.json...
Executing 3D FDTD Simulation: Alpha=85.0 deg, Theta=80.0 deg, d=0.3 um, L=2.0 um, Res=40...

Elapsed run time = 0.0323 s

Elapsed run time = 0.0385 s

Elapsed run time = 0.0385 s

Elapsed run time = 0.0414 s

Elapsed run time = 0.0397 s

Elapsed run time = 0.0427 s

Elapsed run time = 0.0445 s

Elapsed run time = 0.0464 s

Elapsed run time = 0.0475 s

Elapsed run time = 0.0460 s

Elapsed run time = 0.0519 s

Elapsed run time = 0.0585 s

Elapsed run time = 0.0597 s

Elapsed run time = 0.0603 s

Elapsed run time = 0.0607 s

Elapsed run time = 0.0608 s

Elapsed run time = 0.0539 s

Elapsed run time = 0.0568 s

Elapsed run time = 0.0580 s

Elapsed run time = 0.0601 s
Starting simulation: d=0.3 um, N_top=3, N_bottom=3, material=Phosphorene_tuned, resolution=40, nmax=3, theta=80.0, eps_bg=2.1, config=all, stepped_sieve=False, corrugated=True
Parallel configuration: 128 processes running 108 parallel moment partitions.

Elapsed run time = 1579.2147 s

Elapsed run time = 1587.3852 s

Elapsed run time = 1614.3029 s

Elapsed run time = 1615.0903 s

Elapsed run time = 2298.3438 s

Elapsed run time = 2298.4869 s

Elapsed run time = 2298.7698 s

Elapsed run time = 2302.3581 s

Elapsed run time = 2321.7636 s

Elapsed run time = 2326.3014 s

Elapsed run time = 2333.9047 s

Elapsed run time = 2337.6543 s
  [BOTH][Rank 0] Done moment 1/1 (task 0): force_integral=-9.952935e-04

Elapsed run time = 5464.4263 s

Elapsed run time = 5484.9710 s

Elapsed run time = 5486.3944 s

Elapsed run time = 5498.1879 s

Elapsed run time = 5499.2744 s

Elapsed run time = 5500.0327 s

Elapsed run time = 5500.0971 s

Elapsed run time = 5500.9476 s

Elapsed run time = 5502.2921 s

Elapsed run time = 5504.4267 s

Elapsed run time = 5507.4143 s

Elapsed run time = 5511.0166 s

Elapsed run time = 5511.7707 s

Elapsed run time = 5512.9168 s

Elapsed run time = 5513.7125 s

Elapsed run time = 5514.9676 s

Elapsed run time = 5517.6894 s

Elapsed run time = 5517.7185 s

Elapsed run time = 5518.2154 s

Elapsed run time = 5518.3273 s

Elapsed run time = 5518.4955 s

Elapsed run time = 5519.3151 s

Elapsed run time = 5519.5361 s

Elapsed run time = 5521.2047 s

Elapsed run time = 5521.4046 s

Elapsed run time = 5522.2369 s

Elapsed run time = 5522.6968 s

Elapsed run time = 5524.8634 s

Elapsed run time = 5525.7256 s

Elapsed run time = 5526.3159 s

Elapsed run time = 5527.0059 s

Elapsed run time = 5527.3052 s

Elapsed run time = 5529.0851 s

Elapsed run time = 5529.6245 s

Elapsed run time = 5529.7621 s

Elapsed run time = 5529.7912 s

Elapsed run time = 5529.9405 s

Elapsed run time = 5529.9739 s

Elapsed run time = 5531.0401 s

Elapsed run time = 5533.2679 s

Elapsed run time = 5533.3291 s
  [SELF][Rank 0] Done moment 1/1 (task 0): force_integral=+2.566654e-04

Elapsed run time = 5534.8559 s

Elapsed run time = 5535.4405 s

Elapsed run time = 5535.8951 s

Elapsed run time = 5536.3096 s

Elapsed run time = 5536.5617 s

Elapsed run time = 5537.2066 s

Elapsed run time = 5537.3453 s

Elapsed run time = 5540.0367 s

Elapsed run time = 5540.7163 s

Elapsed run time = 5541.5835 s

Elapsed run time = 5542.1554 s

Elapsed run time = 5543.1655 s

Elapsed run time = 5546.2141 s

Elapsed run time = 5546.1705 s

Elapsed run time = 5547.6510 s

Elapsed run time = 5548.5171 s

Elapsed run time = 5553.0393 s

Elapsed run time = 5553.0808 s

Elapsed run time = 5553.5266 s

Elapsed run time = 5553.7010 s

Elapsed run time = 5553.7261 s

Elapsed run time = 5555.2244 s

Elapsed run time = 5555.2406 s

Elapsed run time = 5556.2071 s

Elapsed run time = 5556.5453 s

Elapsed run time = 5556.9610 s

Elapsed run time = 5557.1722 s

Elapsed run time = 5558.1838 s

Elapsed run time = 5559.1857 s

Elapsed run time = 5560.5001 s

Elapsed run time = 5561.2383 s

Elapsed run time = 5561.6211 s

Elapsed run time = 5561.8991 s

Elapsed run time = 5562.1675 s

Elapsed run time = 5563.3022 s

Elapsed run time = 5564.2334 s

Elapsed run time = 5564.2430 s

Elapsed run time = 5564.8098 s

Elapsed run time = 5565.3651 s

Elapsed run time = 5565.8796 s

Elapsed run time = 5566.6076 s

Elapsed run time = 5566.6562 s

Elapsed run time = 5566.7368 s

Elapsed run time = 5566.7331 s

Elapsed run time = 5567.7281 s

Elapsed run time = 5568.1315 s

Elapsed run time = 5568.3348 s

Elapsed run time = 5569.4409 s

Elapsed run time = 5570.8796 s

Elapsed run time = 5573.0838 s

Elapsed run time = 5573.4103 s

Elapsed run time = 5575.2629 s

Elapsed run time = 5576.7410 s

Elapsed run time = 5577.7040 s
Simulation complete. Subtracted force: -4.336941e-02. Saved to .tmp/meep_d_0.3000_N_3_corrugated_al_85.0_Nbot_3_Phosphorene_tuned_res_40_theta_80.0_eps_2.1_L_2.00.json

Elapsed run time = 5578.0877 s
Task 174 complete at Fri Sep 11 10:36:46 AM EDT 2026.
