==================================================
SLURM ARRAY TASK ID: 26 / 224
Running on node: x1002c6s3b1n1
Start time: Thu Sep 10 05:05:05 AM EDT 2026
==================================================
Reading parameters from sweep_configs_sweet_spot/config_026.json...
Executing 3D FDTD Simulation: Alpha=70.0 deg, Theta=86.0 deg, d=0.25 um, L=2.0 um, Res=40...

Elapsed run time = 0.0160 s

Elapsed run time = 0.0180 s

Elapsed run time = 0.0181 s

Elapsed run time = 0.0187 s

Elapsed run time = 0.0193 s

Elapsed run time = 0.0195 s

Elapsed run time = 0.0204 s

Elapsed run time = 0.0243 s

Elapsed run time = 0.0252 s

Elapsed run time = 0.0259 s

Elapsed run time = 0.0465 s

Elapsed run time = 0.0483 s

Elapsed run time = 0.0483 s

Elapsed run time = 0.0484 s

Elapsed run time = 0.0491 s

Elapsed run time = 0.0501 s

Elapsed run time = 0.0513 s

Elapsed run time = 0.0518 s

Elapsed run time = 0.0525 s

Elapsed run time = 0.0540 s

Elapsed run time = 1495.7392 s

Elapsed run time = 1498.2168 s

Elapsed run time = 1523.8937 s

Elapsed run time = 1526.0836 s

Elapsed run time = 2151.1744 s

Elapsed run time = 2168.8574 s

Elapsed run time = 2180.6910 s

Elapsed run time = 2181.6274 s

Elapsed run time = 2189.0175 s

Elapsed run time = 2200.0659 s

Elapsed run time = 2200.4819 s

Elapsed run time = 2207.6188 s
Starting simulation: d=0.25 um, N_top=3, N_bottom=3, material=Phosphorene_tuned, resolution=40, nmax=3, theta=86.0, eps_bg=2.1, config=all, stepped_sieve=False, corrugated=True
Parallel configuration: 128 processes running 108 parallel moment partitions.
  [BOTH][Rank 0] Done moment 1/1 (task 0): force_integral=-2.090263e-03

Elapsed run time = 5139.3742 s

Elapsed run time = 5148.6332 s

Elapsed run time = 5174.8004 s

Elapsed run time = 5185.3675 s

Elapsed run time = 5185.9567 s

Elapsed run time = 5186.8972 s

Elapsed run time = 5193.8288 s

Elapsed run time = 5195.3047 s

Elapsed run time = 5196.7259 s

Elapsed run time = 5196.7830 s

Elapsed run time = 5197.0743 s

Elapsed run time = 5198.8824 s

Elapsed run time = 5200.0535 s

Elapsed run time = 5200.4279 s

Elapsed run time = 5203.7015 s

Elapsed run time = 5204.1462 s

Elapsed run time = 5205.2386 s

Elapsed run time = 5206.3837 s

Elapsed run time = 5207.5384 s

Elapsed run time = 5208.0284 s

Elapsed run time = 5208.9829 s

Elapsed run time = 5209.5339 s

Elapsed run time = 5209.8063 s

Elapsed run time = 5210.1142 s

Elapsed run time = 5210.6295 s

Elapsed run time = 5211.2902 s

Elapsed run time = 5212.8063 s

Elapsed run time = 5213.0308 s

Elapsed run time = 5213.0666 s

Elapsed run time = 5215.1304 s

Elapsed run time = 5215.3032 s

Elapsed run time = 5215.6537 s
  [SELF][Rank 0] Done moment 1/1 (task 0): force_integral=-1.244308e-04

Elapsed run time = 5216.4585 s

Elapsed run time = 5220.6557 s

Elapsed run time = 5222.0213 s

Elapsed run time = 5222.6636 s

Elapsed run time = 5224.1303 s

Elapsed run time = 5224.3231 s

Elapsed run time = 5225.9281 s

Elapsed run time = 5225.9487 s

Elapsed run time = 5226.0625 s

Elapsed run time = 5226.5189 s

Elapsed run time = 5226.9737 s

Elapsed run time = 5227.6522 s

Elapsed run time = 5227.7660 s

Elapsed run time = 5228.0132 s

Elapsed run time = 5230.3942 s

Elapsed run time = 5231.3535 s

Elapsed run time = 5232.2989 s

Elapsed run time = 5233.2627 s

Elapsed run time = 5234.3116 s

Elapsed run time = 5235.0592 s

Elapsed run time = 5235.5370 s

Elapsed run time = 5236.2510 s

Elapsed run time = 5237.0367 s

Elapsed run time = 5237.1280 s

Elapsed run time = 5237.2460 s

Elapsed run time = 5237.3497 s

Elapsed run time = 5238.3391 s

Elapsed run time = 5238.5038 s

Elapsed run time = 5239.0830 s

Elapsed run time = 5239.6994 s

Elapsed run time = 5241.8410 s

Elapsed run time = 5242.7966 s

Elapsed run time = 5244.2106 s

Elapsed run time = 5244.2652 s

Elapsed run time = 5244.4521 s

Elapsed run time = 5244.8550 s

Elapsed run time = 5245.8946 s

Elapsed run time = 5246.1224 s

Elapsed run time = 5246.5372 s

Elapsed run time = 5249.6309 s

Elapsed run time = 5250.0009 s

Elapsed run time = 5250.1713 s

Elapsed run time = 5250.4939 s

Elapsed run time = 5250.7237 s

Elapsed run time = 5250.8703 s

Elapsed run time = 5250.9428 s

Elapsed run time = 5254.5646 s

Elapsed run time = 5254.7320 s

Elapsed run time = 5254.7971 s

Elapsed run time = 5255.3426 s

Elapsed run time = 5255.4311 s

Elapsed run time = 5255.4386 s

Elapsed run time = 5255.4407 s

Elapsed run time = 5255.5936 s

Elapsed run time = 5255.8172 s

Elapsed run time = 5258.6517 s

Elapsed run time = 5258.8556 s

Elapsed run time = 5261.2734 s

Elapsed run time = 5263.9082 s

Elapsed run time = 5264.4631 s

Elapsed run time = 5264.6670 s

Elapsed run time = 5264.8666 s

Elapsed run time = 5266.5434 s
Simulation complete. Subtracted force: -7.042614e-02. Saved to .tmp/meep_d_0.2500_N_3_corrugated_Nbot_3_Phosphorene_tuned_res_40_theta_86.0_eps_2.1_L_2.00.json

Elapsed run time = 5267.0507 s
Task 26 complete at Thu Sep 10 06:33:20 AM EDT 2026.
