==================================================
SLURM ARRAY TASK ID: 222 / 224
Running on node: x1000c6s6b0n0
Start time: Fri Sep 11 11:09:45 AM EDT 2026
==================================================
Reading parameters from sweep_configs_sweet_spot/config_222.json...
Executing 3D FDTD Simulation: Alpha=85.0 deg, Theta=94.0 deg, d=0.25 um, L=2.0 um, Res=40...
Starting simulation: d=0.25 um, N_top=3, N_bottom=3, material=Phosphorene_tuned, resolution=40, nmax=3, theta=94.0, eps_bg=2.1, config=all, stepped_sieve=False, corrugated=True
Parallel configuration: 128 processes running 108 parallel moment partitions.

Elapsed run time = 0.3127 s

Elapsed run time = 0.3128 s

Elapsed run time = 0.3149 s

Elapsed run time = 0.3176 s

Elapsed run time = 0.3185 s

Elapsed run time = 0.3195 s

Elapsed run time = 0.3208 s

Elapsed run time = 0.3220 s

Elapsed run time = 0.3229 s

Elapsed run time = 0.3228 s

Elapsed run time = 0.3504 s

Elapsed run time = 0.3506 s

Elapsed run time = 0.3517 s

Elapsed run time = 0.3518 s

Elapsed run time = 0.3520 s

Elapsed run time = 0.3525 s

Elapsed run time = 0.3529 s

Elapsed run time = 0.3535 s

Elapsed run time = 0.3539 s

Elapsed run time = 0.3541 s

Elapsed run time = 1480.8463 s

Elapsed run time = 1484.2484 s

Elapsed run time = 1513.2706 s

Elapsed run time = 1519.6813 s

Elapsed run time = 2162.6371 s

Elapsed run time = 2164.6940 s

Elapsed run time = 2165.2765 s

Elapsed run time = 2166.3258 s

Elapsed run time = 2182.8190 s

Elapsed run time = 2185.6858 s

Elapsed run time = 2192.0450 s

Elapsed run time = 2195.4147 s
  [BOTH][Rank 0] Done moment 1/1 (task 0): force_integral=-1.891531e-03

Elapsed run time = 5151.6340 s

Elapsed run time = 5168.8875 s

Elapsed run time = 5169.2365 s

Elapsed run time = 5174.6588 s

Elapsed run time = 5179.0168 s

Elapsed run time = 5183.0764 s

Elapsed run time = 5185.4829 s

Elapsed run time = 5187.4098 s

Elapsed run time = 5188.0713 s

Elapsed run time = 5188.1463 s

Elapsed run time = 5189.7220 s

Elapsed run time = 5190.1060 s

Elapsed run time = 5191.0228 s

Elapsed run time = 5191.5416 s

Elapsed run time = 5193.3768 s

Elapsed run time = 5194.0095 s

Elapsed run time = 5195.0202 s

Elapsed run time = 5197.1492 s

Elapsed run time = 5199.8794 s

Elapsed run time = 5201.5876 s

Elapsed run time = 5201.6603 s

Elapsed run time = 5202.6487 s

Elapsed run time = 5203.1495 s

Elapsed run time = 5203.3369 s

Elapsed run time = 5204.1210 s

Elapsed run time = 5204.9559 s

Elapsed run time = 5205.2815 s

Elapsed run time = 5205.4633 s

Elapsed run time = 5205.6688 s

Elapsed run time = 5205.9820 s

Elapsed run time = 5206.4528 s
  [SELF][Rank 0] Done moment 1/1 (task 0): force_integral=+1.978236e-05

Elapsed run time = 5207.9445 s

Elapsed run time = 5208.2370 s

Elapsed run time = 5208.8306 s

Elapsed run time = 5208.9425 s

Elapsed run time = 5209.1526 s

Elapsed run time = 5209.4054 s

Elapsed run time = 5209.5077 s

Elapsed run time = 5209.8156 s

Elapsed run time = 5210.7109 s

Elapsed run time = 5210.8273 s

Elapsed run time = 5212.3591 s

Elapsed run time = 5213.1605 s

Elapsed run time = 5213.2345 s

Elapsed run time = 5215.4271 s

Elapsed run time = 5216.1163 s

Elapsed run time = 5217.5923 s

Elapsed run time = 5221.7428 s

Elapsed run time = 5222.3595 s

Elapsed run time = 5222.8627 s

Elapsed run time = 5223.5379 s

Elapsed run time = 5224.9967 s

Elapsed run time = 5225.1789 s

Elapsed run time = 5227.8498 s

Elapsed run time = 5229.3224 s

Elapsed run time = 5229.6557 s

Elapsed run time = 5230.1577 s

Elapsed run time = 5230.6977 s

Elapsed run time = 5231.1073 s

Elapsed run time = 5231.2524 s

Elapsed run time = 5231.7046 s

Elapsed run time = 5231.7575 s

Elapsed run time = 5233.8996 s

Elapsed run time = 5235.3398 s

Elapsed run time = 5235.9078 s

Elapsed run time = 5236.1675 s

Elapsed run time = 5236.3749 s

Elapsed run time = 5236.3771 s

Elapsed run time = 5236.7015 s

Elapsed run time = 5236.8782 s

Elapsed run time = 5236.8841 s

Elapsed run time = 5237.2908 s

Elapsed run time = 5237.4468 s

Elapsed run time = 5238.4220 s

Elapsed run time = 5238.7247 s

Elapsed run time = 5238.7757 s

Elapsed run time = 5238.9803 s

Elapsed run time = 5239.2642 s

Elapsed run time = 5239.9034 s

Elapsed run time = 5239.9339 s

Elapsed run time = 5240.3289 s

Elapsed run time = 5240.6681 s

Elapsed run time = 5241.1393 s

Elapsed run time = 5241.2165 s

Elapsed run time = 5241.2390 s

Elapsed run time = 5241.2471 s

Elapsed run time = 5241.4023 s

Elapsed run time = 5241.4558 s

Elapsed run time = 5241.6322 s

Elapsed run time = 5241.6386 s

Elapsed run time = 5241.8475 s

Elapsed run time = 5242.2207 s

Elapsed run time = 5242.6973 s

Elapsed run time = 5243.0864 s

Elapsed run time = 5244.5565 s
Simulation complete. Subtracted force: -7.865793e-02. Saved to .tmp/meep_d_0.2500_N_3_corrugated_al_85.0_Nbot_3_Phosphorene_tuned_res_40_theta_94.0_eps_2.1_L_2.00.json

Elapsed run time = 5244.8676 s
Task 222 complete at Fri Sep 11 12:37:15 PM EDT 2026.
