==================================================
SLURM ARRAY TASK ID: 218 / 224
Running on node: x1002c1s0b1n0
Start time: Fri Sep 11 11:04:07 AM EDT 2026
==================================================
Reading parameters from sweep_configs_sweet_spot/config_218.json...
Executing 3D FDTD Simulation: Alpha=85.0 deg, Theta=94.0 deg, d=0.05 um, L=2.0 um, Res=40...
Starting simulation: d=0.05 um, N_top=3, N_bottom=3, material=Phosphorene_tuned, resolution=40, nmax=3, theta=94.0, eps_bg=2.1, config=all, stepped_sieve=False, corrugated=True
Parallel configuration: 128 processes running 108 parallel moment partitions.

Elapsed run time = 0.0388 s

Elapsed run time = 0.0418 s

Elapsed run time = 0.0380 s

Elapsed run time = 0.0384 s

Elapsed run time = 0.0410 s

Elapsed run time = 0.0447 s

Elapsed run time = 0.0452 s

Elapsed run time = 0.0447 s

Elapsed run time = 0.0493 s

Elapsed run time = 0.0471 s

Elapsed run time = 0.0468 s

Elapsed run time = 0.0514 s

Elapsed run time = 0.0516 s

Elapsed run time = 0.0518 s

Elapsed run time = 0.0584 s

Elapsed run time = 0.0718 s

Elapsed run time = 0.0728 s

Elapsed run time = 0.0705 s

Elapsed run time = 0.0793 s

Elapsed run time = 0.0796 s

Elapsed run time = 1385.0610 s

Elapsed run time = 1394.4075 s

Elapsed run time = 1412.1757 s

Elapsed run time = 1417.7570 s

Elapsed run time = 2012.5818 s

Elapsed run time = 2012.9747 s

Elapsed run time = 2023.1457 s

Elapsed run time = 2023.1934 s

Elapsed run time = 2030.2116 s

Elapsed run time = 2039.5488 s

Elapsed run time = 2040.3966 s

Elapsed run time = 2048.6457 s
  [BOTH][Rank 0] Done moment 1/1 (task 0): force_integral=-1.578963e-02

Elapsed run time = 4761.5974 s

Elapsed run time = 4792.6011 s

Elapsed run time = 4795.4152 s

Elapsed run time = 4795.6271 s

Elapsed run time = 4806.6613 s

Elapsed run time = 4807.7164 s

Elapsed run time = 4809.4155 s

Elapsed run time = 4809.7896 s

Elapsed run time = 4810.2418 s

Elapsed run time = 4810.3823 s

Elapsed run time = 4813.8642 s

Elapsed run time = 4814.1284 s

Elapsed run time = 4814.4163 s

Elapsed run time = 4815.0678 s

Elapsed run time = 4819.7420 s

Elapsed run time = 4824.6981 s

Elapsed run time = 4824.9049 s

Elapsed run time = 4826.2605 s

Elapsed run time = 4826.4874 s
  [SELF][Rank 0] Done moment 1/1 (task 0): force_integral=-2.038485e-03

Elapsed run time = 4827.0542 s

Elapsed run time = 4829.2195 s

Elapsed run time = 4830.0704 s

Elapsed run time = 4830.1885 s

Elapsed run time = 4831.2848 s

Elapsed run time = 4831.3567 s

Elapsed run time = 4831.7067 s

Elapsed run time = 4832.3310 s

Elapsed run time = 4832.8083 s

Elapsed run time = 4833.1540 s

Elapsed run time = 4833.2350 s

Elapsed run time = 4833.9802 s

Elapsed run time = 4834.0857 s

Elapsed run time = 4834.9901 s

Elapsed run time = 4835.1380 s

Elapsed run time = 4835.1892 s

Elapsed run time = 4836.7110 s

Elapsed run time = 4839.0492 s

Elapsed run time = 4839.1923 s

Elapsed run time = 4839.7536 s

Elapsed run time = 4840.3627 s

Elapsed run time = 4840.4432 s

Elapsed run time = 4840.8596 s

Elapsed run time = 4840.9759 s

Elapsed run time = 4841.9626 s

Elapsed run time = 4842.5122 s

Elapsed run time = 4844.4730 s

Elapsed run time = 4846.2760 s

Elapsed run time = 4847.7825 s

Elapsed run time = 4848.9386 s

Elapsed run time = 4849.4242 s

Elapsed run time = 4850.3711 s

Elapsed run time = 4851.1664 s

Elapsed run time = 4852.5363 s

Elapsed run time = 4852.7288 s

Elapsed run time = 4853.7457 s

Elapsed run time = 4853.9984 s

Elapsed run time = 4854.7372 s

Elapsed run time = 4854.8667 s

Elapsed run time = 4855.7631 s

Elapsed run time = 4856.1062 s

Elapsed run time = 4856.4878 s

Elapsed run time = 4856.7797 s

Elapsed run time = 4856.8494 s

Elapsed run time = 4856.9164 s

Elapsed run time = 4857.0454 s

Elapsed run time = 4858.0589 s

Elapsed run time = 4858.2058 s

Elapsed run time = 4858.4820 s

Elapsed run time = 4858.8666 s

Elapsed run time = 4860.2974 s

Elapsed run time = 4861.6243 s

Elapsed run time = 4861.6363 s

Elapsed run time = 4862.0044 s

Elapsed run time = 4862.2100 s

Elapsed run time = 4862.3705 s

Elapsed run time = 4862.4540 s

Elapsed run time = 4862.5687 s

Elapsed run time = 4863.7423 s

Elapsed run time = 4864.6531 s

Elapsed run time = 4865.4766 s

Elapsed run time = 4866.1734 s

Elapsed run time = 4866.2173 s

Elapsed run time = 4866.4261 s

Elapsed run time = 4866.6239 s

Elapsed run time = 4866.7498 s

Elapsed run time = 4866.9980 s

Elapsed run time = 4867.1180 s

Elapsed run time = 4868.2782 s

Elapsed run time = 4872.1625 s

Elapsed run time = 4875.6338 s

Elapsed run time = 4878.0856 s

Elapsed run time = 4881.1165 s

Elapsed run time = 4882.4689 s

Elapsed run time = 4882.5675 s

Elapsed run time = 4883.1542 s
Simulation complete. Subtracted force: -6.591965e+01. Saved to .tmp/meep_d_0.0500_N_3_corrugated_al_85.0_Nbot_3_Phosphorene_tuned_res_40_theta_94.0_eps_2.1_L_2.00.json

Elapsed run time = 4883.7533 s
Task 218 complete at Fri Sep 11 12:25:35 PM EDT 2026.
