==================================================
SLURM ARRAY TASK ID: 57 / 224
Running on node: x1001c4s0b0n1
Start time: Thu Sep 10 11:44:58 PM EDT 2026
==================================================
Reading parameters from sweep_configs_sweet_spot/config_057.json...
Executing 3D FDTD Simulation: Alpha=75.0 deg, Theta=80.0 deg, d=0.05 um, L=2.0 um, Res=40...
Starting simulation: d=0.05 um, N_top=3, N_bottom=3, material=Phosphorene_tuned, resolution=40, nmax=3, theta=80.0, eps_bg=2.1, config=all, stepped_sieve=False, corrugated=True
Parallel configuration: 128 processes running 108 parallel moment partitions.

Elapsed run time = 0.0751 s

Elapsed run time = 0.0759 s

Elapsed run time = 0.0751 s

Elapsed run time = 0.0760 s

Elapsed run time = 0.0751 s

Elapsed run time = 0.0754 s

Elapsed run time = 0.0746 s

Elapsed run time = 0.0744 s

Elapsed run time = 0.0747 s

Elapsed run time = 0.0756 s

Elapsed run time = 0.0762 s

Elapsed run time = 0.0746 s

Elapsed run time = 0.0761 s

Elapsed run time = 0.0760 s

Elapsed run time = 0.0758 s

Elapsed run time = 0.0751 s

Elapsed run time = 0.0756 s

Elapsed run time = 0.0765 s

Elapsed run time = 0.0763 s

Elapsed run time = 0.0752 s

Elapsed run time = 1434.7235 s

Elapsed run time = 1451.5512 s

Elapsed run time = 1460.6565 s

Elapsed run time = 1475.2764 s

Elapsed run time = 2086.1406 s

Elapsed run time = 2087.3362 s

Elapsed run time = 2095.5610 s

Elapsed run time = 2099.3124 s

Elapsed run time = 2100.3626 s

Elapsed run time = 2112.5226 s

Elapsed run time = 2119.2598 s

Elapsed run time = 2128.0892 s
  [BOTH][Rank 0] Done moment 1/1 (task 0): force_integral=-1.661779e-02

Elapsed run time = 4974.4065 s

Elapsed run time = 4981.7245 s

Elapsed run time = 4991.0398 s

Elapsed run time = 4992.3456 s

Elapsed run time = 4996.9643 s

Elapsed run time = 5001.3991 s

Elapsed run time = 5004.8709 s

Elapsed run time = 5005.3012 s

Elapsed run time = 5005.7506 s

Elapsed run time = 5006.6410 s

Elapsed run time = 5006.7226 s

Elapsed run time = 5009.1203 s

Elapsed run time = 5010.0172 s

Elapsed run time = 5013.9878 s

Elapsed run time = 5014.1516 s

Elapsed run time = 5016.0628 s

Elapsed run time = 5016.8715 s

Elapsed run time = 5017.8054 s

Elapsed run time = 5018.1819 s

Elapsed run time = 5018.4309 s

Elapsed run time = 5018.6556 s

Elapsed run time = 5020.1976 s

Elapsed run time = 5020.8570 s

Elapsed run time = 5021.1737 s

Elapsed run time = 5022.5712 s

Elapsed run time = 5024.0508 s

Elapsed run time = 5024.0722 s

Elapsed run time = 5025.8193 s

Elapsed run time = 5025.8251 s

Elapsed run time = 5025.9312 s

Elapsed run time = 5026.6007 s

Elapsed run time = 5026.8340 s

Elapsed run time = 5028.4299 s

Elapsed run time = 5028.9483 s

Elapsed run time = 5029.1136 s

Elapsed run time = 5029.3553 s

Elapsed run time = 5030.1492 s

Elapsed run time = 5030.2593 s

Elapsed run time = 5030.9429 s

Elapsed run time = 5031.6121 s

Elapsed run time = 5032.3372 s

Elapsed run time = 5034.7676 s

Elapsed run time = 5037.0009 s

Elapsed run time = 5037.2500 s
  [SELF][Rank 0] Done moment 1/1 (task 0): force_integral=-3.451752e-03

Elapsed run time = 5037.6273 s

Elapsed run time = 5039.2184 s

Elapsed run time = 5039.3546 s

Elapsed run time = 5040.2397 s

Elapsed run time = 5040.8061 s

Elapsed run time = 5040.9005 s

Elapsed run time = 5042.4350 s

Elapsed run time = 5042.5102 s

Elapsed run time = 5044.4264 s

Elapsed run time = 5045.8344 s

Elapsed run time = 5046.0144 s

Elapsed run time = 5046.4340 s

Elapsed run time = 5046.5376 s

Elapsed run time = 5046.8132 s

Elapsed run time = 5047.5034 s

Elapsed run time = 5047.9079 s

Elapsed run time = 5047.9541 s

Elapsed run time = 5048.1633 s

Elapsed run time = 5048.6591 s

Elapsed run time = 5050.4073 s

Elapsed run time = 5050.5483 s

Elapsed run time = 5050.7622 s

Elapsed run time = 5051.1519 s

Elapsed run time = 5052.2628 s

Elapsed run time = 5055.8449 s

Elapsed run time = 5055.9043 s

Elapsed run time = 5057.0468 s

Elapsed run time = 5057.4275 s

Elapsed run time = 5058.1189 s

Elapsed run time = 5058.9545 s

Elapsed run time = 5060.7395 s

Elapsed run time = 5062.0207 s

Elapsed run time = 5062.1742 s

Elapsed run time = 5062.4249 s

Elapsed run time = 5062.7314 s

Elapsed run time = 5063.2536 s

Elapsed run time = 5064.0180 s

Elapsed run time = 5064.3581 s

Elapsed run time = 5064.5363 s

Elapsed run time = 5064.7434 s

Elapsed run time = 5064.9305 s

Elapsed run time = 5065.3150 s

Elapsed run time = 5065.8806 s

Elapsed run time = 5066.0771 s

Elapsed run time = 5067.9090 s

Elapsed run time = 5073.4240 s

Elapsed run time = 5073.9184 s

Elapsed run time = 5075.1372 s

Elapsed run time = 5075.2405 s

Elapsed run time = 5075.3913 s

Elapsed run time = 5077.2918 s
Simulation complete. Subtracted force: -7.342916e+01. Saved to .tmp/meep_d_0.0500_N_3_corrugated_al_75.0_Nbot_3_Phosphorene_tuned_res_40_theta_80.0_eps_2.1_L_2.00.json

Elapsed run time = 5078.1132 s
Task 57 complete at Fri Sep 11 01:09:52 AM EDT 2026.
