==================================================
SLURM ARRAY TASK ID: 84 / 224
Running on node: x1002c7s2b1n0
Start time: Fri Sep 11 03:36:06 AM EDT 2026
==================================================
Reading parameters from sweep_configs_sweet_spot/config_084.json...
Executing 3D FDTD Simulation: Alpha=75.0 deg, Theta=86.0 deg, d=0.35 um, L=2.0 um, Res=40...
Starting simulation: d=0.35 um, N_top=3, N_bottom=3, material=Phosphorene_tuned, resolution=40, nmax=3, theta=86.0, eps_bg=2.1, config=all, stepped_sieve=False, corrugated=True
Parallel configuration: 128 processes running 108 parallel moment partitions.

Elapsed run time = 0.0334 s

Elapsed run time = 0.0364 s

Elapsed run time = 0.0374 s

Elapsed run time = 0.0363 s

Elapsed run time = 0.0380 s

Elapsed run time = 0.0368 s

Elapsed run time = 0.0524 s

Elapsed run time = 0.0537 s

Elapsed run time = 0.0507 s

Elapsed run time = 0.0523 s

Elapsed run time = 0.0548 s

Elapsed run time = 0.0530 s

Elapsed run time = 0.0563 s

Elapsed run time = 0.0591 s

Elapsed run time = 0.0599 s

Elapsed run time = 0.0621 s

Elapsed run time = 0.0607 s

Elapsed run time = 0.0612 s

Elapsed run time = 0.0651 s

Elapsed run time = 0.0675 s

Elapsed run time = 1541.8305 s

Elapsed run time = 1545.1541 s

Elapsed run time = 1574.3598 s

Elapsed run time = 1577.3706 s

Elapsed run time = 2246.3407 s

Elapsed run time = 2247.0260 s

Elapsed run time = 2247.9560 s

Elapsed run time = 2248.1940 s

Elapsed run time = 2266.9161 s

Elapsed run time = 2268.6282 s

Elapsed run time = 2276.8661 s

Elapsed run time = 2282.1279 s
  [BOTH][Rank 0] Done moment 1/1 (task 0): force_integral=-3.409885e-03

Elapsed run time = 5349.2821 s

Elapsed run time = 5356.4926 s

Elapsed run time = 5364.6672 s

Elapsed run time = 5370.5164 s

Elapsed run time = 5375.7712 s

Elapsed run time = 5381.2640 s

Elapsed run time = 5381.6133 s

Elapsed run time = 5384.1194 s

Elapsed run time = 5388.0033 s

Elapsed run time = 5389.7925 s

Elapsed run time = 5389.9715 s

Elapsed run time = 5390.3397 s

Elapsed run time = 5390.5764 s

Elapsed run time = 5390.7345 s

Elapsed run time = 5394.7348 s

Elapsed run time = 5394.7851 s

Elapsed run time = 5394.9925 s

Elapsed run time = 5396.0814 s

Elapsed run time = 5396.1538 s

Elapsed run time = 5397.9434 s

Elapsed run time = 5399.9603 s

Elapsed run time = 5400.7320 s

Elapsed run time = 5400.7928 s

Elapsed run time = 5402.1698 s

Elapsed run time = 5402.3029 s

Elapsed run time = 5402.3088 s

Elapsed run time = 5403.2831 s

Elapsed run time = 5404.4435 s

Elapsed run time = 5404.5114 s

Elapsed run time = 5405.1816 s

Elapsed run time = 5406.7291 s

Elapsed run time = 5407.3841 s

Elapsed run time = 5407.3993 s

Elapsed run time = 5407.5327 s

Elapsed run time = 5408.2595 s

Elapsed run time = 5410.3422 s

Elapsed run time = 5410.3948 s

Elapsed run time = 5410.6659 s

Elapsed run time = 5410.7514 s

Elapsed run time = 5411.7300 s

Elapsed run time = 5411.9514 s

Elapsed run time = 5412.8361 s

Elapsed run time = 5412.9725 s

Elapsed run time = 5414.3308 s

Elapsed run time = 5414.5367 s

Elapsed run time = 5414.7618 s

Elapsed run time = 5414.7994 s

Elapsed run time = 5416.6388 s

Elapsed run time = 5416.7052 s

Elapsed run time = 5417.9304 s

Elapsed run time = 5418.1245 s

Elapsed run time = 5419.3148 s

Elapsed run time = 5419.3544 s

Elapsed run time = 5421.3846 s

Elapsed run time = 5422.9433 s

Elapsed run time = 5424.5069 s

Elapsed run time = 5424.9590 s

Elapsed run time = 5426.2261 s

Elapsed run time = 5426.9975 s

Elapsed run time = 5427.0040 s

Elapsed run time = 5427.1656 s

Elapsed run time = 5427.3824 s

Elapsed run time = 5428.8239 s
  [SELF][Rank 0] Done moment 1/1 (task 0): force_integral=-2.577685e-03

Elapsed run time = 5429.1752 s

Elapsed run time = 5430.3294 s

Elapsed run time = 5431.4427 s

Elapsed run time = 5431.6690 s

Elapsed run time = 5432.2182 s

Elapsed run time = 5434.2169 s

Elapsed run time = 5434.2170 s

Elapsed run time = 5435.1389 s

Elapsed run time = 5436.4839 s

Elapsed run time = 5436.8019 s

Elapsed run time = 5437.0937 s

Elapsed run time = 5438.1052 s

Elapsed run time = 5438.9610 s

Elapsed run time = 5439.7048 s

Elapsed run time = 5439.7856 s

Elapsed run time = 5440.0713 s

Elapsed run time = 5441.9518 s

Elapsed run time = 5442.2124 s

Elapsed run time = 5442.4924 s

Elapsed run time = 5443.3008 s

Elapsed run time = 5443.3989 s

Elapsed run time = 5444.1459 s

Elapsed run time = 5444.8251 s

Elapsed run time = 5444.8851 s

Elapsed run time = 5444.9810 s

Elapsed run time = 5445.8399 s

Elapsed run time = 5446.0704 s

Elapsed run time = 5451.0071 s

Elapsed run time = 5451.0668 s

Elapsed run time = 5454.6732 s

Elapsed run time = 5455.1279 s

Elapsed run time = 5456.0985 s
Simulation complete. Subtracted force: -1.777405e-02. Saved to .tmp/meep_d_0.3500_N_3_corrugated_al_75.0_Nbot_3_Phosphorene_tuned_res_40_theta_86.0_eps_2.1_L_2.00.json

Elapsed run time = 5456.9569 s
Task 84 complete at Fri Sep 11 05:07:07 AM EDT 2026.
