==================================================
SLURM ARRAY TASK ID: 79 / 224
Running on node: x1002c2s5b1n0
Start time: Fri Sep 11 02:54:38 AM EDT 2026
==================================================
Reading parameters from sweep_configs_sweet_spot/config_079.json...
Executing 3D FDTD Simulation: Alpha=75.0 deg, Theta=86.0 deg, d=0.1 um, L=2.0 um, Res=40...
Starting simulation: d=0.1 um, N_top=3, N_bottom=3, material=Phosphorene_tuned, resolution=40, nmax=3, theta=86.0, eps_bg=2.1, config=all, stepped_sieve=False, corrugated=True
Parallel configuration: 128 processes running 108 parallel moment partitions.

Elapsed run time = 0.2838 s

Elapsed run time = 0.2846 s

Elapsed run time = 0.2891 s

Elapsed run time = 0.2916 s

Elapsed run time = 0.2945 s

Elapsed run time = 0.2949 s

Elapsed run time = 0.2953 s

Elapsed run time = 0.2959 s

Elapsed run time = 0.2968 s

Elapsed run time = 0.2988 s

Elapsed run time = 0.3019 s

Elapsed run time = 0.3027 s

Elapsed run time = 0.3118 s

Elapsed run time = 0.3126 s

Elapsed run time = 0.3131 s

Elapsed run time = 0.3135 s

Elapsed run time = 0.3145 s

Elapsed run time = 0.3150 s

Elapsed run time = 0.3162 s

Elapsed run time = 0.3169 s

Elapsed run time = 1408.1733 s

Elapsed run time = 1408.3091 s

Elapsed run time = 1439.6145 s

Elapsed run time = 1444.0487 s

Elapsed run time = 2052.3078 s

Elapsed run time = 2053.0931 s

Elapsed run time = 2058.8578 s

Elapsed run time = 2061.2835 s

Elapsed run time = 2071.2569 s

Elapsed run time = 2076.9345 s

Elapsed run time = 2082.7737 s

Elapsed run time = 2089.7096 s
  [BOTH][Rank 0] Done moment 1/1 (task 0): force_integral=-4.621630e-03

Elapsed run time = 4885.3263 s

Elapsed run time = 4886.9866 s

Elapsed run time = 4888.0481 s

Elapsed run time = 4894.6581 s

Elapsed run time = 4895.4141 s

Elapsed run time = 4896.2041 s

Elapsed run time = 4902.0674 s

Elapsed run time = 4903.3216 s

Elapsed run time = 4903.6316 s

Elapsed run time = 4906.3237 s

Elapsed run time = 4906.8302 s

Elapsed run time = 4907.3571 s

Elapsed run time = 4909.5646 s

Elapsed run time = 4909.6363 s

Elapsed run time = 4910.4247 s

Elapsed run time = 4911.5076 s

Elapsed run time = 4913.4212 s

Elapsed run time = 4914.4141 s

Elapsed run time = 4917.7352 s

Elapsed run time = 4917.7908 s

Elapsed run time = 4918.1612 s

Elapsed run time = 4918.4415 s

Elapsed run time = 4920.0106 s

Elapsed run time = 4920.4026 s

Elapsed run time = 4921.1639 s
  [SELF][Rank 0] Done moment 1/1 (task 0): force_integral=+2.249737e-03

Elapsed run time = 4922.4136 s

Elapsed run time = 4922.6411 s

Elapsed run time = 4923.4356 s

Elapsed run time = 4923.5036 s

Elapsed run time = 4924.0513 s

Elapsed run time = 4924.5102 s

Elapsed run time = 4924.7001 s

Elapsed run time = 4925.8384 s

Elapsed run time = 4927.3614 s

Elapsed run time = 4927.8687 s

Elapsed run time = 4928.9654 s

Elapsed run time = 4929.0271 s

Elapsed run time = 4929.5009 s

Elapsed run time = 4931.0034 s

Elapsed run time = 4931.0120 s

Elapsed run time = 4931.2882 s

Elapsed run time = 4931.3219 s

Elapsed run time = 4933.2305 s

Elapsed run time = 4933.6723 s

Elapsed run time = 4938.9783 s

Elapsed run time = 4939.5889 s

Elapsed run time = 4941.7581 s

Elapsed run time = 4942.1378 s

Elapsed run time = 4942.4486 s

Elapsed run time = 4944.8816 s

Elapsed run time = 4945.2781 s

Elapsed run time = 4946.1008 s

Elapsed run time = 4946.3320 s

Elapsed run time = 4946.9254 s

Elapsed run time = 4947.1200 s

Elapsed run time = 4947.1803 s

Elapsed run time = 4948.9101 s

Elapsed run time = 4948.9655 s

Elapsed run time = 4949.1462 s

Elapsed run time = 4949.1466 s

Elapsed run time = 4949.2854 s

Elapsed run time = 4950.0768 s

Elapsed run time = 4950.1500 s

Elapsed run time = 4952.6150 s

Elapsed run time = 4953.0796 s

Elapsed run time = 4953.3343 s

Elapsed run time = 4953.6803 s

Elapsed run time = 4954.2366 s

Elapsed run time = 4955.1853 s

Elapsed run time = 4955.5049 s

Elapsed run time = 4955.6917 s

Elapsed run time = 4956.8907 s

Elapsed run time = 4956.9145 s

Elapsed run time = 4956.9887 s

Elapsed run time = 4957.0935 s

Elapsed run time = 4957.3041 s

Elapsed run time = 4957.8829 s

Elapsed run time = 4958.1366 s

Elapsed run time = 4958.9313 s

Elapsed run time = 4958.9762 s

Elapsed run time = 4959.2952 s

Elapsed run time = 4959.8184 s

Elapsed run time = 4960.1549 s

Elapsed run time = 4960.8215 s

Elapsed run time = 4960.9191 s

Elapsed run time = 4961.7285 s

Elapsed run time = 4964.4470 s

Elapsed run time = 4964.6214 s

Elapsed run time = 4965.6213 s

Elapsed run time = 4968.0475 s

Elapsed run time = 4971.0627 s

Elapsed run time = 4971.9965 s

Elapsed run time = 4972.8930 s

Elapsed run time = 4974.2794 s

Elapsed run time = 4976.1444 s
Simulation complete. Subtracted force: 5.238737e-02. Saved to .tmp/meep_d_0.1000_N_3_corrugated_al_75.0_Nbot_3_Phosphorene_tuned_res_40_theta_86.0_eps_2.1_L_2.00.json

Elapsed run time = 4976.8746 s
Task 79 complete at Fri Sep 11 04:18:05 AM EDT 2026.
