==================================================
SLURM ARRAY TASK ID: 171 / 224
Running on node: x1002c3s3b0n0
Start time: Fri Sep 11 08:53:21 AM EDT 2026
==================================================
Reading parameters from sweep_configs_sweet_spot/config_171.json...
Executing 3D FDTD Simulation: Alpha=85.0 deg, Theta=80.0 deg, d=0.15 um, L=2.0 um, Res=40...
Starting simulation: d=0.15 um, N_top=3, N_bottom=3, material=Phosphorene_tuned, resolution=40, nmax=3, theta=80.0, eps_bg=2.1, config=all, stepped_sieve=False, corrugated=True
Parallel configuration: 128 processes running 108 parallel moment partitions.

Elapsed run time = 0.2054 s

Elapsed run time = 0.2071 s

Elapsed run time = 0.2072 s

Elapsed run time = 0.2083 s

Elapsed run time = 0.2084 s

Elapsed run time = 0.2103 s

Elapsed run time = 0.2129 s

Elapsed run time = 0.2126 s

Elapsed run time = 0.2160 s

Elapsed run time = 0.2178 s

Elapsed run time = 0.2262 s

Elapsed run time = 0.2275 s

Elapsed run time = 0.2276 s

Elapsed run time = 0.2284 s

Elapsed run time = 0.2281 s

Elapsed run time = 0.2283 s

Elapsed run time = 0.2289 s

Elapsed run time = 0.2296 s

Elapsed run time = 0.2302 s

Elapsed run time = 0.2314 s

Elapsed run time = 1493.5467 s

Elapsed run time = 1494.6240 s

Elapsed run time = 1524.9359 s

Elapsed run time = 1528.1229 s

Elapsed run time = 2179.9320 s

Elapsed run time = 2180.1911 s

Elapsed run time = 2182.3322 s

Elapsed run time = 2183.3626 s

Elapsed run time = 2193.4880 s

Elapsed run time = 2200.3691 s

Elapsed run time = 2206.9331 s

Elapsed run time = 2212.2012 s
  [BOTH][Rank 0] Done moment 1/1 (task 0): force_integral=+1.223783e-04

Elapsed run time = 5149.8545 s

Elapsed run time = 5154.0670 s

Elapsed run time = 5156.7447 s

Elapsed run time = 5180.6762 s

Elapsed run time = 5193.6787 s

Elapsed run time = 5202.2382 s

Elapsed run time = 5203.5805 s

Elapsed run time = 5204.3666 s

Elapsed run time = 5204.7004 s

Elapsed run time = 5204.8020 s

Elapsed run time = 5207.2010 s

Elapsed run time = 5210.1504 s

Elapsed run time = 5210.5650 s

Elapsed run time = 5211.3733 s

Elapsed run time = 5211.4803 s

Elapsed run time = 5211.7227 s

Elapsed run time = 5212.7907 s

Elapsed run time = 5214.6387 s

Elapsed run time = 5215.5340 s

Elapsed run time = 5215.6427 s

Elapsed run time = 5215.6962 s

Elapsed run time = 5216.7531 s

Elapsed run time = 5216.7843 s

Elapsed run time = 5216.8966 s

Elapsed run time = 5217.2373 s

Elapsed run time = 5218.3581 s

Elapsed run time = 5219.8778 s

Elapsed run time = 5219.9021 s

Elapsed run time = 5219.9532 s

Elapsed run time = 5220.4902 s

Elapsed run time = 5220.7411 s

Elapsed run time = 5222.3509 s

Elapsed run time = 5223.5725 s

Elapsed run time = 5224.0223 s

Elapsed run time = 5224.1609 s

Elapsed run time = 5224.8990 s

Elapsed run time = 5229.0861 s
  [SELF][Rank 0] Done moment 1/1 (task 0): force_integral=+5.075029e-03

Elapsed run time = 5232.0096 s

Elapsed run time = 5232.0564 s

Elapsed run time = 5232.1428 s

Elapsed run time = 5232.3027 s

Elapsed run time = 5232.5479 s

Elapsed run time = 5233.9995 s

Elapsed run time = 5234.0981 s

Elapsed run time = 5234.5482 s

Elapsed run time = 5235.1768 s

Elapsed run time = 5235.8294 s

Elapsed run time = 5237.6004 s

Elapsed run time = 5237.8239 s

Elapsed run time = 5240.2142 s

Elapsed run time = 5242.5933 s

Elapsed run time = 5243.0822 s

Elapsed run time = 5246.3742 s

Elapsed run time = 5246.5995 s

Elapsed run time = 5246.9662 s

Elapsed run time = 5247.8073 s

Elapsed run time = 5248.1898 s

Elapsed run time = 5248.5159 s

Elapsed run time = 5250.0454 s

Elapsed run time = 5250.9918 s

Elapsed run time = 5251.1545 s

Elapsed run time = 5254.0532 s

Elapsed run time = 5254.3750 s

Elapsed run time = 5255.5396 s

Elapsed run time = 5255.9265 s

Elapsed run time = 5256.2068 s

Elapsed run time = 5258.0434 s

Elapsed run time = 5258.9722 s

Elapsed run time = 5258.9996 s

Elapsed run time = 5259.0239 s

Elapsed run time = 5259.3616 s

Elapsed run time = 5259.7272 s

Elapsed run time = 5259.7303 s

Elapsed run time = 5259.7967 s

Elapsed run time = 5259.9643 s

Elapsed run time = 5260.9833 s

Elapsed run time = 5261.4540 s

Elapsed run time = 5261.5266 s

Elapsed run time = 5262.2940 s

Elapsed run time = 5263.0602 s

Elapsed run time = 5263.3274 s

Elapsed run time = 5263.3436 s

Elapsed run time = 5263.5723 s

Elapsed run time = 5263.9606 s

Elapsed run time = 5265.0019 s

Elapsed run time = 5266.0116 s

Elapsed run time = 5266.0663 s

Elapsed run time = 5268.6219 s

Elapsed run time = 5269.0967 s

Elapsed run time = 5269.4037 s

Elapsed run time = 5269.6149 s

Elapsed run time = 5270.6007 s

Elapsed run time = 5270.7607 s

Elapsed run time = 5271.1788 s

Elapsed run time = 5273.1388 s
Simulation complete. Subtracted force: -3.126970e-01. Saved to .tmp/meep_d_0.1500_N_3_corrugated_al_85.0_Nbot_3_Phosphorene_tuned_res_40_theta_80.0_eps_2.1_L_2.00.json

Elapsed run time = 5274.1791 s
Task 171 complete at Fri Sep 11 10:21:55 AM EDT 2026.
