==================================================
SLURM ARRAY TASK ID: 167 / 224
Running on node: x1001c5s6b1n1
Start time: Fri Sep 11 08:25:09 AM EDT 2026
==================================================
Reading parameters from sweep_configs_sweet_spot/config_167.json...
Executing 3D FDTD Simulation: Alpha=80.0 deg, Theta=94.0 deg, d=0.3 um, L=2.0 um, Res=40...

Elapsed run time = 0.2241 s

Elapsed run time = 0.2255 s

Elapsed run time = 0.2382 s

Elapsed run time = 0.2396 s

Elapsed run time = 0.2313 s

Elapsed run time = 0.2443 s

Elapsed run time = 0.2380 s

Elapsed run time = 0.2391 s

Elapsed run time = 0.2514 s

Elapsed run time = 0.2400 s

Elapsed run time = 0.2555 s

Elapsed run time = 0.2467 s

Elapsed run time = 0.2599 s

Elapsed run time = 0.2612 s
Starting simulation: d=0.3 um, N_top=3, N_bottom=3, material=Phosphorene_tuned, resolution=40, nmax=3, theta=94.0, eps_bg=2.1, config=all, stepped_sieve=False, corrugated=True
Parallel configuration: 128 processes running 108 parallel moment partitions.

Elapsed run time = 0.2702 s

Elapsed run time = 0.2716 s

Elapsed run time = 0.2719 s

Elapsed run time = 0.2613 s

Elapsed run time = 0.2753 s

Elapsed run time = 0.2791 s

Elapsed run time = 1527.7366 s

Elapsed run time = 1553.9705 s

Elapsed run time = 1554.5753 s

Elapsed run time = 1556.4512 s

Elapsed run time = 2202.9521 s

Elapsed run time = 2203.4380 s

Elapsed run time = 2211.2209 s

Elapsed run time = 2215.4641 s

Elapsed run time = 2223.8722 s

Elapsed run time = 2235.9499 s

Elapsed run time = 2239.1621 s

Elapsed run time = 2248.8350 s
  [BOTH][Rank 0] Done moment 1/1 (task 0): force_integral=-1.363736e-03

Elapsed run time = 5256.0612 s

Elapsed run time = 5258.0973 s

Elapsed run time = 5271.3414 s

Elapsed run time = 5273.6061 s

Elapsed run time = 5274.1363 s

Elapsed run time = 5279.1578 s

Elapsed run time = 5279.6659 s

Elapsed run time = 5285.7134 s

Elapsed run time = 5287.1765 s

Elapsed run time = 5288.0547 s

Elapsed run time = 5289.5947 s

Elapsed run time = 5289.6379 s

Elapsed run time = 5291.1888 s

Elapsed run time = 5292.4008 s

Elapsed run time = 5294.6082 s

Elapsed run time = 5295.1637 s

Elapsed run time = 5297.1380 s

Elapsed run time = 5297.6785 s

Elapsed run time = 5298.1680 s

Elapsed run time = 5298.6445 s

Elapsed run time = 5298.8118 s

Elapsed run time = 5300.7344 s

Elapsed run time = 5301.1462 s

Elapsed run time = 5301.6194 s

Elapsed run time = 5301.7740 s

Elapsed run time = 5302.1057 s

Elapsed run time = 5302.6298 s

Elapsed run time = 5303.7693 s

Elapsed run time = 5303.8830 s

Elapsed run time = 5304.3947 s

Elapsed run time = 5304.8375 s

Elapsed run time = 5304.9330 s

Elapsed run time = 5306.0356 s

Elapsed run time = 5306.2910 s

Elapsed run time = 5307.9563 s

Elapsed run time = 5308.5124 s

Elapsed run time = 5310.1490 s

Elapsed run time = 5310.5907 s

Elapsed run time = 5311.9204 s

Elapsed run time = 5312.2205 s

Elapsed run time = 5314.7438 s

Elapsed run time = 5314.7645 s

Elapsed run time = 5315.2153 s
  [SELF][Rank 0] Done moment 1/1 (task 0): force_integral=-6.762771e-05

Elapsed run time = 5316.1970 s

Elapsed run time = 5316.2054 s

Elapsed run time = 5316.8113 s

Elapsed run time = 5319.1961 s

Elapsed run time = 5320.8393 s

Elapsed run time = 5321.7285 s

Elapsed run time = 5323.0906 s

Elapsed run time = 5323.3029 s

Elapsed run time = 5324.5803 s

Elapsed run time = 5328.2465 s

Elapsed run time = 5329.0892 s

Elapsed run time = 5329.5163 s

Elapsed run time = 5329.7017 s

Elapsed run time = 5329.8302 s

Elapsed run time = 5330.8738 s

Elapsed run time = 5331.1633 s

Elapsed run time = 5333.1776 s

Elapsed run time = 5333.9673 s

Elapsed run time = 5334.0963 s

Elapsed run time = 5334.6410 s

Elapsed run time = 5335.3200 s

Elapsed run time = 5335.3522 s

Elapsed run time = 5335.3876 s

Elapsed run time = 5335.5718 s

Elapsed run time = 5335.6780 s

Elapsed run time = 5336.0032 s

Elapsed run time = 5336.3393 s

Elapsed run time = 5336.4279 s

Elapsed run time = 5336.5809 s

Elapsed run time = 5336.9164 s

Elapsed run time = 5338.7078 s

Elapsed run time = 5339.0122 s

Elapsed run time = 5340.0639 s

Elapsed run time = 5340.0753 s

Elapsed run time = 5340.6146 s

Elapsed run time = 5340.9923 s

Elapsed run time = 5341.2455 s

Elapsed run time = 5341.4106 s

Elapsed run time = 5341.7087 s

Elapsed run time = 5342.0217 s

Elapsed run time = 5342.6135 s

Elapsed run time = 5343.2215 s

Elapsed run time = 5343.8379 s

Elapsed run time = 5344.4817 s

Elapsed run time = 5345.0755 s

Elapsed run time = 5345.2764 s

Elapsed run time = 5345.8803 s

Elapsed run time = 5347.2210 s

Elapsed run time = 5350.4000 s

Elapsed run time = 5351.0668 s

Elapsed run time = 5352.9464 s

Elapsed run time = 5353.5776 s
Simulation complete. Subtracted force: -4.340520e-02. Saved to .tmp/meep_d_0.3000_N_3_corrugated_al_80.0_Nbot_3_Phosphorene_tuned_res_40_theta_94.0_eps_2.1_L_2.00.json

Elapsed run time = 5362.9798 s
Task 167 complete at Fri Sep 11 09:55:20 AM EDT 2026.
