==================================================
SLURM ARRAY TASK ID: 138 / 224
Running on node: x1002c3s3b0n0
Start time: Fri Sep 11 07:25:35 AM EDT 2026
==================================================
Reading parameters from sweep_configs_sweet_spot/config_138.json...
Executing 3D FDTD Simulation: Alpha=80.0 deg, Theta=86.0 deg, d=0.25 um, L=2.0 um, Res=40...
Starting simulation: d=0.25 um, N_top=3, N_bottom=3, material=Phosphorene_tuned, resolution=40, nmax=3, theta=86.0, eps_bg=2.1, config=all, stepped_sieve=False, corrugated=True
Parallel configuration: 128 processes running 108 parallel moment partitions.

Elapsed run time = 0.0562 s

Elapsed run time = 0.0610 s

Elapsed run time = 0.0630 s

Elapsed run time = 0.0682 s

Elapsed run time = 0.0690 s

Elapsed run time = 0.0692 s

Elapsed run time = 0.0712 s

Elapsed run time = 0.0711 s

Elapsed run time = 0.0740 s

Elapsed run time = 0.0720 s

Elapsed run time = 0.0852 s

Elapsed run time = 0.0882 s

Elapsed run time = 0.0869 s

Elapsed run time = 0.0896 s

Elapsed run time = 0.0874 s

Elapsed run time = 0.0900 s

Elapsed run time = 0.0912 s

Elapsed run time = 0.0924 s

Elapsed run time = 0.0919 s

Elapsed run time = 0.0932 s

Elapsed run time = 1497.1614 s

Elapsed run time = 1498.5856 s

Elapsed run time = 1524.4023 s

Elapsed run time = 1526.5168 s

Elapsed run time = 2172.7361 s

Elapsed run time = 2174.4798 s

Elapsed run time = 2178.8459 s

Elapsed run time = 2179.2329 s

Elapsed run time = 2188.0788 s

Elapsed run time = 2195.5632 s

Elapsed run time = 2202.0265 s

Elapsed run time = 2206.7649 s
  [BOTH][Rank 0] Done moment 1/1 (task 0): force_integral=-1.971030e-03

Elapsed run time = 5128.8557 s

Elapsed run time = 5163.7855 s

Elapsed run time = 5176.1532 s

Elapsed run time = 5180.7663 s

Elapsed run time = 5182.1503 s

Elapsed run time = 5182.3460 s

Elapsed run time = 5185.7969 s

Elapsed run time = 5188.9342 s

Elapsed run time = 5192.0607 s

Elapsed run time = 5192.0756 s

Elapsed run time = 5193.0853 s

Elapsed run time = 5195.6099 s

Elapsed run time = 5195.6415 s

Elapsed run time = 5196.3148 s

Elapsed run time = 5196.5133 s

Elapsed run time = 5197.0398 s

Elapsed run time = 5197.0628 s

Elapsed run time = 5197.0933 s

Elapsed run time = 5197.2065 s

Elapsed run time = 5198.6791 s

Elapsed run time = 5199.9495 s

Elapsed run time = 5200.5563 s

Elapsed run time = 5201.5706 s

Elapsed run time = 5201.6170 s

Elapsed run time = 5202.1986 s

Elapsed run time = 5202.6420 s

Elapsed run time = 5202.9408 s

Elapsed run time = 5205.1249 s

Elapsed run time = 5206.8729 s
  [SELF][Rank 0] Done moment 1/1 (task 0): force_integral=-6.301186e-05

Elapsed run time = 5210.2206 s

Elapsed run time = 5213.4104 s

Elapsed run time = 5213.5268 s

Elapsed run time = 5213.6806 s

Elapsed run time = 5214.6438 s

Elapsed run time = 5214.7612 s

Elapsed run time = 5216.8590 s

Elapsed run time = 5218.3524 s

Elapsed run time = 5218.8014 s

Elapsed run time = 5219.3262 s

Elapsed run time = 5219.5960 s

Elapsed run time = 5221.2727 s

Elapsed run time = 5221.6873 s

Elapsed run time = 5221.7402 s

Elapsed run time = 5224.5063 s

Elapsed run time = 5224.5307 s

Elapsed run time = 5224.8613 s

Elapsed run time = 5225.4639 s

Elapsed run time = 5225.4876 s

Elapsed run time = 5225.7520 s

Elapsed run time = 5227.3282 s

Elapsed run time = 5228.8005 s

Elapsed run time = 5229.2252 s

Elapsed run time = 5229.2760 s

Elapsed run time = 5229.3065 s

Elapsed run time = 5230.0073 s

Elapsed run time = 5232.6715 s

Elapsed run time = 5234.4917 s

Elapsed run time = 5234.4989 s

Elapsed run time = 5234.6678 s

Elapsed run time = 5234.7606 s

Elapsed run time = 5234.9416 s

Elapsed run time = 5236.3427 s

Elapsed run time = 5237.8012 s

Elapsed run time = 5238.8486 s

Elapsed run time = 5239.3673 s

Elapsed run time = 5239.8492 s

Elapsed run time = 5240.9290 s

Elapsed run time = 5242.1794 s

Elapsed run time = 5242.6288 s

Elapsed run time = 5242.7094 s

Elapsed run time = 5242.8858 s

Elapsed run time = 5243.0854 s

Elapsed run time = 5243.7134 s

Elapsed run time = 5243.8796 s

Elapsed run time = 5244.6921 s

Elapsed run time = 5244.7590 s

Elapsed run time = 5244.8094 s

Elapsed run time = 5245.2480 s

Elapsed run time = 5245.2492 s

Elapsed run time = 5245.5867 s

Elapsed run time = 5245.6090 s

Elapsed run time = 5246.1819 s

Elapsed run time = 5246.2492 s

Elapsed run time = 5250.6780 s

Elapsed run time = 5252.1331 s

Elapsed run time = 5252.9378 s

Elapsed run time = 5253.1560 s

Elapsed run time = 5254.2056 s

Elapsed run time = 5254.7575 s

Elapsed run time = 5255.7469 s

Elapsed run time = 5256.0498 s

Elapsed run time = 5256.6106 s

Elapsed run time = 5257.1824 s

Elapsed run time = 5257.9904 s

Elapsed run time = 5259.3093 s
Simulation complete. Subtracted force: -7.782973e-02. Saved to .tmp/meep_d_0.2500_N_3_corrugated_al_80.0_Nbot_3_Phosphorene_tuned_res_40_theta_86.0_eps_2.1_L_2.00.json

Elapsed run time = 5259.9803 s
Task 138 complete at Fri Sep 11 08:53:20 AM EDT 2026.
