==================================================
SLURM ARRAY TASK ID: 47 / 224
Running on node: x1001c6s3b0n0
Start time: Thu Sep 10 03:36:00 PM EDT 2026
==================================================
Reading parameters from sweep_configs_sweet_spot/config_047.json...
Executing 3D FDTD Simulation: Alpha=70.0 deg, Theta=92.0 deg, d=0.25 um, L=2.0 um, Res=40...

Elapsed run time = 0.0243 s

Elapsed run time = 0.0249 s

Elapsed run time = 0.0248 s

Elapsed run time = 0.0249 s

Elapsed run time = 0.0248 s

Elapsed run time = 0.0248 s

Elapsed run time = 0.0248 s

Elapsed run time = 0.0249 s

Elapsed run time = 0.0247 s

Elapsed run time = 0.0248 s

Elapsed run time = 0.0247 s

Elapsed run time = 0.0250 s

Elapsed run time = 0.0248 s

Elapsed run time = 0.0251 s

Elapsed run time = 0.0251 s

Elapsed run time = 0.0248 s

Elapsed run time = 0.0248 s

Elapsed run time = 0.0249 s

Elapsed run time = 0.0252 s

Elapsed run time = 0.0250 s

Elapsed run time = 1492.6701 s

Elapsed run time = 1505.2735 s

Elapsed run time = 1519.7913 s

Elapsed run time = 1528.0298 s

Elapsed run time = 2139.5880 s

Elapsed run time = 2169.6494 s

Elapsed run time = 2169.9541 s

Elapsed run time = 2170.1856 s

Elapsed run time = 2188.7021 s

Elapsed run time = 2194.4776 s

Elapsed run time = 2198.7637 s

Elapsed run time = 2205.2756 s
Starting simulation: d=0.25 um, N_top=3, N_bottom=3, material=Phosphorene_tuned, resolution=40, nmax=3, theta=92.0, eps_bg=2.1, config=all, stepped_sieve=False, corrugated=True
Parallel configuration: 128 processes running 108 parallel moment partitions.
  [BOTH][Rank 0] Done moment 1/1 (task 0): force_integral=-2.220674e-03

Elapsed run time = 5180.5773 s

Elapsed run time = 5181.0621 s

Elapsed run time = 5182.7859 s

Elapsed run time = 5183.2614 s

Elapsed run time = 5186.5456 s

Elapsed run time = 5190.9767 s

Elapsed run time = 5191.6780 s

Elapsed run time = 5192.6273 s

Elapsed run time = 5195.7320 s

Elapsed run time = 5197.2999 s

Elapsed run time = 5197.4258 s

Elapsed run time = 5200.3303 s

Elapsed run time = 5202.0057 s

Elapsed run time = 5202.5869 s

Elapsed run time = 5202.6019 s

Elapsed run time = 5203.2741 s

Elapsed run time = 5203.4203 s

Elapsed run time = 5203.4482 s

Elapsed run time = 5204.7380 s

Elapsed run time = 5205.6216 s

Elapsed run time = 5206.5012 s

Elapsed run time = 5206.5124 s

Elapsed run time = 5206.9623 s

Elapsed run time = 5207.4104 s

Elapsed run time = 5207.8151 s

Elapsed run time = 5207.9592 s

Elapsed run time = 5211.1000 s

Elapsed run time = 5212.3606 s

Elapsed run time = 5212.8044 s

Elapsed run time = 5213.4930 s

Elapsed run time = 5213.9567 s

Elapsed run time = 5215.2049 s

Elapsed run time = 5215.3448 s

Elapsed run time = 5215.3498 s

Elapsed run time = 5215.7875 s

Elapsed run time = 5216.1657 s

Elapsed run time = 5216.9933 s

Elapsed run time = 5217.8187 s
  [SELF][Rank 0] Done moment 1/1 (task 0): force_integral=-2.076726e-04

Elapsed run time = 5220.8289 s

Elapsed run time = 5220.9676 s

Elapsed run time = 5222.0389 s

Elapsed run time = 5222.2776 s

Elapsed run time = 5223.4947 s

Elapsed run time = 5223.5679 s

Elapsed run time = 5224.7363 s

Elapsed run time = 5225.2734 s

Elapsed run time = 5225.8479 s

Elapsed run time = 5225.9116 s

Elapsed run time = 5226.8128 s

Elapsed run time = 5227.2873 s

Elapsed run time = 5227.3415 s

Elapsed run time = 5230.7581 s

Elapsed run time = 5233.5248 s

Elapsed run time = 5234.9801 s

Elapsed run time = 5235.4367 s

Elapsed run time = 5238.4466 s

Elapsed run time = 5238.8518 s

Elapsed run time = 5239.1881 s

Elapsed run time = 5239.2385 s

Elapsed run time = 5239.5218 s

Elapsed run time = 5239.9296 s

Elapsed run time = 5240.0202 s

Elapsed run time = 5240.2146 s

Elapsed run time = 5240.2401 s

Elapsed run time = 5242.1619 s

Elapsed run time = 5242.1860 s

Elapsed run time = 5244.1265 s

Elapsed run time = 5244.4707 s

Elapsed run time = 5244.6544 s

Elapsed run time = 5244.7608 s

Elapsed run time = 5244.8017 s

Elapsed run time = 5244.8817 s

Elapsed run time = 5244.9482 s

Elapsed run time = 5244.9723 s

Elapsed run time = 5245.0908 s

Elapsed run time = 5245.2285 s

Elapsed run time = 5245.3396 s

Elapsed run time = 5245.6959 s

Elapsed run time = 5246.7514 s

Elapsed run time = 5247.6406 s

Elapsed run time = 5248.0358 s

Elapsed run time = 5248.0478 s

Elapsed run time = 5248.4419 s

Elapsed run time = 5249.5321 s

Elapsed run time = 5249.9002 s

Elapsed run time = 5250.5309 s

Elapsed run time = 5250.8231 s

Elapsed run time = 5250.8641 s

Elapsed run time = 5251.0145 s

Elapsed run time = 5253.4827 s

Elapsed run time = 5255.8274 s

Elapsed run time = 5256.4535 s

Elapsed run time = 5258.2414 s

Elapsed run time = 5259.5046 s

Elapsed run time = 5260.3970 s
Simulation complete. Subtracted force: -7.105963e-02. Saved to .tmp/meep_d_0.2500_N_3_corrugated_Nbot_3_Phosphorene_tuned_res_40_theta_92.0_eps_2.1_L_2.00.json

Elapsed run time = 5263.2797 s
Task 47 complete at Thu Sep 10 05:03:57 PM EDT 2026.
