==================================================
SLURM ARRAY TASK ID: 210 / 224
Running on node: x1002c5s1b1n1
Start time: Thu Sep 10 08:19:09 PM EDT 2026
==================================================
Reading parameters from sweep_configs_sweet_spot/config_210.json...
Executing 3D FDTD Simulation: Alpha=85.0 deg, Theta=90.0 deg, d=0.35 um, L=2.0 um, Res=40...

Elapsed run time = 0.0117 s

Elapsed run time = 0.0116 s

Elapsed run time = 0.0116 s

Elapsed run time = 0.0116 s

Elapsed run time = 0.0115 s

Elapsed run time = 0.0101 s

Elapsed run time = 0.0101 s

Elapsed run time = 0.0102 s

Elapsed run time = 0.0120 s

Elapsed run time = 0.0117 s

Elapsed run time = 0.0118 s

Elapsed run time = 0.0105 s

Elapsed run time = 0.0093 s

Elapsed run time = 0.0105 s

Elapsed run time = 0.0117 s

Elapsed run time = 0.0117 s

Elapsed run time = 0.0119 s

Elapsed run time = 0.0118 s

Elapsed run time = 0.0102 s

Elapsed run time = 0.0118 s

Elapsed run time = 0.0119 s

Elapsed run time = 0.0121 s

Elapsed run time = 0.0118 s

Elapsed run time = 0.0073 s

Elapsed run time = 0.0075 s

Elapsed run time = 0.0074 s

Elapsed run time = 0.0097 s

Elapsed run time = 0.0074 s

Elapsed run time = 0.0076 s

Elapsed run time = 0.0078 s

Elapsed run time = 0.0050 s

Elapsed run time = 0.0118 s

Elapsed run time = 0.0045 s

Elapsed run time = 0.0051 s

Elapsed run time = 0.0042 s

Elapsed run time = 0.0116 s

Elapsed run time = 0.0046 s

Elapsed run time = 0.0075 s

Elapsed run time = 0.0119 s

Elapsed run time = 0.0041 s

Elapsed run time = 0.0054 s

Elapsed run time = 0.0068 s

Elapsed run time = 0.0047 s

Elapsed run time = 0.0046 s

Elapsed run time = 0.0039 s

Elapsed run time = 0.0054 s

Elapsed run time = 0.0050 s

Elapsed run time = 0.0055 s

Elapsed run time = 0.0055 s

Elapsed run time = 0.0057 s

Elapsed run time = 0.0050 s

Elapsed run time = 0.0053 s

Elapsed run time = 0.0042 s

Elapsed run time = 0.0046 s

Elapsed run time = 0.0050 s

Elapsed run time = 0.0049 s

Elapsed run time = 0.0050 s

Elapsed run time = 0.0051 s

Elapsed run time = 0.0059 s

Elapsed run time = 0.0056 s

Elapsed run time = 0.0057 s

Elapsed run time = 0.0056 s

Elapsed run time = 0.0058 s

Elapsed run time = 0.0047 s

Elapsed run time = 0.0060 s

Elapsed run time = 0.0050 s

Elapsed run time = 0.0048 s

Elapsed run time = 0.0053 s

Elapsed run time = 0.0056 s

Elapsed run time = 0.0061 s

Elapsed run time = 0.0062 s

Elapsed run time = 0.0063 s

Elapsed run time = 0.0061 s

Elapsed run time = 0.0066 s

Elapsed run time = 0.0043 s

Elapsed run time = 0.0048 s

Elapsed run time = 0.0049 s

Elapsed run time = 0.0047 s

Elapsed run time = 0.0055 s

Elapsed run time = 0.0052 s

Elapsed run time = 0.0048 s

Elapsed run time = 0.0050 s

Elapsed run time = 0.0047 s

Elapsed run time = 0.0056 s

Elapsed run time = 0.0044 s

Elapsed run time = 0.0060 s

Elapsed run time = 0.0056 s

Elapsed run time = 0.0057 s

Elapsed run time = 0.0060 s

Elapsed run time = 0.0056 s

Elapsed run time = 0.0049 s

Elapsed run time = 0.0046 s

Elapsed run time = 0.0047 s

Elapsed run time = 0.0044 s

Elapsed run time = 0.0054 s

Elapsed run time = 0.0045 s

Elapsed run time = 0.0052 s

Elapsed run time = 0.0050 s

Elapsed run time = 0.0048 s

Elapsed run time = 0.0048 s

Elapsed run time = 0.0052 s

Elapsed run time = 0.0063 s

Elapsed run time = 0.0048 s

Elapsed run time = 0.0053 s

Elapsed run time = 0.0049 s

Elapsed run time = 0.0054 s

Elapsed run time = 0.0052 s

Elapsed run time = 0.0061 s

Elapsed run time = 0.0043 s

Elapsed run time = 0.0042 s

Elapsed run time = 0.0046 s

Elapsed run time = 0.0049 s

Elapsed run time = 0.0041 s

Elapsed run time = 0.0055 s

Elapsed run time = 0.0051 s

Elapsed run time = 0.0053 s

Elapsed run time = 0.0060 s

Elapsed run time = 0.0056 s

Elapsed run time = 0.0051 s

Elapsed run time = 0.0057 s

Elapsed run time = 0.0058 s

Elapsed run time = 0.0052 s

Elapsed run time = 0.0057 s

Elapsed run time = 0.0056 s

Elapsed run time = 0.0057 s
Starting simulation: d=0.35 um, N_top=3, N_bottom=3, material=Phosphorene_tuned, resolution=40, nmax=3, theta=90.0, eps_bg=2.1, config=all, stepped_sieve=False, corrugated=True
Parallel configuration: 128 processes running 108 parallel moment partitions.
Task already complete! Found cached result in .tmp/meep_d_0.3500_N_3_corrugated_Nbot_3_Phosphorene_tuned_res_40_theta_90.0_eps_2.1_L_2.00.json (F_sub=-1.649879e-02). Skipping.

Elapsed run time = 0.0065 s

Elapsed run time = 0.0059 s

Elapsed run time = 0.0054 s
Task 210 complete at Thu Sep 10 08:19:13 PM EDT 2026.
