==================================================
SLURM ARRAY TASK ID: 125 / 224
Running on node: x1002c3s7b0n1
Start time: Fri Sep 11 06:43:22 AM EDT 2026
==================================================
Reading parameters from sweep_configs_sweet_spot/config_125.json...
Executing 3D FDTD Simulation: Alpha=80.0 deg, Theta=82.0 deg, d=0.3 um, L=2.0 um, Res=40...
Starting simulation: d=0.3 um, N_top=3, N_bottom=3, material=Phosphorene_tuned, resolution=40, nmax=3, theta=82.0, eps_bg=2.1, config=all, stepped_sieve=False, corrugated=True
Parallel configuration: 128 processes running 108 parallel moment partitions.

Elapsed run time = 0.0991 s

Elapsed run time = 0.1019 s

Elapsed run time = 0.1026 s

Elapsed run time = 0.1033 s

Elapsed run time = 0.1036 s

Elapsed run time = 0.1044 s

Elapsed run time = 0.1049 s

Elapsed run time = 0.1063 s

Elapsed run time = 0.1078 s

Elapsed run time = 0.1098 s

Elapsed run time = 0.1280 s

Elapsed run time = 0.1307 s

Elapsed run time = 0.1322 s

Elapsed run time = 0.1335 s

Elapsed run time = 0.1351 s

Elapsed run time = 0.1355 s

Elapsed run time = 0.1364 s

Elapsed run time = 0.1365 s

Elapsed run time = 0.1378 s

Elapsed run time = 0.1388 s

Elapsed run time = 1544.6054 s

Elapsed run time = 1575.5460 s

Elapsed run time = 1596.2782 s

Elapsed run time = 1605.1857 s

Elapsed run time = 2279.4912 s

Elapsed run time = 2280.0431 s

Elapsed run time = 2286.8844 s

Elapsed run time = 2286.9730 s

Elapsed run time = 2299.1733 s

Elapsed run time = 2307.6284 s

Elapsed run time = 2313.0257 s

Elapsed run time = 2321.4915 s
  [BOTH][Rank 0] Done moment 1/1 (task 0): force_integral=-1.148961e-03

Elapsed run time = 5429.4579 s

Elapsed run time = 5445.9697 s

Elapsed run time = 5449.6584 s

Elapsed run time = 5452.3029 s

Elapsed run time = 5453.3436 s

Elapsed run time = 5453.6457 s

Elapsed run time = 5463.3830 s

Elapsed run time = 5464.0498 s

Elapsed run time = 5464.1491 s

Elapsed run time = 5466.5177 s

Elapsed run time = 5467.0406 s

Elapsed run time = 5468.3174 s

Elapsed run time = 5468.4959 s

Elapsed run time = 5468.8079 s

Elapsed run time = 5470.0781 s

Elapsed run time = 5474.1525 s

Elapsed run time = 5475.3879 s

Elapsed run time = 5475.6597 s

Elapsed run time = 5475.9997 s

Elapsed run time = 5478.4109 s

Elapsed run time = 5478.8679 s

Elapsed run time = 5480.5812 s

Elapsed run time = 5480.9036 s

Elapsed run time = 5481.5589 s

Elapsed run time = 5482.6334 s

Elapsed run time = 5483.0492 s

Elapsed run time = 5483.1669 s

Elapsed run time = 5483.9088 s

Elapsed run time = 5485.2335 s

Elapsed run time = 5485.2530 s

Elapsed run time = 5485.2730 s

Elapsed run time = 5486.0993 s

Elapsed run time = 5486.1236 s

Elapsed run time = 5486.1554 s

Elapsed run time = 5486.7433 s

Elapsed run time = 5486.9490 s

Elapsed run time = 5487.3112 s

Elapsed run time = 5487.7758 s

Elapsed run time = 5488.9619 s

Elapsed run time = 5490.8635 s

Elapsed run time = 5491.0281 s

Elapsed run time = 5491.5702 s

Elapsed run time = 5493.2384 s
  [SELF][Rank 0] Done moment 1/1 (task 0): force_integral=+1.088768e-04

Elapsed run time = 5493.6159 s

Elapsed run time = 5494.4677 s

Elapsed run time = 5494.6219 s

Elapsed run time = 5495.9581 s

Elapsed run time = 5501.1988 s

Elapsed run time = 5501.7174 s

Elapsed run time = 5502.4259 s

Elapsed run time = 5504.7236 s

Elapsed run time = 5505.1290 s

Elapsed run time = 5505.1906 s

Elapsed run time = 5508.5335 s

Elapsed run time = 5509.2641 s

Elapsed run time = 5510.3639 s

Elapsed run time = 5511.0264 s

Elapsed run time = 5512.1138 s

Elapsed run time = 5512.1427 s

Elapsed run time = 5513.0369 s

Elapsed run time = 5514.0490 s

Elapsed run time = 5514.9474 s

Elapsed run time = 5514.9727 s

Elapsed run time = 5515.2796 s

Elapsed run time = 5515.5066 s

Elapsed run time = 5516.3745 s

Elapsed run time = 5516.6187 s

Elapsed run time = 5517.3341 s

Elapsed run time = 5517.3882 s

Elapsed run time = 5517.6293 s

Elapsed run time = 5517.6889 s

Elapsed run time = 5517.9543 s

Elapsed run time = 5518.7341 s

Elapsed run time = 5518.7722 s

Elapsed run time = 5518.8700 s

Elapsed run time = 5519.4594 s

Elapsed run time = 5519.9020 s

Elapsed run time = 5521.8560 s

Elapsed run time = 5522.0423 s

Elapsed run time = 5522.1562 s

Elapsed run time = 5522.7688 s

Elapsed run time = 5522.8709 s

Elapsed run time = 5523.1274 s

Elapsed run time = 5525.5833 s

Elapsed run time = 5525.8845 s

Elapsed run time = 5526.9946 s

Elapsed run time = 5527.2613 s

Elapsed run time = 5527.4618 s

Elapsed run time = 5527.5268 s

Elapsed run time = 5527.5445 s

Elapsed run time = 5528.0477 s

Elapsed run time = 5528.3274 s

Elapsed run time = 5528.7221 s

Elapsed run time = 5530.2904 s

Elapsed run time = 5532.3196 s
Simulation complete. Subtracted force: -4.307237e-02. Saved to .tmp/meep_d_0.3000_N_3_corrugated_al_80.0_Nbot_3_Phosphorene_tuned_res_40_theta_82.0_eps_2.1_L_2.00.json

Elapsed run time = 5532.8894 s
Task 125 complete at Fri Sep 11 08:15:43 AM EDT 2026.
