/N/u/gogordon/BigRed200/.conda/envs/meep/lib/python3.13/site-packages/meep/simulation.py:6269: RuntimeWarning: quiet has been deprecated; use the Verbosity class instead
  warnings.warn(
/N/u/gogordon/BigRed200/.conda/envs/meep/lib/python3.13/site-packages/meep/simulation.py:6269: RuntimeWarning: quiet has been deprecated; use the Verbosity class instead
  warnings.warn(
/N/u/gogordon/BigRed200/.conda/envs/meep/lib/python3.13/site-packages/meep/simulation.py:6269: RuntimeWarning: quiet has been deprecated; use the Verbosity class instead
  warnings.warn(
/N/u/gogordon/BigRed200/.conda/envs/meep/lib/python3.13/site-packages/meep/simulation.py:6269: RuntimeWarning: quiet has been deprecated; use the Verbosity class instead
  warnings.warn(
/N/u/gogordon/BigRed200/.conda/envs/meep/lib/python3.13/site-packages/meep/simulation.py:6269: RuntimeWarning: quiet has been deprecated; use the Verbosity class instead
  warnings.warn(
/N/u/gogordon/BigRed200/.conda/envs/meep/lib/python3.13/site-packages/meep/simulation.py:6269: RuntimeWarning: quiet has been deprecated; use the Verbosity class instead
  warnings.warn(
/N/u/gogordon/BigRed200/.conda/envs/meep/lib/python3.13/site-packages/meep/simulation.py:6269: RuntimeWarning: quiet has been deprecated; use the Verbosity class instead
  warnings.warn(
/N/u/gogordon/BigRed200/.conda/envs/meep/lib/python3.13/site-packages/meep/simulation.py:6269: RuntimeWarning: quiet has been deprecated; use the Verbosity class instead
  warnings.warn(
/N/u/gogordon/BigRed200/.conda/envs/meep/lib/python3.13/site-packages/meep/simulation.py:6269: RuntimeWarning: quiet has been deprecated; use the Verbosity class instead
  warnings.warn(
/N/u/gogordon/BigRed200/.conda/envs/meep/lib/python3.13/site-packages/meep/simulation.py:6269: RuntimeWarning: quiet has been deprecated; use the Verbosity class instead
  warnings.warn(
/N/u/gogordon/BigRed200/.conda/envs/meep/lib/python3.13/site-packages/meep/simulation.py:6269: RuntimeWarning: quiet has been deprecated; use the Verbosity class instead
  warnings.warn(
/N/u/gogordon/BigRed200/.conda/envs/meep/lib/python3.13/site-packages/meep/simulation.py:6269: RuntimeWarning: quiet has been deprecated; use the Verbosity class instead
  warnings.warn(
/N/u/gogordon/BigRed200/.conda/envs/meep/lib/python3.13/site-packages/meep/simulation.py:6269: RuntimeWarning: quiet has been deprecated; use the Verbosity class instead
  warnings.warn(
/N/u/gogordon/BigRed200/.conda/envs/meep/lib/python3.13/site-packages/meep/simulation.py:6269: RuntimeWarning: quiet has been deprecated; use the Verbosity class instead
  warnings.warn(
/N/u/gogordon/BigRed200/.conda/envs/meep/lib/python3.13/site-packages/meep/simulation.py:6269: RuntimeWarning: quiet has been deprecated; use the Verbosity class instead
  warnings.warn(
/N/u/gogordon/BigRed200/.conda/envs/meep/lib/python3.13/site-packages/meep/simulation.py:6269: RuntimeWarning: quiet has been deprecated; use the Verbosity class instead
  warnings.warn(
/N/u/gogordon/BigRed200/.conda/envs/meep/lib/python3.13/site-packages/meep/simulation.py:6269: RuntimeWarning: quiet has been deprecated; use the Verbosity class instead
  warnings.warn(
/N/u/gogordon/BigRed200/.conda/envs/meep/lib/python3.13/site-packages/meep/simulation.py:6269: RuntimeWarning: quiet has been deprecated; use the Verbosity class instead
  warnings.warn(
/N/u/gogordon/BigRed200/.conda/envs/meep/lib/python3.13/site-packages/meep/simulation.py:6269: RuntimeWarning: quiet has been deprecated; use the Verbosity class instead
  warnings.warn(
/N/u/gogordon/BigRed200/.conda/envs/meep/lib/python3.13/site-packages/meep/simulation.py:6269: RuntimeWarning: quiet has been deprecated; use the Verbosity class instead
  warnings.warn(
/N/u/gogordon/BigRed200/.conda/envs/meep/lib/python3.13/site-packages/meep/simulation.py:6269: RuntimeWarning: quiet has been deprecated; use the Verbosity class instead
  warnings.warn(
/N/u/gogordon/BigRed200/.conda/envs/meep/lib/python3.13/site-packages/meep/simulation.py:6269: RuntimeWarning: quiet has been deprecated; use the Verbosity class instead
  warnings.warn(
/N/u/gogordon/BigRed200/.conda/envs/meep/lib/python3.13/site-packages/meep/simulation.py:6269: RuntimeWarning: quiet has been deprecated; use the Verbosity class instead
  warnings.warn(
/N/u/gogordon/BigRed200/.conda/envs/meep/lib/python3.13/site-packages/meep/simulation.py:6269: RuntimeWarning: quiet has been deprecated; use the Verbosity class instead
  warnings.warn(
/N/u/gogordon/BigRed200/.conda/envs/meep/lib/python3.13/site-packages/meep/simulation.py:6269: RuntimeWarning: quiet has been deprecated; use the Verbosity class instead
  warnings.warn(
/N/u/gogordon/BigRed200/.conda/envs/meep/lib/python3.13/site-packages/meep/simulation.py:6269: RuntimeWarning: quiet has been deprecated; use the Verbosity class instead
  warnings.warn(
/N/u/gogordon/BigRed200/.conda/envs/meep/lib/python3.13/site-packages/meep/simulation.py:6269: RuntimeWarning: quiet has been deprecated; use the Verbosity class instead
  warnings.warn(
/N/u/gogordon/BigRed200/.conda/envs/meep/lib/python3.13/site-packages/meep/simulation.py:6269: RuntimeWarning: quiet has been deprecated; use the Verbosity class instead
  warnings.warn(
/N/u/gogordon/BigRed200/.conda/envs/meep/lib/python3.13/site-packages/meep/simulation.py:6269: RuntimeWarning: quiet has been deprecated; use the Verbosity class instead
  warnings.warn(
/N/u/gogordon/BigRed200/.conda/envs/meep/lib/python3.13/site-packages/meep/simulation.py:6269: RuntimeWarning: quiet has been deprecated; use the Verbosity class instead
  warnings.warn(
/N/u/gogordon/BigRed200/.conda/envs/meep/lib/python3.13/site-packages/meep/simulation.py:6269: RuntimeWarning: quiet has been deprecated; use the Verbosity class instead
  warnings.warn(
/N/u/gogordon/BigRed200/.conda/envs/meep/lib/python3.13/site-packages/meep/simulation.py:6269: RuntimeWarning: quiet has been deprecated; use the Verbosity class instead
  warnings.warn(
/N/u/gogordon/BigRed200/.conda/envs/meep/lib/python3.13/site-packages/meep/simulation.py:6269: RuntimeWarning: quiet has been deprecated; use the Verbosity class instead
  warnings.warn(
/N/u/gogordon/BigRed200/.conda/envs/meep/lib/python3.13/site-packages/meep/simulation.py:6269: RuntimeWarning: quiet has been deprecated; use the Verbosity class instead
  warnings.warn(
/N/u/gogordon/BigRed200/.conda/envs/meep/lib/python3.13/site-packages/meep/simulation.py:6269: RuntimeWarning: quiet has been deprecated; use the Verbosity class instead
  warnings.warn(
/N/u/gogordon/BigRed200/.conda/envs/meep/lib/python3.13/site-packages/meep/simulation.py:6269: RuntimeWarning: quiet has been deprecated; use the Verbosity class instead
  warnings.warn(
/N/u/gogordon/BigRed200/.conda/envs/meep/lib/python3.13/site-packages/meep/simulation.py:6269: RuntimeWarning: quiet has been deprecated; use the Verbosity class instead
  warnings.warn(
/N/u/gogordon/BigRed200/.conda/envs/meep/lib/python3.13/site-packages/meep/simulation.py:6269: RuntimeWarning: quiet has been deprecated; use the Verbosity class instead
  warnings.warn(
/N/u/gogordon/BigRed200/.conda/envs/meep/lib/python3.13/site-packages/meep/simulation.py:6269: RuntimeWarning: quiet has been deprecated; use the Verbosity class instead
  warnings.warn(
/N/u/gogordon/BigRed200/.conda/envs/meep/lib/python3.13/site-packages/meep/simulation.py:6269: RuntimeWarning: quiet has been deprecated; use the Verbosity class instead
  warnings.warn(
/N/u/gogordon/BigRed200/.conda/envs/meep/lib/python3.13/site-packages/meep/simulation.py:6269: RuntimeWarning: quiet has been deprecated; use the Verbosity class instead
  warnings.warn(
/N/u/gogordon/BigRed200/.conda/envs/meep/lib/python3.13/site-packages/meep/simulation.py:6269: RuntimeWarning: quiet has been deprecated; use the Verbosity class instead
  warnings.warn(
/N/u/gogordon/BigRed200/.conda/envs/meep/lib/python3.13/site-packages/meep/simulation.py:6269: RuntimeWarning: quiet has been deprecated; use the Verbosity class instead
  warnings.warn(
/N/u/gogordon/BigRed200/.conda/envs/meep/lib/python3.13/site-packages/meep/simulation.py:6269: RuntimeWarning: quiet has been deprecated; use the Verbosity class instead
  warnings.warn(
/N/u/gogordon/BigRed200/.conda/envs/meep/lib/python3.13/site-packages/meep/simulation.py:6269: RuntimeWarning: quiet has been deprecated; use the Verbosity class instead
  warnings.warn(
/N/u/gogordon/BigRed200/.conda/envs/meep/lib/python3.13/site-packages/meep/simulation.py:6269: RuntimeWarning: quiet has been deprecated; use the Verbosity class instead
  warnings.warn(
/N/u/gogordon/BigRed200/.conda/envs/meep/lib/python3.13/site-packages/meep/simulation.py:6269: RuntimeWarning: quiet has been deprecated; use the Verbosity class instead
  warnings.warn(
/N/u/gogordon/BigRed200/.conda/envs/meep/lib/python3.13/site-packages/meep/simulation.py:6269: RuntimeWarning: quiet has been deprecated; use the Verbosity class instead
  warnings.warn(
/N/u/gogordon/BigRed200/.conda/envs/meep/lib/python3.13/site-packages/meep/simulation.py:6269: RuntimeWarning: quiet has been deprecated; use the Verbosity class instead
  warnings.warn(
/N/u/gogordon/BigRed200/.conda/envs/meep/lib/python3.13/site-packages/meep/simulation.py:6269: RuntimeWarning: quiet has been deprecated; use the Verbosity class instead
  warnings.warn(
/N/u/gogordon/BigRed200/.conda/envs/meep/lib/python3.13/site-packages/meep/simulation.py:6269: RuntimeWarning: quiet has been deprecated; use the Verbosity class instead
  warnings.warn(
/N/u/gogordon/BigRed200/.conda/envs/meep/lib/python3.13/site-packages/meep/simulation.py:6269: RuntimeWarning: quiet has been deprecated; use the Verbosity class instead
  warnings.warn(
/N/u/gogordon/BigRed200/.conda/envs/meep/lib/python3.13/site-packages/meep/simulation.py:6269: RuntimeWarning: quiet has been deprecated; use the Verbosity class instead
  warnings.warn(
/N/u/gogordon/BigRed200/.conda/envs/meep/lib/python3.13/site-packages/meep/simulation.py:6269: RuntimeWarning: quiet has been deprecated; use the Verbosity class instead
  warnings.warn(
/N/u/gogordon/BigRed200/.conda/envs/meep/lib/python3.13/site-packages/meep/simulation.py:6269: RuntimeWarning: quiet has been deprecated; use the Verbosity class instead
  warnings.warn(
/N/u/gogordon/BigRed200/.conda/envs/meep/lib/python3.13/site-packages/meep/simulation.py:6269: RuntimeWarning: quiet has been deprecated; use the Verbosity class instead
  warnings.warn(
/N/u/gogordon/BigRed200/.conda/envs/meep/lib/python3.13/site-packages/meep/simulation.py:6269: RuntimeWarning: quiet has been deprecated; use the Verbosity class instead
  warnings.warn(
/N/u/gogordon/BigRed200/.conda/envs/meep/lib/python3.13/site-packages/meep/simulation.py:6269: RuntimeWarning: quiet has been deprecated; use the Verbosity class instead
  warnings.warn(
/N/u/gogordon/BigRed200/.conda/envs/meep/lib/python3.13/site-packages/meep/simulation.py:6269: RuntimeWarning: quiet has been deprecated; use the Verbosity class instead
  warnings.warn(
/N/u/gogordon/BigRed200/.conda/envs/meep/lib/python3.13/site-packages/meep/simulation.py:6269: RuntimeWarning: quiet has been deprecated; use the Verbosity class instead
  warnings.warn(
/N/u/gogordon/BigRed200/.conda/envs/meep/lib/python3.13/site-packages/meep/simulation.py:6269: RuntimeWarning: quiet has been deprecated; use the Verbosity class instead
  warnings.warn(
/N/u/gogordon/BigRed200/.conda/envs/meep/lib/python3.13/site-packages/meep/simulation.py:6269: RuntimeWarning: quiet has been deprecated; use the Verbosity class instead
  warnings.warn(
/N/u/gogordon/BigRed200/.conda/envs/meep/lib/python3.13/site-packages/meep/simulation.py:6269: RuntimeWarning: quiet has been deprecated; use the Verbosity class instead
  warnings.warn(
/N/u/gogordon/BigRed200/.conda/envs/meep/lib/python3.13/site-packages/meep/simulation.py:6269: RuntimeWarning: quiet has been deprecated; use the Verbosity class instead
  warnings.warn(
/N/u/gogordon/BigRed200/.conda/envs/meep/lib/python3.13/site-packages/meep/simulation.py:6269: RuntimeWarning: quiet has been deprecated; use the Verbosity class instead
  warnings.warn(
/N/u/gogordon/BigRed200/.conda/envs/meep/lib/python3.13/site-packages/meep/simulation.py:6269: RuntimeWarning: quiet has been deprecated; use the Verbosity class instead
  warnings.warn(
/N/u/gogordon/BigRed200/.conda/envs/meep/lib/python3.13/site-packages/meep/simulation.py:6269: RuntimeWarning: quiet has been deprecated; use the Verbosity class instead
  warnings.warn(
/N/u/gogordon/BigRed200/.conda/envs/meep/lib/python3.13/site-packages/meep/simulation.py:6269: RuntimeWarning: quiet has been deprecated; use the Verbosity class instead
  warnings.warn(
/N/u/gogordon/BigRed200/.conda/envs/meep/lib/python3.13/site-packages/meep/simulation.py:6269: RuntimeWarning: quiet has been deprecated; use the Verbosity class instead
  warnings.warn(
/N/u/gogordon/BigRed200/.conda/envs/meep/lib/python3.13/site-packages/meep/simulation.py:6269: RuntimeWarning: quiet has been deprecated; use the Verbosity class instead
  warnings.warn(
/N/u/gogordon/BigRed200/.conda/envs/meep/lib/python3.13/site-packages/meep/simulation.py:6269: RuntimeWarning: quiet has been deprecated; use the Verbosity class instead
  warnings.warn(
/N/u/gogordon/BigRed200/.conda/envs/meep/lib/python3.13/site-packages/meep/simulation.py:6269: RuntimeWarning: quiet has been deprecated; use the Verbosity class instead
  warnings.warn(
/N/u/gogordon/BigRed200/.conda/envs/meep/lib/python3.13/site-packages/meep/simulation.py:6269: RuntimeWarning: quiet has been deprecated; use the Verbosity class instead
  warnings.warn(
/N/u/gogordon/BigRed200/.conda/envs/meep/lib/python3.13/site-packages/meep/simulation.py:6269: RuntimeWarning: quiet has been deprecated; use the Verbosity class instead
  warnings.warn(
/N/u/gogordon/BigRed200/.conda/envs/meep/lib/python3.13/site-packages/meep/simulation.py:6269: RuntimeWarning: quiet has been deprecated; use the Verbosity class instead
  warnings.warn(
/N/u/gogordon/BigRed200/.conda/envs/meep/lib/python3.13/site-packages/meep/simulation.py:6269: RuntimeWarning: quiet has been deprecated; use the Verbosity class instead
  warnings.warn(
/N/u/gogordon/BigRed200/.conda/envs/meep/lib/python3.13/site-packages/meep/simulation.py:6269: RuntimeWarning: quiet has been deprecated; use the Verbosity class instead
  warnings.warn(
/N/u/gogordon/BigRed200/.conda/envs/meep/lib/python3.13/site-packages/meep/simulation.py:6269: RuntimeWarning: quiet has been deprecated; use the Verbosity class instead
  warnings.warn(
/N/u/gogordon/BigRed200/.conda/envs/meep/lib/python3.13/site-packages/meep/simulation.py:6269: RuntimeWarning: quiet has been deprecated; use the Verbosity class instead
  warnings.warn(
/N/u/gogordon/BigRed200/.conda/envs/meep/lib/python3.13/site-packages/meep/simulation.py:6269: RuntimeWarning: quiet has been deprecated; use the Verbosity class instead
  warnings.warn(
/N/u/gogordon/BigRed200/.conda/envs/meep/lib/python3.13/site-packages/meep/simulation.py:6269: RuntimeWarning: quiet has been deprecated; use the Verbosity class instead
  warnings.warn(
/N/u/gogordon/BigRed200/.conda/envs/meep/lib/python3.13/site-packages/meep/simulation.py:6269: RuntimeWarning: quiet has been deprecated; use the Verbosity class instead
  warnings.warn(
/N/u/gogordon/BigRed200/.conda/envs/meep/lib/python3.13/site-packages/meep/simulation.py:6269: RuntimeWarning: quiet has been deprecated; use the Verbosity class instead
  warnings.warn(
/N/u/gogordon/BigRed200/.conda/envs/meep/lib/python3.13/site-packages/meep/simulation.py:6269: RuntimeWarning: quiet has been deprecated; use the Verbosity class instead
  warnings.warn(
/N/u/gogordon/BigRed200/.conda/envs/meep/lib/python3.13/site-packages/meep/simulation.py:6269: RuntimeWarning: quiet has been deprecated; use the Verbosity class instead
  warnings.warn(
/N/u/gogordon/BigRed200/.conda/envs/meep/lib/python3.13/site-packages/meep/simulation.py:6269: RuntimeWarning: quiet has been deprecated; use the Verbosity class instead
  warnings.warn(
/N/u/gogordon/BigRed200/.conda/envs/meep/lib/python3.13/site-packages/meep/simulation.py:6269: RuntimeWarning: quiet has been deprecated; use the Verbosity class instead
  warnings.warn(
/N/u/gogordon/BigRed200/.conda/envs/meep/lib/python3.13/site-packages/meep/simulation.py:6269: RuntimeWarning: quiet has been deprecated; use the Verbosity class instead
  warnings.warn(
/N/u/gogordon/BigRed200/.conda/envs/meep/lib/python3.13/site-packages/meep/simulation.py:6269: RuntimeWarning: quiet has been deprecated; use the Verbosity class instead
  warnings.warn(
/N/u/gogordon/BigRed200/.conda/envs/meep/lib/python3.13/site-packages/meep/simulation.py:6269: RuntimeWarning: quiet has been deprecated; use the Verbosity class instead
  warnings.warn(
/N/u/gogordon/BigRed200/.conda/envs/meep/lib/python3.13/site-packages/meep/simulation.py:6269: RuntimeWarning: quiet has been deprecated; use the Verbosity class instead
  warnings.warn(
/N/u/gogordon/BigRed200/.conda/envs/meep/lib/python3.13/site-packages/meep/simulation.py:6269: RuntimeWarning: quiet has been deprecated; use the Verbosity class instead
  warnings.warn(
/N/u/gogordon/BigRed200/.conda/envs/meep/lib/python3.13/site-packages/meep/simulation.py:6269: RuntimeWarning: quiet has been deprecated; use the Verbosity class instead
  warnings.warn(
/N/u/gogordon/BigRed200/.conda/envs/meep/lib/python3.13/site-packages/meep/simulation.py:6269: RuntimeWarning: quiet has been deprecated; use the Verbosity class instead
  warnings.warn(
/N/u/gogordon/BigRed200/.conda/envs/meep/lib/python3.13/site-packages/meep/simulation.py:6269: RuntimeWarning: quiet has been deprecated; use the Verbosity class instead
  warnings.warn(
/N/u/gogordon/BigRed200/.conda/envs/meep/lib/python3.13/site-packages/meep/simulation.py:6269: RuntimeWarning: quiet has been deprecated; use the Verbosity class instead
  warnings.warn(
/N/u/gogordon/BigRed200/.conda/envs/meep/lib/python3.13/site-packages/meep/simulation.py:6269: RuntimeWarning: quiet has been deprecated; use the Verbosity class instead
  warnings.warn(
/N/u/gogordon/BigRed200/.conda/envs/meep/lib/python3.13/site-packages/meep/simulation.py:6269: RuntimeWarning: quiet has been deprecated; use the Verbosity class instead
  warnings.warn(
/N/u/gogordon/BigRed200/.conda/envs/meep/lib/python3.13/site-packages/meep/simulation.py:6269: RuntimeWarning: quiet has been deprecated; use the Verbosity class instead
  warnings.warn(
/N/u/gogordon/BigRed200/.conda/envs/meep/lib/python3.13/site-packages/meep/simulation.py:6269: RuntimeWarning: quiet has been deprecated; use the Verbosity class instead
  warnings.warn(
/N/u/gogordon/BigRed200/.conda/envs/meep/lib/python3.13/site-packages/meep/simulation.py:6269: RuntimeWarning: quiet has been deprecated; use the Verbosity class instead
  warnings.warn(
/N/u/gogordon/BigRed200/.conda/envs/meep/lib/python3.13/site-packages/meep/simulation.py:6269: RuntimeWarning: quiet has been deprecated; use the Verbosity class instead
  warnings.warn(
/N/u/gogordon/BigRed200/.conda/envs/meep/lib/python3.13/site-packages/meep/simulation.py:6269: RuntimeWarning: quiet has been deprecated; use the Verbosity class instead
  warnings.warn(
/N/u/gogordon/BigRed200/.conda/envs/meep/lib/python3.13/site-packages/meep/simulation.py:6269: RuntimeWarning: quiet has been deprecated; use the Verbosity class instead
  warnings.warn(
/N/u/gogordon/BigRed200/.conda/envs/meep/lib/python3.13/site-packages/meep/simulation.py:6269: RuntimeWarning: quiet has been deprecated; use the Verbosity class instead
  warnings.warn(
/N/u/gogordon/BigRed200/.conda/envs/meep/lib/python3.13/site-packages/meep/simulation.py:6269: RuntimeWarning: quiet has been deprecated; use the Verbosity class instead
  warnings.warn(
/N/u/gogordon/BigRed200/.conda/envs/meep/lib/python3.13/site-packages/meep/simulation.py:6269: RuntimeWarning: quiet has been deprecated; use the Verbosity class instead
  warnings.warn(
/N/u/gogordon/BigRed200/.conda/envs/meep/lib/python3.13/site-packages/meep/simulation.py:6269: RuntimeWarning: quiet has been deprecated; use the Verbosity class instead
  warnings.warn(
/N/u/gogordon/BigRed200/.conda/envs/meep/lib/python3.13/site-packages/meep/simulation.py:6269: RuntimeWarning: quiet has been deprecated; use the Verbosity class instead
  warnings.warn(
/N/u/gogordon/BigRed200/.conda/envs/meep/lib/python3.13/site-packages/meep/simulation.py:6269: RuntimeWarning: quiet has been deprecated; use the Verbosity class instead
  warnings.warn(
/N/u/gogordon/BigRed200/.conda/envs/meep/lib/python3.13/site-packages/meep/simulation.py:6269: RuntimeWarning: quiet has been deprecated; use the Verbosity class instead
  warnings.warn(
/N/u/gogordon/BigRed200/.conda/envs/meep/lib/python3.13/site-packages/meep/simulation.py:6269: RuntimeWarning: quiet has been deprecated; use the Verbosity class instead
  warnings.warn(
/N/u/gogordon/BigRed200/.conda/envs/meep/lib/python3.13/site-packages/meep/simulation.py:6269: RuntimeWarning: quiet has been deprecated; use the Verbosity class instead
  warnings.warn(
/N/u/gogordon/BigRed200/.conda/envs/meep/lib/python3.13/site-packages/meep/simulation.py:6269: RuntimeWarning: quiet has been deprecated; use the Verbosity class instead
  warnings.warn(
/N/u/gogordon/BigRed200/.conda/envs/meep/lib/python3.13/site-packages/meep/simulation.py:6269: RuntimeWarning: quiet has been deprecated; use the Verbosity class instead
  warnings.warn(
/N/u/gogordon/BigRed200/.conda/envs/meep/lib/python3.13/site-packages/meep/simulation.py:6269: RuntimeWarning: quiet has been deprecated; use the Verbosity class instead
  warnings.warn(
/N/u/gogordon/BigRed200/.conda/envs/meep/lib/python3.13/site-packages/meep/simulation.py:6269: RuntimeWarning: quiet has been deprecated; use the Verbosity class instead
  warnings.warn(
/N/u/gogordon/BigRed200/.conda/envs/meep/lib/python3.13/site-packages/meep/simulation.py:6269: RuntimeWarning: quiet has been deprecated; use the Verbosity class instead
  warnings.warn(
/N/u/gogordon/BigRed200/.conda/envs/meep/lib/python3.13/site-packages/meep/simulation.py:6269: RuntimeWarning: quiet has been deprecated; use the Verbosity class instead
  warnings.warn(
/N/u/gogordon/BigRed200/.conda/envs/meep/lib/python3.13/site-packages/meep/simulation.py:6269: RuntimeWarning: quiet has been deprecated; use the Verbosity class instead
  warnings.warn(
/N/u/gogordon/BigRed200/.conda/envs/meep/lib/python3.13/site-packages/meep/simulation.py:6269: RuntimeWarning: quiet has been deprecated; use the Verbosity class instead
  warnings.warn(
/N/u/gogordon/BigRed200/.conda/envs/meep/lib/python3.13/site-packages/meep/simulation.py:6269: RuntimeWarning: quiet has been deprecated; use the Verbosity class instead
  warnings.warn(
/N/u/gogordon/BigRed200/.conda/envs/meep/lib/python3.13/site-packages/meep/simulation.py:6269: RuntimeWarning: quiet has been deprecated; use the Verbosity class instead
  warnings.warn(
/N/u/gogordon/BigRed200/.conda/envs/meep/lib/python3.13/site-packages/meep/simulation.py:6269: RuntimeWarning: quiet has been deprecated; use the Verbosity class instead
  warnings.warn(
/N/u/gogordon/BigRed200/.conda/envs/meep/lib/python3.13/site-packages/meep/simulation.py:6269: RuntimeWarning: quiet has been deprecated; use the Verbosity class instead
  warnings.warn(
/N/u/gogordon/BigRed200/.conda/envs/meep/lib/python3.13/site-packages/meep/simulation.py:6269: RuntimeWarning: quiet has been deprecated; use the Verbosity class instead
  warnings.warn(
/N/u/gogordon/BigRed200/.conda/envs/meep/lib/python3.13/site-packages/meep/simulation.py:6269: RuntimeWarning: quiet has been deprecated; use the Verbosity class instead
  warnings.warn(
/N/u/gogordon/BigRed200/.conda/envs/meep/lib/python3.13/site-packages/meep/simulation.py:6269: RuntimeWarning: quiet has been deprecated; use the Verbosity class instead
  warnings.warn(
srun: error: nid0021: task 36: Bus error (core dumped)
srun: Terminating StepId=8197053.0
slurmstepd: error: *** STEP 8197053.0 ON nid0021 CANCELLED AT 2026-09-10T17:17:47 ***
srun: error: nid0021: tasks 0-35,37-95: Terminated
srun: Force Terminated StepId=8197053.0
