==================================================
SLURM ARRAY TASK ID: 92 / 224
Running on node: x1002c6s4b1n0
Start time: Fri Sep 11 04:19:04 AM EDT 2026
==================================================
Reading parameters from sweep_configs_sweet_spot/config_092.json...
Executing 3D FDTD Simulation: Alpha=75.0 deg, Theta=90.0 deg, d=0.05 um, L=2.0 um, Res=40...
Starting simulation: d=0.05 um, N_top=3, N_bottom=3, material=Phosphorene_tuned, resolution=40, nmax=3, theta=90.0, eps_bg=2.1, config=all, stepped_sieve=False, corrugated=True
Parallel configuration: 128 processes running 108 parallel moment partitions.

Elapsed run time = 0.0609 s

Elapsed run time = 0.0611 s

Elapsed run time = 0.0609 s

Elapsed run time = 0.0609 s

Elapsed run time = 0.0608 s

Elapsed run time = 0.0612 s

Elapsed run time = 0.0614 s

Elapsed run time = 0.0610 s

Elapsed run time = 0.0611 s

Elapsed run time = 0.0608 s

Elapsed run time = 0.0612 s

Elapsed run time = 0.0608 s

Elapsed run time = 0.0614 s

Elapsed run time = 0.0613 s

Elapsed run time = 0.0611 s

Elapsed run time = 0.0614 s

Elapsed run time = 0.0615 s

Elapsed run time = 0.0613 s

Elapsed run time = 0.0609 s

Elapsed run time = 0.0613 s

Elapsed run time = 1386.5495 s

Elapsed run time = 1387.6006 s

Elapsed run time = 1412.4745 s

Elapsed run time = 1416.4688 s

Elapsed run time = 2016.0812 s

Elapsed run time = 2016.4517 s

Elapsed run time = 2024.3971 s

Elapsed run time = 2025.0928 s

Elapsed run time = 2031.2749 s

Elapsed run time = 2038.6441 s

Elapsed run time = 2042.8767 s

Elapsed run time = 2050.8032 s
  [BOTH][Rank 0] Done moment 1/1 (task 0): force_integral=-1.880989e-02

Elapsed run time = 4763.3142 s

Elapsed run time = 4793.3144 s

Elapsed run time = 4795.8640 s

Elapsed run time = 4796.1270 s

Elapsed run time = 4797.9238 s

Elapsed run time = 4805.7308 s

Elapsed run time = 4806.1795 s

Elapsed run time = 4806.9930 s

Elapsed run time = 4814.0391 s

Elapsed run time = 4817.7411 s

Elapsed run time = 4818.3824 s

Elapsed run time = 4819.9461 s

Elapsed run time = 4821.8695 s

Elapsed run time = 4822.2714 s

Elapsed run time = 4822.7506 s

Elapsed run time = 4823.3147 s

Elapsed run time = 4823.5635 s

Elapsed run time = 4824.7124 s

Elapsed run time = 4825.3000 s

Elapsed run time = 4825.3899 s

Elapsed run time = 4825.3983 s

Elapsed run time = 4825.5484 s

Elapsed run time = 4826.4616 s

Elapsed run time = 4826.9599 s

Elapsed run time = 4827.1804 s

Elapsed run time = 4827.4474 s

Elapsed run time = 4827.4776 s

Elapsed run time = 4827.8219 s

Elapsed run time = 4828.7414 s

Elapsed run time = 4829.6528 s

Elapsed run time = 4830.3522 s

Elapsed run time = 4830.4345 s

Elapsed run time = 4830.4617 s

Elapsed run time = 4830.4670 s

Elapsed run time = 4830.6117 s

Elapsed run time = 4831.0544 s

Elapsed run time = 4832.2481 s

Elapsed run time = 4832.9789 s

Elapsed run time = 4833.1646 s

Elapsed run time = 4835.0838 s

Elapsed run time = 4835.5430 s

Elapsed run time = 4835.6497 s

Elapsed run time = 4836.0831 s
  [SELF][Rank 0] Done moment 1/1 (task 0): force_integral=-4.870813e-03

Elapsed run time = 4838.0171 s

Elapsed run time = 4838.8453 s

Elapsed run time = 4839.8434 s

Elapsed run time = 4840.1230 s

Elapsed run time = 4841.8823 s

Elapsed run time = 4843.0327 s

Elapsed run time = 4843.8494 s

Elapsed run time = 4845.3844 s

Elapsed run time = 4848.4468 s

Elapsed run time = 4849.5964 s

Elapsed run time = 4850.7018 s

Elapsed run time = 4851.0810 s

Elapsed run time = 4851.3884 s

Elapsed run time = 4851.5963 s

Elapsed run time = 4852.4646 s

Elapsed run time = 4853.2318 s

Elapsed run time = 4854.1053 s

Elapsed run time = 4854.6131 s

Elapsed run time = 4855.0948 s

Elapsed run time = 4855.1312 s

Elapsed run time = 4855.6350 s

Elapsed run time = 4855.7807 s

Elapsed run time = 4855.7881 s

Elapsed run time = 4855.7886 s

Elapsed run time = 4856.7999 s

Elapsed run time = 4857.4998 s

Elapsed run time = 4858.1246 s

Elapsed run time = 4858.3291 s

Elapsed run time = 4858.4908 s

Elapsed run time = 4858.5108 s

Elapsed run time = 4858.8017 s

Elapsed run time = 4859.4270 s

Elapsed run time = 4859.5057 s

Elapsed run time = 4859.7948 s

Elapsed run time = 4860.0313 s

Elapsed run time = 4860.2979 s

Elapsed run time = 4860.5740 s

Elapsed run time = 4861.0046 s

Elapsed run time = 4861.1763 s

Elapsed run time = 4861.1782 s

Elapsed run time = 4861.4015 s

Elapsed run time = 4861.9213 s

Elapsed run time = 4862.1671 s

Elapsed run time = 4863.0380 s

Elapsed run time = 4863.1120 s

Elapsed run time = 4863.6581 s

Elapsed run time = 4863.7170 s

Elapsed run time = 4863.7766 s

Elapsed run time = 4864.1054 s

Elapsed run time = 4868.0596 s

Elapsed run time = 4868.2508 s

Elapsed run time = 4869.6531 s
Simulation complete. Subtracted force: -8.222193e+01. Saved to .tmp/meep_d_0.0500_N_3_corrugated_al_75.0_Nbot_3_Phosphorene_tuned_res_40_theta_90.0_eps_2.1_L_2.00.json

Elapsed run time = 4870.5209 s
Task 92 complete at Fri Sep 11 05:40:26 AM EDT 2026.
