==================================================
SLURM ARRAY TASK ID: 95 / 224
Running on node: x1002c7s3b1n0
Start time: Fri Sep 11 04:46:49 AM EDT 2026
==================================================
Reading parameters from sweep_configs_sweet_spot/config_095.json...
Executing 3D FDTD Simulation: Alpha=75.0 deg, Theta=90.0 deg, d=0.2 um, L=2.0 um, Res=40...
Starting simulation: d=0.2 um, N_top=3, N_bottom=3, material=Phosphorene_tuned, resolution=40, nmax=3, theta=90.0, eps_bg=2.1, config=all, stepped_sieve=False, corrugated=True
Parallel configuration: 128 processes running 108 parallel moment partitions.

Elapsed run time = 0.0995 s

Elapsed run time = 0.0995 s

Elapsed run time = 0.0996 s

Elapsed run time = 0.0995 s

Elapsed run time = 0.0996 s

Elapsed run time = 0.0997 s

Elapsed run time = 0.0995 s

Elapsed run time = 0.0997 s

Elapsed run time = 0.0995 s

Elapsed run time = 0.0997 s

Elapsed run time = 0.0997 s

Elapsed run time = 0.0995 s

Elapsed run time = 0.0998 s

Elapsed run time = 0.0994 s

Elapsed run time = 0.0995 s

Elapsed run time = 0.0995 s

Elapsed run time = 0.0994 s

Elapsed run time = 0.1001 s

Elapsed run time = 0.1000 s

Elapsed run time = 0.0999 s

Elapsed run time = 1457.2072 s

Elapsed run time = 1475.6636 s

Elapsed run time = 1502.9272 s

Elapsed run time = 1508.2707 s

Elapsed run time = 2101.7270 s

Elapsed run time = 2130.5327 s

Elapsed run time = 2149.1832 s

Elapsed run time = 2151.2909 s

Elapsed run time = 2154.3825 s

Elapsed run time = 2169.2050 s

Elapsed run time = 2170.4329 s

Elapsed run time = 2186.0860 s
  [BOTH][Rank 0] Done moment 1/1 (task 0): force_integral=+2.046605e-03

Elapsed run time = 5056.9412 s

Elapsed run time = 5085.7948 s

Elapsed run time = 5086.1534 s

Elapsed run time = 5090.1987 s

Elapsed run time = 5090.7658 s

Elapsed run time = 5092.4698 s

Elapsed run time = 5094.8545 s

Elapsed run time = 5099.4909 s

Elapsed run time = 5102.1610 s

Elapsed run time = 5103.5343 s

Elapsed run time = 5103.7220 s

Elapsed run time = 5106.4112 s

Elapsed run time = 5108.0812 s

Elapsed run time = 5108.6602 s

Elapsed run time = 5108.8713 s

Elapsed run time = 5109.1100 s

Elapsed run time = 5109.4897 s

Elapsed run time = 5109.5168 s

Elapsed run time = 5109.5277 s

Elapsed run time = 5110.0642 s

Elapsed run time = 5111.1790 s

Elapsed run time = 5111.8812 s

Elapsed run time = 5112.7195 s

Elapsed run time = 5112.8379 s

Elapsed run time = 5113.5086 s

Elapsed run time = 5113.5368 s

Elapsed run time = 5116.5030 s

Elapsed run time = 5116.5467 s

Elapsed run time = 5116.8211 s

Elapsed run time = 5118.2273 s

Elapsed run time = 5118.4378 s

Elapsed run time = 5119.0806 s

Elapsed run time = 5119.1828 s

Elapsed run time = 5122.8082 s

Elapsed run time = 5123.0026 s

Elapsed run time = 5126.6394 s

Elapsed run time = 5126.8663 s

Elapsed run time = 5127.6364 s

Elapsed run time = 5128.3842 s

Elapsed run time = 5128.5301 s

Elapsed run time = 5128.9280 s

Elapsed run time = 5129.0488 s

Elapsed run time = 5129.6692 s

Elapsed run time = 5129.8949 s

Elapsed run time = 5129.9130 s

Elapsed run time = 5129.9608 s

Elapsed run time = 5130.3375 s

Elapsed run time = 5130.4568 s

Elapsed run time = 5130.9696 s

Elapsed run time = 5131.0413 s

Elapsed run time = 5133.8503 s

Elapsed run time = 5134.1208 s

Elapsed run time = 5134.5404 s

Elapsed run time = 5136.1178 s
  [SELF][Rank 0] Done moment 1/1 (task 0): force_integral=+5.155032e-03

Elapsed run time = 5137.0631 s

Elapsed run time = 5137.2588 s

Elapsed run time = 5137.7129 s

Elapsed run time = 5138.6174 s

Elapsed run time = 5139.3694 s

Elapsed run time = 5141.2262 s

Elapsed run time = 5141.4980 s

Elapsed run time = 5142.1247 s

Elapsed run time = 5142.7739 s

Elapsed run time = 5142.7894 s

Elapsed run time = 5142.9313 s

Elapsed run time = 5142.9886 s

Elapsed run time = 5143.2528 s

Elapsed run time = 5143.8361 s

Elapsed run time = 5143.8474 s

Elapsed run time = 5143.9192 s

Elapsed run time = 5146.2050 s

Elapsed run time = 5147.0374 s

Elapsed run time = 5148.9832 s

Elapsed run time = 5148.9904 s

Elapsed run time = 5149.2268 s

Elapsed run time = 5149.8460 s

Elapsed run time = 5152.8444 s

Elapsed run time = 5153.3151 s

Elapsed run time = 5154.6204 s

Elapsed run time = 5154.8775 s

Elapsed run time = 5157.1089 s

Elapsed run time = 5157.5240 s

Elapsed run time = 5157.8564 s

Elapsed run time = 5157.9997 s

Elapsed run time = 5158.7789 s

Elapsed run time = 5159.3876 s

Elapsed run time = 5159.4408 s

Elapsed run time = 5159.8546 s

Elapsed run time = 5159.8908 s

Elapsed run time = 5160.2821 s

Elapsed run time = 5160.3512 s

Elapsed run time = 5161.2719 s

Elapsed run time = 5162.8846 s

Elapsed run time = 5163.2785 s

Elapsed run time = 5165.6471 s
Simulation complete. Subtracted force: -1.501037e-01. Saved to .tmp/meep_d_0.2000_N_3_corrugated_al_75.0_Nbot_3_Phosphorene_tuned_res_40_theta_90.0_eps_2.1_L_2.00.json

Elapsed run time = 5166.2205 s
Task 95 complete at Fri Sep 11 06:13:30 AM EDT 2026.
