==================================================
SLURM ARRAY TASK ID: 102 / 224
Running on node: x1002c2s0b0n0
Start time: Fri Sep 11 05:17:58 AM EDT 2026
==================================================
Reading parameters from sweep_configs_sweet_spot/config_102.json...
Executing 3D FDTD Simulation: Alpha=75.0 deg, Theta=92.0 deg, d=0.2 um, L=2.0 um, Res=40...
Starting simulation: d=0.2 um, N_top=3, N_bottom=3, material=Phosphorene_tuned, resolution=40, nmax=3, theta=92.0, eps_bg=2.1, config=all, stepped_sieve=False, corrugated=True
Parallel configuration: 128 processes running 108 parallel moment partitions.

Elapsed run time = 0.0757 s

Elapsed run time = 0.0754 s

Elapsed run time = 0.0761 s

Elapsed run time = 0.0764 s

Elapsed run time = 0.0761 s

Elapsed run time = 0.0764 s

Elapsed run time = 0.0760 s

Elapsed run time = 0.0760 s

Elapsed run time = 0.0762 s

Elapsed run time = 0.0760 s

Elapsed run time = 0.0758 s

Elapsed run time = 0.0763 s

Elapsed run time = 0.0762 s

Elapsed run time = 0.0763 s

Elapsed run time = 0.0766 s

Elapsed run time = 0.0764 s

Elapsed run time = 0.0792 s

Elapsed run time = 0.0798 s

Elapsed run time = 0.0797 s

Elapsed run time = 0.0804 s

Elapsed run time = 1475.1792 s

Elapsed run time = 1481.6510 s

Elapsed run time = 1505.4404 s

Elapsed run time = 1515.9320 s

Elapsed run time = 2146.6662 s

Elapsed run time = 2148.7534 s

Elapsed run time = 2153.8487 s

Elapsed run time = 2158.5015 s

Elapsed run time = 2161.3979 s

Elapsed run time = 2176.2090 s

Elapsed run time = 2177.9002 s

Elapsed run time = 2189.2705 s
  [BOTH][Rank 0] Done moment 1/1 (task 0): force_integral=-5.527268e-03

Elapsed run time = 5064.2228 s

Elapsed run time = 5071.5833 s

Elapsed run time = 5080.8463 s

Elapsed run time = 5084.5660 s

Elapsed run time = 5088.0312 s

Elapsed run time = 5090.9658 s

Elapsed run time = 5090.9692 s

Elapsed run time = 5093.6050 s

Elapsed run time = 5096.4556 s

Elapsed run time = 5100.5229 s

Elapsed run time = 5100.5832 s

Elapsed run time = 5101.7548 s

Elapsed run time = 5102.2944 s

Elapsed run time = 5103.1626 s

Elapsed run time = 5103.3156 s

Elapsed run time = 5105.3943 s

Elapsed run time = 5106.5225 s

Elapsed run time = 5106.9987 s

Elapsed run time = 5107.2100 s

Elapsed run time = 5109.0477 s

Elapsed run time = 5109.3020 s

Elapsed run time = 5109.3419 s

Elapsed run time = 5110.1634 s

Elapsed run time = 5111.0491 s

Elapsed run time = 5111.4318 s

Elapsed run time = 5112.0605 s

Elapsed run time = 5112.9657 s

Elapsed run time = 5113.3467 s

Elapsed run time = 5113.3630 s

Elapsed run time = 5113.6607 s

Elapsed run time = 5114.4499 s

Elapsed run time = 5115.4097 s

Elapsed run time = 5115.6220 s

Elapsed run time = 5115.7291 s

Elapsed run time = 5116.8821 s

Elapsed run time = 5118.2784 s
  [SELF][Rank 0] Done moment 1/1 (task 0): force_integral=-2.436387e-03

Elapsed run time = 5121.8226 s

Elapsed run time = 5122.0465 s

Elapsed run time = 5122.0731 s

Elapsed run time = 5124.5716 s

Elapsed run time = 5124.6489 s

Elapsed run time = 5125.3901 s

Elapsed run time = 5125.4574 s

Elapsed run time = 5125.5376 s

Elapsed run time = 5127.1598 s

Elapsed run time = 5130.1728 s

Elapsed run time = 5130.3374 s

Elapsed run time = 5130.3609 s

Elapsed run time = 5135.3650 s

Elapsed run time = 5135.7363 s

Elapsed run time = 5136.4785 s

Elapsed run time = 5136.9287 s

Elapsed run time = 5138.8893 s

Elapsed run time = 5139.5825 s

Elapsed run time = 5139.7354 s

Elapsed run time = 5139.7470 s

Elapsed run time = 5140.5447 s

Elapsed run time = 5140.9019 s

Elapsed run time = 5141.8711 s

Elapsed run time = 5142.0023 s

Elapsed run time = 5142.0381 s

Elapsed run time = 5142.1590 s

Elapsed run time = 5142.5931 s

Elapsed run time = 5142.7064 s

Elapsed run time = 5142.9381 s

Elapsed run time = 5143.0156 s

Elapsed run time = 5143.4540 s

Elapsed run time = 5143.5517 s

Elapsed run time = 5144.0363 s

Elapsed run time = 5144.0491 s

Elapsed run time = 5144.7079 s

Elapsed run time = 5144.7225 s

Elapsed run time = 5145.6466 s

Elapsed run time = 5147.3918 s

Elapsed run time = 5148.3224 s

Elapsed run time = 5148.4481 s

Elapsed run time = 5148.4788 s

Elapsed run time = 5148.7542 s

Elapsed run time = 5149.6026 s

Elapsed run time = 5150.2111 s

Elapsed run time = 5150.7831 s

Elapsed run time = 5151.0200 s

Elapsed run time = 5151.8331 s

Elapsed run time = 5153.4764 s

Elapsed run time = 5153.9229 s

Elapsed run time = 5154.7021 s

Elapsed run time = 5154.7116 s

Elapsed run time = 5155.5343 s

Elapsed run time = 5155.6874 s

Elapsed run time = 5158.5985 s

Elapsed run time = 5163.9096 s

Elapsed run time = 5165.7398 s

Elapsed run time = 5169.0542 s

Elapsed run time = 5169.4434 s

Elapsed run time = 5169.6310 s
Simulation complete. Subtracted force: -1.496816e-01. Saved to .tmp/meep_d_0.2000_N_3_corrugated_al_75.0_Nbot_3_Phosphorene_tuned_res_40_theta_92.0_eps_2.1_L_2.00.json

Elapsed run time = 5170.0262 s
Task 102 complete at Fri Sep 11 06:44:37 AM EDT 2026.
