==================================================
SLURM ARRAY TASK ID: 114 / 224
Running on node: x1002c7s1b0n1
Start time: Fri Sep 11 06:26:17 AM EDT 2026
==================================================
Reading parameters from sweep_configs_sweet_spot/config_114.json...
Executing 3D FDTD Simulation: Alpha=80.0 deg, Theta=80.0 deg, d=0.1 um, L=2.0 um, Res=40...
Starting simulation: d=0.1 um, N_top=3, N_bottom=3, material=Phosphorene_tuned, resolution=40, nmax=3, theta=80.0, eps_bg=2.1, config=all, stepped_sieve=False, corrugated=True
Parallel configuration: 128 processes running 108 parallel moment partitions.

Elapsed run time = 0.0621 s

Elapsed run time = 0.0624 s

Elapsed run time = 0.0619 s

Elapsed run time = 0.0637 s

Elapsed run time = 0.0631 s

Elapsed run time = 0.0628 s

Elapsed run time = 0.0632 s

Elapsed run time = 0.0624 s

Elapsed run time = 0.0626 s

Elapsed run time = 0.0628 s

Elapsed run time = 0.0623 s

Elapsed run time = 0.0627 s

Elapsed run time = 0.0627 s

Elapsed run time = 0.0626 s

Elapsed run time = 0.0622 s

Elapsed run time = 0.0627 s

Elapsed run time = 0.0620 s

Elapsed run time = 0.0625 s

Elapsed run time = 0.0626 s

Elapsed run time = 0.0624 s

Elapsed run time = 1468.9444 s

Elapsed run time = 1469.2756 s

Elapsed run time = 1497.9415 s

Elapsed run time = 1501.3980 s

Elapsed run time = 2132.8720 s

Elapsed run time = 2134.3261 s

Elapsed run time = 2134.8099 s

Elapsed run time = 2138.9950 s

Elapsed run time = 2151.5182 s

Elapsed run time = 2157.5011 s

Elapsed run time = 2164.5797 s

Elapsed run time = 2169.6621 s
  [BOTH][Rank 0] Done moment 1/1 (task 0): force_integral=-1.815517e-03

Elapsed run time = 5091.0271 s

Elapsed run time = 5096.5862 s

Elapsed run time = 5099.5712 s

Elapsed run time = 5100.0730 s

Elapsed run time = 5101.5998 s

Elapsed run time = 5102.4326 s

Elapsed run time = 5103.3989 s

Elapsed run time = 5103.9083 s

Elapsed run time = 5104.3677 s

Elapsed run time = 5109.3718 s

Elapsed run time = 5109.8466 s

Elapsed run time = 5112.4916 s

Elapsed run time = 5113.2455 s

Elapsed run time = 5113.8085 s

Elapsed run time = 5114.8765 s

Elapsed run time = 5115.1955 s

Elapsed run time = 5115.3409 s

Elapsed run time = 5115.7956 s

Elapsed run time = 5116.4705 s

Elapsed run time = 5117.7918 s

Elapsed run time = 5119.4326 s

Elapsed run time = 5119.6104 s

Elapsed run time = 5120.7960 s

Elapsed run time = 5121.2421 s

Elapsed run time = 5121.2621 s

Elapsed run time = 5122.4925 s

Elapsed run time = 5122.8075 s

Elapsed run time = 5123.5660 s

Elapsed run time = 5123.5804 s

Elapsed run time = 5124.5076 s

Elapsed run time = 5127.0266 s

Elapsed run time = 5127.0532 s

Elapsed run time = 5127.2124 s

Elapsed run time = 5129.5357 s

Elapsed run time = 5129.5916 s

Elapsed run time = 5130.4704 s
  [SELF][Rank 0] Done moment 1/1 (task 0): force_integral=+4.747139e-03

Elapsed run time = 5131.1052 s

Elapsed run time = 5132.1258 s

Elapsed run time = 5132.7989 s

Elapsed run time = 5132.8469 s

Elapsed run time = 5133.3943 s

Elapsed run time = 5133.8764 s

Elapsed run time = 5134.9755 s

Elapsed run time = 5135.1954 s

Elapsed run time = 5136.1023 s

Elapsed run time = 5136.6253 s

Elapsed run time = 5137.3422 s

Elapsed run time = 5138.1584 s

Elapsed run time = 5140.6311 s

Elapsed run time = 5141.0095 s

Elapsed run time = 5141.5523 s

Elapsed run time = 5145.4880 s

Elapsed run time = 5145.9306 s

Elapsed run time = 5146.8745 s

Elapsed run time = 5147.5487 s

Elapsed run time = 5150.3196 s

Elapsed run time = 5151.4148 s

Elapsed run time = 5151.9385 s

Elapsed run time = 5151.9621 s

Elapsed run time = 5152.0290 s

Elapsed run time = 5152.5869 s

Elapsed run time = 5153.0766 s

Elapsed run time = 5154.3097 s

Elapsed run time = 5155.0803 s

Elapsed run time = 5155.1051 s

Elapsed run time = 5155.3994 s

Elapsed run time = 5155.7729 s

Elapsed run time = 5155.9572 s

Elapsed run time = 5157.9621 s

Elapsed run time = 5158.0259 s

Elapsed run time = 5159.1188 s

Elapsed run time = 5161.0579 s

Elapsed run time = 5161.2434 s

Elapsed run time = 5161.6090 s

Elapsed run time = 5161.6346 s

Elapsed run time = 5161.6699 s

Elapsed run time = 5161.6828 s

Elapsed run time = 5161.7750 s

Elapsed run time = 5161.8351 s

Elapsed run time = 5162.0222 s

Elapsed run time = 5162.2801 s

Elapsed run time = 5162.4128 s

Elapsed run time = 5162.4509 s

Elapsed run time = 5162.4540 s

Elapsed run time = 5162.6004 s

Elapsed run time = 5163.5208 s

Elapsed run time = 5163.5255 s

Elapsed run time = 5163.6904 s

Elapsed run time = 5163.7268 s

Elapsed run time = 5164.9464 s

Elapsed run time = 5168.0563 s

Elapsed run time = 5168.1754 s

Elapsed run time = 5169.5522 s

Elapsed run time = 5171.7002 s

Elapsed run time = 5171.9135 s
Simulation complete. Subtracted force: -1.922667e-01. Saved to .tmp/meep_d_0.1000_N_3_corrugated_al_80.0_Nbot_3_Phosphorene_tuned_res_40_theta_80.0_eps_2.1_L_2.00.json

Elapsed run time = 5172.6165 s
Task 114 complete at Fri Sep 11 07:52:34 AM EDT 2026.
