==================================================
SLURM ARRAY TASK ID: 100 / 224
Running on node: x1001c2s2b0n0
Start time: Thu Sep 10 07:51:02 PM EDT 2026
==================================================
Reading parameters from sweep_configs_sweet_spot/config_100.json...
Executing 3D FDTD Simulation: Alpha=75.0 deg, Theta=92.0 deg, d=0.1 um, L=2.0 um, Res=40...

Elapsed run time = 0.0371 s

Elapsed run time = 0.0371 s

Elapsed run time = 0.0391 s

Elapsed run time = 0.0179 s

Elapsed run time = 0.0377 s

Elapsed run time = 0.0387 s

Elapsed run time = 0.0356 s

Elapsed run time = 0.0394 s

Elapsed run time = 0.0396 s

Elapsed run time = 0.0392 s

Elapsed run time = 0.0381 s

Elapsed run time = 0.0373 s

Elapsed run time = 0.0383 s

Elapsed run time = 0.0383 s

Elapsed run time = 0.0389 s

Elapsed run time = 0.0395 s

Elapsed run time = 0.0379 s

Elapsed run time = 0.0379 s

Elapsed run time = 0.0379 s

Elapsed run time = 0.0377 s

Elapsed run time = 0.0382 s

Elapsed run time = 0.0382 s

Elapsed run time = 0.0377 s

Elapsed run time = 0.0389 s

Elapsed run time = 0.0378 s

Elapsed run time = 0.0347 s

Elapsed run time = 0.0398 s

Elapsed run time = 0.0253 s

Elapsed run time = 0.0397 s

Elapsed run time = 0.0226 s

Elapsed run time = 0.0230 s

Elapsed run time = 0.0252 s

Elapsed run time = 0.0354 s

Elapsed run time = 0.0159 s

Elapsed run time = 0.0382 s

Elapsed run time = 0.0250 s

Elapsed run time = 0.0353 s

Elapsed run time = 0.0375 s

Elapsed run time = 0.0376 s

Elapsed run time = 0.0356 s

Elapsed run time = 0.0400 s

Elapsed run time = 0.0397 s

Elapsed run time = 0.0182 s

Elapsed run time = 0.0316 s

Elapsed run time = 0.0326 s

Elapsed run time = 0.0328 s

Elapsed run time = 0.0375 s

Elapsed run time = 0.0315 s

Elapsed run time = 0.0379 s

Elapsed run time = 0.0337 s

Elapsed run time = 0.0145 s

Elapsed run time = 0.0184 s

Elapsed run time = 0.0303 s

Elapsed run time = 0.0311 s

Elapsed run time = 0.0287 s

Elapsed run time = 0.0325 s

Elapsed run time = 0.0368 s

Elapsed run time = 0.0325 s

Elapsed run time = 0.0213 s

Elapsed run time = 0.0288 s

Elapsed run time = 0.0385 s

Elapsed run time = 0.0398 s

Elapsed run time = 0.0387 s

Elapsed run time = 0.0383 s

Elapsed run time = 0.0371 s

Elapsed run time = 0.0387 s

Elapsed run time = 0.0390 s

Elapsed run time = 0.0379 s

Elapsed run time = 0.0358 s

Elapsed run time = 0.0363 s

Elapsed run time = 0.0338 s

Elapsed run time = 0.0366 s

Elapsed run time = 0.0338 s

Elapsed run time = 0.0363 s

Elapsed run time = 0.0366 s

Elapsed run time = 0.0340 s

Elapsed run time = 0.0377 s
Starting simulation: d=0.1 um, N_top=3, N_bottom=3, material=Phosphorene_tuned, resolution=40, nmax=3, theta=92.0, eps_bg=2.1, config=all, stepped_sieve=False, corrugated=True
Parallel configuration: 128 processes running 108 parallel moment partitions.
Task already complete! Found cached result in .tmp/meep_d_0.1000_N_3_corrugated_Nbot_3_Phosphorene_tuned_res_40_theta_92.0_eps_2.1_L_2.00.json (F_sub=5.072721e-01). Skipping.

Elapsed run time = 0.0254 s

Elapsed run time = 0.0305 s

Elapsed run time = 0.0233 s

Elapsed run time = 0.0252 s

Elapsed run time = 0.0400 s

Elapsed run time = 0.0276 s

Elapsed run time = 0.0389 s

Elapsed run time = 0.0231 s

Elapsed run time = 0.0396 s

Elapsed run time = 0.0356 s

Elapsed run time = 0.0276 s

Elapsed run time = 0.0360 s

Elapsed run time = 0.0287 s

Elapsed run time = 0.0284 s

Elapsed run time = 0.0229 s

Elapsed run time = 0.0371 s

Elapsed run time = 0.0298 s

Elapsed run time = 0.0318 s

Elapsed run time = 0.0385 s

Elapsed run time = 0.0309 s

Elapsed run time = 0.0400 s

Elapsed run time = 0.0270 s

Elapsed run time = 0.0283 s

Elapsed run time = 0.0356 s

Elapsed run time = 0.0355 s

Elapsed run time = 0.0298 s

Elapsed run time = 0.0138 s

Elapsed run time = 0.0283 s

Elapsed run time = 0.0311 s

Elapsed run time = 0.0297 s

Elapsed run time = 0.0266 s

Elapsed run time = 0.0202 s

Elapsed run time = 0.0403 s

Elapsed run time = 0.0300 s

Elapsed run time = 0.0276 s

Elapsed run time = 0.0308 s

Elapsed run time = 0.0276 s

Elapsed run time = 0.0277 s

Elapsed run time = 0.0256 s

Elapsed run time = 0.0277 s

Elapsed run time = 0.0244 s

Elapsed run time = 0.0200 s

Elapsed run time = 0.0345 s

Elapsed run time = 0.0214 s

Elapsed run time = 0.0295 s

Elapsed run time = 0.0211 s

Elapsed run time = 0.0285 s

Elapsed run time = 0.0361 s

Elapsed run time = 0.0386 s

Elapsed run time = 0.0337 s

Elapsed run time = 0.0385 s
Task 100 complete at Thu Sep 10 07:51:07 PM EDT 2026.
