==================================================
SLURM ARRAY TASK ID: 58 / 224
Running on node: x1001c2s5b1n1
Start time: Thu Sep 10 04:44:39 PM EDT 2026
==================================================
Reading parameters from sweep_configs_sweet_spot/config_058.json...
Executing 3D FDTD Simulation: Alpha=75.0 deg, Theta=80.0 deg, d=0.1 um, L=2.0 um, Res=40...

Elapsed run time = 0.1298 s

Elapsed run time = 0.1306 s

Elapsed run time = 0.1307 s

Elapsed run time = 0.1305 s

Elapsed run time = 0.1307 s

Elapsed run time = 0.1309 s

Elapsed run time = 0.1305 s

Elapsed run time = 0.1306 s

Elapsed run time = 0.1307 s

Elapsed run time = 0.1304 s

Elapsed run time = 0.1308 s

Elapsed run time = 0.1307 s

Elapsed run time = 0.1309 s

Elapsed run time = 0.1307 s

Elapsed run time = 0.1307 s

Elapsed run time = 0.1309 s

Elapsed run time = 0.1308 s

Elapsed run time = 0.1305 s

Elapsed run time = 0.1309 s

Elapsed run time = 0.1308 s

Elapsed run time = 0.1305 s

Elapsed run time = 0.1306 s

Elapsed run time = 0.1307 s

Elapsed run time = 0.1308 s

Elapsed run time = 0.1312 s

Elapsed run time = 0.1308 s

Elapsed run time = 0.1309 s

Elapsed run time = 0.1313 s

Elapsed run time = 0.1309 s

Elapsed run time = 0.1308 s

Elapsed run time = 0.1307 s

Elapsed run time = 0.1313 s

Elapsed run time = 0.1309 s

Elapsed run time = 0.1308 s

Elapsed run time = 0.1307 s

Elapsed run time = 0.1309 s

Elapsed run time = 0.1307 s

Elapsed run time = 0.1312 s

Elapsed run time = 0.1307 s

Elapsed run time = 0.1308 s

Elapsed run time = 0.1308 s

Elapsed run time = 0.1311 s

Elapsed run time = 0.1312 s

Elapsed run time = 0.1308 s

Elapsed run time = 0.1314 s

Elapsed run time = 0.1308 s

Elapsed run time = 0.1307 s

Elapsed run time = 0.1309 s

Elapsed run time = 0.1311 s

Elapsed run time = 0.1309 s

Elapsed run time = 0.1314 s

Elapsed run time = 0.1309 s

Elapsed run time = 0.1308 s

Elapsed run time = 0.1313 s

Elapsed run time = 0.1305 s

Elapsed run time = 0.1312 s

Elapsed run time = 0.1308 s

Elapsed run time = 0.1314 s

Elapsed run time = 0.1314 s

Elapsed run time = 0.1312 s

Elapsed run time = 0.1313 s

Elapsed run time = 0.1313 s
Starting simulation: d=0.1 um, N_top=3, N_bottom=3, material=Phosphorene_tuned, resolution=40, nmax=3, theta=80.0, eps_bg=2.1, config=all, stepped_sieve=False, corrugated=True
Parallel configuration: 128 processes running 108 parallel moment partitions.
Task already complete! Found cached result in .tmp/meep_d_0.1000_N_3_corrugated_Nbot_3_Phosphorene_tuned_res_40_theta_80.0_eps_2.1_L_2.00.json (F_sub=7.182594e-01). Skipping.

Elapsed run time = 0.1312 s

Elapsed run time = 0.1314 s

Elapsed run time = 0.1313 s

Elapsed run time = 0.1311 s

Elapsed run time = 0.1313 s

Elapsed run time = 0.1312 s

Elapsed run time = 0.1314 s

Elapsed run time = 0.1314 s

Elapsed run time = 0.1314 s

Elapsed run time = 0.1315 s

Elapsed run time = 0.1315 s

Elapsed run time = 0.1312 s

Elapsed run time = 0.1311 s

Elapsed run time = 0.1315 s

Elapsed run time = 0.1313 s

Elapsed run time = 0.1315 s

Elapsed run time = 0.1314 s

Elapsed run time = 0.1315 s

Elapsed run time = 0.1316 s

Elapsed run time = 0.1314 s

Elapsed run time = 0.1314 s

Elapsed run time = 0.1314 s

Elapsed run time = 0.1317 s

Elapsed run time = 0.1313 s

Elapsed run time = 0.1313 s

Elapsed run time = 0.1312 s

Elapsed run time = 0.1312 s

Elapsed run time = 0.1313 s

Elapsed run time = 0.1313 s

Elapsed run time = 0.1313 s

Elapsed run time = 0.1314 s

Elapsed run time = 0.1314 s

Elapsed run time = 0.1312 s

Elapsed run time = 0.1314 s

Elapsed run time = 0.1315 s

Elapsed run time = 0.1316 s

Elapsed run time = 0.1312 s

Elapsed run time = 0.1313 s

Elapsed run time = 0.1315 s

Elapsed run time = 0.1312 s

Elapsed run time = 0.1314 s

Elapsed run time = 0.1312 s

Elapsed run time = 0.1314 s

Elapsed run time = 0.1313 s

Elapsed run time = 0.1315 s

Elapsed run time = 0.1315 s

Elapsed run time = 0.1315 s

Elapsed run time = 0.1314 s

Elapsed run time = 0.1313 s

Elapsed run time = 0.1315 s

Elapsed run time = 0.1312 s

Elapsed run time = 0.1316 s

Elapsed run time = 0.1312 s

Elapsed run time = 0.1313 s

Elapsed run time = 0.1314 s

Elapsed run time = 0.1313 s

Elapsed run time = 0.1312 s

Elapsed run time = 0.1315 s

Elapsed run time = 0.1317 s

Elapsed run time = 0.1315 s

Elapsed run time = 0.1315 s

Elapsed run time = 0.1313 s

Elapsed run time = 0.1313 s

Elapsed run time = 0.1312 s

Elapsed run time = 0.1318 s

Elapsed run time = 0.1313 s
Task 58 complete at Thu Sep 10 04:44:58 PM EDT 2026.
