==================================================
SLURM ARRAY TASK ID: 216 / 224
Running on node: x1001c4s2b0n1
Start time: Fri Sep 11 10:58:07 AM EDT 2026
==================================================
Reading parameters from sweep_configs_sweet_spot/config_216.json...
Executing 3D FDTD Simulation: Alpha=85.0 deg, Theta=92.0 deg, d=0.3 um, L=2.0 um, Res=40...
Starting simulation: d=0.3 um, N_top=3, N_bottom=3, material=Phosphorene_tuned, resolution=40, nmax=3, theta=92.0, eps_bg=2.1, config=all, stepped_sieve=False, corrugated=True
Parallel configuration: 128 processes running 108 parallel moment partitions.

Elapsed run time = 0.0648 s

Elapsed run time = 0.0647 s

Elapsed run time = 0.0647 s

Elapsed run time = 0.0647 s

Elapsed run time = 0.0649 s

Elapsed run time = 0.0651 s

Elapsed run time = 0.0651 s

Elapsed run time = 0.0650 s

Elapsed run time = 0.0650 s

Elapsed run time = 0.0648 s

Elapsed run time = 0.0647 s

Elapsed run time = 0.0649 s

Elapsed run time = 0.0652 s

Elapsed run time = 0.0647 s

Elapsed run time = 0.0651 s

Elapsed run time = 0.0652 s

Elapsed run time = 0.0651 s

Elapsed run time = 0.0651 s

Elapsed run time = 0.0652 s

Elapsed run time = 0.0655 s

Elapsed run time = 1507.8195 s

Elapsed run time = 1519.8763 s

Elapsed run time = 1544.7665 s

Elapsed run time = 1551.4064 s

Elapsed run time = 2206.7114 s

Elapsed run time = 2209.3943 s

Elapsed run time = 2210.3033 s

Elapsed run time = 2214.0431 s

Elapsed run time = 2234.5783 s

Elapsed run time = 2234.7693 s

Elapsed run time = 2234.7905 s

Elapsed run time = 2247.1337 s
  [BOTH][Rank 0] Done moment 1/1 (task 0): force_integral=-1.405346e-03

Elapsed run time = 5261.3363 s

Elapsed run time = 5268.6185 s

Elapsed run time = 5273.7016 s

Elapsed run time = 5275.9894 s

Elapsed run time = 5279.0823 s

Elapsed run time = 5280.5841 s

Elapsed run time = 5283.7474 s

Elapsed run time = 5286.6897 s

Elapsed run time = 5287.6659 s

Elapsed run time = 5287.9498 s

Elapsed run time = 5289.1758 s

Elapsed run time = 5289.5850 s

Elapsed run time = 5291.2425 s

Elapsed run time = 5291.6107 s

Elapsed run time = 5292.0129 s

Elapsed run time = 5293.1995 s

Elapsed run time = 5293.9852 s

Elapsed run time = 5295.4637 s

Elapsed run time = 5296.2375 s

Elapsed run time = 5296.9347 s

Elapsed run time = 5301.0274 s

Elapsed run time = 5301.3564 s

Elapsed run time = 5301.3771 s

Elapsed run time = 5302.5253 s

Elapsed run time = 5302.9400 s

Elapsed run time = 5303.1167 s

Elapsed run time = 5304.6415 s

Elapsed run time = 5304.9986 s

Elapsed run time = 5305.4674 s

Elapsed run time = 5306.1256 s

Elapsed run time = 5306.6384 s

Elapsed run time = 5307.7241 s

Elapsed run time = 5308.1702 s

Elapsed run time = 5308.7915 s

Elapsed run time = 5308.9563 s

Elapsed run time = 5309.5018 s

Elapsed run time = 5309.8873 s

Elapsed run time = 5311.1053 s

Elapsed run time = 5311.4697 s

Elapsed run time = 5311.7644 s

Elapsed run time = 5313.1181 s

Elapsed run time = 5313.8283 s

Elapsed run time = 5314.3867 s

Elapsed run time = 5315.2718 s

Elapsed run time = 5315.8751 s
  [SELF][Rank 0] Done moment 1/1 (task 0): force_integral=-7.075251e-05

Elapsed run time = 5317.3137 s

Elapsed run time = 5318.7064 s

Elapsed run time = 5319.1434 s

Elapsed run time = 5319.5922 s

Elapsed run time = 5320.7898 s

Elapsed run time = 5322.0957 s

Elapsed run time = 5323.0787 s

Elapsed run time = 5323.1156 s

Elapsed run time = 5323.5581 s

Elapsed run time = 5324.0345 s

Elapsed run time = 5324.4169 s

Elapsed run time = 5325.0505 s

Elapsed run time = 5325.6658 s

Elapsed run time = 5325.8194 s

Elapsed run time = 5328.0835 s

Elapsed run time = 5328.3237 s

Elapsed run time = 5329.0313 s

Elapsed run time = 5330.9000 s

Elapsed run time = 5331.0123 s

Elapsed run time = 5331.1299 s

Elapsed run time = 5331.3428 s

Elapsed run time = 5331.4445 s

Elapsed run time = 5331.5242 s

Elapsed run time = 5333.3792 s

Elapsed run time = 5334.3688 s

Elapsed run time = 5334.3911 s

Elapsed run time = 5335.4040 s

Elapsed run time = 5337.3711 s

Elapsed run time = 5338.3440 s

Elapsed run time = 5339.8219 s

Elapsed run time = 5339.8635 s

Elapsed run time = 5339.9636 s

Elapsed run time = 5341.0508 s

Elapsed run time = 5342.2446 s

Elapsed run time = 5342.2515 s

Elapsed run time = 5342.4961 s

Elapsed run time = 5342.9540 s

Elapsed run time = 5344.3372 s

Elapsed run time = 5346.3506 s

Elapsed run time = 5346.4990 s

Elapsed run time = 5346.7069 s

Elapsed run time = 5347.5092 s

Elapsed run time = 5347.7187 s

Elapsed run time = 5349.8402 s

Elapsed run time = 5350.4581 s

Elapsed run time = 5352.3031 s

Elapsed run time = 5353.2240 s

Elapsed run time = 5353.5223 s

Elapsed run time = 5353.5226 s

Elapsed run time = 5355.7641 s
Simulation complete. Subtracted force: -4.372633e-02. Saved to .tmp/meep_d_0.3000_N_3_corrugated_al_85.0_Nbot_3_Phosphorene_tuned_res_40_theta_92.0_eps_2.1_L_2.00.json

Elapsed run time = 5356.4382 s
Task 216 complete at Fri Sep 11 12:27:30 PM EDT 2026.
