==================================================
SLURM ARRAY TASK ID: 201 / 224
Running on node: x1002c3s5b0n1
Start time: Fri Sep 11 10:41:24 AM EDT 2026
==================================================
Reading parameters from sweep_configs_sweet_spot/config_201.json...
Executing 3D FDTD Simulation: Alpha=85.0 deg, Theta=88.0 deg, d=0.25 um, L=2.0 um, Res=40...
Starting simulation: d=0.25 um, N_top=3, N_bottom=3, material=Phosphorene_tuned, resolution=40, nmax=3, theta=88.0, eps_bg=2.1, config=all, stepped_sieve=False, corrugated=True
Parallel configuration: 128 processes running 108 parallel moment partitions.

Elapsed run time = 0.0884 s

Elapsed run time = 0.0916 s

Elapsed run time = 0.0938 s

Elapsed run time = 0.0944 s

Elapsed run time = 0.0950 s

Elapsed run time = 0.0949 s

Elapsed run time = 0.0951 s

Elapsed run time = 0.0982 s

Elapsed run time = 0.1008 s

Elapsed run time = 0.0994 s

Elapsed run time = 0.1005 s

Elapsed run time = 0.1055 s

Elapsed run time = 0.1065 s

Elapsed run time = 0.1085 s

Elapsed run time = 0.1073 s

Elapsed run time = 0.1076 s

Elapsed run time = 0.1111 s

Elapsed run time = 0.1115 s

Elapsed run time = 0.1097 s

Elapsed run time = 0.1124 s

Elapsed run time = 1494.4412 s

Elapsed run time = 1500.4550 s

Elapsed run time = 1523.7194 s

Elapsed run time = 1524.9663 s

Elapsed run time = 2166.7924 s

Elapsed run time = 2170.8144 s

Elapsed run time = 2174.0485 s

Elapsed run time = 2175.5692 s

Elapsed run time = 2188.9215 s

Elapsed run time = 2196.2386 s

Elapsed run time = 2199.7036 s

Elapsed run time = 2205.8301 s
  [BOTH][Rank 0] Done moment 1/1 (task 0): force_integral=-2.032532e-03

Elapsed run time = 5132.8570 s

Elapsed run time = 5153.2478 s

Elapsed run time = 5167.5048 s

Elapsed run time = 5171.2694 s

Elapsed run time = 5177.6994 s

Elapsed run time = 5183.0887 s

Elapsed run time = 5184.6205 s

Elapsed run time = 5187.2672 s

Elapsed run time = 5187.3081 s

Elapsed run time = 5188.5980 s

Elapsed run time = 5190.6829 s

Elapsed run time = 5194.2177 s

Elapsed run time = 5194.3419 s

Elapsed run time = 5196.2218 s

Elapsed run time = 5196.2220 s

Elapsed run time = 5196.5007 s

Elapsed run time = 5196.5691 s

Elapsed run time = 5198.6736 s

Elapsed run time = 5199.7672 s

Elapsed run time = 5200.5074 s

Elapsed run time = 5200.6525 s

Elapsed run time = 5201.4233 s

Elapsed run time = 5201.8756 s

Elapsed run time = 5203.3414 s

Elapsed run time = 5204.0150 s

Elapsed run time = 5206.6342 s

Elapsed run time = 5206.8500 s

Elapsed run time = 5208.4763 s

Elapsed run time = 5208.5039 s

Elapsed run time = 5211.1823 s

Elapsed run time = 5211.5429 s

Elapsed run time = 5212.3910 s

Elapsed run time = 5214.5301 s

Elapsed run time = 5215.1440 s

Elapsed run time = 5217.7740 s

Elapsed run time = 5218.3151 s
  [SELF][Rank 0] Done moment 1/1 (task 0): force_integral=-7.652994e-05

Elapsed run time = 5219.4235 s

Elapsed run time = 5219.6667 s

Elapsed run time = 5220.9206 s

Elapsed run time = 5221.6202 s

Elapsed run time = 5221.9375 s

Elapsed run time = 5222.5953 s

Elapsed run time = 5222.8540 s

Elapsed run time = 5223.3487 s

Elapsed run time = 5223.4862 s

Elapsed run time = 5224.8458 s

Elapsed run time = 5226.1508 s

Elapsed run time = 5227.2780 s

Elapsed run time = 5227.4476 s

Elapsed run time = 5227.6145 s

Elapsed run time = 5227.7366 s

Elapsed run time = 5228.6994 s

Elapsed run time = 5228.7049 s

Elapsed run time = 5230.0215 s

Elapsed run time = 5230.8193 s

Elapsed run time = 5232.0355 s

Elapsed run time = 5232.5018 s

Elapsed run time = 5232.7800 s

Elapsed run time = 5232.8009 s

Elapsed run time = 5233.6916 s

Elapsed run time = 5238.7497 s

Elapsed run time = 5239.2187 s

Elapsed run time = 5239.3352 s

Elapsed run time = 5239.6325 s

Elapsed run time = 5240.4356 s

Elapsed run time = 5240.8795 s

Elapsed run time = 5241.2044 s

Elapsed run time = 5241.2457 s

Elapsed run time = 5241.7161 s

Elapsed run time = 5241.9774 s

Elapsed run time = 5242.0159 s

Elapsed run time = 5244.0744 s

Elapsed run time = 5244.3115 s

Elapsed run time = 5245.1307 s

Elapsed run time = 5246.0425 s

Elapsed run time = 5246.6929 s

Elapsed run time = 5246.8895 s

Elapsed run time = 5246.9676 s

Elapsed run time = 5247.2208 s

Elapsed run time = 5247.6772 s

Elapsed run time = 5248.8602 s

Elapsed run time = 5249.0740 s

Elapsed run time = 5250.2199 s

Elapsed run time = 5254.0355 s

Elapsed run time = 5255.6920 s

Elapsed run time = 5255.7486 s

Elapsed run time = 5256.5837 s

Elapsed run time = 5257.3648 s

Elapsed run time = 5257.6478 s

Elapsed run time = 5257.9703 s

Elapsed run time = 5258.1304 s

Elapsed run time = 5258.5343 s

Elapsed run time = 5258.9489 s

Elapsed run time = 5259.2317 s

Elapsed run time = 5260.3462 s
Simulation complete. Subtracted force: -7.896364e-02. Saved to .tmp/meep_d_0.2500_N_3_corrugated_al_85.0_Nbot_3_Phosphorene_tuned_res_40_theta_88.0_eps_2.1_L_2.00.json

Elapsed run time = 5261.0541 s
Task 201 complete at Fri Sep 11 12:09:11 PM EDT 2026.
