==================================================
SLURM ARRAY TASK ID: 122 / 224
Running on node: x1001c3s3b1n1
Start time: Fri Sep 11 06:42:30 AM EDT 2026
==================================================
Reading parameters from sweep_configs_sweet_spot/config_122.json...
Executing 3D FDTD Simulation: Alpha=80.0 deg, Theta=82.0 deg, d=0.15 um, L=2.0 um, Res=40...
Starting simulation: d=0.15 um, N_top=3, N_bottom=3, material=Phosphorene_tuned, resolution=40, nmax=3, theta=82.0, eps_bg=2.1, config=all, stepped_sieve=False, corrugated=True
Parallel configuration: 128 processes running 108 parallel moment partitions.

Elapsed run time = 0.0567 s

Elapsed run time = 0.0561 s

Elapsed run time = 0.0582 s

Elapsed run time = 0.0605 s

Elapsed run time = 0.0565 s

Elapsed run time = 0.0557 s

Elapsed run time = 0.0571 s

Elapsed run time = 0.0567 s

Elapsed run time = 0.0579 s

Elapsed run time = 0.0605 s

Elapsed run time = 0.0606 s

Elapsed run time = 0.0563 s

Elapsed run time = 0.0606 s

Elapsed run time = 0.0579 s

Elapsed run time = 0.0606 s

Elapsed run time = 0.0605 s

Elapsed run time = 0.0606 s

Elapsed run time = 0.0588 s

Elapsed run time = 0.0593 s

Elapsed run time = 0.0607 s

Elapsed run time = 1474.8623 s

Elapsed run time = 1486.5114 s

Elapsed run time = 1509.4437 s

Elapsed run time = 1515.3706 s

Elapsed run time = 2152.4496 s

Elapsed run time = 2153.3444 s

Elapsed run time = 2173.2055 s

Elapsed run time = 2175.5483 s

Elapsed run time = 2175.6049 s

Elapsed run time = 2181.0126 s

Elapsed run time = 2182.6977 s

Elapsed run time = 2195.2411 s
  [BOTH][Rank 0] Done moment 1/1 (task 0): force_integral=-2.502878e-04

Elapsed run time = 5131.7788 s

Elapsed run time = 5142.2462 s

Elapsed run time = 5154.2056 s

Elapsed run time = 5155.2540 s

Elapsed run time = 5157.0688 s

Elapsed run time = 5158.9133 s

Elapsed run time = 5163.4301 s

Elapsed run time = 5164.0764 s

Elapsed run time = 5165.3815 s

Elapsed run time = 5167.5946 s

Elapsed run time = 5168.3300 s

Elapsed run time = 5168.6105 s

Elapsed run time = 5169.4525 s

Elapsed run time = 5169.7424 s

Elapsed run time = 5171.7600 s

Elapsed run time = 5171.9257 s

Elapsed run time = 5173.0515 s

Elapsed run time = 5174.3939 s

Elapsed run time = 5176.0444 s

Elapsed run time = 5178.0579 s

Elapsed run time = 5178.6806 s

Elapsed run time = 5179.6757 s

Elapsed run time = 5180.2251 s

Elapsed run time = 5180.9158 s

Elapsed run time = 5181.1963 s

Elapsed run time = 5181.3810 s

Elapsed run time = 5181.4174 s

Elapsed run time = 5182.1939 s

Elapsed run time = 5182.5505 s

Elapsed run time = 5184.3967 s

Elapsed run time = 5184.7413 s

Elapsed run time = 5184.7728 s

Elapsed run time = 5185.0547 s

Elapsed run time = 5186.5825 s

Elapsed run time = 5188.3592 s

Elapsed run time = 5188.4675 s

Elapsed run time = 5189.1664 s

Elapsed run time = 5190.2747 s

Elapsed run time = 5190.3251 s

Elapsed run time = 5190.9539 s

Elapsed run time = 5191.5230 s

Elapsed run time = 5191.8708 s

Elapsed run time = 5192.2642 s

Elapsed run time = 5193.0838 s

Elapsed run time = 5193.1724 s

Elapsed run time = 5193.4150 s

Elapsed run time = 5194.1446 s

Elapsed run time = 5194.8872 s

Elapsed run time = 5195.8220 s

Elapsed run time = 5196.8379 s

Elapsed run time = 5197.9189 s

Elapsed run time = 5199.3720 s

Elapsed run time = 5199.5732 s

Elapsed run time = 5201.2532 s

Elapsed run time = 5202.8415 s

Elapsed run time = 5203.3836 s

Elapsed run time = 5204.6777 s

Elapsed run time = 5204.8542 s

Elapsed run time = 5205.4478 s
  [SELF][Rank 0] Done moment 1/1 (task 0): force_integral=+4.767150e-03

Elapsed run time = 5206.4668 s

Elapsed run time = 5206.8134 s

Elapsed run time = 5207.5391 s

Elapsed run time = 5208.3460 s

Elapsed run time = 5210.2665 s

Elapsed run time = 5210.8606 s

Elapsed run time = 5211.2189 s

Elapsed run time = 5211.3387 s

Elapsed run time = 5212.8561 s

Elapsed run time = 5215.5532 s

Elapsed run time = 5215.5752 s

Elapsed run time = 5215.6097 s

Elapsed run time = 5216.1995 s

Elapsed run time = 5216.6772 s

Elapsed run time = 5216.9492 s

Elapsed run time = 5219.5756 s

Elapsed run time = 5219.7441 s

Elapsed run time = 5220.0450 s

Elapsed run time = 5220.3306 s

Elapsed run time = 5221.0566 s

Elapsed run time = 5221.8944 s

Elapsed run time = 5221.9108 s

Elapsed run time = 5222.1961 s

Elapsed run time = 5222.4271 s

Elapsed run time = 5222.8621 s

Elapsed run time = 5224.6217 s

Elapsed run time = 5224.8316 s

Elapsed run time = 5225.3202 s

Elapsed run time = 5226.1615 s

Elapsed run time = 5227.6818 s

Elapsed run time = 5228.2844 s

Elapsed run time = 5228.4718 s

Elapsed run time = 5228.5858 s

Elapsed run time = 5228.8929 s

Elapsed run time = 5228.9253 s

Elapsed run time = 5229.8760 s
Simulation complete. Subtracted force: -3.106978e-01. Saved to .tmp/meep_d_0.1500_N_3_corrugated_al_80.0_Nbot_3_Phosphorene_tuned_res_40_theta_82.0_eps_2.1_L_2.00.json

Elapsed run time = 5230.6350 s
Task 122 complete at Fri Sep 11 08:09:46 AM EDT 2026.
