==================================================
SLURM ARRAY TASK ID: 213 / 224
Running on node: x1000c5s2b0n0
Start time: Fri Sep 11 10:56:07 AM EDT 2026
==================================================
Reading parameters from sweep_configs_sweet_spot/config_213.json...
Executing 3D FDTD Simulation: Alpha=85.0 deg, Theta=92.0 deg, d=0.15 um, L=2.0 um, Res=40...
Starting simulation: d=0.15 um, N_top=3, N_bottom=3, material=Phosphorene_tuned, resolution=40, nmax=3, theta=92.0, eps_bg=2.1, config=all, stepped_sieve=False, corrugated=True
Parallel configuration: 128 processes running 108 parallel moment partitions.

Elapsed run time = 0.0439 s

Elapsed run time = 0.0452 s

Elapsed run time = 0.0545 s

Elapsed run time = 0.0566 s

Elapsed run time = 0.0575 s

Elapsed run time = 0.0585 s

Elapsed run time = 0.0596 s

Elapsed run time = 0.0594 s

Elapsed run time = 0.0610 s

Elapsed run time = 0.0611 s

Elapsed run time = 0.0619 s

Elapsed run time = 0.0677 s

Elapsed run time = 0.0709 s

Elapsed run time = 0.0742 s

Elapsed run time = 0.0734 s

Elapsed run time = 0.0741 s

Elapsed run time = 0.0748 s

Elapsed run time = 0.0763 s

Elapsed run time = 0.0767 s

Elapsed run time = 0.0779 s

Elapsed run time = 1424.2160 s

Elapsed run time = 1447.0502 s

Elapsed run time = 1459.3790 s

Elapsed run time = 1472.9562 s

Elapsed run time = 2077.6859 s

Elapsed run time = 2078.0010 s

Elapsed run time = 2087.2096 s

Elapsed run time = 2090.6387 s

Elapsed run time = 2095.8102 s

Elapsed run time = 2107.9756 s

Elapsed run time = 2112.5182 s

Elapsed run time = 2125.9210 s
  [BOTH][Rank 0] Done moment 1/1 (task 0): force_integral=-7.335369e-03

Elapsed run time = 4968.9969 s

Elapsed run time = 4972.8076 s

Elapsed run time = 4989.9686 s

Elapsed run time = 4990.0183 s

Elapsed run time = 4990.9667 s

Elapsed run time = 4995.2144 s

Elapsed run time = 4995.5383 s

Elapsed run time = 4996.0234 s

Elapsed run time = 4997.7263 s

Elapsed run time = 4997.7739 s

Elapsed run time = 5005.2490 s

Elapsed run time = 5007.8453 s

Elapsed run time = 5008.7248 s

Elapsed run time = 5010.3349 s

Elapsed run time = 5011.6862 s

Elapsed run time = 5012.3428 s

Elapsed run time = 5012.6441 s

Elapsed run time = 5012.7527 s

Elapsed run time = 5013.3436 s

Elapsed run time = 5013.9857 s

Elapsed run time = 5015.7636 s

Elapsed run time = 5016.6237 s

Elapsed run time = 5017.0856 s

Elapsed run time = 5018.5856 s

Elapsed run time = 5019.4841 s
  [SELF][Rank 0] Done moment 1/1 (task 0): force_integral=-2.086718e-03

Elapsed run time = 5019.8827 s

Elapsed run time = 5020.1059 s

Elapsed run time = 5020.4729 s

Elapsed run time = 5021.3985 s

Elapsed run time = 5021.5459 s

Elapsed run time = 5021.6929 s

Elapsed run time = 5021.7115 s

Elapsed run time = 5022.7622 s

Elapsed run time = 5022.8298 s

Elapsed run time = 5023.2256 s

Elapsed run time = 5024.8578 s

Elapsed run time = 5025.5206 s

Elapsed run time = 5026.5177 s

Elapsed run time = 5027.2941 s

Elapsed run time = 5029.4294 s

Elapsed run time = 5031.6031 s

Elapsed run time = 5031.6645 s

Elapsed run time = 5033.3968 s

Elapsed run time = 5033.7103 s

Elapsed run time = 5034.7792 s

Elapsed run time = 5035.5598 s

Elapsed run time = 5036.8793 s

Elapsed run time = 5037.3182 s

Elapsed run time = 5038.4268 s

Elapsed run time = 5038.7455 s

Elapsed run time = 5039.2342 s

Elapsed run time = 5039.3214 s

Elapsed run time = 5039.4628 s

Elapsed run time = 5041.3259 s

Elapsed run time = 5042.1782 s

Elapsed run time = 5042.2976 s

Elapsed run time = 5042.9409 s

Elapsed run time = 5044.8673 s

Elapsed run time = 5045.1722 s

Elapsed run time = 5045.6360 s

Elapsed run time = 5046.3129 s

Elapsed run time = 5046.9451 s

Elapsed run time = 5047.0271 s

Elapsed run time = 5047.0420 s

Elapsed run time = 5047.9910 s

Elapsed run time = 5048.4766 s

Elapsed run time = 5049.0223 s

Elapsed run time = 5049.6257 s

Elapsed run time = 5050.0049 s

Elapsed run time = 5050.6390 s

Elapsed run time = 5050.9057 s

Elapsed run time = 5051.3559 s

Elapsed run time = 5051.7188 s

Elapsed run time = 5051.7703 s

Elapsed run time = 5051.8807 s

Elapsed run time = 5052.2391 s

Elapsed run time = 5053.8447 s

Elapsed run time = 5053.8994 s

Elapsed run time = 5054.4935 s

Elapsed run time = 5054.6525 s

Elapsed run time = 5055.0834 s

Elapsed run time = 5055.5623 s

Elapsed run time = 5056.1102 s

Elapsed run time = 5056.4022 s

Elapsed run time = 5057.7881 s

Elapsed run time = 5058.6514 s

Elapsed run time = 5058.7471 s

Elapsed run time = 5058.8033 s

Elapsed run time = 5059.2239 s

Elapsed run time = 5062.5841 s

Elapsed run time = 5066.7810 s

Elapsed run time = 5066.9708 s

Elapsed run time = 5068.4439 s

Elapsed run time = 5070.9553 s

Elapsed run time = 5071.2385 s
Simulation complete. Subtracted force: -3.297340e-01. Saved to .tmp/meep_d_0.1500_N_3_corrugated_al_85.0_Nbot_3_Phosphorene_tuned_res_40_theta_92.0_eps_2.1_L_2.00.json

Elapsed run time = 5071.6104 s
Task 213 complete at Fri Sep 11 12:20:43 PM EDT 2026.
