==================================================
SLURM ARRAY TASK ID: 182 / 224
Running on node: x1002c1s0b1n0
Start time: Fri Sep 11 09:29:14 AM EDT 2026
==================================================
Reading parameters from sweep_configs_sweet_spot/config_182.json...
Executing 3D FDTD Simulation: Alpha=85.0 deg, Theta=82.0 deg, d=0.35 um, L=2.0 um, Res=40...
Starting simulation: d=0.35 um, N_top=3, N_bottom=3, material=Phosphorene_tuned, resolution=40, nmax=3, theta=82.0, eps_bg=2.1, config=all, stepped_sieve=False, corrugated=True
Parallel configuration: 128 processes running 108 parallel moment partitions.

Elapsed run time = 0.2259 s

Elapsed run time = 0.2261 s

Elapsed run time = 0.2286 s

Elapsed run time = 0.2328 s

Elapsed run time = 0.2363 s

Elapsed run time = 0.2373 s

Elapsed run time = 0.2411 s

Elapsed run time = 0.2418 s

Elapsed run time = 0.2429 s

Elapsed run time = 0.2443 s

Elapsed run time = 0.2447 s

Elapsed run time = 0.2446 s

Elapsed run time = 0.2482 s

Elapsed run time = 0.2496 s

Elapsed run time = 0.2497 s

Elapsed run time = 0.2607 s

Elapsed run time = 0.2611 s

Elapsed run time = 0.2617 s

Elapsed run time = 0.2624 s

Elapsed run time = 0.2641 s

Elapsed run time = 1594.9314 s

Elapsed run time = 1606.6199 s

Elapsed run time = 1625.7563 s

Elapsed run time = 1636.4999 s

Elapsed run time = 2330.0527 s

Elapsed run time = 2330.2741 s

Elapsed run time = 2332.1241 s

Elapsed run time = 2336.4771 s

Elapsed run time = 2345.1662 s

Elapsed run time = 2354.7294 s

Elapsed run time = 2358.2492 s

Elapsed run time = 2367.8760 s
  [BOTH][Rank 0] Done moment 1/1 (task 0): force_integral=-5.635233e-03

Elapsed run time = 5520.9862 s

Elapsed run time = 5527.4562 s

Elapsed run time = 5542.7864 s

Elapsed run time = 5544.7772 s

Elapsed run time = 5549.3634 s

Elapsed run time = 5555.2657 s

Elapsed run time = 5556.7385 s

Elapsed run time = 5556.9501 s

Elapsed run time = 5561.8992 s

Elapsed run time = 5564.5496 s

Elapsed run time = 5566.2157 s

Elapsed run time = 5566.3758 s

Elapsed run time = 5567.7189 s

Elapsed run time = 5568.7465 s

Elapsed run time = 5569.4717 s

Elapsed run time = 5570.2448 s

Elapsed run time = 5570.8710 s

Elapsed run time = 5573.2716 s

Elapsed run time = 5573.5265 s

Elapsed run time = 5574.2748 s

Elapsed run time = 5574.8089 s

Elapsed run time = 5576.0527 s

Elapsed run time = 5576.3893 s

Elapsed run time = 5577.2992 s

Elapsed run time = 5578.3531 s

Elapsed run time = 5578.3987 s

Elapsed run time = 5578.5546 s

Elapsed run time = 5579.2298 s

Elapsed run time = 5580.2123 s

Elapsed run time = 5580.6962 s

Elapsed run time = 5581.0221 s

Elapsed run time = 5581.4970 s

Elapsed run time = 5581.8778 s

Elapsed run time = 5582.1594 s

Elapsed run time = 5583.9675 s

Elapsed run time = 5586.5192 s

Elapsed run time = 5586.6935 s

Elapsed run time = 5587.1655 s

Elapsed run time = 5587.5133 s
  [SELF][Rank 0] Done moment 1/1 (task 0): force_integral=-4.856557e-03

Elapsed run time = 5588.1835 s

Elapsed run time = 5588.4744 s

Elapsed run time = 5589.4687 s

Elapsed run time = 5590.0118 s

Elapsed run time = 5591.5541 s

Elapsed run time = 5592.9355 s

Elapsed run time = 5594.5363 s

Elapsed run time = 5596.6033 s

Elapsed run time = 5597.0531 s

Elapsed run time = 5599.7798 s

Elapsed run time = 5600.2948 s

Elapsed run time = 5601.1892 s

Elapsed run time = 5603.9369 s

Elapsed run time = 5604.5492 s

Elapsed run time = 5605.1958 s

Elapsed run time = 5605.8561 s

Elapsed run time = 5606.0346 s

Elapsed run time = 5606.7480 s

Elapsed run time = 5606.8212 s

Elapsed run time = 5608.0994 s

Elapsed run time = 5608.9609 s

Elapsed run time = 5609.7327 s

Elapsed run time = 5610.1389 s

Elapsed run time = 5610.7962 s

Elapsed run time = 5610.8158 s

Elapsed run time = 5611.8458 s

Elapsed run time = 5612.1042 s

Elapsed run time = 5612.6982 s

Elapsed run time = 5612.8054 s

Elapsed run time = 5613.2840 s

Elapsed run time = 5614.9052 s

Elapsed run time = 5615.0942 s

Elapsed run time = 5615.1416 s

Elapsed run time = 5615.2545 s

Elapsed run time = 5615.7825 s

Elapsed run time = 5615.9159 s

Elapsed run time = 5616.3599 s

Elapsed run time = 5617.4127 s

Elapsed run time = 5617.5405 s

Elapsed run time = 5618.0784 s

Elapsed run time = 5618.4235 s

Elapsed run time = 5618.5755 s

Elapsed run time = 5619.0861 s

Elapsed run time = 5619.5615 s

Elapsed run time = 5620.5106 s

Elapsed run time = 5620.6022 s

Elapsed run time = 5621.2015 s

Elapsed run time = 5622.0123 s

Elapsed run time = 5623.1701 s

Elapsed run time = 5625.1822 s

Elapsed run time = 5630.1838 s

Elapsed run time = 5635.1911 s

Elapsed run time = 5636.9003 s

Elapsed run time = 5638.0628 s

Elapsed run time = 5638.6256 s

Elapsed run time = 5640.0255 s
Simulation complete. Subtracted force: -1.900192e-02. Saved to .tmp/meep_d_0.3500_N_3_corrugated_al_85.0_Nbot_3_Phosphorene_tuned_res_40_theta_82.0_eps_2.1_L_2.00.json

Elapsed run time = 5640.7139 s
Task 182 complete at Fri Sep 11 11:04:01 AM EDT 2026.
