==================================================
SLURM ARRAY TASK ID: 91 / 224
Running on node: x1002c6s0b1n1
Start time: Fri Sep 11 04:19:04 AM EDT 2026
==================================================
Reading parameters from sweep_configs_sweet_spot/config_091.json...
Executing 3D FDTD Simulation: Alpha=75.0 deg, Theta=88.0 deg, d=0.35 um, L=2.0 um, Res=40...
Starting simulation: d=0.35 um, N_top=3, N_bottom=3, material=Phosphorene_tuned, resolution=40, nmax=3, theta=88.0, eps_bg=2.1, config=all, stepped_sieve=False, corrugated=True
Parallel configuration: 128 processes running 108 parallel moment partitions.

Elapsed run time = 0.0844 s

Elapsed run time = 0.0846 s

Elapsed run time = 0.0846 s

Elapsed run time = 0.0845 s

Elapsed run time = 0.0843 s

Elapsed run time = 0.0840 s

Elapsed run time = 0.0848 s

Elapsed run time = 0.0840 s

Elapsed run time = 0.0845 s

Elapsed run time = 0.0849 s

Elapsed run time = 0.0849 s

Elapsed run time = 0.0848 s

Elapsed run time = 0.0848 s

Elapsed run time = 0.0845 s

Elapsed run time = 0.0843 s

Elapsed run time = 0.0849 s

Elapsed run time = 0.0848 s

Elapsed run time = 0.0843 s

Elapsed run time = 0.0851 s

Elapsed run time = 0.0850 s

Elapsed run time = 1539.5716 s

Elapsed run time = 1559.8192 s

Elapsed run time = 1573.4367 s

Elapsed run time = 1581.9951 s

Elapsed run time = 2251.3127 s

Elapsed run time = 2251.4628 s

Elapsed run time = 2256.1931 s

Elapsed run time = 2256.2366 s

Elapsed run time = 2259.7040 s

Elapsed run time = 2267.2207 s

Elapsed run time = 2280.0387 s

Elapsed run time = 2289.5764 s
  [BOTH][Rank 0] Done moment 1/1 (task 0): force_integral=+1.628021e-03

Elapsed run time = 5321.4559 s

Elapsed run time = 5343.4874 s

Elapsed run time = 5358.0527 s

Elapsed run time = 5366.0547 s

Elapsed run time = 5369.4044 s

Elapsed run time = 5370.0483 s

Elapsed run time = 5372.9633 s

Elapsed run time = 5381.0549 s

Elapsed run time = 5382.5274 s

Elapsed run time = 5383.5661 s

Elapsed run time = 5384.2973 s

Elapsed run time = 5384.7133 s

Elapsed run time = 5385.1220 s

Elapsed run time = 5387.5866 s

Elapsed run time = 5389.0771 s

Elapsed run time = 5389.6506 s

Elapsed run time = 5389.8289 s

Elapsed run time = 5390.2785 s

Elapsed run time = 5391.2032 s

Elapsed run time = 5392.4733 s

Elapsed run time = 5392.7122 s

Elapsed run time = 5395.3025 s
  [SELF][Rank 0] Done moment 1/1 (task 0): force_integral=+2.480559e-03

Elapsed run time = 5397.6270 s

Elapsed run time = 5398.0269 s

Elapsed run time = 5400.9957 s

Elapsed run time = 5401.5019 s

Elapsed run time = 5401.5330 s

Elapsed run time = 5402.3576 s

Elapsed run time = 5403.7470 s

Elapsed run time = 5403.9764 s

Elapsed run time = 5403.9858 s

Elapsed run time = 5404.6639 s

Elapsed run time = 5405.3435 s

Elapsed run time = 5406.7115 s

Elapsed run time = 5406.8326 s

Elapsed run time = 5407.2667 s

Elapsed run time = 5407.6581 s

Elapsed run time = 5409.1248 s

Elapsed run time = 5410.6846 s

Elapsed run time = 5410.8319 s

Elapsed run time = 5411.8384 s

Elapsed run time = 5413.4242 s

Elapsed run time = 5413.4500 s

Elapsed run time = 5413.7723 s

Elapsed run time = 5415.1842 s

Elapsed run time = 5416.5058 s

Elapsed run time = 5418.0531 s

Elapsed run time = 5418.9237 s

Elapsed run time = 5419.1149 s

Elapsed run time = 5419.8047 s

Elapsed run time = 5421.3273 s

Elapsed run time = 5421.9528 s

Elapsed run time = 5422.3052 s

Elapsed run time = 5423.6981 s

Elapsed run time = 5423.8818 s

Elapsed run time = 5424.1152 s

Elapsed run time = 5425.2265 s

Elapsed run time = 5425.4736 s

Elapsed run time = 5425.6031 s

Elapsed run time = 5425.8446 s

Elapsed run time = 5425.9862 s

Elapsed run time = 5427.5627 s

Elapsed run time = 5428.1000 s

Elapsed run time = 5428.1102 s

Elapsed run time = 5428.2939 s

Elapsed run time = 5429.1702 s

Elapsed run time = 5429.3926 s

Elapsed run time = 5429.8183 s

Elapsed run time = 5429.9740 s

Elapsed run time = 5430.0449 s

Elapsed run time = 5433.3916 s

Elapsed run time = 5434.2233 s

Elapsed run time = 5434.9015 s

Elapsed run time = 5437.0191 s

Elapsed run time = 5437.3538 s

Elapsed run time = 5437.4005 s

Elapsed run time = 5438.1440 s

Elapsed run time = 5438.5732 s

Elapsed run time = 5438.8563 s

Elapsed run time = 5438.9170 s

Elapsed run time = 5438.9942 s

Elapsed run time = 5439.2535 s

Elapsed run time = 5439.7706 s

Elapsed run time = 5440.0164 s

Elapsed run time = 5440.4056 s

Elapsed run time = 5440.6792 s

Elapsed run time = 5442.2618 s

Elapsed run time = 5442.2868 s

Elapsed run time = 5444.1644 s

Elapsed run time = 5456.1262 s

Elapsed run time = 5456.3724 s

Elapsed run time = 5458.3080 s

Elapsed run time = 5458.4243 s

Elapsed run time = 5458.5819 s

Elapsed run time = 5460.8358 s
Simulation complete. Subtracted force: -1.789603e-02. Saved to .tmp/meep_d_0.3500_N_3_corrugated_al_75.0_Nbot_3_Phosphorene_tuned_res_40_theta_88.0_eps_2.1_L_2.00.json

Elapsed run time = 5461.2092 s
Task 91 complete at Fri Sep 11 05:50:11 AM EDT 2026.
