==================================================
SLURM ARRAY TASK ID: 48 / 224
Running on node: x1001c5s5b0n1
Start time: Thu Sep 10 03:50:57 PM EDT 2026
==================================================
Reading parameters from sweep_configs_sweet_spot/config_048.json...
Executing 3D FDTD Simulation: Alpha=70.0 deg, Theta=92.0 deg, d=0.3 um, L=2.0 um, Res=40...

Elapsed run time = 0.0189 s

Elapsed run time = 0.0192 s

Elapsed run time = 0.0200 s

Elapsed run time = 0.0225 s

Elapsed run time = 0.0215 s

Elapsed run time = 0.0221 s

Elapsed run time = 0.0244 s

Elapsed run time = 0.0262 s

Elapsed run time = 0.0269 s

Elapsed run time = 0.0298 s

Elapsed run time = 0.0301 s

Elapsed run time = 0.0340 s

Elapsed run time = 0.0525 s

Elapsed run time = 0.0540 s

Elapsed run time = 0.0534 s

Elapsed run time = 0.0540 s

Elapsed run time = 0.0559 s

Elapsed run time = 0.0552 s

Elapsed run time = 0.0550 s

Elapsed run time = 0.0562 s

Elapsed run time = 1514.2347 s

Elapsed run time = 1520.0682 s

Elapsed run time = 1547.6306 s

Elapsed run time = 1552.8452 s

Elapsed run time = 2203.4723 s

Elapsed run time = 2204.1723 s

Elapsed run time = 2217.1458 s

Elapsed run time = 2217.3662 s

Elapsed run time = 2229.2704 s

Elapsed run time = 2236.9701 s

Elapsed run time = 2239.4129 s

Elapsed run time = 2248.8604 s
Starting simulation: d=0.3 um, N_top=3, N_bottom=3, material=Phosphorene_tuned, resolution=40, nmax=3, theta=92.0, eps_bg=2.1, config=all, stepped_sieve=False, corrugated=True
Parallel configuration: 128 processes running 108 parallel moment partitions.
  [BOTH][Rank 0] Done moment 1/1 (task 0): force_integral=-1.580606e-03

Elapsed run time = 5253.5562 s

Elapsed run time = 5260.6139 s

Elapsed run time = 5261.4407 s

Elapsed run time = 5275.2844 s

Elapsed run time = 5275.6841 s

Elapsed run time = 5277.3541 s

Elapsed run time = 5279.3849 s

Elapsed run time = 5280.7345 s

Elapsed run time = 5284.0943 s

Elapsed run time = 5288.7504 s

Elapsed run time = 5290.3244 s

Elapsed run time = 5291.5639 s

Elapsed run time = 5292.0893 s

Elapsed run time = 5293.0300 s

Elapsed run time = 5293.9958 s

Elapsed run time = 5294.3646 s

Elapsed run time = 5294.7212 s

Elapsed run time = 5295.6047 s

Elapsed run time = 5295.6934 s

Elapsed run time = 5297.4773 s

Elapsed run time = 5297.6075 s

Elapsed run time = 5298.2842 s

Elapsed run time = 5299.1963 s

Elapsed run time = 5299.3722 s

Elapsed run time = 5299.3781 s

Elapsed run time = 5300.1383 s

Elapsed run time = 5300.2390 s

Elapsed run time = 5300.5172 s

Elapsed run time = 5300.5883 s

Elapsed run time = 5301.4118 s

Elapsed run time = 5303.0118 s

Elapsed run time = 5303.6808 s

Elapsed run time = 5304.2425 s

Elapsed run time = 5304.7975 s

Elapsed run time = 5305.5278 s

Elapsed run time = 5306.1385 s

Elapsed run time = 5307.2497 s

Elapsed run time = 5307.9804 s

Elapsed run time = 5309.0885 s

Elapsed run time = 5310.6263 s
  [SELF][Rank 0] Done moment 1/1 (task 0): force_integral=-1.940991e-04

Elapsed run time = 5312.4159 s

Elapsed run time = 5313.3661 s

Elapsed run time = 5313.5403 s

Elapsed run time = 5315.2172 s

Elapsed run time = 5316.0854 s

Elapsed run time = 5317.0840 s

Elapsed run time = 5318.6500 s

Elapsed run time = 5319.8463 s

Elapsed run time = 5320.9783 s

Elapsed run time = 5321.3752 s

Elapsed run time = 5321.7974 s

Elapsed run time = 5324.0907 s

Elapsed run time = 5324.1833 s

Elapsed run time = 5324.8242 s

Elapsed run time = 5325.9852 s

Elapsed run time = 5326.5354 s

Elapsed run time = 5327.0652 s

Elapsed run time = 5328.2056 s

Elapsed run time = 5328.3440 s

Elapsed run time = 5328.7126 s

Elapsed run time = 5329.7446 s

Elapsed run time = 5329.7781 s

Elapsed run time = 5330.4370 s

Elapsed run time = 5330.4438 s

Elapsed run time = 5330.6588 s

Elapsed run time = 5331.6795 s

Elapsed run time = 5331.7663 s

Elapsed run time = 5333.0784 s

Elapsed run time = 5333.9625 s

Elapsed run time = 5334.3387 s

Elapsed run time = 5334.6364 s

Elapsed run time = 5334.8535 s

Elapsed run time = 5335.1446 s

Elapsed run time = 5335.1804 s

Elapsed run time = 5335.3682 s

Elapsed run time = 5336.1140 s

Elapsed run time = 5336.3642 s

Elapsed run time = 5336.7010 s

Elapsed run time = 5337.1607 s

Elapsed run time = 5337.8832 s

Elapsed run time = 5339.1911 s

Elapsed run time = 5339.8641 s

Elapsed run time = 5340.4745 s

Elapsed run time = 5343.8206 s

Elapsed run time = 5343.8523 s

Elapsed run time = 5343.9933 s

Elapsed run time = 5344.0704 s

Elapsed run time = 5344.5399 s

Elapsed run time = 5344.8756 s

Elapsed run time = 5346.9283 s

Elapsed run time = 5346.9797 s

Elapsed run time = 5350.1897 s

Elapsed run time = 5352.5096 s

Elapsed run time = 5353.0015 s

Elapsed run time = 5353.3578 s
Simulation complete. Subtracted force: -3.938032e-02. Saved to .tmp/meep_d_0.3000_N_3_corrugated_Nbot_3_Phosphorene_tuned_res_40_theta_92.0_eps_2.1_L_2.00.json

Elapsed run time = 5354.2866 s
Task 48 complete at Thu Sep 10 05:20:18 PM EDT 2026.
