==================================================
SLURM ARRAY TASK ID: 80 / 224
Running on node: x1001c5s1b0n1
Start time: Thu Sep 10 06:38:22 PM EDT 2026
==================================================
Reading parameters from sweep_configs_sweet_spot/config_080.json...
Executing 3D FDTD Simulation: Alpha=75.0 deg, Theta=86.0 deg, d=0.15 um, L=2.0 um, Res=40...

Elapsed run time = 0.0677 s

Elapsed run time = 0.0679 s

Elapsed run time = 0.0658 s

Elapsed run time = 0.0666 s

Elapsed run time = 0.0676 s

Elapsed run time = 0.0678 s

Elapsed run time = 0.0661 s

Elapsed run time = 0.0668 s
Starting simulation: d=0.15 um, N_top=3, N_bottom=3, material=Phosphorene_tuned, resolution=40, nmax=3, theta=86.0, eps_bg=2.1, config=all, stepped_sieve=False, corrugated=True
Parallel configuration: 128 processes running 108 parallel moment partitions.
Task already complete! Found cached result in .tmp/meep_d_0.1500_N_3_corrugated_Nbot_3_Phosphorene_tuned_res_40_theta_86.0_eps_2.1_L_2.00.json (F_sub=-3.179244e-01). Skipping.

Elapsed run time = 0.0662 s

Elapsed run time = 0.0672 s

Elapsed run time = 0.0675 s

Elapsed run time = 0.0658 s

Elapsed run time = 0.0663 s

Elapsed run time = 0.0686 s

Elapsed run time = 0.0664 s

Elapsed run time = 0.0679 s

Elapsed run time = 0.0660 s

Elapsed run time = 0.0659 s

Elapsed run time = 0.0668 s

Elapsed run time = 0.0660 s

Elapsed run time = 0.0667 s

Elapsed run time = 0.0663 s

Elapsed run time = 0.0660 s

Elapsed run time = 0.0668 s

Elapsed run time = 0.0662 s

Elapsed run time = 0.0688 s

Elapsed run time = 0.0690 s

Elapsed run time = 0.0680 s

Elapsed run time = 0.0689 s

Elapsed run time = 0.0686 s

Elapsed run time = 0.0670 s

Elapsed run time = 0.0675 s

Elapsed run time = 0.0682 s

Elapsed run time = 0.0686 s

Elapsed run time = 0.0688 s

Elapsed run time = 0.0692 s

Elapsed run time = 0.0673 s

Elapsed run time = 0.0692 s

Elapsed run time = 0.0669 s

Elapsed run time = 0.0679 s

Elapsed run time = 0.0683 s

Elapsed run time = 0.0675 s

Elapsed run time = 0.0664 s

Elapsed run time = 0.0681 s

Elapsed run time = 0.0675 s

Elapsed run time = 0.0691 s

Elapsed run time = 0.0670 s

Elapsed run time = 0.0684 s

Elapsed run time = 0.0692 s

Elapsed run time = 0.0672 s

Elapsed run time = 0.0694 s

Elapsed run time = 0.0684 s

Elapsed run time = 0.0695 s

Elapsed run time = 0.0693 s

Elapsed run time = 0.0683 s

Elapsed run time = 0.0694 s

Elapsed run time = 0.0673 s

Elapsed run time = 0.0670 s

Elapsed run time = 0.0692 s

Elapsed run time = 0.0675 s

Elapsed run time = 0.0679 s

Elapsed run time = 0.0668 s

Elapsed run time = 0.0670 s

Elapsed run time = 0.0675 s

Elapsed run time = 0.0689 s

Elapsed run time = 0.0688 s

Elapsed run time = 0.0673 s

Elapsed run time = 0.0691 s

Elapsed run time = 0.0682 s

Elapsed run time = 0.0673 s

Elapsed run time = 0.0669 s

Elapsed run time = 0.0674 s

Elapsed run time = 0.0685 s

Elapsed run time = 0.0678 s

Elapsed run time = 0.0669 s

Elapsed run time = 0.0674 s

Elapsed run time = 0.0682 s

Elapsed run time = 0.0668 s

Elapsed run time = 0.0674 s

Elapsed run time = 0.0684 s

Elapsed run time = 0.0687 s

Elapsed run time = 0.0668 s

Elapsed run time = 0.0675 s

Elapsed run time = 0.0693 s

Elapsed run time = 0.0682 s

Elapsed run time = 0.0694 s

Elapsed run time = 0.0681 s

Elapsed run time = 0.0675 s

Elapsed run time = 0.0665 s

Elapsed run time = 0.0690 s

Elapsed run time = 0.0673 s

Elapsed run time = 0.0675 s

Elapsed run time = 0.0678 s

Elapsed run time = 0.0677 s

Elapsed run time = 0.0670 s

Elapsed run time = 0.0683 s

Elapsed run time = 0.0693 s

Elapsed run time = 0.0670 s

Elapsed run time = 0.0682 s

Elapsed run time = 0.0688 s

Elapsed run time = 0.0686 s

Elapsed run time = 0.0670 s

Elapsed run time = 0.0682 s

Elapsed run time = 0.0685 s

Elapsed run time = 0.0665 s

Elapsed run time = 0.0678 s

Elapsed run time = 0.0673 s

Elapsed run time = 0.0681 s

Elapsed run time = 0.0683 s

Elapsed run time = 0.0666 s

Elapsed run time = 0.0670 s

Elapsed run time = 0.0682 s

Elapsed run time = 0.0678 s

Elapsed run time = 0.0674 s

Elapsed run time = 0.0678 s

Elapsed run time = 0.0675 s

Elapsed run time = 0.0682 s

Elapsed run time = 0.0667 s

Elapsed run time = 0.0689 s

Elapsed run time = 0.0676 s

Elapsed run time = 0.0693 s

Elapsed run time = 0.0694 s

Elapsed run time = 0.0675 s

Elapsed run time = 0.0693 s

Elapsed run time = 0.0696 s

Elapsed run time = 0.0674 s

Elapsed run time = 0.0678 s

Elapsed run time = 0.0684 s
Task 80 complete at Thu Sep 10 06:38:33 PM EDT 2026.
