==================================================
SLURM ARRAY TASK ID: 85 / 224
Running on node: x1001c7s5b0n1
Start time: Fri Sep 11 03:36:18 AM EDT 2026
==================================================
Reading parameters from sweep_configs_sweet_spot/config_085.json...
Executing 3D FDTD Simulation: Alpha=75.0 deg, Theta=88.0 deg, d=0.05 um, L=2.0 um, Res=40...
Starting simulation: d=0.05 um, N_top=3, N_bottom=3, material=Phosphorene_tuned, resolution=40, nmax=3, theta=88.0, eps_bg=2.1, config=all, stepped_sieve=False, corrugated=True
Parallel configuration: 128 processes running 108 parallel moment partitions.

Elapsed run time = 0.0818 s

Elapsed run time = 0.0821 s

Elapsed run time = 0.0834 s

Elapsed run time = 0.0836 s

Elapsed run time = 0.0844 s

Elapsed run time = 0.0857 s

Elapsed run time = 0.0867 s

Elapsed run time = 0.0876 s

Elapsed run time = 0.0892 s

Elapsed run time = 0.0909 s

Elapsed run time = 0.1110 s

Elapsed run time = 0.1131 s

Elapsed run time = 0.1140 s

Elapsed run time = 0.1141 s

Elapsed run time = 0.1143 s

Elapsed run time = 0.1157 s

Elapsed run time = 0.1160 s

Elapsed run time = 0.1175 s

Elapsed run time = 0.1205 s

Elapsed run time = 0.1210 s

Elapsed run time = 1382.0709 s

Elapsed run time = 1385.9782 s

Elapsed run time = 1411.0238 s

Elapsed run time = 1414.0378 s

Elapsed run time = 2010.1479 s

Elapsed run time = 2010.9448 s

Elapsed run time = 2011.1884 s

Elapsed run time = 2012.3943 s

Elapsed run time = 2029.0486 s

Elapsed run time = 2029.1970 s

Elapsed run time = 2037.3558 s

Elapsed run time = 2040.1134 s
  [BOTH][Rank 0] Done moment 1/1 (task 0): force_integral=-1.293085e-02

Elapsed run time = 4756.0336 s

Elapsed run time = 4762.9929 s

Elapsed run time = 4784.3124 s

Elapsed run time = 4799.1824 s

Elapsed run time = 4804.8912 s

Elapsed run time = 4810.1301 s

Elapsed run time = 4810.9537 s

Elapsed run time = 4814.4848 s

Elapsed run time = 4814.7230 s

Elapsed run time = 4815.9147 s

Elapsed run time = 4818.9383 s

Elapsed run time = 4819.7256 s

Elapsed run time = 4821.1915 s

Elapsed run time = 4821.7484 s

Elapsed run time = 4822.9523 s

Elapsed run time = 4822.9885 s

Elapsed run time = 4823.2206 s

Elapsed run time = 4823.4279 s

Elapsed run time = 4823.4400 s

Elapsed run time = 4824.1856 s

Elapsed run time = 4824.7738 s

Elapsed run time = 4824.9025 s

Elapsed run time = 4825.0220 s

Elapsed run time = 4825.6159 s

Elapsed run time = 4826.4139 s

Elapsed run time = 4826.8414 s

Elapsed run time = 4828.1304 s

Elapsed run time = 4828.9522 s

Elapsed run time = 4829.5962 s

Elapsed run time = 4829.6221 s

Elapsed run time = 4830.2821 s

Elapsed run time = 4833.7973 s

Elapsed run time = 4833.8913 s

Elapsed run time = 4836.2667 s

Elapsed run time = 4836.9471 s

Elapsed run time = 4838.2805 s

Elapsed run time = 4838.7091 s
  [SELF][Rank 0] Done moment 1/1 (task 0): force_integral=+1.023096e-03

Elapsed run time = 4840.8703 s

Elapsed run time = 4840.9376 s

Elapsed run time = 4841.0970 s

Elapsed run time = 4842.7426 s

Elapsed run time = 4844.6682 s

Elapsed run time = 4845.1460 s

Elapsed run time = 4846.7114 s

Elapsed run time = 4846.9093 s

Elapsed run time = 4847.0667 s

Elapsed run time = 4847.0674 s

Elapsed run time = 4847.4938 s

Elapsed run time = 4848.4800 s

Elapsed run time = 4849.2449 s

Elapsed run time = 4849.2760 s

Elapsed run time = 4850.8065 s

Elapsed run time = 4851.5136 s

Elapsed run time = 4852.2165 s

Elapsed run time = 4852.6136 s

Elapsed run time = 4853.2450 s

Elapsed run time = 4853.9783 s

Elapsed run time = 4854.9160 s

Elapsed run time = 4855.2146 s

Elapsed run time = 4855.9165 s

Elapsed run time = 4856.8693 s

Elapsed run time = 4857.1624 s

Elapsed run time = 4857.8681 s

Elapsed run time = 4858.5625 s

Elapsed run time = 4858.7264 s

Elapsed run time = 4860.3577 s

Elapsed run time = 4860.8333 s

Elapsed run time = 4860.8671 s

Elapsed run time = 4861.0847 s

Elapsed run time = 4861.7211 s

Elapsed run time = 4862.0511 s

Elapsed run time = 4862.1876 s

Elapsed run time = 4862.3910 s

Elapsed run time = 4863.0959 s

Elapsed run time = 4863.5346 s

Elapsed run time = 4863.8619 s

Elapsed run time = 4864.5145 s

Elapsed run time = 4865.6854 s

Elapsed run time = 4866.0716 s

Elapsed run time = 4866.5958 s

Elapsed run time = 4867.5963 s

Elapsed run time = 4867.6117 s

Elapsed run time = 4867.8026 s

Elapsed run time = 4868.1115 s

Elapsed run time = 4868.4042 s

Elapsed run time = 4868.8115 s

Elapsed run time = 4869.6170 s

Elapsed run time = 4870.7730 s

Elapsed run time = 4876.0475 s

Elapsed run time = 4885.2466 s

Elapsed run time = 4885.3904 s

Elapsed run time = 4887.2255 s

Elapsed run time = 4887.3983 s

Elapsed run time = 4887.5660 s

Elapsed run time = 4889.1836 s
Simulation complete. Subtracted force: -8.083264e+01. Saved to .tmp/meep_d_0.0500_N_3_corrugated_al_75.0_Nbot_3_Phosphorene_tuned_res_40_theta_88.0_eps_2.1_L_2.00.json

Elapsed run time = 4889.7987 s
Task 85 complete at Fri Sep 11 04:58:20 AM EDT 2026.
