==================================================
SLURM ARRAY TASK ID: 116 / 224
Running on node: x1001c6s5b1n0
Start time: Fri Sep 11 06:27:25 AM EDT 2026
==================================================
Reading parameters from sweep_configs_sweet_spot/config_116.json...
Executing 3D FDTD Simulation: Alpha=80.0 deg, Theta=80.0 deg, d=0.2 um, L=2.0 um, Res=40...
Starting simulation: d=0.2 um, N_top=3, N_bottom=3, material=Phosphorene_tuned, resolution=40, nmax=3, theta=80.0, eps_bg=2.1, config=all, stepped_sieve=False, corrugated=True
Parallel configuration: 128 processes running 108 parallel moment partitions.

Elapsed run time = 0.0435 s

Elapsed run time = 0.0435 s

Elapsed run time = 0.0433 s

Elapsed run time = 0.0436 s

Elapsed run time = 0.0434 s

Elapsed run time = 0.0434 s

Elapsed run time = 0.0437 s

Elapsed run time = 0.0433 s

Elapsed run time = 0.0436 s

Elapsed run time = 0.0435 s

Elapsed run time = 0.0436 s

Elapsed run time = 0.0436 s

Elapsed run time = 0.0432 s

Elapsed run time = 0.0433 s

Elapsed run time = 0.0437 s

Elapsed run time = 0.0440 s

Elapsed run time = 0.0438 s

Elapsed run time = 0.0437 s

Elapsed run time = 0.0436 s

Elapsed run time = 0.0439 s

Elapsed run time = 1526.4254 s

Elapsed run time = 1540.9003 s

Elapsed run time = 1561.1870 s

Elapsed run time = 1572.1017 s

Elapsed run time = 2204.1884 s

Elapsed run time = 2215.9082 s

Elapsed run time = 2232.8440 s

Elapsed run time = 2233.1323 s

Elapsed run time = 2249.2722 s

Elapsed run time = 2252.6691 s

Elapsed run time = 2261.3463 s

Elapsed run time = 2268.8952 s
  [BOTH][Rank 0] Done moment 1/1 (task 0): force_integral=+2.217537e-03

Elapsed run time = 5251.9128 s

Elapsed run time = 5277.4269 s

Elapsed run time = 5288.1637 s

Elapsed run time = 5294.3929 s

Elapsed run time = 5294.4932 s

Elapsed run time = 5295.6512 s

Elapsed run time = 5298.2743 s

Elapsed run time = 5301.4202 s

Elapsed run time = 5301.9884 s

Elapsed run time = 5302.0263 s

Elapsed run time = 5303.6189 s

Elapsed run time = 5305.6894 s

Elapsed run time = 5307.6662 s

Elapsed run time = 5309.6561 s

Elapsed run time = 5310.9982 s

Elapsed run time = 5314.3453 s

Elapsed run time = 5316.9534 s

Elapsed run time = 5318.0457 s
  [SELF][Rank 0] Done moment 1/1 (task 0): force_integral=+5.092758e-03

Elapsed run time = 5319.0254 s

Elapsed run time = 5319.5926 s

Elapsed run time = 5322.5982 s

Elapsed run time = 5324.9868 s

Elapsed run time = 5325.4122 s

Elapsed run time = 5325.5008 s

Elapsed run time = 5325.9094 s

Elapsed run time = 5327.4503 s

Elapsed run time = 5328.1672 s

Elapsed run time = 5328.4008 s

Elapsed run time = 5328.4016 s

Elapsed run time = 5329.0157 s

Elapsed run time = 5330.0579 s

Elapsed run time = 5330.5508 s

Elapsed run time = 5330.9293 s

Elapsed run time = 5331.3061 s

Elapsed run time = 5331.6287 s

Elapsed run time = 5332.3600 s

Elapsed run time = 5332.5278 s

Elapsed run time = 5333.7375 s

Elapsed run time = 5335.7579 s

Elapsed run time = 5336.2765 s

Elapsed run time = 5336.5651 s

Elapsed run time = 5338.1321 s

Elapsed run time = 5338.9259 s

Elapsed run time = 5339.1187 s

Elapsed run time = 5340.2641 s

Elapsed run time = 5340.5302 s

Elapsed run time = 5343.2354 s

Elapsed run time = 5345.6635 s

Elapsed run time = 5346.0608 s

Elapsed run time = 5346.5967 s

Elapsed run time = 5346.8799 s

Elapsed run time = 5346.9370 s

Elapsed run time = 5347.1826 s

Elapsed run time = 5347.6946 s

Elapsed run time = 5348.0707 s

Elapsed run time = 5348.2950 s

Elapsed run time = 5350.4687 s

Elapsed run time = 5350.6796 s

Elapsed run time = 5350.8066 s

Elapsed run time = 5351.8184 s

Elapsed run time = 5352.4181 s

Elapsed run time = 5353.7361 s

Elapsed run time = 5354.5365 s

Elapsed run time = 5355.0807 s

Elapsed run time = 5355.3160 s

Elapsed run time = 5355.3456 s

Elapsed run time = 5355.3783 s

Elapsed run time = 5356.0226 s

Elapsed run time = 5356.7909 s

Elapsed run time = 5357.9001 s

Elapsed run time = 5358.4991 s

Elapsed run time = 5358.6467 s

Elapsed run time = 5358.8787 s

Elapsed run time = 5359.7339 s

Elapsed run time = 5360.7960 s

Elapsed run time = 5361.2240 s

Elapsed run time = 5361.4813 s

Elapsed run time = 5361.9704 s

Elapsed run time = 5361.9828 s

Elapsed run time = 5362.4161 s

Elapsed run time = 5363.9804 s

Elapsed run time = 5364.7073 s

Elapsed run time = 5364.8139 s

Elapsed run time = 5368.2848 s

Elapsed run time = 5369.6163 s

Elapsed run time = 5369.7208 s

Elapsed run time = 5370.2760 s

Elapsed run time = 5370.5106 s

Elapsed run time = 5371.1242 s

Elapsed run time = 5371.2214 s

Elapsed run time = 5376.6293 s

Elapsed run time = 5377.5825 s

Elapsed run time = 5379.0704 s

Elapsed run time = 5380.8448 s

Elapsed run time = 5381.6253 s
Simulation complete. Subtracted force: -1.309138e-01. Saved to .tmp/meep_d_0.2000_N_3_corrugated_al_80.0_Nbot_3_Phosphorene_tuned_res_40_theta_80.0_eps_2.1_L_2.00.json

Elapsed run time = 5382.5834 s
Task 116 complete at Fri Sep 11 07:57:15 AM EDT 2026.
