==================================================
SLURM ARRAY TASK ID: 200 / 224
Running on node: x1000c6s6b1n0
Start time: Fri Sep 11 10:39:26 AM EDT 2026
==================================================
Reading parameters from sweep_configs_sweet_spot/config_200.json...
Executing 3D FDTD Simulation: Alpha=85.0 deg, Theta=88.0 deg, d=0.2 um, L=2.0 um, Res=40...
Starting simulation: d=0.2 um, N_top=3, N_bottom=3, material=Phosphorene_tuned, resolution=40, nmax=3, theta=88.0, eps_bg=2.1, config=all, stepped_sieve=False, corrugated=True
Parallel configuration: 128 processes running 108 parallel moment partitions.

Elapsed run time = 0.0785 s

Elapsed run time = 0.0791 s

Elapsed run time = 0.0799 s

Elapsed run time = 0.0813 s

Elapsed run time = 0.0819 s

Elapsed run time = 0.0823 s

Elapsed run time = 0.0825 s

Elapsed run time = 0.0833 s

Elapsed run time = 0.0845 s

Elapsed run time = 0.0865 s

Elapsed run time = 0.0886 s

Elapsed run time = 0.0889 s

Elapsed run time = 0.0909 s

Elapsed run time = 0.0913 s

Elapsed run time = 0.0914 s

Elapsed run time = 0.1109 s

Elapsed run time = 0.1117 s

Elapsed run time = 0.1125 s

Elapsed run time = 0.1136 s

Elapsed run time = 0.1148 s

Elapsed run time = 1455.4169 s

Elapsed run time = 1466.8229 s

Elapsed run time = 1492.2039 s

Elapsed run time = 1497.3365 s

Elapsed run time = 2129.4415 s

Elapsed run time = 2130.2027 s

Elapsed run time = 2130.3339 s

Elapsed run time = 2134.4900 s

Elapsed run time = 2147.3977 s

Elapsed run time = 2151.6645 s

Elapsed run time = 2159.1870 s

Elapsed run time = 2165.2089 s
  [BOTH][Rank 0] Done moment 1/1 (task 0): force_integral=-5.365593e-03

Elapsed run time = 5056.6328 s

Elapsed run time = 5065.6191 s

Elapsed run time = 5075.6758 s

Elapsed run time = 5081.2254 s

Elapsed run time = 5082.4463 s

Elapsed run time = 5085.0251 s

Elapsed run time = 5085.8547 s

Elapsed run time = 5091.6628 s

Elapsed run time = 5094.1587 s

Elapsed run time = 5094.2414 s

Elapsed run time = 5095.6201 s

Elapsed run time = 5095.8872 s

Elapsed run time = 5095.9208 s

Elapsed run time = 5098.0683 s

Elapsed run time = 5098.2276 s

Elapsed run time = 5102.1574 s

Elapsed run time = 5102.4523 s

Elapsed run time = 5103.0680 s

Elapsed run time = 5103.7575 s

Elapsed run time = 5104.4728 s

Elapsed run time = 5105.8160 s

Elapsed run time = 5106.0223 s

Elapsed run time = 5106.1965 s

Elapsed run time = 5107.4503 s

Elapsed run time = 5107.7575 s

Elapsed run time = 5108.3533 s

Elapsed run time = 5109.5509 s

Elapsed run time = 5110.7367 s

Elapsed run time = 5111.1632 s

Elapsed run time = 5111.4360 s

Elapsed run time = 5113.8791 s

Elapsed run time = 5114.0018 s

Elapsed run time = 5116.1279 s

Elapsed run time = 5116.1365 s

Elapsed run time = 5116.2211 s

Elapsed run time = 5117.0879 s

Elapsed run time = 5117.6415 s

Elapsed run time = 5119.4293 s

Elapsed run time = 5119.4294 s

Elapsed run time = 5120.9959 s

Elapsed run time = 5121.2619 s

Elapsed run time = 5121.3582 s

Elapsed run time = 5121.4748 s
  [SELF][Rank 0] Done moment 1/1 (task 0): force_integral=-2.315303e-03

Elapsed run time = 5122.8705 s

Elapsed run time = 5123.9316 s

Elapsed run time = 5127.3186 s

Elapsed run time = 5128.8550 s

Elapsed run time = 5130.5110 s

Elapsed run time = 5130.7848 s

Elapsed run time = 5131.2358 s

Elapsed run time = 5131.3280 s

Elapsed run time = 5132.3063 s

Elapsed run time = 5132.4836 s

Elapsed run time = 5135.5566 s

Elapsed run time = 5135.9495 s

Elapsed run time = 5136.0280 s

Elapsed run time = 5136.8431 s

Elapsed run time = 5137.2711 s

Elapsed run time = 5138.7909 s

Elapsed run time = 5139.2683 s

Elapsed run time = 5140.2667 s

Elapsed run time = 5140.4071 s

Elapsed run time = 5141.0531 s

Elapsed run time = 5144.0831 s

Elapsed run time = 5144.2434 s

Elapsed run time = 5144.6909 s

Elapsed run time = 5144.8087 s

Elapsed run time = 5144.8870 s

Elapsed run time = 5146.5375 s

Elapsed run time = 5146.8074 s

Elapsed run time = 5146.8453 s

Elapsed run time = 5147.1994 s

Elapsed run time = 5147.5212 s

Elapsed run time = 5147.9275 s

Elapsed run time = 5148.1602 s

Elapsed run time = 5149.4771 s

Elapsed run time = 5149.5411 s

Elapsed run time = 5149.9014 s

Elapsed run time = 5150.4375 s

Elapsed run time = 5150.8087 s

Elapsed run time = 5151.1988 s

Elapsed run time = 5151.7791 s

Elapsed run time = 5152.2539 s

Elapsed run time = 5153.3838 s

Elapsed run time = 5154.4510 s

Elapsed run time = 5154.6359 s

Elapsed run time = 5154.7496 s

Elapsed run time = 5155.1467 s

Elapsed run time = 5155.6820 s

Elapsed run time = 5160.6416 s

Elapsed run time = 5164.7756 s

Elapsed run time = 5166.3082 s

Elapsed run time = 5167.3960 s

Elapsed run time = 5167.4015 s

Elapsed run time = 5168.7823 s
Simulation complete. Subtracted force: -1.531825e-01. Saved to .tmp/meep_d_0.2000_N_3_corrugated_al_85.0_Nbot_3_Phosphorene_tuned_res_40_theta_88.0_eps_2.1_L_2.00.json

Elapsed run time = 5169.4908 s
Task 200 complete at Fri Sep 11 12:06:08 PM EDT 2026.
