==================================================
SLURM ARRAY TASK ID: 106 / 224
Running on node: x1002c6s7b1n1
Start time: Fri Sep 11 06:04:42 AM EDT 2026
==================================================
Reading parameters from sweep_configs_sweet_spot/config_106.json...
Executing 3D FDTD Simulation: Alpha=75.0 deg, Theta=94.0 deg, d=0.05 um, L=2.0 um, Res=40...
Starting simulation: d=0.05 um, N_top=3, N_bottom=3, material=Phosphorene_tuned, resolution=40, nmax=3, theta=94.0, eps_bg=2.1, config=all, stepped_sieve=False, corrugated=True
Parallel configuration: 128 processes running 108 parallel moment partitions.

Elapsed run time = 0.0715 s

Elapsed run time = 0.0712 s

Elapsed run time = 0.0712 s

Elapsed run time = 0.0709 s

Elapsed run time = 0.0710 s

Elapsed run time = 0.0719 s

Elapsed run time = 0.0715 s

Elapsed run time = 0.0721 s

Elapsed run time = 0.0711 s

Elapsed run time = 0.0715 s

Elapsed run time = 0.0721 s

Elapsed run time = 0.0716 s

Elapsed run time = 0.0721 s

Elapsed run time = 0.0721 s

Elapsed run time = 0.0722 s

Elapsed run time = 0.0715 s

Elapsed run time = 0.0719 s

Elapsed run time = 0.0719 s

Elapsed run time = 0.0722 s

Elapsed run time = 0.0716 s

Elapsed run time = 1386.9548 s

Elapsed run time = 1390.4280 s

Elapsed run time = 1413.6733 s

Elapsed run time = 1417.6821 s

Elapsed run time = 2009.4697 s

Elapsed run time = 2011.9361 s

Elapsed run time = 2019.9494 s

Elapsed run time = 2022.1367 s

Elapsed run time = 2030.8849 s

Elapsed run time = 2038.3957 s

Elapsed run time = 2039.4155 s

Elapsed run time = 2047.8024 s
  [BOTH][Rank 0] Done moment 1/1 (task 0): force_integral=-1.604102e-02

Elapsed run time = 4775.8778 s

Elapsed run time = 4785.5628 s

Elapsed run time = 4804.9222 s

Elapsed run time = 4805.0943 s

Elapsed run time = 4809.8583 s

Elapsed run time = 4812.0204 s

Elapsed run time = 4816.2873 s

Elapsed run time = 4817.2417 s

Elapsed run time = 4817.2698 s

Elapsed run time = 4817.3009 s

Elapsed run time = 4818.6702 s

Elapsed run time = 4818.6912 s

Elapsed run time = 4818.8238 s

Elapsed run time = 4822.1268 s

Elapsed run time = 4823.0451 s

Elapsed run time = 4824.0533 s

Elapsed run time = 4824.6431 s

Elapsed run time = 4827.1396 s

Elapsed run time = 4827.2282 s

Elapsed run time = 4828.1167 s

Elapsed run time = 4828.6077 s

Elapsed run time = 4828.6535 s

Elapsed run time = 4829.5251 s

Elapsed run time = 4829.5754 s

Elapsed run time = 4829.8275 s

Elapsed run time = 4830.6520 s

Elapsed run time = 4830.6550 s

Elapsed run time = 4830.9502 s

Elapsed run time = 4831.4059 s
  [SELF][Rank 0] Done moment 1/1 (task 0): force_integral=-2.279845e-03

Elapsed run time = 4832.2615 s

Elapsed run time = 4835.1114 s

Elapsed run time = 4835.4585 s

Elapsed run time = 4836.0767 s

Elapsed run time = 4836.1164 s

Elapsed run time = 4836.6246 s

Elapsed run time = 4836.7926 s

Elapsed run time = 4837.5560 s

Elapsed run time = 4838.1562 s

Elapsed run time = 4838.1893 s

Elapsed run time = 4839.9917 s

Elapsed run time = 4840.6380 s

Elapsed run time = 4841.1085 s

Elapsed run time = 4841.3339 s

Elapsed run time = 4841.6845 s

Elapsed run time = 4844.3866 s

Elapsed run time = 4845.4837 s

Elapsed run time = 4847.0661 s

Elapsed run time = 4848.3606 s

Elapsed run time = 4850.3903 s

Elapsed run time = 4851.5829 s

Elapsed run time = 4852.3892 s

Elapsed run time = 4853.3572 s

Elapsed run time = 4854.5969 s

Elapsed run time = 4856.2558 s

Elapsed run time = 4856.2998 s

Elapsed run time = 4856.4771 s

Elapsed run time = 4857.0949 s

Elapsed run time = 4857.4076 s

Elapsed run time = 4858.6248 s

Elapsed run time = 4859.5296 s

Elapsed run time = 4860.1458 s

Elapsed run time = 4862.8712 s

Elapsed run time = 4862.9069 s

Elapsed run time = 4864.2892 s

Elapsed run time = 4865.5848 s

Elapsed run time = 4865.6070 s

Elapsed run time = 4865.6800 s

Elapsed run time = 4865.8232 s

Elapsed run time = 4865.9306 s

Elapsed run time = 4866.0145 s

Elapsed run time = 4866.2473 s

Elapsed run time = 4866.3865 s

Elapsed run time = 4866.6829 s

Elapsed run time = 4866.6971 s

Elapsed run time = 4866.9102 s

Elapsed run time = 4867.4011 s

Elapsed run time = 4868.3259 s

Elapsed run time = 4868.4169 s

Elapsed run time = 4868.5425 s

Elapsed run time = 4869.0526 s

Elapsed run time = 4869.3209 s

Elapsed run time = 4869.5990 s

Elapsed run time = 4870.3270 s

Elapsed run time = 4870.6701 s

Elapsed run time = 4870.8622 s

Elapsed run time = 4870.9705 s

Elapsed run time = 4871.5840 s

Elapsed run time = 4872.2577 s

Elapsed run time = 4872.4147 s

Elapsed run time = 4872.6733 s

Elapsed run time = 4873.5526 s

Elapsed run time = 4873.9966 s

Elapsed run time = 4874.2997 s

Elapsed run time = 4876.0310 s

Elapsed run time = 4876.8768 s
Simulation complete. Subtracted force: -7.836690e+01. Saved to .tmp/meep_d_0.0500_N_3_corrugated_al_75.0_Nbot_3_Phosphorene_tuned_res_40_theta_94.0_eps_2.1_L_2.00.json

Elapsed run time = 4877.5533 s
Task 106 complete at Fri Sep 11 07:26:05 AM EDT 2026.
