==================================================
SLURM ARRAY TASK ID: 133 / 224
Running on node: x1001c2s2b0n1
Start time: Thu Sep 10 08:17:34 PM EDT 2026
==================================================
Reading parameters from sweep_configs_sweet_spot/config_133.json...
Executing 3D FDTD Simulation: Alpha=80.0 deg, Theta=84.0 deg, d=0.35 um, L=2.0 um, Res=40...

Elapsed run time = 0.0252 s

Elapsed run time = 0.0254 s

Elapsed run time = 0.0494 s

Elapsed run time = 0.0493 s

Elapsed run time = 0.0255 s

Elapsed run time = 0.0252 s

Elapsed run time = 0.0487 s

Elapsed run time = 0.0481 s

Elapsed run time = 0.0268 s

Elapsed run time = 0.0409 s

Elapsed run time = 0.0470 s

Elapsed run time = 0.0241 s

Elapsed run time = 0.0440 s

Elapsed run time = 0.0452 s

Elapsed run time = 0.0417 s

Elapsed run time = 0.0414 s

Elapsed run time = 0.0418 s

Elapsed run time = 0.0442 s

Elapsed run time = 0.0440 s

Elapsed run time = 0.0241 s

Elapsed run time = 0.0294 s

Elapsed run time = 0.0377 s

Elapsed run time = 0.0496 s

Elapsed run time = 0.0377 s

Elapsed run time = 0.0182 s

Elapsed run time = 0.0473 s

Elapsed run time = 0.0411 s

Elapsed run time = 0.0492 s
Starting simulation: d=0.35 um, N_top=3, N_bottom=3, material=Phosphorene_tuned, resolution=40, nmax=3, theta=84.0, eps_bg=2.1, config=all, stepped_sieve=False, corrugated=True
Parallel configuration: 128 processes running 108 parallel moment partitions.
Task already complete! Found cached result in .tmp/meep_d_0.3500_N_3_corrugated_Nbot_3_Phosphorene_tuned_res_40_theta_84.0_eps_2.1_L_2.00.json (F_sub=-1.628543e-02). Skipping.

Elapsed run time = 0.0139 s

Elapsed run time = 0.0082 s

Elapsed run time = 0.0499 s

Elapsed run time = 0.0361 s

Elapsed run time = 0.0338 s

Elapsed run time = 0.0363 s

Elapsed run time = 0.0043 s

Elapsed run time = 0.0046 s

Elapsed run time = 0.0214 s

Elapsed run time = 0.0416 s

Elapsed run time = 0.0071 s

Elapsed run time = 0.0306 s

Elapsed run time = 0.0065 s

Elapsed run time = 0.0158 s

Elapsed run time = 0.0066 s

Elapsed run time = 0.0415 s

Elapsed run time = 0.0066 s

Elapsed run time = 0.0063 s

Elapsed run time = 0.0148 s

Elapsed run time = 0.0322 s

Elapsed run time = 0.0099 s

Elapsed run time = 0.0229 s

Elapsed run time = 0.0392 s

Elapsed run time = 0.0283 s

Elapsed run time = 0.0283 s

Elapsed run time = 0.0368 s

Elapsed run time = 0.0282 s

Elapsed run time = 0.0174 s

Elapsed run time = 0.0309 s

Elapsed run time = 0.0166 s

Elapsed run time = 0.0305 s

Elapsed run time = 0.0310 s

Elapsed run time = 0.0175 s

Elapsed run time = 0.0310 s

Elapsed run time = 0.0379 s

Elapsed run time = 0.0231 s

Elapsed run time = 0.0236 s

Elapsed run time = 0.0237 s

Elapsed run time = 0.0235 s

Elapsed run time = 0.0121 s

Elapsed run time = 0.0118 s

Elapsed run time = 0.0119 s

Elapsed run time = 0.0120 s

Elapsed run time = 0.0053 s

Elapsed run time = 0.0054 s

Elapsed run time = 0.0054 s

Elapsed run time = 0.0048 s

Elapsed run time = 0.0054 s

Elapsed run time = 0.0047 s

Elapsed run time = 0.0050 s

Elapsed run time = 0.0043 s

Elapsed run time = 0.0049 s

Elapsed run time = 0.0039 s

Elapsed run time = 0.0335 s

Elapsed run time = 0.0199 s

Elapsed run time = 0.0332 s

Elapsed run time = 0.0319 s

Elapsed run time = 0.0274 s

Elapsed run time = 0.0068 s

Elapsed run time = 0.0048 s

Elapsed run time = 0.0272 s

Elapsed run time = 0.0052 s

Elapsed run time = 0.0273 s

Elapsed run time = 0.0047 s

Elapsed run time = 0.0164 s

Elapsed run time = 0.0191 s

Elapsed run time = 0.0413 s

Elapsed run time = 0.0149 s

Elapsed run time = 0.0051 s

Elapsed run time = 0.0203 s

Elapsed run time = 0.0043 s

Elapsed run time = 0.0046 s

Elapsed run time = 0.0052 s

Elapsed run time = 0.0045 s

Elapsed run time = 0.0046 s

Elapsed run time = 0.0046 s

Elapsed run time = 0.0042 s

Elapsed run time = 0.0046 s

Elapsed run time = 0.0045 s

Elapsed run time = 0.0043 s

Elapsed run time = 0.0046 s

Elapsed run time = 0.0046 s

Elapsed run time = 0.0037 s

Elapsed run time = 0.0056 s

Elapsed run time = 0.0056 s

Elapsed run time = 0.0038 s

Elapsed run time = 0.0055 s

Elapsed run time = 0.0051 s

Elapsed run time = 0.0062 s

Elapsed run time = 0.0051 s

Elapsed run time = 0.0058 s

Elapsed run time = 0.0049 s

Elapsed run time = 0.0055 s

Elapsed run time = 0.0056 s

Elapsed run time = 0.0055 s

Elapsed run time = 0.0052 s

Elapsed run time = 0.0046 s

Elapsed run time = 0.0062 s

Elapsed run time = 0.0049 s

Elapsed run time = 0.0051 s
Task 133 complete at Thu Sep 10 08:17:39 PM EDT 2026.
