==================================================
SLURM ARRAY TASK ID: 15 / 224
Running on node: x1000c4s7b1n0
Start time: Thu Sep 10 12:27:28 AM EDT 2026
==================================================
Reading parameters from sweep_configs_sweet_spot/config_015.json...
Executing 3D FDTD Simulation: Alpha=70.0 deg, Theta=84.0 deg, d=0.05 um, L=2.0 um, Res=40...

Elapsed run time = 0.0295 s

Elapsed run time = 0.0294 s

Elapsed run time = 0.0295 s

Elapsed run time = 0.0305 s

Elapsed run time = 0.0304 s

Elapsed run time = 0.0304 s

Elapsed run time = 0.0305 s

Elapsed run time = 0.0303 s

Elapsed run time = 0.0301 s

Elapsed run time = 0.0307 s

Elapsed run time = 0.0303 s

Elapsed run time = 0.0305 s

Elapsed run time = 0.0307 s

Elapsed run time = 0.0302 s

Elapsed run time = 0.0304 s

Elapsed run time = 0.0304 s

Elapsed run time = 0.0305 s

Elapsed run time = 0.0302 s

Elapsed run time = 0.0302 s

Elapsed run time = 0.0303 s

Elapsed run time = 1386.9354 s

Elapsed run time = 1392.5244 s

Elapsed run time = 1413.4178 s

Elapsed run time = 1416.2719 s

Elapsed run time = 2005.1811 s

Elapsed run time = 2007.9148 s

Elapsed run time = 2017.5229 s

Elapsed run time = 2021.2155 s

Elapsed run time = 2031.5345 s

Elapsed run time = 2035.3354 s

Elapsed run time = 2039.7266 s

Elapsed run time = 2045.7726 s
Starting simulation: d=0.05 um, N_top=3, N_bottom=3, material=Phosphorene_tuned, resolution=40, nmax=3, theta=84.0, eps_bg=2.1, config=all, stepped_sieve=False, corrugated=True
Parallel configuration: 128 processes running 108 parallel moment partitions.
  [BOTH][Rank 0] Done moment 1/1 (task 0): force_integral=-1.679640e-02

Elapsed run time = 4788.4432 s

Elapsed run time = 4796.6623 s

Elapsed run time = 4800.5880 s

Elapsed run time = 4803.8466 s

Elapsed run time = 4803.9011 s

Elapsed run time = 4805.7855 s

Elapsed run time = 4811.0444 s

Elapsed run time = 4813.5114 s

Elapsed run time = 4817.2076 s

Elapsed run time = 4818.9125 s

Elapsed run time = 4819.5087 s

Elapsed run time = 4821.2140 s

Elapsed run time = 4821.7712 s

Elapsed run time = 4822.4074 s

Elapsed run time = 4823.5102 s

Elapsed run time = 4823.5793 s

Elapsed run time = 4825.8354 s

Elapsed run time = 4825.8716 s

Elapsed run time = 4827.2110 s

Elapsed run time = 4827.4176 s

Elapsed run time = 4827.6010 s

Elapsed run time = 4827.8300 s

Elapsed run time = 4828.4057 s

Elapsed run time = 4829.5630 s

Elapsed run time = 4830.3255 s

Elapsed run time = 4830.3296 s

Elapsed run time = 4830.4008 s

Elapsed run time = 4831.2793 s

Elapsed run time = 4831.8100 s

Elapsed run time = 4832.3239 s

Elapsed run time = 4832.8744 s

Elapsed run time = 4833.6422 s

Elapsed run time = 4834.0246 s

Elapsed run time = 4834.2689 s

Elapsed run time = 4834.7177 s

Elapsed run time = 4836.4181 s

Elapsed run time = 4837.1284 s

Elapsed run time = 4837.4874 s

Elapsed run time = 4838.2964 s

Elapsed run time = 4838.3593 s

Elapsed run time = 4838.6990 s

Elapsed run time = 4839.4253 s

Elapsed run time = 4840.2410 s

Elapsed run time = 4841.1078 s

Elapsed run time = 4841.6217 s

Elapsed run time = 4843.3271 s

Elapsed run time = 4843.5847 s

Elapsed run time = 4846.8615 s
  [SELF][Rank 0] Done moment 1/1 (task 0): force_integral=-3.205235e-03

Elapsed run time = 4847.9739 s

Elapsed run time = 4848.7426 s

Elapsed run time = 4849.0064 s

Elapsed run time = 4849.8783 s

Elapsed run time = 4850.4047 s

Elapsed run time = 4850.9707 s

Elapsed run time = 4851.3686 s

Elapsed run time = 4851.5784 s

Elapsed run time = 4852.1895 s

Elapsed run time = 4852.5193 s

Elapsed run time = 4854.7635 s

Elapsed run time = 4854.8737 s

Elapsed run time = 4855.4256 s

Elapsed run time = 4856.9426 s

Elapsed run time = 4856.9718 s

Elapsed run time = 4861.3861 s

Elapsed run time = 4861.5326 s

Elapsed run time = 4861.9081 s

Elapsed run time = 4862.0832 s

Elapsed run time = 4862.7824 s

Elapsed run time = 4863.0277 s

Elapsed run time = 4863.2546 s

Elapsed run time = 4863.4999 s

Elapsed run time = 4863.6995 s

Elapsed run time = 4863.9939 s

Elapsed run time = 4864.0036 s

Elapsed run time = 4864.5165 s

Elapsed run time = 4865.6440 s

Elapsed run time = 4865.7725 s

Elapsed run time = 4865.9777 s

Elapsed run time = 4866.0117 s

Elapsed run time = 4866.1438 s

Elapsed run time = 4866.2850 s

Elapsed run time = 4866.3179 s

Elapsed run time = 4866.6325 s

Elapsed run time = 4867.7615 s

Elapsed run time = 4867.7624 s

Elapsed run time = 4868.1911 s

Elapsed run time = 4872.5523 s

Elapsed run time = 4872.6239 s

Elapsed run time = 4872.8598 s

Elapsed run time = 4872.9561 s

Elapsed run time = 4873.3428 s

Elapsed run time = 4874.2388 s

Elapsed run time = 4878.0736 s

Elapsed run time = 4878.3490 s

Elapsed run time = 4878.6142 s
Simulation complete. Subtracted force: -4.856664e+01. Saved to .tmp/meep_d_0.0500_N_3_corrugated_Nbot_3_Phosphorene_tuned_res_40_theta_84.0_eps_2.1_L_2.00.json

Elapsed run time = 4879.2339 s
Task 15 complete at Thu Sep 10 01:49:16 AM EDT 2026.
