==================================================
SLURM ARRAY TASK ID: 3 / 224
Running on node: x1001c3s3b1n0
Start time: Wed Sep  9 08:00:07 PM EDT 2026
==================================================
Reading parameters from sweep_configs_sweet_spot/config_003.json...
Executing 3D FDTD Simulation: Alpha=70.0 deg, Theta=80.0 deg, d=0.15 um, L=2.0 um, Res=40...

Elapsed run time = 0.0337 s

Elapsed run time = 0.0335 s

Elapsed run time = 0.0330 s

Elapsed run time = 0.0327 s

Elapsed run time = 0.0333 s

Elapsed run time = 0.0342 s

Elapsed run time = 0.0333 s

Elapsed run time = 0.0331 s

Elapsed run time = 0.0335 s

Elapsed run time = 0.0328 s

Elapsed run time = 0.0333 s

Elapsed run time = 0.0330 s

Elapsed run time = 0.0334 s

Elapsed run time = 0.0336 s

Elapsed run time = 0.0334 s

Elapsed run time = 0.0332 s

Elapsed run time = 0.0332 s

Elapsed run time = 0.0348 s

Elapsed run time = 0.0347 s

Elapsed run time = 0.0336 s

Elapsed run time = 1480.7672 s

Elapsed run time = 1497.4107 s

Elapsed run time = 1519.6748 s

Elapsed run time = 1528.3544 s

Elapsed run time = 2159.7789 s

Elapsed run time = 2160.4203 s

Elapsed run time = 2181.3835 s

Elapsed run time = 2181.8265 s

Elapsed run time = 2181.8303 s

Elapsed run time = 2196.0280 s

Elapsed run time = 2197.8983 s

Elapsed run time = 2210.3172 s
Starting simulation: d=0.15 um, N_top=3, N_bottom=3, material=Phosphorene_tuned, resolution=40, nmax=3, theta=80.0, eps_bg=2.1, config=all, stepped_sieve=False, corrugated=True
Parallel configuration: 128 processes running 108 parallel moment partitions.
  [BOTH][Rank 0] Done moment 1/1 (task 0): force_integral=-1.629137e-04

Elapsed run time = 5161.2580 s

Elapsed run time = 5177.6451 s

Elapsed run time = 5178.4153 s

Elapsed run time = 5179.5956 s

Elapsed run time = 5184.3182 s

Elapsed run time = 5198.2589 s

Elapsed run time = 5200.4801 s

Elapsed run time = 5201.0255 s

Elapsed run time = 5201.9303 s

Elapsed run time = 5203.2891 s

Elapsed run time = 5208.4486 s

Elapsed run time = 5208.5167 s

Elapsed run time = 5209.5412 s

Elapsed run time = 5212.1405 s

Elapsed run time = 5215.5010 s

Elapsed run time = 5216.1674 s

Elapsed run time = 5217.2388 s

Elapsed run time = 5220.3562 s

Elapsed run time = 5220.7481 s
  [SELF][Rank 0] Done moment 1/1 (task 0): force_integral=+4.849863e-03

Elapsed run time = 5221.4211 s

Elapsed run time = 5221.6176 s

Elapsed run time = 5222.1121 s

Elapsed run time = 5222.1726 s

Elapsed run time = 5222.7331 s

Elapsed run time = 5224.2127 s

Elapsed run time = 5224.2490 s

Elapsed run time = 5224.5848 s

Elapsed run time = 5224.7856 s

Elapsed run time = 5225.0577 s

Elapsed run time = 5225.2248 s

Elapsed run time = 5226.5278 s

Elapsed run time = 5227.6764 s

Elapsed run time = 5228.5062 s

Elapsed run time = 5229.2591 s

Elapsed run time = 5229.3720 s

Elapsed run time = 5230.2707 s

Elapsed run time = 5231.0199 s

Elapsed run time = 5231.4203 s

Elapsed run time = 5237.8525 s

Elapsed run time = 5238.0205 s

Elapsed run time = 5238.5892 s

Elapsed run time = 5239.4424 s

Elapsed run time = 5239.6808 s

Elapsed run time = 5241.0945 s

Elapsed run time = 5243.9717 s

Elapsed run time = 5244.7137 s

Elapsed run time = 5245.2865 s

Elapsed run time = 5245.9651 s

Elapsed run time = 5245.9776 s

Elapsed run time = 5246.4397 s

Elapsed run time = 5246.5752 s

Elapsed run time = 5246.8178 s

Elapsed run time = 5246.9604 s

Elapsed run time = 5248.2983 s

Elapsed run time = 5249.8040 s

Elapsed run time = 5250.2390 s

Elapsed run time = 5250.6909 s

Elapsed run time = 5251.0887 s

Elapsed run time = 5251.4426 s

Elapsed run time = 5251.5159 s

Elapsed run time = 5251.7268 s

Elapsed run time = 5251.8708 s

Elapsed run time = 5252.2039 s

Elapsed run time = 5252.6216 s

Elapsed run time = 5253.0478 s

Elapsed run time = 5253.0992 s

Elapsed run time = 5254.2258 s

Elapsed run time = 5254.8076 s

Elapsed run time = 5254.8165 s

Elapsed run time = 5255.1949 s

Elapsed run time = 5255.6198 s

Elapsed run time = 5257.4679 s

Elapsed run time = 5257.7660 s

Elapsed run time = 5258.8161 s

Elapsed run time = 5258.8589 s

Elapsed run time = 5259.5064 s

Elapsed run time = 5259.8170 s

Elapsed run time = 5259.8200 s

Elapsed run time = 5259.8683 s

Elapsed run time = 5260.1554 s

Elapsed run time = 5262.5428 s

Elapsed run time = 5264.6886 s

Elapsed run time = 5267.1769 s

Elapsed run time = 5273.3182 s

Elapsed run time = 5275.4499 s

Elapsed run time = 5275.6556 s

Elapsed run time = 5276.5275 s

Elapsed run time = 5276.5779 s

Elapsed run time = 5277.6834 s

Elapsed run time = 5278.4970 s

Elapsed run time = 5279.1372 s

Elapsed run time = 5281.3368 s

Elapsed run time = 5281.4112 s

Elapsed run time = 5281.5508 s

Elapsed run time = 5284.0369 s
Simulation complete. Subtracted force: -3.030986e-01. Saved to .tmp/meep_d_0.1500_N_3_corrugated_Nbot_3_Phosphorene_tuned_res_40_theta_80.0_eps_2.1_L_2.00.json

Elapsed run time = 5284.3710 s
Task 3 complete at Wed Sep  9 09:28:35 PM EDT 2026.
