==================================================
SLURM ARRAY TASK ID: 201 / 224
Running on node: x1000c5s7b1n0
Start time: Thu Sep 10 08:18:55 PM EDT 2026
==================================================
Reading parameters from sweep_configs_sweet_spot/config_201.json...
Executing 3D FDTD Simulation: Alpha=85.0 deg, Theta=88.0 deg, d=0.25 um, L=2.0 um, Res=40...

Elapsed run time = 0.0275 s

Elapsed run time = 0.0288 s

Elapsed run time = 0.0263 s

Elapsed run time = 0.0288 s

Elapsed run time = 0.0438 s

Elapsed run time = 0.0224 s

Elapsed run time = 0.0224 s

Elapsed run time = 0.0278 s

Elapsed run time = 0.0203 s

Elapsed run time = 0.0203 s

Elapsed run time = 0.0280 s

Elapsed run time = 0.0280 s

Elapsed run time = 0.0281 s

Elapsed run time = 0.0521 s

Elapsed run time = 0.0444 s

Elapsed run time = 0.0446 s

Elapsed run time = 0.0090 s

Elapsed run time = 0.0224 s

Elapsed run time = 0.0152 s

Elapsed run time = 0.0197 s

Elapsed run time = 0.0106 s

Elapsed run time = 0.0169 s

Elapsed run time = 0.0124 s

Elapsed run time = 0.0074 s

Elapsed run time = 0.0074 s

Elapsed run time = 0.0206 s

Elapsed run time = 0.0074 s

Elapsed run time = 0.0201 s

Elapsed run time = 0.0042 s

Elapsed run time = 0.0438 s

Elapsed run time = 0.0425 s

Elapsed run time = 0.0067 s

Elapsed run time = 0.0431 s

Elapsed run time = 0.0070 s

Elapsed run time = 0.0438 s

Elapsed run time = 0.0327 s

Elapsed run time = 0.0404 s

Elapsed run time = 0.0404 s

Elapsed run time = 0.0068 s

Elapsed run time = 0.0068 s

Elapsed run time = 0.0048 s

Elapsed run time = 0.0385 s

Elapsed run time = 0.0381 s

Elapsed run time = 0.0388 s

Elapsed run time = 0.0394 s

Elapsed run time = 0.0051 s

Elapsed run time = 0.0438 s

Elapsed run time = 0.0500 s

Elapsed run time = 0.0503 s

Elapsed run time = 0.0044 s

Elapsed run time = 0.0111 s

Elapsed run time = 0.0525 s

Elapsed run time = 0.0111 s

Elapsed run time = 0.0523 s

Elapsed run time = 0.0201 s

Elapsed run time = 0.0439 s

Elapsed run time = 0.0201 s

Elapsed run time = 0.0439 s

Elapsed run time = 0.0197 s

Elapsed run time = 0.0418 s

Elapsed run time = 0.0151 s

Elapsed run time = 0.0346 s

Elapsed run time = 0.0196 s

Elapsed run time = 0.0334 s

Elapsed run time = 0.0197 s

Elapsed run time = 0.0181 s

Elapsed run time = 0.0197 s

Elapsed run time = 0.0072 s

Elapsed run time = 0.0373 s

Elapsed run time = 0.0073 s

Elapsed run time = 0.0073 s

Elapsed run time = 0.0437 s

Elapsed run time = 0.0168 s

Elapsed run time = 0.0045 s

Elapsed run time = 0.0398 s

Elapsed run time = 0.0389 s

Elapsed run time = 0.0394 s

Elapsed run time = 0.0511 s

Elapsed run time = 0.0111 s

Elapsed run time = 0.0110 s

Elapsed run time = 0.0339 s

Elapsed run time = 0.0073 s

Elapsed run time = 0.0374 s

Elapsed run time = 0.0374 s

Elapsed run time = 0.0044 s

Elapsed run time = 0.0420 s

Elapsed run time = 0.0378 s

Elapsed run time = 0.0048 s

Elapsed run time = 0.0382 s

Elapsed run time = 0.0050 s

Elapsed run time = 0.0350 s

Elapsed run time = 0.0344 s

Elapsed run time = 0.0040 s

Elapsed run time = 0.0046 s

Elapsed run time = 0.0387 s

Elapsed run time = 0.0037 s

Elapsed run time = 0.0369 s

Elapsed run time = 0.0047 s

Elapsed run time = 0.0044 s

Elapsed run time = 0.0381 s

Elapsed run time = 0.0418 s

Elapsed run time = 0.0371 s

Elapsed run time = 0.0050 s

Elapsed run time = 0.0436 s

Elapsed run time = 0.0395 s

Elapsed run time = 0.0396 s

Elapsed run time = 0.0050 s

Elapsed run time = 0.0433 s

Elapsed run time = 0.0401 s

Elapsed run time = 0.0419 s

Elapsed run time = 0.0065 s

Elapsed run time = 0.0050 s

Elapsed run time = 0.0057 s
Starting simulation: d=0.25 um, N_top=3, N_bottom=3, material=Phosphorene_tuned, resolution=40, nmax=3, theta=88.0, eps_bg=2.1, config=all, stepped_sieve=False, corrugated=True
Parallel configuration: 128 processes running 108 parallel moment partitions.
Task already complete! Found cached result in .tmp/meep_d_0.2500_N_3_corrugated_Nbot_3_Phosphorene_tuned_res_40_theta_88.0_eps_2.1_L_2.00.json (F_sub=-7.105963e-02). Skipping.

Elapsed run time = 0.0074 s

Elapsed run time = 0.0421 s

Elapsed run time = 0.0533 s

Elapsed run time = 0.0521 s

Elapsed run time = 0.0055 s

Elapsed run time = 0.0056 s

Elapsed run time = 0.0061 s

Elapsed run time = 0.0049 s

Elapsed run time = 0.0055 s

Elapsed run time = 0.0046 s

Elapsed run time = 0.0059 s

Elapsed run time = 0.0059 s

Elapsed run time = 0.0056 s

Elapsed run time = 0.0054 s

Elapsed run time = 0.0056 s
Task 201 complete at Thu Sep 10 08:19:00 PM EDT 2026.
