==================================================
SLURM ARRAY TASK ID: 168 / 224
Running on node: x1000c7s5b1n0
Start time: Thu Sep 10 08:18:12 PM EDT 2026
==================================================
Reading parameters from sweep_configs_sweet_spot/config_168.json...
Executing 3D FDTD Simulation: Alpha=80.0 deg, Theta=94.0 deg, d=0.35 um, L=2.0 um, Res=40...

Elapsed run time = 0.0057 s

Elapsed run time = 0.0056 s

Elapsed run time = 0.0058 s

Elapsed run time = 0.0058 s

Elapsed run time = 0.0061 s

Elapsed run time = 0.0053 s

Elapsed run time = 0.0053 s

Elapsed run time = 0.0056 s

Elapsed run time = 0.0054 s

Elapsed run time = 0.0055 s

Elapsed run time = 0.0054 s

Elapsed run time = 0.0057 s

Elapsed run time = 0.0065 s

Elapsed run time = 0.0057 s

Elapsed run time = 0.0060 s

Elapsed run time = 0.0056 s

Elapsed run time = 0.0058 s

Elapsed run time = 0.0055 s

Elapsed run time = 0.0057 s

Elapsed run time = 0.0063 s

Elapsed run time = 1537.9449 s

Elapsed run time = 1539.3400 s

Elapsed run time = 1569.2392 s

Elapsed run time = 1574.4509 s

Elapsed run time = 2234.1806 s

Elapsed run time = 2236.1334 s

Elapsed run time = 2252.5866 s

Elapsed run time = 2260.2492 s

Elapsed run time = 2262.9756 s

Elapsed run time = 2265.6593 s

Elapsed run time = 2276.4196 s

Elapsed run time = 2286.3138 s
Starting simulation: d=0.35 um, N_top=3, N_bottom=3, material=Phosphorene_tuned, resolution=40, nmax=3, theta=94.0, eps_bg=2.1, config=all, stepped_sieve=False, corrugated=True
Parallel configuration: 128 processes running 108 parallel moment partitions.
  [BOTH][Rank 0] Done moment 1/1 (task 0): force_integral=-3.347479e-03

Elapsed run time = 5362.8696 s

Elapsed run time = 5365.9774 s

Elapsed run time = 5372.0264 s

Elapsed run time = 5376.7800 s

Elapsed run time = 5377.4906 s

Elapsed run time = 5377.5650 s

Elapsed run time = 5377.7550 s

Elapsed run time = 5383.2291 s

Elapsed run time = 5383.8271 s

Elapsed run time = 5384.2926 s

Elapsed run time = 5385.6711 s

Elapsed run time = 5386.7416 s

Elapsed run time = 5387.9802 s

Elapsed run time = 5389.6291 s

Elapsed run time = 5389.9767 s

Elapsed run time = 5390.1437 s

Elapsed run time = 5392.6567 s

Elapsed run time = 5392.6867 s

Elapsed run time = 5394.6646 s

Elapsed run time = 5395.8267 s

Elapsed run time = 5396.2963 s

Elapsed run time = 5397.2248 s

Elapsed run time = 5397.6457 s

Elapsed run time = 5397.6811 s

Elapsed run time = 5398.9777 s

Elapsed run time = 5398.9745 s

Elapsed run time = 5399.5026 s

Elapsed run time = 5399.7801 s

Elapsed run time = 5399.7881 s

Elapsed run time = 5400.6230 s

Elapsed run time = 5401.3714 s

Elapsed run time = 5405.3973 s

Elapsed run time = 5406.2252 s

Elapsed run time = 5406.6834 s

Elapsed run time = 5407.0294 s

Elapsed run time = 5407.2940 s

Elapsed run time = 5408.2694 s

Elapsed run time = 5408.7995 s

Elapsed run time = 5408.7799 s

Elapsed run time = 5409.2936 s

Elapsed run time = 5409.3085 s

Elapsed run time = 5409.7577 s

Elapsed run time = 5409.7436 s

Elapsed run time = 5411.0725 s

Elapsed run time = 5411.8670 s

Elapsed run time = 5412.9181 s

Elapsed run time = 5412.9871 s

Elapsed run time = 5413.2265 s

Elapsed run time = 5413.3406 s

Elapsed run time = 5414.0720 s

Elapsed run time = 5414.0638 s

Elapsed run time = 5415.7255 s

Elapsed run time = 5421.6445 s

Elapsed run time = 5421.8803 s

Elapsed run time = 5422.8950 s

Elapsed run time = 5424.5445 s

Elapsed run time = 5425.4433 s

Elapsed run time = 5426.2148 s

Elapsed run time = 5427.1689 s

Elapsed run time = 5427.8230 s

Elapsed run time = 5428.2121 s

Elapsed run time = 5428.6472 s

Elapsed run time = 5428.6695 s

Elapsed run time = 5428.7530 s

Elapsed run time = 5428.8288 s

Elapsed run time = 5429.2697 s
  [SELF][Rank 0] Done moment 1/1 (task 0): force_integral=-2.544631e-03

Elapsed run time = 5431.0662 s

Elapsed run time = 5431.6604 s

Elapsed run time = 5435.7378 s

Elapsed run time = 5436.1212 s

Elapsed run time = 5436.1654 s

Elapsed run time = 5437.3648 s

Elapsed run time = 5437.4244 s

Elapsed run time = 5437.4296 s

Elapsed run time = 5437.4747 s

Elapsed run time = 5437.5672 s

Elapsed run time = 5437.7563 s

Elapsed run time = 5438.2652 s

Elapsed run time = 5438.9531 s

Elapsed run time = 5439.1279 s

Elapsed run time = 5439.9984 s

Elapsed run time = 5440.7628 s

Elapsed run time = 5440.8171 s

Elapsed run time = 5440.9539 s

Elapsed run time = 5441.3368 s

Elapsed run time = 5442.8705 s

Elapsed run time = 5443.4736 s

Elapsed run time = 5443.9074 s

Elapsed run time = 5445.8867 s

Elapsed run time = 5445.9598 s

Elapsed run time = 5446.1045 s

Elapsed run time = 5452.8345 s

Elapsed run time = 5453.3313 s

Elapsed run time = 5456.7565 s

Elapsed run time = 5457.3426 s
Simulation complete. Subtracted force: -1.893684e-02. Saved to .tmp/meep_d_0.3500_N_3_corrugated_Nbot_3_Phosphorene_tuned_res_40_theta_94.0_eps_2.1_L_2.00.json

Elapsed run time = 5458.0835 s
Task 168 complete at Thu Sep 10 09:49:14 PM EDT 2026.
