==================================================
SLURM ARRAY TASK ID: 147 / 224
Running on node: x1001c2s5b0n0
Start time: Thu Sep 10 08:17:49 PM EDT 2026
==================================================
Reading parameters from sweep_configs_sweet_spot/config_147.json...
Executing 3D FDTD Simulation: Alpha=80.0 deg, Theta=88.0 deg, d=0.35 um, L=2.0 um, Res=40...

Elapsed run time = 0.0255 s

Elapsed run time = 0.0251 s

Elapsed run time = 0.0289 s

Elapsed run time = 0.0292 s

Elapsed run time = 0.0286 s

Elapsed run time = 0.0262 s

Elapsed run time = 0.0500 s

Elapsed run time = 0.0370 s

Elapsed run time = 0.0399 s

Elapsed run time = 0.0180 s

Elapsed run time = 0.0155 s

Elapsed run time = 0.0262 s

Elapsed run time = 0.0149 s

Elapsed run time = 0.0356 s

Elapsed run time = 0.0339 s

Elapsed run time = 0.0226 s

Elapsed run time = 0.0218 s

Elapsed run time = 0.0448 s

Elapsed run time = 0.0337 s

Elapsed run time = 0.0506 s

Elapsed run time = 0.0249 s

Elapsed run time = 0.0125 s

Elapsed run time = 0.0371 s

Elapsed run time = 0.0096 s

Elapsed run time = 0.0387 s

Elapsed run time = 0.0382 s

Elapsed run time = 0.0083 s

Elapsed run time = 0.0308 s

Elapsed run time = 0.0329 s

Elapsed run time = 0.0454 s

Elapsed run time = 0.0090 s

Elapsed run time = 0.0282 s

Elapsed run time = 0.0216 s

Elapsed run time = 0.0278 s

Elapsed run time = 0.0288 s

Elapsed run time = 0.0086 s

Elapsed run time = 0.0125 s

Elapsed run time = 0.0125 s

Elapsed run time = 0.0086 s

Elapsed run time = 0.0337 s

Elapsed run time = 0.0356 s

Elapsed run time = 0.0337 s

Elapsed run time = 0.0321 s

Elapsed run time = 0.0394 s

Elapsed run time = 0.0268 s

Elapsed run time = 0.0381 s

Elapsed run time = 0.0273 s

Elapsed run time = 0.0477 s

Elapsed run time = 0.0317 s

Elapsed run time = 0.0323 s

Elapsed run time = 0.0065 s

Elapsed run time = 0.0334 s

Elapsed run time = 0.0040 s

Elapsed run time = 0.0142 s

Elapsed run time = 0.0394 s

Elapsed run time = 0.0451 s

Elapsed run time = 0.0390 s

Elapsed run time = 0.0382 s

Elapsed run time = 0.0230 s

Elapsed run time = 0.0230 s

Elapsed run time = 0.0051 s

Elapsed run time = 0.0404 s

Elapsed run time = 0.0370 s

Elapsed run time = 0.0376 s

Elapsed run time = 0.0370 s

Elapsed run time = 0.0450 s

Elapsed run time = 0.0450 s

Elapsed run time = 0.0507 s

Elapsed run time = 0.0451 s

Elapsed run time = 0.0250 s

Elapsed run time = 0.0262 s

Elapsed run time = 0.0247 s

Elapsed run time = 0.0265 s

Elapsed run time = 0.0250 s

Elapsed run time = 0.0065 s

Elapsed run time = 0.0065 s

Elapsed run time = 0.0062 s

Elapsed run time = 0.0063 s

Elapsed run time = 0.0378 s

Elapsed run time = 0.0380 s

Elapsed run time = 0.0108 s

Elapsed run time = 0.0378 s

Elapsed run time = 0.0101 s

Elapsed run time = 0.0121 s

Elapsed run time = 0.0085 s

Elapsed run time = 0.0388 s

Elapsed run time = 0.0085 s

Elapsed run time = 0.0386 s

Elapsed run time = 0.0380 s

Elapsed run time = 0.0229 s

Elapsed run time = 0.0234 s

Elapsed run time = 0.0047 s

Elapsed run time = 0.0053 s

Elapsed run time = 0.0053 s

Elapsed run time = 0.0054 s

Elapsed run time = 0.0054 s

Elapsed run time = 0.0051 s
Starting simulation: d=0.35 um, N_top=3, N_bottom=3, material=Phosphorene_tuned, resolution=40, nmax=3, theta=88.0, eps_bg=2.1, config=all, stepped_sieve=False, corrugated=True
Parallel configuration: 128 processes running 108 parallel moment partitions.
Task already complete! Found cached result in .tmp/meep_d_0.3500_N_3_corrugated_Nbot_3_Phosphorene_tuned_res_40_theta_88.0_eps_2.1_L_2.00.json (F_sub=-1.657767e-02). Skipping.

Elapsed run time = 0.0044 s

Elapsed run time = 0.0049 s

Elapsed run time = 0.0046 s

Elapsed run time = 0.0041 s

Elapsed run time = 0.0043 s

Elapsed run time = 0.0047 s

Elapsed run time = 0.0046 s

Elapsed run time = 0.0045 s

Elapsed run time = 0.0050 s

Elapsed run time = 0.0048 s

Elapsed run time = 0.0050 s

Elapsed run time = 0.0040 s

Elapsed run time = 0.0066 s

Elapsed run time = 0.0066 s

Elapsed run time = 0.0064 s

Elapsed run time = 0.0063 s

Elapsed run time = 0.0058 s

Elapsed run time = 0.0045 s

Elapsed run time = 0.0050 s

Elapsed run time = 0.0061 s

Elapsed run time = 0.0054 s

Elapsed run time = 0.0053 s

Elapsed run time = 0.0043 s

Elapsed run time = 0.0051 s

Elapsed run time = 0.0059 s

Elapsed run time = 0.0054 s

Elapsed run time = 0.0060 s

Elapsed run time = 0.0061 s

Elapsed run time = 0.0058 s

Elapsed run time = 0.0062 s

Elapsed run time = 0.0055 s
Task 147 complete at Thu Sep 10 08:17:54 PM EDT 2026.
