==================================================
SLURM ARRAY TASK ID: 145 / 224
Running on node: x1002c6s5b0n0
Start time: Thu Sep  3 09:03:43 PM EDT 2026
==================================================
Reading parameters from sweep_configs_sweet_spot/config_145.json...
Executing 3D FDTD Simulation: Alpha=80.0 deg, Theta=88.0 deg, d=0.25 um, L=2.0 um, Res=40...

Elapsed run time = 2608.2070 s

Elapsed run time = 2608.2675 s

Elapsed run time = 2609.8168 s

Elapsed run time = 2610.3792 s

Elapsed run time = 2611.4421 s

Elapsed run time = 2611.5538 s

Elapsed run time = 2611.6479 s

Elapsed run time = 2611.7728 s

Elapsed run time = 2613.3960 s

Elapsed run time = 2614.7835 s

Elapsed run time = 2615.4124 s

Elapsed run time = 2616.0263 s

Elapsed run time = 2616.3070 s

Elapsed run time = 2616.3300 s

Elapsed run time = 2616.7353 s

Elapsed run time = 2617.0086 s

Elapsed run time = 2617.8062 s

Elapsed run time = 2618.0320 s

Elapsed run time = 2618.8431 s

Elapsed run time = 2619.1292 s

Elapsed run time = 2619.6300 s

Elapsed run time = 2620.7740 s

Elapsed run time = 2620.8940 s

Elapsed run time = 2620.8941 s

Elapsed run time = 2621.1693 s

Elapsed run time = 2621.4586 s

Elapsed run time = 2621.8977 s

Elapsed run time = 2621.9584 s

Elapsed run time = 2622.0313 s

Elapsed run time = 2622.6233 s

Elapsed run time = 2622.7765 s

Elapsed run time = 2622.8446 s

Elapsed run time = 2623.0741 s

Elapsed run time = 2623.0742 s

Elapsed run time = 2623.1120 s

Elapsed run time = 2623.1494 s

Elapsed run time = 2623.5402 s

Elapsed run time = 2623.5619 s

Elapsed run time = 2623.6585 s

Elapsed run time = 2623.8007 s

Elapsed run time = 2623.8380 s

Elapsed run time = 2623.9198 s

Elapsed run time = 2623.9374 s

Elapsed run time = 2624.2831 s

Elapsed run time = 2624.3656 s

Elapsed run time = 2624.5217 s

Elapsed run time = 2624.6476 s

Elapsed run time = 2625.0581 s

Elapsed run time = 2625.4393 s

Elapsed run time = 2625.4723 s

Elapsed run time = 2625.5027 s

Elapsed run time = 2625.7468 s

Elapsed run time = 2625.8226 s

Elapsed run time = 2626.1937 s

Elapsed run time = 2626.5283 s

Elapsed run time = 2626.6256 s

Elapsed run time = 2626.8173 s

Elapsed run time = 2627.2162 s

Elapsed run time = 2627.3077 s

Elapsed run time = 2627.3501 s

Elapsed run time = 2627.5291 s

Elapsed run time = 2627.5792 s

Elapsed run time = 2627.5821 s

Elapsed run time = 2627.6979 s

Elapsed run time = 2627.9262 s

Elapsed run time = 2628.3368 s
Starting simulation: d=0.25 um, N_top=3, N_bottom=3, material=Phosphorene_tuned, resolution=40, nmax=3, theta=88.0, eps_bg=2.1, config=all, stepped_sieve=False, corrugated=True
Parallel configuration: 1 processes divided into 1 subgroups of size 1 processes each.

Elapsed run time = 2628.4915 s

Elapsed run time = 2628.5419 s

Elapsed run time = 2629.3803 s

Elapsed run time = 2630.0380 s

Elapsed run time = 2630.1492 s

Elapsed run time = 2630.1757 s

Elapsed run time = 2630.4087 s

Elapsed run time = 2631.1811 s

Elapsed run time = 2631.2460 s

Elapsed run time = 2631.5944 s

Elapsed run time = 2631.6681 s

Elapsed run time = 2632.6280 s

Elapsed run time = 2632.6799 s

Elapsed run time = 2632.7932 s

Elapsed run time = 2634.6421 s

Elapsed run time = 2635.3327 s

Elapsed run time = 2635.3859 s

Elapsed run time = 2635.5944 s

Elapsed run time = 2635.7205 s

Elapsed run time = 2635.7723 s

Elapsed run time = 2636.0622 s

Elapsed run time = 2636.2168 s

Elapsed run time = 2636.4393 s

Elapsed run time = 2637.2296 s

Elapsed run time = 2637.5950 s

Elapsed run time = 2637.7886 s

Elapsed run time = 2638.7059 s

Elapsed run time = 2638.7192 s

Elapsed run time = 2638.7864 s

Elapsed run time = 2638.7884 s

Elapsed run time = 2639.1515 s

Elapsed run time = 2639.1722 s

Elapsed run time = 2639.1836 s

Elapsed run time = 2639.3760 s

Elapsed run time = 2639.3781 s

Elapsed run time = 2639.4292 s

Elapsed run time = 2639.4385 s

Elapsed run time = 2639.7183 s

Elapsed run time = 2640.0779 s

Elapsed run time = 2640.1148 s

Elapsed run time = 2640.1407 s

Elapsed run time = 2640.2288 s

Elapsed run time = 2640.2355 s

Elapsed run time = 2640.3059 s

Elapsed run time = 2640.5701 s

Elapsed run time = 2640.8487 s

Elapsed run time = 2640.9119 s

Elapsed run time = 2640.9686 s

Elapsed run time = 2641.0171 s

Elapsed run time = 2641.0231 s

Elapsed run time = 2641.1259 s

Elapsed run time = 2641.1344 s

Elapsed run time = 2641.4190 s

Elapsed run time = 2641.5983 s

Elapsed run time = 2644.8857 s

Elapsed run time = 2644.9423 s

Elapsed run time = 2644.9980 s

Elapsed run time = 2645.1596 s

Elapsed run time = 2645.3443 s

Elapsed run time = 2645.7541 s

Elapsed run time = 2646.1613 s

Elapsed run time = 2646.2604 s
Task 145 complete at Thu Sep  3 09:47:55 PM EDT 2026.
