==================================================
SLURM ARRAY TASK ID: 196 / 224
Running on node: x1001c2s5b0n0
Start time: Thu Sep 10 08:18:48 PM EDT 2026
==================================================
Reading parameters from sweep_configs_sweet_spot/config_196.json...
Executing 3D FDTD Simulation: Alpha=85.0 deg, Theta=86.0 deg, d=0.35 um, L=2.0 um, Res=40...

Elapsed run time = 0.5300 s

Elapsed run time = 0.5312 s

Elapsed run time = 0.5286 s

Elapsed run time = 0.5320 s

Elapsed run time = 0.5290 s

Elapsed run time = 0.5279 s

Elapsed run time = 0.5283 s

Elapsed run time = 0.5307 s

Elapsed run time = 0.5315 s

Elapsed run time = 0.5317 s

Elapsed run time = 0.5283 s

Elapsed run time = 0.5305 s

Elapsed run time = 0.5311 s

Elapsed run time = 0.5319 s

Elapsed run time = 0.5320 s

Elapsed run time = 0.5302 s

Elapsed run time = 0.5300 s

Elapsed run time = 0.5319 s

Elapsed run time = 0.5288 s

Elapsed run time = 0.5291 s

Elapsed run time = 0.5309 s

Elapsed run time = 0.5327 s

Elapsed run time = 0.5312 s

Elapsed run time = 0.5295 s

Elapsed run time = 0.5305 s

Elapsed run time = 0.5297 s

Elapsed run time = 0.5318 s

Elapsed run time = 0.5298 s

Elapsed run time = 0.5329 s

Elapsed run time = 0.5316 s

Elapsed run time = 0.5312 s

Elapsed run time = 0.5317 s

Elapsed run time = 0.5314 s

Elapsed run time = 0.5306 s

Elapsed run time = 0.5330 s

Elapsed run time = 0.5319 s

Elapsed run time = 0.5296 s

Elapsed run time = 0.5331 s

Elapsed run time = 0.5292 s

Elapsed run time = 0.5301 s

Elapsed run time = 0.5323 s

Elapsed run time = 0.5323 s

Elapsed run time = 0.5321 s

Elapsed run time = 0.5329 s
Starting simulation: d=0.35 um, N_top=3, N_bottom=3, material=Phosphorene_tuned, resolution=40, nmax=3, theta=86.0, eps_bg=2.1, config=all, stepped_sieve=False, corrugated=True
Parallel configuration: 128 processes running 108 parallel moment partitions.
Task already complete! Found cached result in .tmp/meep_d_0.3500_N_3_corrugated_Nbot_3_Phosphorene_tuned_res_40_theta_86.0_eps_2.1_L_2.00.json (F_sub=-1.643059e-02). Skipping.

Elapsed run time = 0.5321 s

Elapsed run time = 0.5316 s

Elapsed run time = 0.5333 s

Elapsed run time = 0.5321 s

Elapsed run time = 0.5298 s

Elapsed run time = 0.5312 s

Elapsed run time = 0.5314 s

Elapsed run time = 0.5329 s

Elapsed run time = 0.5317 s

Elapsed run time = 0.5324 s

Elapsed run time = 0.5304 s

Elapsed run time = 0.5297 s

Elapsed run time = 0.5299 s

Elapsed run time = 0.5302 s

Elapsed run time = 0.5318 s

Elapsed run time = 0.5313 s

Elapsed run time = 0.5295 s

Elapsed run time = 0.5293 s

Elapsed run time = 0.5299 s

Elapsed run time = 0.5305 s

Elapsed run time = 0.5300 s

Elapsed run time = 0.5301 s

Elapsed run time = 0.5294 s

Elapsed run time = 0.5312 s

Elapsed run time = 0.5319 s

Elapsed run time = 0.5325 s

Elapsed run time = 0.5318 s

Elapsed run time = 0.5298 s

Elapsed run time = 0.5330 s

Elapsed run time = 0.5327 s

Elapsed run time = 0.5298 s

Elapsed run time = 0.5308 s

Elapsed run time = 0.5316 s

Elapsed run time = 0.5326 s

Elapsed run time = 0.5298 s

Elapsed run time = 0.5300 s

Elapsed run time = 0.5298 s

Elapsed run time = 0.5302 s

Elapsed run time = 0.5293 s

Elapsed run time = 0.5322 s

Elapsed run time = 0.5335 s

Elapsed run time = 0.5321 s

Elapsed run time = 0.5299 s

Elapsed run time = 0.5299 s

Elapsed run time = 0.5315 s

Elapsed run time = 0.5291 s

Elapsed run time = 0.5326 s

Elapsed run time = 0.5291 s

Elapsed run time = 0.5314 s

Elapsed run time = 0.5289 s

Elapsed run time = 0.5290 s

Elapsed run time = 0.5331 s

Elapsed run time = 0.5292 s

Elapsed run time = 0.5306 s

Elapsed run time = 0.5317 s

Elapsed run time = 0.5291 s

Elapsed run time = 0.5293 s

Elapsed run time = 0.5332 s

Elapsed run time = 0.5299 s

Elapsed run time = 0.5325 s

Elapsed run time = 0.5338 s

Elapsed run time = 0.5323 s

Elapsed run time = 0.5330 s

Elapsed run time = 0.5296 s

Elapsed run time = 0.5328 s

Elapsed run time = 0.5320 s

Elapsed run time = 0.5295 s

Elapsed run time = 0.5301 s

Elapsed run time = 0.5339 s

Elapsed run time = 0.5323 s

Elapsed run time = 0.5321 s

Elapsed run time = 0.5299 s

Elapsed run time = 0.5303 s

Elapsed run time = 0.5306 s

Elapsed run time = 0.5325 s

Elapsed run time = 0.5298 s

Elapsed run time = 0.5332 s

Elapsed run time = 0.5328 s

Elapsed run time = 0.5294 s

Elapsed run time = 0.5316 s

Elapsed run time = 0.5293 s

Elapsed run time = 0.5304 s

Elapsed run time = 0.5300 s

Elapsed run time = 0.5311 s
Task 196 complete at Thu Sep 10 08:18:54 PM EDT 2026.
