==================================================
SLURM ARRAY TASK ID: 205 / 224
Running on node: x1002c6s3b1n1
Start time: Fri Sep 11 10:52:29 AM EDT 2026
==================================================
Reading parameters from sweep_configs_sweet_spot/config_205.json...
Executing 3D FDTD Simulation: Alpha=85.0 deg, Theta=90.0 deg, d=0.1 um, L=2.0 um, Res=40...
Starting simulation: d=0.1 um, N_top=3, N_bottom=3, material=Phosphorene_tuned, resolution=40, nmax=3, theta=90.0, eps_bg=2.1, config=all, stepped_sieve=False, corrugated=True
Parallel configuration: 128 processes running 108 parallel moment partitions.

Elapsed run time = 0.0924 s

Elapsed run time = 0.0929 s

Elapsed run time = 0.0931 s

Elapsed run time = 0.0933 s

Elapsed run time = 0.0943 s

Elapsed run time = 0.0952 s

Elapsed run time = 0.0952 s

Elapsed run time = 0.0976 s

Elapsed run time = 0.0986 s

Elapsed run time = 0.1009 s

Elapsed run time = 0.1213 s

Elapsed run time = 0.1224 s

Elapsed run time = 0.1224 s

Elapsed run time = 0.1245 s

Elapsed run time = 0.1246 s

Elapsed run time = 0.1245 s

Elapsed run time = 0.1279 s

Elapsed run time = 0.1292 s

Elapsed run time = 0.1297 s

Elapsed run time = 0.1299 s

Elapsed run time = 1404.3520 s

Elapsed run time = 1404.9200 s

Elapsed run time = 1437.2438 s

Elapsed run time = 1439.0148 s

Elapsed run time = 2047.2841 s

Elapsed run time = 2047.5689 s

Elapsed run time = 2056.0254 s

Elapsed run time = 2056.8680 s

Elapsed run time = 2065.5037 s

Elapsed run time = 2070.6958 s

Elapsed run time = 2080.9247 s

Elapsed run time = 2086.0282 s
  [BOTH][Rank 0] Done moment 1/1 (task 0): force_integral=-2.135192e-03

Elapsed run time = 4868.1914 s

Elapsed run time = 4872.7160 s

Elapsed run time = 4893.3195 s

Elapsed run time = 4894.8990 s

Elapsed run time = 4900.2225 s

Elapsed run time = 4902.6718 s

Elapsed run time = 4905.4249 s

Elapsed run time = 4907.3988 s

Elapsed run time = 4911.3670 s

Elapsed run time = 4911.5846 s

Elapsed run time = 4911.8410 s

Elapsed run time = 4911.8575 s

Elapsed run time = 4912.5374 s

Elapsed run time = 4912.5412 s

Elapsed run time = 4913.0906 s

Elapsed run time = 4913.1937 s

Elapsed run time = 4914.2485 s

Elapsed run time = 4914.6329 s

Elapsed run time = 4914.9318 s

Elapsed run time = 4916.1993 s

Elapsed run time = 4918.2636 s

Elapsed run time = 4918.3347 s

Elapsed run time = 4918.6681 s

Elapsed run time = 4919.7858 s

Elapsed run time = 4919.8008 s

Elapsed run time = 4919.9513 s

Elapsed run time = 4923.0958 s

Elapsed run time = 4924.0139 s

Elapsed run time = 4925.3699 s

Elapsed run time = 4926.0063 s

Elapsed run time = 4926.0441 s

Elapsed run time = 4926.2305 s

Elapsed run time = 4926.7764 s

Elapsed run time = 4926.8307 s

Elapsed run time = 4926.8515 s

Elapsed run time = 4927.8857 s

Elapsed run time = 4928.3139 s

Elapsed run time = 4930.1639 s

Elapsed run time = 4930.3659 s

Elapsed run time = 4931.1789 s

Elapsed run time = 4931.3130 s

Elapsed run time = 4931.7215 s

Elapsed run time = 4932.1480 s

Elapsed run time = 4933.0872 s

Elapsed run time = 4933.5653 s

Elapsed run time = 4934.5633 s

Elapsed run time = 4936.1867 s

Elapsed run time = 4936.3995 s
  [SELF][Rank 0] Done moment 1/1 (task 0): force_integral=+4.844459e-03

Elapsed run time = 4939.1371 s

Elapsed run time = 4939.4368 s

Elapsed run time = 4939.5134 s

Elapsed run time = 4940.1535 s

Elapsed run time = 4940.2013 s

Elapsed run time = 4941.9016 s

Elapsed run time = 4941.9810 s

Elapsed run time = 4942.6757 s

Elapsed run time = 4943.7668 s

Elapsed run time = 4944.0043 s

Elapsed run time = 4944.2012 s

Elapsed run time = 4944.3626 s

Elapsed run time = 4944.5984 s

Elapsed run time = 4946.6246 s

Elapsed run time = 4946.7723 s

Elapsed run time = 4947.0141 s

Elapsed run time = 4947.1073 s

Elapsed run time = 4947.3991 s

Elapsed run time = 4948.0994 s

Elapsed run time = 4948.7306 s

Elapsed run time = 4949.3584 s

Elapsed run time = 4950.5434 s

Elapsed run time = 4950.5774 s

Elapsed run time = 4953.9669 s

Elapsed run time = 4954.3993 s

Elapsed run time = 4954.4522 s

Elapsed run time = 4955.2222 s

Elapsed run time = 4955.2405 s

Elapsed run time = 4956.7551 s

Elapsed run time = 4956.9083 s

Elapsed run time = 4957.5326 s

Elapsed run time = 4957.5908 s

Elapsed run time = 4957.9714 s

Elapsed run time = 4958.3843 s

Elapsed run time = 4959.2924 s

Elapsed run time = 4960.2980 s

Elapsed run time = 4961.3723 s

Elapsed run time = 4961.5578 s

Elapsed run time = 4962.0561 s

Elapsed run time = 4962.2649 s

Elapsed run time = 4962.7501 s

Elapsed run time = 4964.4815 s

Elapsed run time = 4965.6223 s

Elapsed run time = 4966.5418 s

Elapsed run time = 4966.7074 s

Elapsed run time = 4967.8246 s

Elapsed run time = 4969.7717 s
Simulation complete. Subtracted force: -3.965141e-01. Saved to .tmp/meep_d_0.1000_N_3_corrugated_al_85.0_Nbot_3_Phosphorene_tuned_res_40_theta_90.0_eps_2.1_L_2.00.json

Elapsed run time = 4970.5011 s
Task 205 complete at Fri Sep 11 12:15:24 PM EDT 2026.
