==================================================
SLURM ARRAY TASK ID: 103 / 224
Running on node: x1002c4s6b0n0
Start time: Fri Sep 11 05:44:46 AM EDT 2026
==================================================
Reading parameters from sweep_configs_sweet_spot/config_103.json...
Executing 3D FDTD Simulation: Alpha=75.0 deg, Theta=92.0 deg, d=0.25 um, L=2.0 um, Res=40...
Starting simulation: d=0.25 um, N_top=3, N_bottom=3, material=Phosphorene_tuned, resolution=40, nmax=3, theta=92.0, eps_bg=2.1, config=all, stepped_sieve=False, corrugated=True
Parallel configuration: 128 processes running 108 parallel moment partitions.

Elapsed run time = 0.0715 s

Elapsed run time = 0.0727 s

Elapsed run time = 0.0730 s

Elapsed run time = 0.0736 s

Elapsed run time = 0.0758 s

Elapsed run time = 0.0759 s

Elapsed run time = 0.0778 s

Elapsed run time = 0.0783 s

Elapsed run time = 0.0803 s

Elapsed run time = 0.0819 s

Elapsed run time = 0.0825 s

Elapsed run time = 0.0835 s

Elapsed run time = 0.0851 s

Elapsed run time = 0.0890 s

Elapsed run time = 0.1039 s

Elapsed run time = 0.1044 s

Elapsed run time = 0.1049 s

Elapsed run time = 0.1050 s

Elapsed run time = 0.1057 s

Elapsed run time = 0.1068 s

Elapsed run time = 1487.7628 s

Elapsed run time = 1494.0555 s

Elapsed run time = 1518.4626 s

Elapsed run time = 1523.8882 s

Elapsed run time = 2163.4987 s

Elapsed run time = 2166.9621 s

Elapsed run time = 2167.7751 s

Elapsed run time = 2167.9595 s

Elapsed run time = 2186.8151 s

Elapsed run time = 2193.6191 s

Elapsed run time = 2197.0305 s

Elapsed run time = 2203.2086 s
  [BOTH][Rank 0] Done moment 1/1 (task 0): force_integral=-2.175658e-03

Elapsed run time = 5170.8428 s

Elapsed run time = 5181.6565 s

Elapsed run time = 5182.7978 s

Elapsed run time = 5185.7596 s

Elapsed run time = 5185.8607 s

Elapsed run time = 5186.1011 s

Elapsed run time = 5191.6033 s

Elapsed run time = 5191.7843 s

Elapsed run time = 5193.2282 s

Elapsed run time = 5195.2268 s

Elapsed run time = 5195.6145 s

Elapsed run time = 5196.2230 s

Elapsed run time = 5197.7862 s

Elapsed run time = 5199.6404 s

Elapsed run time = 5202.0228 s

Elapsed run time = 5202.1125 s

Elapsed run time = 5202.8569 s

Elapsed run time = 5203.6734 s

Elapsed run time = 5203.7010 s

Elapsed run time = 5204.0828 s

Elapsed run time = 5204.7016 s

Elapsed run time = 5205.4886 s

Elapsed run time = 5205.5108 s

Elapsed run time = 5205.7495 s

Elapsed run time = 5206.0634 s

Elapsed run time = 5206.0976 s

Elapsed run time = 5206.6726 s

Elapsed run time = 5206.8630 s

Elapsed run time = 5207.9703 s

Elapsed run time = 5208.3954 s

Elapsed run time = 5209.7289 s

Elapsed run time = 5210.2479 s

Elapsed run time = 5212.5038 s

Elapsed run time = 5212.9482 s

Elapsed run time = 5213.3363 s

Elapsed run time = 5213.7190 s

Elapsed run time = 5214.3222 s

Elapsed run time = 5214.8069 s

Elapsed run time = 5214.8131 s

Elapsed run time = 5215.0643 s
  [SELF][Rank 0] Done moment 1/1 (task 0): force_integral=-1.868140e-04

Elapsed run time = 5218.7998 s

Elapsed run time = 5220.6259 s

Elapsed run time = 5221.8024 s

Elapsed run time = 5222.8262 s

Elapsed run time = 5223.3555 s

Elapsed run time = 5223.5401 s

Elapsed run time = 5223.5696 s

Elapsed run time = 5223.8008 s

Elapsed run time = 5224.0425 s

Elapsed run time = 5226.2424 s

Elapsed run time = 5226.2790 s

Elapsed run time = 5227.7971 s

Elapsed run time = 5230.6023 s

Elapsed run time = 5231.3932 s

Elapsed run time = 5231.7683 s

Elapsed run time = 5232.7994 s

Elapsed run time = 5233.3249 s

Elapsed run time = 5234.3776 s

Elapsed run time = 5234.9926 s

Elapsed run time = 5235.3166 s

Elapsed run time = 5235.8957 s

Elapsed run time = 5235.9241 s

Elapsed run time = 5236.2853 s

Elapsed run time = 5236.4529 s

Elapsed run time = 5236.9154 s

Elapsed run time = 5237.3285 s

Elapsed run time = 5238.3459 s

Elapsed run time = 5238.3559 s

Elapsed run time = 5238.4185 s

Elapsed run time = 5238.6180 s

Elapsed run time = 5239.2472 s

Elapsed run time = 5239.2598 s

Elapsed run time = 5240.0659 s

Elapsed run time = 5240.4144 s

Elapsed run time = 5240.9112 s

Elapsed run time = 5241.4676 s

Elapsed run time = 5242.3388 s

Elapsed run time = 5243.5369 s

Elapsed run time = 5243.9810 s

Elapsed run time = 5244.6410 s

Elapsed run time = 5244.7358 s

Elapsed run time = 5245.9670 s

Elapsed run time = 5246.1504 s

Elapsed run time = 5246.8071 s

Elapsed run time = 5248.7915 s

Elapsed run time = 5249.1107 s

Elapsed run time = 5250.0801 s

Elapsed run time = 5250.3855 s

Elapsed run time = 5251.0926 s

Elapsed run time = 5251.1837 s

Elapsed run time = 5251.1836 s

Elapsed run time = 5252.2851 s

Elapsed run time = 5252.7774 s

Elapsed run time = 5252.8566 s

Elapsed run time = 5254.4640 s
Simulation complete. Subtracted force: -7.418872e-02. Saved to .tmp/meep_d_0.2500_N_3_corrugated_al_75.0_Nbot_3_Phosphorene_tuned_res_40_theta_92.0_eps_2.1_L_2.00.json

Elapsed run time = 5254.8460 s
Task 103 complete at Fri Sep 11 07:12:52 AM EDT 2026.
