==================================================
SLURM ARRAY TASK ID: 61 / 224
Running on node: x1001c6s3b1n0
Start time: Thu Sep 10 11:51:57 PM EDT 2026
==================================================
Reading parameters from sweep_configs_sweet_spot/config_061.json...
Executing 3D FDTD Simulation: Alpha=75.0 deg, Theta=80.0 deg, d=0.25 um, L=2.0 um, Res=40...
Starting simulation: d=0.25 um, N_top=3, N_bottom=3, material=Phosphorene_tuned, resolution=40, nmax=3, theta=80.0, eps_bg=2.1, config=all, stepped_sieve=False, corrugated=True
Parallel configuration: 128 processes running 108 parallel moment partitions.

Elapsed run time = 0.0312 s

Elapsed run time = 0.0311 s

Elapsed run time = 0.0312 s

Elapsed run time = 0.0315 s

Elapsed run time = 0.0315 s

Elapsed run time = 0.0315 s

Elapsed run time = 0.0311 s

Elapsed run time = 0.0313 s

Elapsed run time = 0.0314 s

Elapsed run time = 0.0315 s

Elapsed run time = 0.0317 s

Elapsed run time = 0.0315 s

Elapsed run time = 0.0316 s

Elapsed run time = 0.0314 s

Elapsed run time = 0.0314 s

Elapsed run time = 0.0315 s

Elapsed run time = 0.0313 s

Elapsed run time = 0.0316 s

Elapsed run time = 0.0318 s

Elapsed run time = 0.0315 s

Elapsed run time = 1552.2412 s

Elapsed run time = 1555.3954 s

Elapsed run time = 1576.3158 s

Elapsed run time = 1585.6290 s

Elapsed run time = 2251.4283 s

Elapsed run time = 2254.1202 s

Elapsed run time = 2268.6213 s

Elapsed run time = 2269.3487 s

Elapsed run time = 2270.0906 s

Elapsed run time = 2279.7490 s

Elapsed run time = 2287.2357 s

Elapsed run time = 2296.6101 s
  [BOTH][Rank 0] Done moment 1/1 (task 0): force_integral=-1.711703e-03

Elapsed run time = 5383.9747 s

Elapsed run time = 5389.2350 s

Elapsed run time = 5400.6761 s

Elapsed run time = 5403.1892 s

Elapsed run time = 5403.9251 s

Elapsed run time = 5407.4281 s

Elapsed run time = 5408.1276 s

Elapsed run time = 5408.4054 s

Elapsed run time = 5411.0882 s

Elapsed run time = 5411.7800 s

Elapsed run time = 5412.0821 s

Elapsed run time = 5412.5960 s

Elapsed run time = 5414.0704 s

Elapsed run time = 5415.8103 s

Elapsed run time = 5416.0340 s

Elapsed run time = 5416.6574 s

Elapsed run time = 5417.9399 s

Elapsed run time = 5418.0082 s

Elapsed run time = 5418.5896 s

Elapsed run time = 5421.8771 s

Elapsed run time = 5423.1532 s

Elapsed run time = 5423.7354 s

Elapsed run time = 5423.7926 s

Elapsed run time = 5424.2031 s

Elapsed run time = 5424.3408 s

Elapsed run time = 5424.5650 s

Elapsed run time = 5424.7305 s

Elapsed run time = 5425.7771 s

Elapsed run time = 5426.2988 s

Elapsed run time = 5426.9145 s

Elapsed run time = 5426.9992 s

Elapsed run time = 5427.2285 s

Elapsed run time = 5427.5601 s

Elapsed run time = 5427.9045 s

Elapsed run time = 5427.9283 s

Elapsed run time = 5428.5880 s

Elapsed run time = 5429.1612 s

Elapsed run time = 5431.0432 s

Elapsed run time = 5432.0181 s

Elapsed run time = 5432.2564 s

Elapsed run time = 5437.3314 s

Elapsed run time = 5438.2786 s

Elapsed run time = 5438.5523 s

Elapsed run time = 5439.3136 s

Elapsed run time = 5441.5334 s

Elapsed run time = 5442.3848 s

Elapsed run time = 5445.0420 s

Elapsed run time = 5445.2694 s

Elapsed run time = 5445.5851 s

Elapsed run time = 5445.8616 s

Elapsed run time = 5446.9969 s

Elapsed run time = 5447.2656 s

Elapsed run time = 5448.4392 s

Elapsed run time = 5448.5969 s

Elapsed run time = 5449.6069 s

Elapsed run time = 5450.9848 s

Elapsed run time = 5451.6592 s

Elapsed run time = 5452.1041 s

Elapsed run time = 5452.1221 s

Elapsed run time = 5452.8310 s

Elapsed run time = 5453.9133 s

Elapsed run time = 5454.5930 s

Elapsed run time = 5454.8695 s

Elapsed run time = 5455.3319 s

Elapsed run time = 5455.5431 s

Elapsed run time = 5456.3789 s
  [SELF][Rank 0] Done moment 1/1 (task 0): force_integral=+1.518523e-04

Elapsed run time = 5458.5259 s

Elapsed run time = 5458.7483 s

Elapsed run time = 5459.5130 s

Elapsed run time = 5459.5139 s

Elapsed run time = 5459.5176 s

Elapsed run time = 5460.0445 s

Elapsed run time = 5460.5152 s

Elapsed run time = 5461.0762 s

Elapsed run time = 5461.6794 s

Elapsed run time = 5461.8667 s

Elapsed run time = 5462.1600 s

Elapsed run time = 5462.1739 s

Elapsed run time = 5462.2059 s

Elapsed run time = 5464.5016 s

Elapsed run time = 5465.0035 s

Elapsed run time = 5465.8308 s

Elapsed run time = 5465.9734 s

Elapsed run time = 5466.8410 s

Elapsed run time = 5468.5827 s

Elapsed run time = 5468.6599 s

Elapsed run time = 5469.6030 s

Elapsed run time = 5470.5311 s

Elapsed run time = 5476.1373 s

Elapsed run time = 5478.8255 s

Elapsed run time = 5481.2563 s

Elapsed run time = 5482.4173 s

Elapsed run time = 5485.1465 s

Elapsed run time = 5485.8696 s

Elapsed run time = 5486.6105 s
Simulation complete. Subtracted force: -7.218102e-02. Saved to .tmp/meep_d_0.2500_N_3_corrugated_al_75.0_Nbot_3_Phosphorene_tuned_res_40_theta_80.0_eps_2.1_L_2.00.json

Elapsed run time = 5487.1683 s
Task 61 complete at Fri Sep 11 01:23:30 AM EDT 2026.
