==================================================
SLURM ARRAY TASK ID: 25 / 224
Running on node: x1001c6s4b1n1
Start time: Thu Sep 10 04:22:50 AM EDT 2026
==================================================
Reading parameters from sweep_configs_sweet_spot/config_025.json...
Executing 3D FDTD Simulation: Alpha=70.0 deg, Theta=86.0 deg, d=0.2 um, L=2.0 um, Res=40...

Elapsed run time = 0.0120 s

Elapsed run time = 0.0119 s

Elapsed run time = 0.0118 s

Elapsed run time = 0.0122 s

Elapsed run time = 0.0119 s

Elapsed run time = 0.0124 s

Elapsed run time = 0.0128 s

Elapsed run time = 0.0123 s

Elapsed run time = 0.0127 s

Elapsed run time = 0.0122 s

Elapsed run time = 0.0128 s

Elapsed run time = 0.0120 s

Elapsed run time = 0.0129 s

Elapsed run time = 0.0124 s

Elapsed run time = 0.0122 s

Elapsed run time = 0.0125 s

Elapsed run time = 0.0123 s

Elapsed run time = 0.0126 s

Elapsed run time = 0.0125 s

Elapsed run time = 0.0125 s

Elapsed run time = 1462.4270 s

Elapsed run time = 1469.5875 s

Elapsed run time = 1493.9133 s

Elapsed run time = 1499.0335 s

Elapsed run time = 2123.5396 s

Elapsed run time = 2123.9869 s

Elapsed run time = 2137.7057 s

Elapsed run time = 2139.1825 s

Elapsed run time = 2142.6402 s

Elapsed run time = 2155.3207 s

Elapsed run time = 2157.5068 s

Elapsed run time = 2169.7979 s
Starting simulation: d=0.2 um, N_top=3, N_bottom=3, material=Phosphorene_tuned, resolution=40, nmax=3, theta=86.0, eps_bg=2.1, config=all, stepped_sieve=False, corrugated=True
Parallel configuration: 128 processes running 108 parallel moment partitions.
  [BOTH][Rank 0] Done moment 1/1 (task 0): force_integral=-7.452942e-04

Elapsed run time = 5051.0141 s

Elapsed run time = 5068.1433 s

Elapsed run time = 5076.0001 s

Elapsed run time = 5085.0610 s

Elapsed run time = 5086.3559 s

Elapsed run time = 5090.4074 s

Elapsed run time = 5093.4223 s

Elapsed run time = 5094.9838 s

Elapsed run time = 5095.6264 s

Elapsed run time = 5102.2103 s

Elapsed run time = 5103.1167 s

Elapsed run time = 5104.5286 s

Elapsed run time = 5104.9148 s

Elapsed run time = 5104.9864 s

Elapsed run time = 5106.0028 s

Elapsed run time = 5106.0827 s

Elapsed run time = 5107.0368 s

Elapsed run time = 5108.1431 s

Elapsed run time = 5109.2073 s

Elapsed run time = 5110.9421 s

Elapsed run time = 5112.2286 s

Elapsed run time = 5112.3571 s

Elapsed run time = 5112.9094 s

Elapsed run time = 5112.9868 s

Elapsed run time = 5114.0369 s

Elapsed run time = 5115.4558 s

Elapsed run time = 5115.9296 s

Elapsed run time = 5116.7096 s

Elapsed run time = 5118.0846 s

Elapsed run time = 5119.1257 s

Elapsed run time = 5119.1903 s

Elapsed run time = 5120.0937 s

Elapsed run time = 5120.8268 s

Elapsed run time = 5121.0259 s

Elapsed run time = 5121.2271 s

Elapsed run time = 5121.2633 s

Elapsed run time = 5121.6978 s

Elapsed run time = 5121.7421 s

Elapsed run time = 5122.3090 s

Elapsed run time = 5122.3876 s

Elapsed run time = 5122.5924 s

Elapsed run time = 5123.0478 s

Elapsed run time = 5123.8670 s

Elapsed run time = 5124.4491 s

Elapsed run time = 5126.3871 s

Elapsed run time = 5127.6519 s

Elapsed run time = 5129.6112 s

Elapsed run time = 5131.5978 s

Elapsed run time = 5132.5557 s

Elapsed run time = 5134.8666 s

Elapsed run time = 5136.5528 s

Elapsed run time = 5137.5993 s

Elapsed run time = 5137.8557 s

Elapsed run time = 5138.1932 s
  [SELF][Rank 0] Done moment 1/1 (task 0): force_integral=+2.307023e-03

Elapsed run time = 5140.4174 s

Elapsed run time = 5141.0446 s

Elapsed run time = 5142.3451 s

Elapsed run time = 5143.6080 s

Elapsed run time = 5143.6767 s

Elapsed run time = 5143.9110 s

Elapsed run time = 5144.5653 s

Elapsed run time = 5146.4342 s

Elapsed run time = 5146.6798 s

Elapsed run time = 5147.6718 s

Elapsed run time = 5149.5366 s

Elapsed run time = 5149.5640 s

Elapsed run time = 5149.6133 s

Elapsed run time = 5149.8943 s

Elapsed run time = 5150.6476 s

Elapsed run time = 5150.7085 s

Elapsed run time = 5150.7250 s

Elapsed run time = 5150.9710 s

Elapsed run time = 5151.2311 s

Elapsed run time = 5151.5883 s

Elapsed run time = 5151.7683 s

Elapsed run time = 5152.3522 s

Elapsed run time = 5152.6553 s

Elapsed run time = 5152.8750 s

Elapsed run time = 5153.7251 s

Elapsed run time = 5154.3792 s

Elapsed run time = 5154.5443 s

Elapsed run time = 5155.7720 s

Elapsed run time = 5156.2035 s

Elapsed run time = 5157.4874 s

Elapsed run time = 5157.6140 s

Elapsed run time = 5158.4733 s

Elapsed run time = 5159.4340 s

Elapsed run time = 5159.5978 s

Elapsed run time = 5159.7192 s

Elapsed run time = 5160.2058 s

Elapsed run time = 5160.2624 s

Elapsed run time = 5160.3030 s

Elapsed run time = 5165.7635 s

Elapsed run time = 5165.8322 s

Elapsed run time = 5165.9695 s
Simulation complete. Subtracted force: -1.385586e-01. Saved to .tmp/meep_d_0.2000_N_3_corrugated_Nbot_3_Phosphorene_tuned_res_40_theta_86.0_eps_2.1_L_2.00.json

Elapsed run time = 5166.7442 s
Task 25 complete at Thu Sep 10 05:49:02 AM EDT 2026.
