==================================================
SLURM ARRAY TASK ID: 155 / 224
Running on node: x1000c5s7b1n0
Start time: Thu Sep 10 08:17:57 PM EDT 2026
==================================================
Reading parameters from sweep_configs_sweet_spot/config_155.json...
Executing 3D FDTD Simulation: Alpha=80.0 deg, Theta=92.0 deg, d=0.05 um, L=2.0 um, Res=40...

Elapsed run time = 0.0950 s

Elapsed run time = 0.0724 s

Elapsed run time = 0.0949 s

Elapsed run time = 0.0725 s

Elapsed run time = 0.0691 s

Elapsed run time = 0.0627 s

Elapsed run time = 0.0725 s

Elapsed run time = 0.0710 s

Elapsed run time = 0.0724 s

Elapsed run time = 0.0690 s

Elapsed run time = 0.0278 s

Elapsed run time = 0.0223 s

Elapsed run time = 0.0236 s

Elapsed run time = 0.0422 s

Elapsed run time = 0.0564 s

Elapsed run time = 0.0192 s

Elapsed run time = 0.0329 s

Elapsed run time = 0.0230 s

Elapsed run time = 0.0083 s

Elapsed run time = 0.0613 s

Elapsed run time = 0.0627 s

Elapsed run time = 0.0617 s

Elapsed run time = 0.0617 s

Elapsed run time = 0.0444 s

Elapsed run time = 0.0152 s

Elapsed run time = 0.0184 s

Elapsed run time = 0.0383 s

Elapsed run time = 0.0167 s

Elapsed run time = 0.0315 s

Elapsed run time = 0.0380 s

Elapsed run time = 0.0192 s

Elapsed run time = 0.0503 s

Elapsed run time = 0.0456 s

Elapsed run time = 0.0404 s

Elapsed run time = 0.0947 s

Elapsed run time = 0.0368 s

Elapsed run time = 0.0296 s

Elapsed run time = 0.0320 s

Elapsed run time = 0.0042 s

Elapsed run time = 0.0283 s

Elapsed run time = 0.0040 s

Elapsed run time = 0.0254 s

Elapsed run time = 0.0284 s

Elapsed run time = 0.0223 s

Elapsed run time = 0.0239 s

Elapsed run time = 0.0228 s

Elapsed run time = 0.0046 s

Elapsed run time = 0.0239 s

Elapsed run time = 0.0127 s

Elapsed run time = 0.0126 s

Elapsed run time = 0.0587 s

Elapsed run time = 0.0586 s

Elapsed run time = 0.0058 s

Elapsed run time = 0.0393 s

Elapsed run time = 0.0393 s

Elapsed run time = 0.0055 s

Elapsed run time = 0.0394 s

Elapsed run time = 0.0051 s

Elapsed run time = 0.0395 s

Elapsed run time = 0.0050 s

Elapsed run time = 0.0276 s

Elapsed run time = 0.0074 s

Elapsed run time = 0.0957 s

Elapsed run time = 0.0061 s

Elapsed run time = 0.0084 s

Elapsed run time = 0.0141 s

Elapsed run time = 0.0191 s

Elapsed run time = 0.0332 s

Elapsed run time = 0.0333 s

Elapsed run time = 0.0324 s

Elapsed run time = 0.0331 s

Elapsed run time = 0.0363 s

Elapsed run time = 0.0361 s

Elapsed run time = 0.0360 s

Elapsed run time = 0.0193 s

Elapsed run time = 0.0202 s

Elapsed run time = 0.0195 s

Elapsed run time = 0.0201 s

Elapsed run time = 0.0042 s

Elapsed run time = 0.0306 s

Elapsed run time = 0.0299 s

Elapsed run time = 0.0305 s

Elapsed run time = 0.0306 s

Elapsed run time = 0.0167 s

Elapsed run time = 0.0385 s

Elapsed run time = 0.0155 s

Elapsed run time = 0.0166 s

Elapsed run time = 0.0077 s

Elapsed run time = 0.0199 s

Elapsed run time = 0.0079 s

Elapsed run time = 0.0189 s

Elapsed run time = 0.0072 s

Elapsed run time = 0.0191 s

Elapsed run time = 0.0066 s

Elapsed run time = 0.0189 s

Elapsed run time = 0.0337 s

Elapsed run time = 0.0466 s

Elapsed run time = 0.0205 s

Elapsed run time = 0.0204 s

Elapsed run time = 0.0371 s

Elapsed run time = 0.0537 s

Elapsed run time = 0.0539 s

Elapsed run time = 0.0381 s

Elapsed run time = 0.0046 s

Elapsed run time = 0.0048 s

Elapsed run time = 0.0046 s

Elapsed run time = 0.0049 s

Elapsed run time = 0.0048 s

Elapsed run time = 0.0047 s

Elapsed run time = 0.0048 s

Elapsed run time = 0.0052 s

Elapsed run time = 0.0053 s

Elapsed run time = 0.0052 s

Elapsed run time = 0.0048 s
Starting simulation: d=0.05 um, N_top=3, N_bottom=3, material=Phosphorene_tuned, resolution=40, nmax=3, theta=92.0, eps_bg=2.1, config=all, stepped_sieve=False, corrugated=True
Parallel configuration: 128 processes running 108 parallel moment partitions.
Task already complete! Found cached result in .tmp/meep_d_0.0500_N_3_corrugated_Nbot_3_Phosphorene_tuned_res_40_theta_92.0_eps_2.1_L_2.00.json (F_sub=-5.394777e+01). Skipping.

Elapsed run time = 0.0062 s

Elapsed run time = 0.0052 s

Elapsed run time = 0.0044 s

Elapsed run time = 0.0049 s

Elapsed run time = 0.0055 s

Elapsed run time = 0.0059 s

Elapsed run time = 0.0048 s

Elapsed run time = 0.0054 s

Elapsed run time = 0.0060 s

Elapsed run time = 0.0057 s

Elapsed run time = 0.0056 s

Elapsed run time = 0.0057 s

Elapsed run time = 0.0050 s

Elapsed run time = 0.0057 s
Task 155 complete at Thu Sep 10 08:18:02 PM EDT 2026.
