==================================================
SLURM ARRAY TASK ID: 89 / 224
Running on node: x1002c2s4b0n1
Start time: Fri Sep 11 04:12:51 AM EDT 2026
==================================================
Reading parameters from sweep_configs_sweet_spot/config_089.json...
Executing 3D FDTD Simulation: Alpha=75.0 deg, Theta=88.0 deg, d=0.25 um, L=2.0 um, Res=40...
Starting simulation: d=0.25 um, N_top=3, N_bottom=3, material=Phosphorene_tuned, resolution=40, nmax=3, theta=88.0, eps_bg=2.1, config=all, stepped_sieve=False, corrugated=True
Parallel configuration: 128 processes running 108 parallel moment partitions.

Elapsed run time = 0.1148 s

Elapsed run time = 0.1175 s

Elapsed run time = 0.1184 s

Elapsed run time = 0.1206 s

Elapsed run time = 0.1217 s

Elapsed run time = 0.1248 s

Elapsed run time = 0.1259 s

Elapsed run time = 0.1270 s

Elapsed run time = 0.1287 s

Elapsed run time = 0.1302 s

Elapsed run time = 0.1365 s

Elapsed run time = 0.1370 s

Elapsed run time = 0.1371 s

Elapsed run time = 0.1388 s

Elapsed run time = 0.1402 s

Elapsed run time = 0.1407 s

Elapsed run time = 0.1414 s

Elapsed run time = 0.1420 s

Elapsed run time = 0.1427 s

Elapsed run time = 0.1431 s

Elapsed run time = 1497.4167 s

Elapsed run time = 1500.2662 s

Elapsed run time = 1521.7969 s

Elapsed run time = 1527.4802 s

Elapsed run time = 2146.5927 s

Elapsed run time = 2166.2312 s

Elapsed run time = 2167.0998 s

Elapsed run time = 2183.7349 s

Elapsed run time = 2186.6620 s

Elapsed run time = 2189.9012 s

Elapsed run time = 2200.6157 s

Elapsed run time = 2202.6719 s
  [BOTH][Rank 0] Done moment 1/1 (task 0): force_integral=-2.175658e-03

Elapsed run time = 5161.8721 s

Elapsed run time = 5178.0035 s

Elapsed run time = 5181.1446 s

Elapsed run time = 5189.3559 s

Elapsed run time = 5190.3934 s

Elapsed run time = 5191.1549 s

Elapsed run time = 5192.2452 s

Elapsed run time = 5194.5128 s

Elapsed run time = 5195.0227 s

Elapsed run time = 5196.8342 s

Elapsed run time = 5196.8959 s

Elapsed run time = 5197.9792 s

Elapsed run time = 5198.3196 s

Elapsed run time = 5199.7427 s

Elapsed run time = 5200.2537 s

Elapsed run time = 5200.3440 s

Elapsed run time = 5201.1762 s

Elapsed run time = 5201.1962 s

Elapsed run time = 5203.4185 s

Elapsed run time = 5203.6241 s

Elapsed run time = 5204.8998 s

Elapsed run time = 5206.9624 s

Elapsed run time = 5208.8265 s

Elapsed run time = 5208.9271 s

Elapsed run time = 5209.3277 s

Elapsed run time = 5209.7587 s

Elapsed run time = 5211.3736 s

Elapsed run time = 5211.4420 s

Elapsed run time = 5212.1298 s

Elapsed run time = 5214.2431 s

Elapsed run time = 5215.5261 s

Elapsed run time = 5215.7787 s

Elapsed run time = 5215.8928 s

Elapsed run time = 5216.1000 s

Elapsed run time = 5216.1525 s

Elapsed run time = 5216.6174 s

Elapsed run time = 5216.9868 s

Elapsed run time = 5217.9173 s

Elapsed run time = 5219.6915 s

Elapsed run time = 5220.2997 s

Elapsed run time = 5220.5224 s

Elapsed run time = 5220.6826 s

Elapsed run time = 5220.8407 s

Elapsed run time = 5221.0441 s

Elapsed run time = 5221.9416 s

Elapsed run time = 5223.8385 s

Elapsed run time = 5224.0034 s
  [SELF][Rank 0] Done moment 1/1 (task 0): force_integral=-1.868140e-04

Elapsed run time = 5226.2965 s

Elapsed run time = 5226.3638 s

Elapsed run time = 5226.6250 s

Elapsed run time = 5227.5812 s

Elapsed run time = 5231.1512 s

Elapsed run time = 5231.4449 s

Elapsed run time = 5231.6137 s

Elapsed run time = 5232.0801 s

Elapsed run time = 5233.3058 s

Elapsed run time = 5234.5767 s

Elapsed run time = 5234.9617 s

Elapsed run time = 5235.1182 s

Elapsed run time = 5237.0934 s

Elapsed run time = 5237.8278 s

Elapsed run time = 5237.8970 s

Elapsed run time = 5238.4809 s

Elapsed run time = 5238.8856 s

Elapsed run time = 5238.8907 s

Elapsed run time = 5240.2437 s

Elapsed run time = 5240.4293 s

Elapsed run time = 5240.6141 s

Elapsed run time = 5240.9593 s

Elapsed run time = 5241.7782 s

Elapsed run time = 5242.0910 s

Elapsed run time = 5242.9433 s

Elapsed run time = 5246.1040 s

Elapsed run time = 5246.1189 s

Elapsed run time = 5246.5956 s

Elapsed run time = 5247.8918 s

Elapsed run time = 5248.1973 s

Elapsed run time = 5248.2071 s

Elapsed run time = 5248.2272 s

Elapsed run time = 5248.8786 s

Elapsed run time = 5249.6386 s

Elapsed run time = 5250.4807 s

Elapsed run time = 5250.7638 s

Elapsed run time = 5250.8281 s

Elapsed run time = 5251.3834 s

Elapsed run time = 5252.0328 s

Elapsed run time = 5252.0991 s

Elapsed run time = 5252.1210 s

Elapsed run time = 5252.3727 s

Elapsed run time = 5252.5222 s

Elapsed run time = 5253.0898 s

Elapsed run time = 5253.6970 s

Elapsed run time = 5256.4289 s

Elapsed run time = 5256.9874 s

Elapsed run time = 5257.4377 s
Simulation complete. Subtracted force: -7.418872e-02. Saved to .tmp/meep_d_0.2500_N_3_corrugated_al_75.0_Nbot_3_Phosphorene_tuned_res_40_theta_88.0_eps_2.1_L_2.00.json

Elapsed run time = 5258.1622 s
Task 89 complete at Fri Sep 11 05:40:35 AM EDT 2026.
