==================================================
SLURM ARRAY TASK ID: 75 / 224
Running on node: x1000c3s0b0n0
Start time: Fri Sep 11 02:14:02 AM EDT 2026
==================================================
Reading parameters from sweep_configs_sweet_spot/config_075.json...
Executing 3D FDTD Simulation: Alpha=75.0 deg, Theta=84.0 deg, d=0.25 um, L=2.0 um, Res=40...
Starting simulation: d=0.25 um, N_top=3, N_bottom=3, material=Phosphorene_tuned, resolution=40, nmax=3, theta=84.0, eps_bg=2.1, config=all, stepped_sieve=False, corrugated=True
Parallel configuration: 128 processes running 108 parallel moment partitions.

Elapsed run time = 0.0643 s

Elapsed run time = 0.0638 s

Elapsed run time = 0.0654 s

Elapsed run time = 0.0640 s

Elapsed run time = 0.0658 s

Elapsed run time = 0.0659 s

Elapsed run time = 0.0641 s

Elapsed run time = 0.0638 s

Elapsed run time = 0.0635 s

Elapsed run time = 0.0641 s

Elapsed run time = 0.0641 s

Elapsed run time = 0.0640 s

Elapsed run time = 0.0637 s

Elapsed run time = 0.0639 s

Elapsed run time = 0.0640 s

Elapsed run time = 0.0646 s

Elapsed run time = 0.0640 s

Elapsed run time = 0.0640 s

Elapsed run time = 0.0662 s

Elapsed run time = 0.0638 s

Elapsed run time = 1487.5275 s

Elapsed run time = 1496.6868 s

Elapsed run time = 1519.1690 s

Elapsed run time = 1525.2220 s

Elapsed run time = 2165.0034 s

Elapsed run time = 2169.1331 s

Elapsed run time = 2172.8708 s

Elapsed run time = 2174.6661 s

Elapsed run time = 2187.6831 s

Elapsed run time = 2194.4881 s

Elapsed run time = 2197.6794 s

Elapsed run time = 2205.6075 s
  [BOTH][Rank 0] Done moment 1/1 (task 0): force_integral=-1.920208e-03

Elapsed run time = 5175.9038 s

Elapsed run time = 5176.0013 s

Elapsed run time = 5177.2077 s

Elapsed run time = 5185.7306 s

Elapsed run time = 5187.5917 s

Elapsed run time = 5188.4027 s

Elapsed run time = 5194.2084 s

Elapsed run time = 5194.4158 s

Elapsed run time = 5196.4752 s

Elapsed run time = 5197.7913 s

Elapsed run time = 5199.3123 s

Elapsed run time = 5200.2748 s

Elapsed run time = 5200.5438 s

Elapsed run time = 5201.2539 s

Elapsed run time = 5201.7508 s

Elapsed run time = 5203.0356 s

Elapsed run time = 5203.0916 s

Elapsed run time = 5203.6340 s

Elapsed run time = 5203.8954 s

Elapsed run time = 5204.1915 s

Elapsed run time = 5205.0007 s

Elapsed run time = 5205.2579 s

Elapsed run time = 5205.5482 s

Elapsed run time = 5206.3201 s

Elapsed run time = 5207.5298 s

Elapsed run time = 5208.2503 s

Elapsed run time = 5208.7685 s

Elapsed run time = 5209.4242 s

Elapsed run time = 5211.1566 s

Elapsed run time = 5211.1657 s

Elapsed run time = 5212.2505 s

Elapsed run time = 5212.6945 s

Elapsed run time = 5212.9149 s

Elapsed run time = 5213.4881 s

Elapsed run time = 5214.3893 s

Elapsed run time = 5214.8840 s

Elapsed run time = 5215.2833 s

Elapsed run time = 5215.4000 s

Elapsed run time = 5215.6570 s

Elapsed run time = 5218.7999 s

Elapsed run time = 5219.3193 s

Elapsed run time = 5219.5920 s

Elapsed run time = 5220.7298 s

Elapsed run time = 5221.1224 s

Elapsed run time = 5221.3092 s

Elapsed run time = 5222.4270 s

Elapsed run time = 5223.2104 s

Elapsed run time = 5223.2187 s

Elapsed run time = 5223.2294 s

Elapsed run time = 5227.3852 s

Elapsed run time = 5227.9874 s

Elapsed run time = 5229.3840 s

Elapsed run time = 5229.5242 s

Elapsed run time = 5229.5228 s
  [SELF][Rank 0] Done moment 1/1 (task 0): force_integral=-5.359428e-06

Elapsed run time = 5233.5017 s

Elapsed run time = 5233.5508 s

Elapsed run time = 5234.0981 s

Elapsed run time = 5235.9961 s

Elapsed run time = 5236.4629 s

Elapsed run time = 5236.7626 s

Elapsed run time = 5236.9264 s

Elapsed run time = 5237.3823 s

Elapsed run time = 5237.6920 s

Elapsed run time = 5238.3420 s

Elapsed run time = 5240.9154 s

Elapsed run time = 5241.3424 s

Elapsed run time = 5242.5692 s

Elapsed run time = 5242.7510 s

Elapsed run time = 5243.7588 s

Elapsed run time = 5243.7672 s

Elapsed run time = 5244.4567 s

Elapsed run time = 5244.4896 s

Elapsed run time = 5244.7474 s

Elapsed run time = 5244.9628 s

Elapsed run time = 5245.2568 s

Elapsed run time = 5246.2601 s

Elapsed run time = 5247.0166 s

Elapsed run time = 5247.4692 s

Elapsed run time = 5247.5788 s

Elapsed run time = 5247.8451 s

Elapsed run time = 5248.5452 s

Elapsed run time = 5248.5666 s

Elapsed run time = 5249.1432 s

Elapsed run time = 5249.2505 s

Elapsed run time = 5249.8422 s

Elapsed run time = 5250.0394 s

Elapsed run time = 5250.1752 s

Elapsed run time = 5250.7947 s

Elapsed run time = 5251.3444 s

Elapsed run time = 5254.8306 s

Elapsed run time = 5255.0706 s

Elapsed run time = 5255.3168 s

Elapsed run time = 5259.3733 s

Elapsed run time = 5260.1806 s

Elapsed run time = 5260.3031 s
Simulation complete. Subtracted force: -7.311829e-02. Saved to .tmp/meep_d_0.2500_N_3_corrugated_al_75.0_Nbot_3_Phosphorene_tuned_res_40_theta_84.0_eps_2.1_L_2.00.json

Elapsed run time = 5261.3050 s
Task 75 complete at Fri Sep 11 03:41:49 AM EDT 2026.
