==================================================
SLURM ARRAY TASK ID: 70 / 224
Running on node: x1002c3s3b0n0
Start time: Fri Sep 11 01:14:35 AM EDT 2026
==================================================
Reading parameters from sweep_configs_sweet_spot/config_070.json...
Executing 3D FDTD Simulation: Alpha=75.0 deg, Theta=82.0 deg, d=0.35 um, L=2.0 um, Res=40...
Starting simulation: d=0.35 um, N_top=3, N_bottom=3, material=Phosphorene_tuned, resolution=40, nmax=3, theta=82.0, eps_bg=2.1, config=all, stepped_sieve=False, corrugated=True
Parallel configuration: 128 processes running 108 parallel moment partitions.

Elapsed run time = 0.0325 s

Elapsed run time = 0.0328 s

Elapsed run time = 0.0325 s

Elapsed run time = 0.0325 s

Elapsed run time = 0.0325 s

Elapsed run time = 0.0328 s

Elapsed run time = 0.0328 s

Elapsed run time = 0.0326 s

Elapsed run time = 0.0327 s

Elapsed run time = 0.0327 s

Elapsed run time = 0.0326 s

Elapsed run time = 0.0327 s

Elapsed run time = 0.0328 s

Elapsed run time = 0.0328 s

Elapsed run time = 0.0327 s

Elapsed run time = 0.0327 s

Elapsed run time = 0.0328 s

Elapsed run time = 0.0329 s

Elapsed run time = 0.0328 s

Elapsed run time = 0.0330 s

Elapsed run time = 1605.3294 s

Elapsed run time = 1614.1160 s

Elapsed run time = 1637.8154 s

Elapsed run time = 1641.8339 s

Elapsed run time = 2334.5154 s

Elapsed run time = 2335.4061 s

Elapsed run time = 2335.5282 s

Elapsed run time = 2338.4763 s

Elapsed run time = 2356.0198 s

Elapsed run time = 2360.1814 s

Elapsed run time = 2371.1374 s

Elapsed run time = 2373.6079 s
  [BOTH][Rank 0] Done moment 1/1 (task 0): force_integral=-5.785968e-03

Elapsed run time = 5539.1348 s

Elapsed run time = 5544.1520 s

Elapsed run time = 5544.6508 s

Elapsed run time = 5548.8814 s

Elapsed run time = 5554.9505 s

Elapsed run time = 5559.3971 s

Elapsed run time = 5561.0967 s

Elapsed run time = 5563.1186 s

Elapsed run time = 5564.4975 s

Elapsed run time = 5567.7141 s

Elapsed run time = 5567.7364 s

Elapsed run time = 5568.2437 s

Elapsed run time = 5570.3675 s

Elapsed run time = 5570.8318 s

Elapsed run time = 5570.9836 s

Elapsed run time = 5573.8886 s

Elapsed run time = 5574.7673 s

Elapsed run time = 5574.9096 s

Elapsed run time = 5575.8614 s

Elapsed run time = 5576.5032 s

Elapsed run time = 5576.7481 s

Elapsed run time = 5578.1185 s

Elapsed run time = 5578.3119 s

Elapsed run time = 5578.6330 s

Elapsed run time = 5578.6945 s

Elapsed run time = 5578.9489 s

Elapsed run time = 5580.3017 s

Elapsed run time = 5580.9521 s

Elapsed run time = 5585.3980 s

Elapsed run time = 5587.2255 s

Elapsed run time = 5588.3420 s

Elapsed run time = 5588.5189 s

Elapsed run time = 5589.4750 s

Elapsed run time = 5589.6817 s

Elapsed run time = 5589.9286 s

Elapsed run time = 5590.0251 s

Elapsed run time = 5590.9691 s

Elapsed run time = 5591.0247 s

Elapsed run time = 5592.7286 s

Elapsed run time = 5592.8572 s

Elapsed run time = 5593.1211 s

Elapsed run time = 5593.3776 s

Elapsed run time = 5594.1834 s

Elapsed run time = 5594.2611 s

Elapsed run time = 5595.3710 s

Elapsed run time = 5595.3880 s
  [SELF][Rank 0] Done moment 1/1 (task 0): force_integral=-4.979171e-03

Elapsed run time = 5596.1658 s

Elapsed run time = 5598.4562 s

Elapsed run time = 5599.3859 s

Elapsed run time = 5599.4970 s

Elapsed run time = 5600.8920 s

Elapsed run time = 5601.1445 s

Elapsed run time = 5604.5728 s

Elapsed run time = 5605.8296 s

Elapsed run time = 5605.8986 s

Elapsed run time = 5606.0833 s

Elapsed run time = 5609.1055 s

Elapsed run time = 5609.2497 s

Elapsed run time = 5609.8840 s

Elapsed run time = 5610.4175 s

Elapsed run time = 5613.5000 s

Elapsed run time = 5614.5507 s

Elapsed run time = 5614.9451 s

Elapsed run time = 5615.6909 s

Elapsed run time = 5616.2659 s

Elapsed run time = 5617.5614 s

Elapsed run time = 5618.8525 s

Elapsed run time = 5619.5448 s

Elapsed run time = 5619.6897 s

Elapsed run time = 5620.1283 s

Elapsed run time = 5620.5266 s

Elapsed run time = 5620.6018 s

Elapsed run time = 5620.9278 s

Elapsed run time = 5621.1953 s

Elapsed run time = 5621.3952 s

Elapsed run time = 5621.6366 s

Elapsed run time = 5622.6618 s

Elapsed run time = 5624.0488 s

Elapsed run time = 5624.3149 s

Elapsed run time = 5624.4346 s

Elapsed run time = 5626.0016 s

Elapsed run time = 5626.1489 s

Elapsed run time = 5626.3675 s

Elapsed run time = 5626.7763 s

Elapsed run time = 5627.3073 s

Elapsed run time = 5627.7395 s

Elapsed run time = 5628.3622 s

Elapsed run time = 5628.4743 s

Elapsed run time = 5630.4825 s

Elapsed run time = 5630.4963 s

Elapsed run time = 5630.7723 s

Elapsed run time = 5631.6905 s

Elapsed run time = 5632.6412 s

Elapsed run time = 5633.6089 s

Elapsed run time = 5633.9669 s
Simulation complete. Subtracted force: -1.754801e-02. Saved to .tmp/meep_d_0.3500_N_3_corrugated_al_75.0_Nbot_3_Phosphorene_tuned_res_40_theta_82.0_eps_2.1_L_2.00.json

Elapsed run time = 5634.5811 s
Task 70 complete at Fri Sep 11 02:48:35 AM EDT 2026.
