==================================================
SLURM ARRAY TASK ID: 72 / 224
Running on node: x1002c6s4b1n1
Start time: Fri Sep 11 02:09:19 AM EDT 2026
==================================================
Reading parameters from sweep_configs_sweet_spot/config_072.json...
Executing 3D FDTD Simulation: Alpha=75.0 deg, Theta=84.0 deg, d=0.1 um, L=2.0 um, Res=40...
Starting simulation: d=0.1 um, N_top=3, N_bottom=3, material=Phosphorene_tuned, resolution=40, nmax=3, theta=84.0, eps_bg=2.1, config=all, stepped_sieve=False, corrugated=True
Parallel configuration: 128 processes running 108 parallel moment partitions.

Elapsed run time = 0.0925 s

Elapsed run time = 0.0924 s

Elapsed run time = 0.0923 s

Elapsed run time = 0.0924 s

Elapsed run time = 0.0923 s

Elapsed run time = 0.0927 s

Elapsed run time = 0.0924 s

Elapsed run time = 0.0924 s

Elapsed run time = 0.0929 s

Elapsed run time = 0.0930 s

Elapsed run time = 0.0927 s

Elapsed run time = 0.0931 s

Elapsed run time = 0.0928 s

Elapsed run time = 0.0926 s

Elapsed run time = 0.0931 s

Elapsed run time = 0.0930 s

Elapsed run time = 0.0931 s

Elapsed run time = 0.0928 s

Elapsed run time = 0.0927 s

Elapsed run time = 0.0934 s

Elapsed run time = 1421.5282 s

Elapsed run time = 1426.6955 s

Elapsed run time = 1451.6068 s

Elapsed run time = 1460.1170 s

Elapsed run time = 2066.8477 s

Elapsed run time = 2067.2709 s

Elapsed run time = 2079.3775 s

Elapsed run time = 2080.0968 s

Elapsed run time = 2085.8569 s

Elapsed run time = 2097.0043 s

Elapsed run time = 2098.6076 s

Elapsed run time = 2111.7413 s
  [BOTH][Rank 0] Done moment 1/1 (task 0): force_integral=-3.117776e-03

Elapsed run time = 4886.6787 s

Elapsed run time = 4886.9201 s

Elapsed run time = 4892.1670 s

Elapsed run time = 4899.0794 s

Elapsed run time = 4904.9630 s

Elapsed run time = 4908.1194 s

Elapsed run time = 4910.1074 s

Elapsed run time = 4912.7724 s

Elapsed run time = 4913.2281 s

Elapsed run time = 4914.0881 s

Elapsed run time = 4914.4849 s

Elapsed run time = 4916.1117 s

Elapsed run time = 4916.8463 s

Elapsed run time = 4917.0046 s

Elapsed run time = 4918.7570 s

Elapsed run time = 4918.8317 s

Elapsed run time = 4919.2711 s

Elapsed run time = 4920.6480 s

Elapsed run time = 4920.8404 s

Elapsed run time = 4922.0772 s

Elapsed run time = 4922.3546 s

Elapsed run time = 4923.9500 s

Elapsed run time = 4925.6032 s

Elapsed run time = 4926.2453 s

Elapsed run time = 4926.8224 s

Elapsed run time = 4927.6999 s

Elapsed run time = 4929.2420 s

Elapsed run time = 4930.2447 s
  [SELF][Rank 0] Done moment 1/1 (task 0): force_integral=+3.660868e-03

Elapsed run time = 4934.7669 s

Elapsed run time = 4935.2335 s

Elapsed run time = 4935.4386 s

Elapsed run time = 4935.4681 s

Elapsed run time = 4935.6077 s

Elapsed run time = 4936.7389 s

Elapsed run time = 4937.6664 s

Elapsed run time = 4938.4261 s

Elapsed run time = 4938.4691 s

Elapsed run time = 4938.8466 s

Elapsed run time = 4939.4020 s

Elapsed run time = 4939.9227 s

Elapsed run time = 4940.2074 s

Elapsed run time = 4940.2354 s

Elapsed run time = 4940.7186 s

Elapsed run time = 4940.8147 s

Elapsed run time = 4940.9291 s

Elapsed run time = 4941.1866 s

Elapsed run time = 4942.4355 s

Elapsed run time = 4943.8039 s

Elapsed run time = 4944.5717 s

Elapsed run time = 4944.9877 s

Elapsed run time = 4946.1294 s

Elapsed run time = 4949.1157 s

Elapsed run time = 4949.9855 s

Elapsed run time = 4950.0847 s

Elapsed run time = 4950.3265 s

Elapsed run time = 4950.4901 s

Elapsed run time = 4952.7383 s

Elapsed run time = 4953.9097 s

Elapsed run time = 4954.8403 s

Elapsed run time = 4955.0809 s

Elapsed run time = 4956.2707 s

Elapsed run time = 4956.3224 s

Elapsed run time = 4956.6416 s

Elapsed run time = 4957.1959 s

Elapsed run time = 4957.5129 s

Elapsed run time = 4957.5152 s

Elapsed run time = 4959.1917 s

Elapsed run time = 4961.9530 s

Elapsed run time = 4962.0684 s

Elapsed run time = 4962.2104 s

Elapsed run time = 4962.4632 s

Elapsed run time = 4962.5382 s

Elapsed run time = 4962.8273 s

Elapsed run time = 4962.8401 s

Elapsed run time = 4962.9270 s

Elapsed run time = 4963.4842 s

Elapsed run time = 4963.5452 s

Elapsed run time = 4964.3909 s

Elapsed run time = 4964.3977 s

Elapsed run time = 4964.4692 s

Elapsed run time = 4964.9596 s

Elapsed run time = 4965.4857 s

Elapsed run time = 4966.3171 s

Elapsed run time = 4966.5474 s

Elapsed run time = 4969.3868 s

Elapsed run time = 4969.5062 s

Elapsed run time = 4971.3433 s

Elapsed run time = 4971.7574 s

Elapsed run time = 4973.1396 s

Elapsed run time = 4973.1937 s

Elapsed run time = 4974.1417 s

Elapsed run time = 4974.1749 s

Elapsed run time = 4975.0925 s

Elapsed run time = 4976.0217 s

Elapsed run time = 4977.3149 s
Simulation complete. Subtracted force: 8.802395e-02. Saved to .tmp/meep_d_0.1000_N_3_corrugated_al_75.0_Nbot_3_Phosphorene_tuned_res_40_theta_84.0_eps_2.1_L_2.00.json

Elapsed run time = 4977.6581 s
Task 72 complete at Fri Sep 11 03:32:46 AM EDT 2026.
