==================================================
NATURE TASK 1: GRID CONVERGENCE & EDGE ROUNDING
Array Task: 24 / 24 on x1000c5s3b0n1
Start: Thu Sep 10 11:21:31 PM EDT 2026
==================================================

Elapsed run time = 0.4642 s

Elapsed run time = 0.4645 s

Elapsed run time = 0.4643 s

Elapsed run time = 0.4641 s

Elapsed run time = 0.4642 s

Elapsed run time = 0.4646 s

Elapsed run time = 0.4645 s

Elapsed run time = 0.4555 s

Elapsed run time = 0.4647 s

Elapsed run time = 0.4644 s

Elapsed run time = 0.4637 s

Elapsed run time = 0.4645 s

Elapsed run time = 0.4645 s

Elapsed run time = 0.4648 s

Elapsed run time = 0.4648 s

Elapsed run time = 0.4645 s

Elapsed run time = 0.4648 s

Elapsed run time = 0.4646 s

Elapsed run time = 0.4646 s

Elapsed run time = 0.4648 s

Elapsed run time = 0.4645 s

Elapsed run time = 0.4645 s

Elapsed run time = 0.4648 s

Elapsed run time = 0.4647 s

Elapsed run time = 0.4647 s

Elapsed run time = 0.4559 s

Elapsed run time = 0.4648 s

Elapsed run time = 0.4650 s

Elapsed run time = 0.4645 s

Elapsed run time = 0.4649 s

Elapsed run time = 0.4650 s

Elapsed run time = 0.4652 s

Elapsed run time = 0.4650 s

Elapsed run time = 0.4647 s

Elapsed run time = 0.4647 s

Elapsed run time = 0.4647 s

Elapsed run time = 0.4650 s

Elapsed run time = 0.4651 s

Elapsed run time = 0.4645 s

Elapsed run time = 0.4647 s

Elapsed run time = 0.4650 s

Elapsed run time = 0.4647 s

Elapsed run time = 0.4652 s

Elapsed run time = 0.4650 s

Elapsed run time = 0.4653 s

Elapsed run time = 0.4649 s

Elapsed run time = 0.4646 s

Elapsed run time = 0.4643 s

Elapsed run time = 0.4650 s

Elapsed run time = 0.4650 s

Elapsed run time = 0.4648 s

Elapsed run time = 0.4650 s

Elapsed run time = 0.4654 s

Elapsed run time = 0.4651 s

Elapsed run time = 0.4651 s

Elapsed run time = 0.4649 s

Elapsed run time = 0.4648 s

Elapsed run time = 0.4649 s

Elapsed run time = 0.4652 s

Elapsed run time = 0.4651 s

Elapsed run time = 0.4647 s

Elapsed run time = 0.4651 s

Elapsed run time = 0.4652 s

Elapsed run time = 0.4649 s

Elapsed run time = 0.4651 s

Elapsed run time = 0.4652 s

Elapsed run time = 0.4648 s

Elapsed run time = 0.4649 s

Elapsed run time = 0.4650 s

Elapsed run time = 0.4649 s

Elapsed run time = 0.4651 s

Elapsed run time = 0.4648 s

Elapsed run time = 0.4650 s

Elapsed run time = 0.4650 s

Elapsed run time = 0.4653 s

Elapsed run time = 0.4650 s

Elapsed run time = 0.4652 s

Elapsed run time = 0.4651 s

Elapsed run time = 0.4651 s

Elapsed run time = 0.4652 s

Elapsed run time = 0.4651 s

Elapsed run time = 0.4650 s

Elapsed run time = 0.4649 s

Elapsed run time = 0.4652 s

Elapsed run time = 0.4653 s

Elapsed run time = 0.4651 s

Elapsed run time = 0.4651 s

Elapsed run time = 0.4654 s

Elapsed run time = 0.4652 s

Elapsed run time = 0.4653 s

Elapsed run time = 0.4651 s

Elapsed run time = 0.4650 s

Elapsed run time = 0.4649 s

Elapsed run time = 0.4652 s

Elapsed run time = 0.4653 s

Elapsed run time = 0.4651 s

Elapsed run time = 0.4653 s

Elapsed run time = 0.4651 s

Elapsed run time = 0.4652 s

Elapsed run time = 0.4652 s

Elapsed run time = 0.4650 s

Elapsed run time = 0.4651 s

Elapsed run time = 0.4652 s

Elapsed run time = 0.4651 s
  [BOTH][Rank 18] Done moment 1/3 (task 18): force_integral=+0.000000e+00
  [BOTH][Rank 16] Done moment 1/3 (task 16): force_integral=-2.662182e+04
  [BOTH][Rank 20] Done moment 1/3 (task 20): force_integral=-3.027158e-04
  [BOTH][Rank 22] Done moment 1/3 (task 22): force_integral=-2.467413e+04
  [BOTH][Rank 19] Done moment 1/3 (task 19): force_integral=+0.000000e+00
  [BOTH][Rank 17] Done moment 1/3 (task 17): force_integral=+4.774704e+04
  [BOTH][Rank 21] Done moment 1/3 (task 21): force_integral=-3.027158e-04
  [BOTH][Rank 23] Done moment 1/3 (task 23): force_integral=+4.759916e+04
  [BOTH][Rank 6] Done moment 1/3 (task 6): force_integral=-3.030015e-04
  [BOTH][Rank 18] Done moment 2/3 (task 42): force_integral=-5.165928e-04
  [BOTH][Rank 4] Done moment 1/3 (task 4): force_integral=-8.354810e+03
  [BOTH][Rank 14] Done moment 1/3 (task 14): force_integral=+7.045625e-04
  [BOTH][Rank 12] Done moment 1/3 (task 12): force_integral=+0.000000e+00
  [BOTH][Rank 16] Done moment 2/3 (task 40): force_integral=-2.422527e+04
  [BOTH][Rank 8] Done moment 1/3 (task 8): force_integral=+0.000000e+00
  [BOTH][Rank 2] Done moment 1/3 (task 2): force_integral=+0.000000e+00
  [BOTH][Rank 10] Done moment 1/3 (task 10): force_integral=-7.769069e+03
  [BOTH][Rank 20] Done moment 2/3 (task 44): force_integral=+0.000000e+00
  [BOTH][Rank 22] Done moment 2/3 (task 46): force_integral=-2.416677e+04
  [BOTH][Rank 0] Done moment 1/3 (task 0): force_integral=+7.038585e-04
