==================================================
NATURE TASK 1: GRID CONVERGENCE & EDGE ROUNDING
Array Task: 13 / 24 on x1001c5s6b1n1
Start: Thu Sep 10 01:02:40 AM EDT 2026
==================================================

Elapsed run time = 0.2560 s

Elapsed run time = 0.2590 s

Elapsed run time = 0.2582 s

Elapsed run time = 0.2501 s

Elapsed run time = 0.2498 s

Elapsed run time = 0.2574 s

Elapsed run time = 0.2595 s

Elapsed run time = 0.2573 s

Elapsed run time = 0.2580 s

Elapsed run time = 0.2565 s

Elapsed run time = 0.2604 s

Elapsed run time = 0.2573 s

Elapsed run time = 0.2605 s

Elapsed run time = 0.2612 s

Elapsed run time = 0.2575 s

Elapsed run time = 0.2541 s

Elapsed run time = 0.2582 s

Elapsed run time = 0.2587 s

Elapsed run time = 0.2571 s

Elapsed run time = 0.2586 s

Elapsed run time = 0.2569 s

Elapsed run time = 0.2570 s

Elapsed run time = 0.2606 s

Elapsed run time = 0.2558 s

Elapsed run time = 0.2605 s

Elapsed run time = 0.2609 s

Elapsed run time = 0.2595 s

Elapsed run time = 0.2605 s

Elapsed run time = 0.2579 s

Elapsed run time = 0.2611 s

Elapsed run time = 0.2526 s

Elapsed run time = 0.2602 s

Elapsed run time = 0.2580 s

Elapsed run time = 0.2518 s

Elapsed run time = 0.2580 s

Elapsed run time = 0.2548 s

Elapsed run time = 0.2527 s

Elapsed run time = 0.2569 s

Elapsed run time = 0.2587 s

Elapsed run time = 0.2585 s

Elapsed run time = 0.2572 s

Elapsed run time = 0.2581 s

Elapsed run time = 0.2589 s

Elapsed run time = 0.2610 s

Elapsed run time = 0.2585 s

Elapsed run time = 0.2611 s

Elapsed run time = 0.2603 s

Elapsed run time = 0.2599 s

Elapsed run time = 0.2567 s

Elapsed run time = 0.2565 s

Elapsed run time = 0.2593 s

Elapsed run time = 0.2580 s

Elapsed run time = 0.2520 s

Elapsed run time = 0.2615 s

Elapsed run time = 0.2618 s

Elapsed run time = 0.2619 s

Elapsed run time = 0.2567 s

Elapsed run time = 0.2404 s

Elapsed run time = 0.2514 s

Elapsed run time = 0.2622 s

Elapsed run time = 0.2613 s

Elapsed run time = 0.2618 s

Elapsed run time = 0.2612 s

Elapsed run time = 0.2616 s

Elapsed run time = 0.2587 s

Elapsed run time = 0.2592 s

Elapsed run time = 0.2579 s

Elapsed run time = 0.2583 s

Elapsed run time = 0.2611 s

Elapsed run time = 0.2587 s

Elapsed run time = 0.2584 s

Elapsed run time = 0.2619 s

Elapsed run time = 0.2621 s

Elapsed run time = 0.2603 s

Elapsed run time = 0.2591 s

Elapsed run time = 0.2543 s

Elapsed run time = 0.2553 s

Elapsed run time = 0.2490 s

Elapsed run time = 0.2555 s

Elapsed run time = 0.2426 s

Elapsed run time = 0.2574 s

Elapsed run time = 0.2586 s

Elapsed run time = 0.2570 s

Elapsed run time = 0.2515 s

Elapsed run time = 0.2540 s

Elapsed run time = 0.2522 s

Elapsed run time = 0.2531 s

Elapsed run time = 0.2563 s

Elapsed run time = 0.2518 s

Elapsed run time = 0.2539 s

Elapsed run time = 0.2503 s

Elapsed run time = 0.2472 s

Elapsed run time = 0.2609 s

Elapsed run time = 0.2604 s

Elapsed run time = 0.2617 s

Elapsed run time = 0.2598 s

Elapsed run time = 0.2604 s

Elapsed run time = 0.2611 s

Elapsed run time = 0.2616 s

Elapsed run time = 0.2584 s

Elapsed run time = 0.2585 s

Elapsed run time = 0.2610 s

Elapsed run time = 0.2604 s

Elapsed run time = 0.2623 s
  [BOTH][Rank 19] Done moment 1/3 (task 19): force_integral=+0.000000e+00
  [BOTH][Rank 18] Done moment 1/3 (task 18): force_integral=+0.000000e+00
  [BOTH][Rank 21] Done moment 1/3 (task 21): force_integral=-2.784348e-04
  [BOTH][Rank 20] Done moment 1/3 (task 20): force_integral=-2.784348e-04
  [BOTH][Rank 16] Done moment 1/3 (task 16): force_integral=-1.433063e+04
  [BOTH][Rank 17] Done moment 1/3 (task 17): force_integral=+2.518919e+04
  [BOTH][Rank 22] Done moment 1/3 (task 22): force_integral=-1.328686e+04
  [BOTH][Rank 23] Done moment 1/3 (task 23): force_integral=+2.511741e+04
