==================================================
NATURE TASK 1: GRID CONVERGENCE & EDGE ROUNDING
Array Task: 4 / 24 on x1000c2s3b0n1
Start: Wed Sep  9 09:39:38 PM EDT 2026
==================================================

Elapsed run time = 0.1647 s

Elapsed run time = 0.1647 s

Elapsed run time = 0.1647 s

Elapsed run time = 0.1643 s

Elapsed run time = 0.1668 s

Elapsed run time = 0.1660 s

Elapsed run time = 0.1658 s

Elapsed run time = 0.1681 s

Elapsed run time = 0.1678 s

Elapsed run time = 0.1666 s

Elapsed run time = 0.1658 s

Elapsed run time = 0.1644 s

Elapsed run time = 0.1657 s

Elapsed run time = 0.1656 s

Elapsed run time = 0.1644 s

Elapsed run time = 0.1683 s

Elapsed run time = 0.1656 s

Elapsed run time = 0.1683 s

Elapsed run time = 0.1669 s

Elapsed run time = 0.1679 s

Elapsed run time = 0.1681 s

Elapsed run time = 0.1663 s

Elapsed run time = 0.1655 s

Elapsed run time = 0.1683 s

Elapsed run time = 0.1653 s

Elapsed run time = 0.1671 s

Elapsed run time = 0.1667 s

Elapsed run time = 0.1661 s

Elapsed run time = 0.1673 s

Elapsed run time = 0.1665 s

Elapsed run time = 0.1670 s

Elapsed run time = 0.1681 s

Elapsed run time = 0.1657 s

Elapsed run time = 0.1648 s

Elapsed run time = 0.1655 s

Elapsed run time = 0.1688 s

Elapsed run time = 0.1647 s

Elapsed run time = 0.1680 s

Elapsed run time = 0.1662 s

Elapsed run time = 0.1681 s

Elapsed run time = 0.1676 s

Elapsed run time = 0.1672 s

Elapsed run time = 0.1657 s

Elapsed run time = 0.1665 s

Elapsed run time = 0.1670 s

Elapsed run time = 0.1659 s

Elapsed run time = 0.1681 s

Elapsed run time = 0.1667 s

Elapsed run time = 0.1661 s

Elapsed run time = 0.1685 s

Elapsed run time = 0.1699 s

Elapsed run time = 0.1676 s

Elapsed run time = 0.1705 s

Elapsed run time = 0.1686 s

Elapsed run time = 0.1684 s

Elapsed run time = 0.1712 s

Elapsed run time = 1898.2507 s

Elapsed run time = 1900.1308 s

Elapsed run time = 1946.3921 s

Elapsed run time = 1950.1936 s

Elapsed run time = 1967.0118 s

Elapsed run time = 1967.7852 s

Elapsed run time = 1988.0286 s

Elapsed run time = 1988.5540 s
  [BOTH][Rank 0] Done moment 1/1 (task 0): force_integral=+9.338457e-04

Elapsed run time = 6934.8371 s

Elapsed run time = 6945.6806 s

Elapsed run time = 6966.7725 s

Elapsed run time = 6968.6038 s

Elapsed run time = 6970.5742 s

Elapsed run time = 6985.9390 s

Elapsed run time = 6986.3896 s

Elapsed run time = 6987.6692 s

Elapsed run time = 6992.6515 s

Elapsed run time = 6995.2867 s

Elapsed run time = 6998.0029 s

Elapsed run time = 6999.3051 s

Elapsed run time = 7002.5306 s

Elapsed run time = 7003.1312 s

Elapsed run time = 7004.8701 s

Elapsed run time = 7007.1222 s

Elapsed run time = 7008.0019 s

Elapsed run time = 7009.2963 s

Elapsed run time = 7012.6038 s

Elapsed run time = 7013.1956 s

Elapsed run time = 7016.9124 s

Elapsed run time = 7017.0071 s
  [SELF][Rank 0] Done moment 1/1 (task 0): force_integral=+8.168906e-04

Elapsed run time = 7018.8200 s

Elapsed run time = 7020.0372 s

Elapsed run time = 7021.2023 s

Elapsed run time = 7022.3827 s

Elapsed run time = 7023.8417 s

Elapsed run time = 7026.7550 s

Elapsed run time = 7027.8993 s

Elapsed run time = 7031.9861 s

Elapsed run time = 7038.1218 s

Elapsed run time = 7040.1007 s

Elapsed run time = 7040.5278 s

Elapsed run time = 7040.5588 s

Elapsed run time = 7043.4611 s

Elapsed run time = 7045.3373 s

Elapsed run time = 7051.7791 s

Elapsed run time = 7052.0260 s

Elapsed run time = 7052.7678 s

Elapsed run time = 7054.3188 s

Elapsed run time = 7055.3314 s

Elapsed run time = 7055.8238 s

Elapsed run time = 7056.4989 s

Elapsed run time = 7056.5238 s

Elapsed run time = 7058.1364 s

Elapsed run time = 7058.5028 s

Elapsed run time = 7059.0939 s

Elapsed run time = 7059.8192 s

Elapsed run time = 7060.3662 s

Elapsed run time = 7062.1951 s

Elapsed run time = 7062.9816 s

Elapsed run time = 7063.2447 s

Elapsed run time = 7064.3447 s

Elapsed run time = 7065.5497 s

Elapsed run time = 7068.2348 s

Elapsed run time = 7070.3276 s

Elapsed run time = 7070.6593 s

Elapsed run time = 7070.9689 s

Elapsed run time = 7072.9138 s

Elapsed run time = 7073.9902 s

Elapsed run time = 7075.1405 s

Elapsed run time = 7075.3443 s

Elapsed run time = 7078.5801 s
Convergence task complete: Res=40, r_tip=10.0 nm, P=+0.0022 Pa -> Saved to results_nature_validation/conv_res_40_rtip_10.0_ds_30.0_al_75.0_th_90.0.json

Elapsed run time = 7079.3230 s
Completed Task 1 at Wed Sep  9 11:37:43 PM EDT 2026
