==================================================
NATURE TASK 1: GRID CONVERGENCE & EDGE ROUNDING
Array Task: 10 / 24 on x1002c1s7b1n0
Start: Thu Sep 10 12:31:03 AM EDT 2026
==================================================

Elapsed run time = 0.2116 s

Elapsed run time = 0.2083 s

Elapsed run time = 0.2141 s

Elapsed run time = 0.2111 s

Elapsed run time = 0.2129 s

Elapsed run time = 0.1927 s

Elapsed run time = 0.2127 s

Elapsed run time = 0.2112 s

Elapsed run time = 0.2106 s

Elapsed run time = 0.2123 s

Elapsed run time = 0.2127 s

Elapsed run time = 0.2147 s

Elapsed run time = 0.2113 s

Elapsed run time = 0.2096 s

Elapsed run time = 0.2093 s

Elapsed run time = 0.2042 s

Elapsed run time = 0.2072 s

Elapsed run time = 0.2081 s

Elapsed run time = 0.2114 s

Elapsed run time = 0.2109 s

Elapsed run time = 0.2152 s

Elapsed run time = 0.2116 s

Elapsed run time = 0.2097 s

Elapsed run time = 0.2128 s

Elapsed run time = 0.2129 s

Elapsed run time = 0.2092 s

Elapsed run time = 0.2097 s

Elapsed run time = 0.2047 s

Elapsed run time = 0.2125 s

Elapsed run time = 0.2152 s

Elapsed run time = 0.2126 s

Elapsed run time = 0.2123 s

Elapsed run time = 0.2154 s

Elapsed run time = 0.2133 s

Elapsed run time = 0.2114 s

Elapsed run time = 0.2130 s

Elapsed run time = 0.2104 s

Elapsed run time = 0.2144 s

Elapsed run time = 0.2081 s

Elapsed run time = 0.2152 s

Elapsed run time = 0.2160 s

Elapsed run time = 0.2129 s

Elapsed run time = 0.2062 s

Elapsed run time = 0.2134 s

Elapsed run time = 0.2042 s

Elapsed run time = 0.2112 s

Elapsed run time = 0.2159 s

Elapsed run time = 0.2068 s

Elapsed run time = 0.2122 s

Elapsed run time = 0.2159 s

Elapsed run time = 0.2048 s

Elapsed run time = 0.2036 s

Elapsed run time = 0.2087 s

Elapsed run time = 0.2124 s

Elapsed run time = 0.2126 s

Elapsed run time = 0.2124 s

Elapsed run time = 0.2126 s

Elapsed run time = 0.2130 s

Elapsed run time = 0.2126 s

Elapsed run time = 0.2113 s

Elapsed run time = 0.2111 s

Elapsed run time = 0.2124 s

Elapsed run time = 0.2117 s

Elapsed run time = 0.2116 s

Elapsed run time = 0.2116 s

Elapsed run time = 0.2134 s

Elapsed run time = 0.2159 s

Elapsed run time = 0.2163 s

Elapsed run time = 0.2166 s

Elapsed run time = 0.2136 s

Elapsed run time = 0.2163 s

Elapsed run time = 0.2097 s

Elapsed run time = 0.2123 s

Elapsed run time = 0.2122 s

Elapsed run time = 0.2161 s

Elapsed run time = 0.2156 s

Elapsed run time = 0.2160 s

Elapsed run time = 0.2161 s

Elapsed run time = 0.2155 s

Elapsed run time = 0.2133 s
  [BOTH][Rank 8] Done moment 1/2 (task 8): force_integral=+0.000000e+00
  [BOTH][Rank 3] Done moment 1/2 (task 3): force_integral=+0.000000e+00
  [BOTH][Rank 9] Done moment 1/2 (task 9): force_integral=+0.000000e+00
  [BOTH][Rank 12] Done moment 1/2 (task 12): force_integral=+0.000000e+00
  [BOTH][Rank 14] Done moment 1/2 (task 14): force_integral=+8.951064e-04
  [BOTH][Rank 1] Done moment 1/2 (task 1): force_integral=+8.938840e-04
  [BOTH][Rank 13] Done moment 1/2 (task 13): force_integral=+0.000000e+00
  [BOTH][Rank 7] Done moment 1/2 (task 7): force_integral=-2.263339e-04
  [BOTH][Rank 15] Done moment 1/2 (task 15): force_integral=+8.951064e-04
  [BOTH][Rank 10] Done moment 1/2 (task 10): force_integral=-2.651759e+03
  [BOTH][Rank 2] Done moment 1/2 (task 2): force_integral=+0.000000e+00
  [BOTH][Rank 5] Done moment 1/2 (task 5): force_integral=+5.026774e+03
  [BOTH][Rank 11] Done moment 1/2 (task 11): force_integral=+5.009528e+03
  [BOTH][Rank 6] Done moment 1/2 (task 6): force_integral=-2.263339e-04
  [BOTH][Rank 0] Done moment 1/2 (task 0): force_integral=+8.938840e-04
  [BOTH][Rank 4] Done moment 1/2 (task 4): force_integral=-2.857433e+03
  [BOTH][Rank 18] Done moment 1/2 (task 18): force_integral=+0.000000e+00
  [BOTH][Rank 19] Done moment 1/2 (task 19): force_integral=+0.000000e+00
  [BOTH][Rank 21] Done moment 1/2 (task 21): force_integral=-2.257653e-04
  [BOTH][Rank 20] Done moment 1/2 (task 20): force_integral=-2.257653e-04
  [BOTH][Rank 16] Done moment 1/2 (task 16): force_integral=-8.970236e+03
  [BOTH][Rank 17] Done moment 1/2 (task 17): force_integral=+1.570059e+04
  [BOTH][Rank 22] Done moment 1/2 (task 22): force_integral=-8.310379e+03
  [BOTH][Rank 23] Done moment 1/2 (task 23): force_integral=+1.563701e+04

Elapsed run time = 19143.4316 s

Elapsed run time = 19161.4613 s

Elapsed run time = 19179.7074 s

Elapsed run time = 19226.7764 s

Elapsed run time = 19347.3924 s

Elapsed run time = 19350.2555 s

Elapsed run time = 19395.5005 s

Elapsed run time = 19396.0895 s

Elapsed run time = 19397.5070 s

Elapsed run time = 19449.1453 s

Elapsed run time = 19451.3957 s

Elapsed run time = 19458.3943 s

Elapsed run time = 19466.0342 s

Elapsed run time = 19478.4308 s

Elapsed run time = 19489.2832 s

Elapsed run time = 19489.3859 s
  [BOTH][Rank 3] Done moment 2/2 (task 51): force_integral=+2.439337e-04
  [BOTH][Rank 8] Done moment 2/2 (task 56): force_integral=-5.964521e-04
  [BOTH][Rank 9] Done moment 2/2 (task 57): force_integral=-5.964521e-04
  [BOTH][Rank 12] Done moment 2/2 (task 60): force_integral=+0.000000e+00
  [BOTH][Rank 14] Done moment 2/2 (task 62): force_integral=+0.000000e+00
  [BOTH][Rank 2] Done moment 2/2 (task 50): force_integral=+2.439337e-04
  [BOTH][Rank 1] Done moment 2/2 (task 49): force_integral=+0.000000e+00
  [BOTH][Rank 7] Done moment 2/2 (task 55): force_integral=+0.000000e+00
  [BOTH][Rank 13] Done moment 2/2 (task 61): force_integral=+0.000000e+00
  [BOTH][Rank 15] Done moment 2/2 (task 63): force_integral=+0.000000e+00
  [BOTH][Rank 10] Done moment 2/2 (task 58): force_integral=-1.824492e+04
  [BOTH][Rank 11] Done moment 2/2 (task 59): force_integral=+1.826287e+04
  [BOTH][Rank 5] Done moment 2/2 (task 53): force_integral=+1.833424e+04
  [BOTH][Rank 6] Done moment 2/2 (task 54): force_integral=+0.000000e+00
  [BOTH][Rank 18] Done moment 2/2 (task 66): force_integral=+0.000000e+00
  [BOTH][Rank 19] Done moment 2/2 (task 67): force_integral=+0.000000e+00
  [BOTH][Rank 0] Done moment 2/2 (task 48): force_integral=+0.000000e+00
  [BOTH][Rank 4] Done moment 2/2 (task 52): force_integral=-1.830228e+04

Elapsed run time = 34336.0927 s

Elapsed run time = 34346.0446 s

Elapsed run time = 34347.6841 s

Elapsed run time = 34348.8334 s

Elapsed run time = 34366.5026 s

Elapsed run time = 34375.2990 s
  [BOTH][Rank 20] Done moment 2/2 (task 68): force_integral=+0.000000e+00
  [BOTH][Rank 21] Done moment 2/2 (task 69): force_integral=+0.000000e+00

Elapsed run time = 34411.4511 s

Elapsed run time = 34413.4258 s
  [BOTH][Rank 16] Done moment 2/2 (task 64): force_integral=+1.625075e+04
  [BOTH][Rank 22] Done moment 2/2 (task 70): force_integral=+1.614753e+04
  [BOTH][Rank 17] Done moment 2/2 (task 65): force_integral=-1.617088e+04
  [BOTH][Rank 23] Done moment 2/2 (task 71): force_integral=-1.610655e+04
  [SELF][Rank 18] Done moment 1/2 (task 18): force_integral=+0.000000e+00
  [SELF][Rank 19] Done moment 1/2 (task 19): force_integral=+0.000000e+00
  [SELF][Rank 21] Done moment 1/2 (task 21): force_integral=-9.730181e-05
  [SELF][Rank 20] Done moment 1/2 (task 20): force_integral=-9.730181e-05
  [SELF][Rank 16] Done moment 1/2 (task 16): force_integral=-8.970221e+03
  [SELF][Rank 17] Done moment 1/2 (task 17): force_integral=+1.570059e+04
  [SELF][Rank 22] Done moment 1/2 (task 22): force_integral=-8.310370e+03
  [SELF][Rank 23] Done moment 1/2 (task 23): force_integral=+1.563701e+04
