==================================================
NATURE TASK 1: GRID CONVERGENCE & EDGE ROUNDING
Array Task: 6 / 24 on x1002c0s4b0n1
Start: Wed Sep  9 10:49:20 PM EDT 2026
==================================================

Elapsed run time = 0.4616 s

Elapsed run time = 0.4611 s

Elapsed run time = 0.4574 s

Elapsed run time = 0.4616 s

Elapsed run time = 0.4614 s

Elapsed run time = 0.4614 s

Elapsed run time = 0.4615 s

Elapsed run time = 0.4617 s

Elapsed run time = 0.4616 s

Elapsed run time = 0.4616 s

Elapsed run time = 0.4612 s

Elapsed run time = 0.4618 s

Elapsed run time = 0.4619 s

Elapsed run time = 0.4617 s

Elapsed run time = 0.4618 s

Elapsed run time = 0.4618 s

Elapsed run time = 0.4617 s

Elapsed run time = 0.4619 s

Elapsed run time = 0.4620 s

Elapsed run time = 0.4617 s

Elapsed run time = 0.4619 s

Elapsed run time = 0.4620 s

Elapsed run time = 0.4618 s

Elapsed run time = 0.4619 s

Elapsed run time = 0.4620 s

Elapsed run time = 0.4621 s

Elapsed run time = 0.4621 s

Elapsed run time = 0.4621 s

Elapsed run time = 0.4620 s

Elapsed run time = 0.4621 s

Elapsed run time = 0.4621 s

Elapsed run time = 0.4620 s

Elapsed run time = 0.4625 s

Elapsed run time = 0.4623 s

Elapsed run time = 0.4623 s

Elapsed run time = 0.4621 s

Elapsed run time = 0.4621 s

Elapsed run time = 0.4623 s

Elapsed run time = 0.4608 s

Elapsed run time = 0.4624 s

Elapsed run time = 0.4622 s

Elapsed run time = 0.4624 s

Elapsed run time = 0.4624 s

Elapsed run time = 0.4621 s

Elapsed run time = 0.4622 s

Elapsed run time = 0.4621 s

Elapsed run time = 0.4624 s

Elapsed run time = 0.4624 s

Elapsed run time = 0.4624 s

Elapsed run time = 0.4623 s

Elapsed run time = 0.4623 s

Elapsed run time = 0.4620 s

Elapsed run time = 0.4620 s

Elapsed run time = 0.4618 s

Elapsed run time = 0.4621 s

Elapsed run time = 0.4621 s

Elapsed run time = 0.4622 s

Elapsed run time = 0.4610 s

Elapsed run time = 0.4625 s

Elapsed run time = 0.4625 s

Elapsed run time = 0.4624 s

Elapsed run time = 0.4622 s

Elapsed run time = 0.4621 s

Elapsed run time = 0.4624 s

Elapsed run time = 0.4623 s

Elapsed run time = 0.4625 s

Elapsed run time = 0.4625 s

Elapsed run time = 0.4623 s

Elapsed run time = 0.4625 s

Elapsed run time = 0.4626 s

Elapsed run time = 0.4622 s

Elapsed run time = 0.4625 s

Elapsed run time = 0.4619 s

Elapsed run time = 0.4624 s

Elapsed run time = 0.4621 s

Elapsed run time = 0.4620 s

Elapsed run time = 0.4627 s

Elapsed run time = 0.4622 s

Elapsed run time = 0.4619 s

Elapsed run time = 0.4627 s
  [BOTH][Rank 6] Done moment 1/2 (task 6): force_integral=-2.118436e-04
  [BOTH][Rank 16] Done moment 1/2 (task 16): force_integral=-8.970258e+03
  [BOTH][Rank 4] Done moment 1/2 (task 4): force_integral=-2.857443e+03
  [BOTH][Rank 8] Done moment 1/2 (task 8): force_integral=+0.000000e+00
  [BOTH][Rank 18] Done moment 1/2 (task 18): force_integral=+0.000000e+00
  [BOTH][Rank 10] Done moment 1/2 (task 10): force_integral=-2.651778e+03
  [BOTH][Rank 14] Done moment 1/2 (task 14): force_integral=+9.197980e-04
  [BOTH][Rank 12] Done moment 1/2 (task 12): force_integral=+0.000000e+00
  [BOTH][Rank 20] Done moment 1/2 (task 20): force_integral=-2.112411e-04
  [BOTH][Rank 2] Done moment 1/2 (task 2): force_integral=+0.000000e+00
  [BOTH][Rank 22] Done moment 1/2 (task 22): force_integral=-8.310397e+03
  [BOTH][Rank 0] Done moment 1/2 (task 0): force_integral=+9.185362e-04

Elapsed run time = 17000.8606 s
  [BOTH][Rank 3] Done moment 1/2 (task 3): force_integral=+0.000000e+00
  [BOTH][Rank 9] Done moment 1/2 (task 9): force_integral=+0.000000e+00
  [BOTH][Rank 1] Done moment 1/2 (task 1): force_integral=+9.185362e-04
  [BOTH][Rank 13] Done moment 1/2 (task 13): force_integral=+0.000000e+00
  [BOTH][Rank 7] Done moment 1/2 (task 7): force_integral=-2.118436e-04
  [BOTH][Rank 15] Done moment 1/2 (task 15): force_integral=+9.197980e-04

Elapsed run time = 17046.7147 s
  [BOTH][Rank 5] Done moment 1/2 (task 5): force_integral=+5.026774e+03
  [BOTH][Rank 11] Done moment 1/2 (task 11): force_integral=+5.009528e+03

Elapsed run time = 17077.5451 s

Elapsed run time = 17139.1133 s
  [BOTH][Rank 19] Done moment 1/2 (task 19): force_integral=+0.000000e+00

Elapsed run time = 17181.9781 s
  [BOTH][Rank 21] Done moment 1/2 (task 21): force_integral=-2.112411e-04

Elapsed run time = 17217.2833 s
  [BOTH][Rank 17] Done moment 1/2 (task 17): force_integral=+1.570059e+04

Elapsed run time = 17234.9348 s
  [BOTH][Rank 23] Done moment 1/2 (task 23): force_integral=+1.563701e+04

Elapsed run time = 17253.8698 s

Elapsed run time = 22244.9593 s

Elapsed run time = 22292.7468 s

Elapsed run time = 22503.8998 s

Elapsed run time = 22540.8978 s

Elapsed run time = 22670.1065 s

Elapsed run time = 22674.5727 s

Elapsed run time = 22676.9676 s

Elapsed run time = 22706.3609 s
  [BOTH][Rank 4] Done moment 2/2 (task 52): force_integral=-1.830232e+04
  [BOTH][Rank 6] Done moment 2/2 (task 54): force_integral=+0.000000e+00

Elapsed run time = 25982.8825 s

Elapsed run time = 26035.8818 s
  [BOTH][Rank 14] Done moment 2/2 (task 62): force_integral=+0.000000e+00
  [BOTH][Rank 10] Done moment 2/2 (task 58): force_integral=-1.824493e+04
  [BOTH][Rank 18] Done moment 2/2 (task 66): force_integral=+0.000000e+00
  [BOTH][Rank 16] Done moment 2/2 (task 64): force_integral=+1.625210e+04
  [BOTH][Rank 8] Done moment 2/2 (task 56): force_integral=-6.021923e-04

Elapsed run time = 26267.5882 s
  [BOTH][Rank 12] Done moment 2/2 (task 60): force_integral=+0.000000e+00

Elapsed run time = 26398.7176 s
  [BOTH][Rank 20] Done moment 2/2 (task 68): force_integral=+0.000000e+00
  [BOTH][Rank 22] Done moment 2/2 (task 70): force_integral=+1.614863e+04
  [BOTH][Rank 2] Done moment 2/2 (task 50): force_integral=+2.431764e-04
  [BOTH][Rank 0] Done moment 2/2 (task 48): force_integral=+0.000000e+00
  [SELF][Rank 18] Done moment 1/2 (task 18): force_integral=+0.000000e+00
  [SELF][Rank 16] Done moment 1/2 (task 16): force_integral=-8.970243e+03
  [SELF][Rank 20] Done moment 1/2 (task 20): force_integral=-7.802516e-05
  [SELF][Rank 22] Done moment 1/2 (task 22): force_integral=-8.310389e+03
  [SELF][Rank 4] Done moment 1/2 (task 4): force_integral=-2.857428e+03
  [SELF][Rank 6] Done moment 1/2 (task 6): force_integral=-7.856226e-05
  [SELF][Rank 2] Done moment 1/2 (task 2): force_integral=+0.000000e+00
  [BOTH][Rank 3] Done moment 2/2 (task 51): force_integral=+2.431764e-04
  [BOTH][Rank 1] Done moment 2/2 (task 49): force_integral=+0.000000e+00
  [BOTH][Rank 9] Done moment 2/2 (task 57): force_integral=-6.021923e-04
  [BOTH][Rank 7] Done moment 2/2 (task 55): force_integral=+0.000000e+00
  [BOTH][Rank 13] Done moment 2/2 (task 61): force_integral=+0.000000e+00
  [BOTH][Rank 15] Done moment 2/2 (task 63): force_integral=+0.000000e+00
  [BOTH][Rank 11] Done moment 2/2 (task 59): force_integral=+1.826287e+04
  [BOTH][Rank 5] Done moment 2/2 (task 53): force_integral=+1.833424e+04
  [BOTH][Rank 19] Done moment 2/2 (task 67): force_integral=+0.000000e+00
  [BOTH][Rank 21] Done moment 2/2 (task 69): force_integral=+0.000000e+00

Elapsed run time = 34329.4419 s

Elapsed run time = 34345.1496 s

Elapsed run time = 34367.2800 s

Elapsed run time = 34408.1978 s
  [BOTH][Rank 17] Done moment 2/2 (task 65): force_integral=-1.617088e+04
  [BOTH][Rank 23] Done moment 2/2 (task 71): force_integral=-1.610655e+04
  [SELF][Rank 18] Done moment 2/2 (task 66): force_integral=+0.000000e+00

Elapsed run time = 35536.0534 s
  [SELF][Rank 14] Done moment 1/2 (task 14): force_integral=+8.002954e-04
  [SELF][Rank 16] Done moment 2/2 (task 64): force_integral=+1.625200e+04

Elapsed run time = 35648.6342 s
  [SELF][Rank 10] Done moment 1/2 (task 10): force_integral=-2.651765e+03
  [SELF][Rank 8] Done moment 1/2 (task 8): force_integral=+0.000000e+00
  [SELF][Rank 12] Done moment 1/2 (task 12): force_integral=+0.000000e+00
  [SELF][Rank 20] Done moment 2/2 (task 68): force_integral=+0.000000e+00

Elapsed run time = 35953.2497 s
  [SELF][Rank 22] Done moment 2/2 (task 70): force_integral=+1.614860e+04

Elapsed run time = 36095.4965 s
  [SELF][Rank 6] Done moment 2/2 (task 54): force_integral=+0.000000e+00

Elapsed run time = 41164.5281 s
  [SELF][Rank 4] Done moment 2/2 (task 52): force_integral=-1.830232e+04

Elapsed run time = 41267.3153 s
  [SELF][Rank 2] Done moment 2/2 (task 50): force_integral=+2.457552e-04

Elapsed run time = 41591.5833 s
  [SELF][Rank 0] Done moment 1/2 (task 0): force_integral=+7.992386e-04
  [SELF][Rank 19] Done moment 1/2 (task 19): force_integral=+0.000000e+00
  [SELF][Rank 21] Done moment 1/2 (task 21): force_integral=-7.802516e-05
  [SELF][Rank 17] Done moment 1/2 (task 17): force_integral=+1.570059e+04
  [SELF][Rank 23] Done moment 1/2 (task 23): force_integral=+1.563701e+04
