==================================================
NATURE TASK 1: GRID CONVERGENCE & EDGE ROUNDING
Array Task: 19 / 24 on x1002c2s3b1n0
Start: Thu Sep 10 12:42:27 PM EDT 2026
==================================================

Elapsed run time = 0.7938 s

Elapsed run time = 0.7960 s

Elapsed run time = 0.7929 s

Elapsed run time = 0.7947 s

Elapsed run time = 0.7948 s

Elapsed run time = 0.7977 s

Elapsed run time = 0.7974 s

Elapsed run time = 0.7938 s

Elapsed run time = 0.7963 s

Elapsed run time = 0.7976 s

Elapsed run time = 0.7950 s

Elapsed run time = 0.7966 s

Elapsed run time = 0.7973 s

Elapsed run time = 0.7983 s

Elapsed run time = 0.7965 s

Elapsed run time = 0.7958 s

Elapsed run time = 0.7935 s

Elapsed run time = 0.7965 s

Elapsed run time = 0.7971 s

Elapsed run time = 0.7943 s

Elapsed run time = 0.7958 s

Elapsed run time = 0.7935 s

Elapsed run time = 0.7966 s

Elapsed run time = 0.7938 s

Elapsed run time = 0.7941 s

Elapsed run time = 0.7983 s

Elapsed run time = 0.7986 s

Elapsed run time = 0.7962 s

Elapsed run time = 0.7973 s

Elapsed run time = 0.7983 s

Elapsed run time = 0.7939 s

Elapsed run time = 0.7937 s

Elapsed run time = 0.7974 s

Elapsed run time = 0.7941 s

Elapsed run time = 0.7946 s

Elapsed run time = 0.7951 s

Elapsed run time = 0.7969 s

Elapsed run time = 0.7945 s

Elapsed run time = 0.7989 s

Elapsed run time = 0.7945 s

Elapsed run time = 0.7988 s

Elapsed run time = 0.7969 s

Elapsed run time = 0.7975 s

Elapsed run time = 0.7990 s

Elapsed run time = 0.7973 s

Elapsed run time = 0.7976 s

Elapsed run time = 0.7942 s

Elapsed run time = 0.7957 s

Elapsed run time = 0.7980 s

Elapsed run time = 0.7982 s

Elapsed run time = 0.7957 s

Elapsed run time = 0.7947 s

Elapsed run time = 0.7970 s

Elapsed run time = 0.7948 s

Elapsed run time = 0.7982 s

Elapsed run time = 0.7945 s

Elapsed run time = 0.7980 s

Elapsed run time = 0.7988 s

Elapsed run time = 0.7965 s

Elapsed run time = 0.7959 s

Elapsed run time = 0.7975 s

Elapsed run time = 0.7995 s

Elapsed run time = 0.7959 s

Elapsed run time = 0.7945 s

Elapsed run time = 0.7961 s

Elapsed run time = 0.7976 s

Elapsed run time = 0.7972 s

Elapsed run time = 0.7940 s

Elapsed run time = 0.7944 s

Elapsed run time = 0.7996 s

Elapsed run time = 0.7950 s

Elapsed run time = 0.7998 s

Elapsed run time = 0.7946 s

Elapsed run time = 0.7960 s

Elapsed run time = 0.7946 s

Elapsed run time = 0.7985 s

Elapsed run time = 0.7948 s

Elapsed run time = 0.7942 s

Elapsed run time = 0.8007 s

Elapsed run time = 0.7949 s

Elapsed run time = 0.7997 s

Elapsed run time = 0.7993 s

Elapsed run time = 0.7985 s

Elapsed run time = 0.7977 s

Elapsed run time = 0.7978 s

Elapsed run time = 0.7976 s

Elapsed run time = 0.8004 s

Elapsed run time = 0.7985 s

Elapsed run time = 0.7968 s

Elapsed run time = 0.7977 s

Elapsed run time = 0.7993 s

Elapsed run time = 0.7998 s

Elapsed run time = 0.8004 s

Elapsed run time = 0.7960 s

Elapsed run time = 0.7957 s

Elapsed run time = 0.7951 s

Elapsed run time = 0.7977 s

Elapsed run time = 0.7949 s

Elapsed run time = 0.7956 s

Elapsed run time = 0.7971 s

Elapsed run time = 0.7995 s

Elapsed run time = 0.7985 s

Elapsed run time = 0.7964 s

Elapsed run time = 0.7956 s

Elapsed run time = 0.7994 s

Elapsed run time = 0.7995 s

Elapsed run time = 0.7988 s

Elapsed run time = 0.7965 s

Elapsed run time = 0.7965 s

Elapsed run time = 0.7976 s

Elapsed run time = 0.7975 s

Elapsed run time = 0.7974 s
