==================================================
NATURE TASK 1: GRID CONVERGENCE & EDGE ROUNDING
Array Task: 1 / 24 on x1002c6s7b1n1
Start: Wed Sep  9 09:29:53 PM EDT 2026
==================================================

Elapsed run time = 0.2621 s

Elapsed run time = 0.2700 s

Elapsed run time = 0.2823 s

Elapsed run time = 0.2948 s

Elapsed run time = 0.3007 s

Elapsed run time = 0.3040 s

Elapsed run time = 0.3120 s

Elapsed run time = 0.3127 s

Elapsed run time = 0.3145 s

Elapsed run time = 0.3198 s

Elapsed run time = 0.3212 s

Elapsed run time = 0.3258 s

Elapsed run time = 0.3281 s

Elapsed run time = 0.3301 s

Elapsed run time = 0.3324 s

Elapsed run time = 0.3332 s

Elapsed run time = 0.3357 s

Elapsed run time = 0.3361 s

Elapsed run time = 0.3373 s

Elapsed run time = 0.3419 s

Elapsed run time = 0.3448 s

Elapsed run time = 0.3464 s

Elapsed run time = 0.3469 s

Elapsed run time = 0.3487 s

Elapsed run time = 0.3514 s

Elapsed run time = 0.3532 s

Elapsed run time = 0.3569 s

Elapsed run time = 0.3578 s

Elapsed run time = 0.3584 s

Elapsed run time = 0.3622 s

Elapsed run time = 0.3668 s

Elapsed run time = 0.3677 s

Elapsed run time = 0.3695 s

Elapsed run time = 0.3734 s

Elapsed run time = 0.3761 s

Elapsed run time = 0.3776 s

Elapsed run time = 0.3787 s

Elapsed run time = 0.3797 s

Elapsed run time = 0.3836 s

Elapsed run time = 0.3863 s

Elapsed run time = 0.3885 s

Elapsed run time = 0.3909 s

Elapsed run time = 0.3949 s

Elapsed run time = 0.3970 s

Elapsed run time = 0.4023 s

Elapsed run time = 0.4046 s

Elapsed run time = 0.4067 s

Elapsed run time = 0.4133 s

Elapsed run time = 0.4256 s

Elapsed run time = 0.4351 s

Elapsed run time = 0.4393 s

Elapsed run time = 0.4404 s

Elapsed run time = 0.4438 s

Elapsed run time = 0.4445 s

Elapsed run time = 0.4723 s

Elapsed run time = 0.4856 s

Elapsed run time = 1904.6509 s

Elapsed run time = 1918.5646 s

Elapsed run time = 1922.0444 s

Elapsed run time = 1962.1063 s

Elapsed run time = 1973.3255 s

Elapsed run time = 1985.8938 s

Elapsed run time = 1996.7961 s

Elapsed run time = 2008.0842 s
  [BOTH][Rank 0] Done moment 1/1 (task 0): force_integral=+9.346561e-04

Elapsed run time = 6983.3447 s

Elapsed run time = 6989.6140 s

Elapsed run time = 6997.7225 s

Elapsed run time = 7004.9597 s

Elapsed run time = 7005.2606 s

Elapsed run time = 7005.9760 s

Elapsed run time = 7006.7673 s

Elapsed run time = 7012.7521 s

Elapsed run time = 7014.7807 s

Elapsed run time = 7017.1001 s

Elapsed run time = 7018.3698 s

Elapsed run time = 7025.0287 s

Elapsed run time = 7028.0850 s

Elapsed run time = 7028.7998 s

Elapsed run time = 7028.9934 s

Elapsed run time = 7031.1645 s

Elapsed run time = 7032.4623 s
  [SELF][Rank 0] Done moment 1/1 (task 0): force_integral=+8.131992e-04

Elapsed run time = 7036.0590 s

Elapsed run time = 7036.0782 s

Elapsed run time = 7039.0589 s

Elapsed run time = 7039.4141 s

Elapsed run time = 7040.2222 s

Elapsed run time = 7041.3904 s

Elapsed run time = 7041.9763 s

Elapsed run time = 7043.1767 s

Elapsed run time = 7044.0326 s

Elapsed run time = 7044.8159 s

Elapsed run time = 7046.4104 s

Elapsed run time = 7046.8862 s

Elapsed run time = 7047.0470 s

Elapsed run time = 7048.0050 s

Elapsed run time = 7048.3933 s

Elapsed run time = 7051.5339 s

Elapsed run time = 7053.5794 s

Elapsed run time = 7061.6187 s

Elapsed run time = 7062.7688 s

Elapsed run time = 7063.5056 s

Elapsed run time = 7065.0978 s

Elapsed run time = 7068.3949 s

Elapsed run time = 7070.8423 s

Elapsed run time = 7070.8461 s

Elapsed run time = 7070.9769 s

Elapsed run time = 7071.3886 s

Elapsed run time = 7072.0130 s

Elapsed run time = 7077.6656 s

Elapsed run time = 7077.9883 s

Elapsed run time = 7079.0943 s

Elapsed run time = 7079.3187 s

Elapsed run time = 7079.6745 s

Elapsed run time = 7079.9846 s

Elapsed run time = 7080.0333 s

Elapsed run time = 7081.4474 s

Elapsed run time = 7082.9176 s

Elapsed run time = 7083.0075 s

Elapsed run time = 7085.9640 s

Elapsed run time = 7086.6833 s

Elapsed run time = 7087.0267 s

Elapsed run time = 7087.8746 s

Elapsed run time = 7088.4724 s

Elapsed run time = 7088.6070 s

Elapsed run time = 7088.8209 s

Elapsed run time = 7092.8832 s

Elapsed run time = 7093.0079 s
Convergence task complete: Res=40, r_tip=0.0 nm, P=+0.0022 Pa -> Saved to results_nature_validation/conv_res_40_rtip_0.0_ds_30.0_al_75.0_th_90.0.json

Elapsed run time = 7093.7352 s
Completed Task 1 at Wed Sep  9 11:28:36 PM EDT 2026
