/N/u/gogordon/BigRed200/.conda/envs/meep/lib/python3.13/site-packages/meep/simulation.py:6269: RuntimeWarning: quiet has been deprecated; use the Verbosity class instead
  warnings.warn(
/N/u/gogordon/BigRed200/.conda/envs/meep/lib/python3.13/site-packages/meep/simulation.py:6269: RuntimeWarning: quiet has been deprecated; use the Verbosity class instead
  warnings.warn(
/N/u/gogordon/BigRed200/.conda/envs/meep/lib/python3.13/site-packages/meep/simulation.py:6269: RuntimeWarning: quiet has been deprecated; use the Verbosity class instead
  warnings.warn(
/N/u/gogordon/BigRed200/.conda/envs/meep/lib/python3.13/site-packages/meep/simulation.py:6269: RuntimeWarning: quiet has been deprecated; use the Verbosity class instead
  warnings.warn(
/N/u/gogordon/BigRed200/.conda/envs/meep/lib/python3.13/site-packages/meep/simulation.py:6269: RuntimeWarning: quiet has been deprecated; use the Verbosity class instead
  warnings.warn(
/N/u/gogordon/BigRed200/.conda/envs/meep/lib/python3.13/site-packages/meep/simulation.py:6269: RuntimeWarning: quiet has been deprecated; use the Verbosity class instead
  warnings.warn(
/N/u/gogordon/BigRed200/.conda/envs/meep/lib/python3.13/site-packages/meep/simulation.py:6269: RuntimeWarning: quiet has been deprecated; use the Verbosity class instead
  warnings.warn(
/N/u/gogordon/BigRed200/.conda/envs/meep/lib/python3.13/site-packages/meep/simulation.py:6269: RuntimeWarning: quiet has been deprecated; use the Verbosity class instead
  warnings.warn(
/N/u/gogordon/BigRed200/.conda/envs/meep/lib/python3.13/site-packages/meep/simulation.py:6269: RuntimeWarning: quiet has been deprecated; use the Verbosity class instead
  warnings.warn(
/N/u/gogordon/BigRed200/.conda/envs/meep/lib/python3.13/site-packages/meep/simulation.py:6269: RuntimeWarning: quiet has been deprecated; use the Verbosity class instead
  warnings.warn(
/N/u/gogordon/BigRed200/.conda/envs/meep/lib/python3.13/site-packages/meep/simulation.py:6269: RuntimeWarning: quiet has been deprecated; use the Verbosity class instead
  warnings.warn(
/N/u/gogordon/BigRed200/.conda/envs/meep/lib/python3.13/site-packages/meep/simulation.py:6269: RuntimeWarning: quiet has been deprecated; use the Verbosity class instead
  warnings.warn(
/N/u/gogordon/BigRed200/.conda/envs/meep/lib/python3.13/site-packages/meep/simulation.py:6269: RuntimeWarning: quiet has been deprecated; use the Verbosity class instead
  warnings.warn(
/N/u/gogordon/BigRed200/.conda/envs/meep/lib/python3.13/site-packages/meep/simulation.py:6269: RuntimeWarning: quiet has been deprecated; use the Verbosity class instead
  warnings.warn(
/N/u/gogordon/BigRed200/.conda/envs/meep/lib/python3.13/site-packages/meep/simulation.py:6269: RuntimeWarning: quiet has been deprecated; use the Verbosity class instead
  warnings.warn(
/N/u/gogordon/BigRed200/.conda/envs/meep/lib/python3.13/site-packages/meep/simulation.py:6269: RuntimeWarning: quiet has been deprecated; use the Verbosity class instead
  warnings.warn(
/N/u/gogordon/BigRed200/.conda/envs/meep/lib/python3.13/site-packages/meep/simulation.py:6269: RuntimeWarning: quiet has been deprecated; use the Verbosity class instead
  warnings.warn(
/N/u/gogordon/BigRed200/.conda/envs/meep/lib/python3.13/site-packages/meep/simulation.py:6269: RuntimeWarning: quiet has been deprecated; use the Verbosity class instead
  warnings.warn(
/N/u/gogordon/BigRed200/.conda/envs/meep/lib/python3.13/site-packages/meep/simulation.py:6269: RuntimeWarning: quiet has been deprecated; use the Verbosity class instead
  warnings.warn(
/N/u/gogordon/BigRed200/.conda/envs/meep/lib/python3.13/site-packages/meep/simulation.py:6269: RuntimeWarning: quiet has been deprecated; use the Verbosity class instead
  warnings.warn(
/N/u/gogordon/BigRed200/.conda/envs/meep/lib/python3.13/site-packages/meep/simulation.py:6269: RuntimeWarning: quiet has been deprecated; use the Verbosity class instead
  warnings.warn(
/N/u/gogordon/BigRed200/.conda/envs/meep/lib/python3.13/site-packages/meep/simulation.py:6269: RuntimeWarning: quiet has been deprecated; use the Verbosity class instead
  warnings.warn(
/N/u/gogordon/BigRed200/.conda/envs/meep/lib/python3.13/site-packages/meep/simulation.py:6269: RuntimeWarning: quiet has been deprecated; use the Verbosity class instead
  warnings.warn(
/N/u/gogordon/BigRed200/.conda/envs/meep/lib/python3.13/site-packages/meep/simulation.py:6269: RuntimeWarning: quiet has been deprecated; use the Verbosity class instead
  warnings.warn(
/N/u/gogordon/BigRed200/.conda/envs/meep/lib/python3.13/site-packages/meep/simulation.py:6269: RuntimeWarning: quiet has been deprecated; use the Verbosity class instead
  warnings.warn(
/N/u/gogordon/BigRed200/.conda/envs/meep/lib/python3.13/site-packages/meep/simulation.py:6269: RuntimeWarning: quiet has been deprecated; use the Verbosity class instead
  warnings.warn(
/N/u/gogordon/BigRed200/.conda/envs/meep/lib/python3.13/site-packages/meep/simulation.py:6269: RuntimeWarning: quiet has been deprecated; use the Verbosity class instead
  warnings.warn(
/N/u/gogordon/BigRed200/.conda/envs/meep/lib/python3.13/site-packages/meep/simulation.py:6269: RuntimeWarning: quiet has been deprecated; use the Verbosity class instead
  warnings.warn(
/N/u/gogordon/BigRed200/.conda/envs/meep/lib/python3.13/site-packages/meep/simulation.py:6269: RuntimeWarning: quiet has been deprecated; use the Verbosity class instead
  warnings.warn(
/N/u/gogordon/BigRed200/.conda/envs/meep/lib/python3.13/site-packages/meep/simulation.py:6269: RuntimeWarning: quiet has been deprecated; use the Verbosity class instead
  warnings.warn(
/N/u/gogordon/BigRed200/.conda/envs/meep/lib/python3.13/site-packages/meep/simulation.py:6269: RuntimeWarning: quiet has been deprecated; use the Verbosity class instead
  warnings.warn(
/N/u/gogordon/BigRed200/.conda/envs/meep/lib/python3.13/site-packages/meep/simulation.py:6269: RuntimeWarning: quiet has been deprecated; use the Verbosity class instead
  warnings.warn(
/N/u/gogordon/BigRed200/.conda/envs/meep/lib/python3.13/site-packages/meep/simulation.py:6269: RuntimeWarning: quiet has been deprecated; use the Verbosity class instead
  warnings.warn(
/N/u/gogordon/BigRed200/.conda/envs/meep/lib/python3.13/site-packages/meep/simulation.py:6269: RuntimeWarning: quiet has been deprecated; use the Verbosity class instead
  warnings.warn(
/N/u/gogordon/BigRed200/.conda/envs/meep/lib/python3.13/site-packages/meep/simulation.py:6269: RuntimeWarning: quiet has been deprecated; use the Verbosity class instead
  warnings.warn(
/N/u/gogordon/BigRed200/.conda/envs/meep/lib/python3.13/site-packages/meep/simulation.py:6269: RuntimeWarning: quiet has been deprecated; use the Verbosity class instead
  warnings.warn(
/N/u/gogordon/BigRed200/.conda/envs/meep/lib/python3.13/site-packages/meep/simulation.py:6269: RuntimeWarning: quiet has been deprecated; use the Verbosity class instead
  warnings.warn(
/N/u/gogordon/BigRed200/.conda/envs/meep/lib/python3.13/site-packages/meep/simulation.py:6269: RuntimeWarning: quiet has been deprecated; use the Verbosity class instead
  warnings.warn(
/N/u/gogordon/BigRed200/.conda/envs/meep/lib/python3.13/site-packages/meep/simulation.py:6269: RuntimeWarning: quiet has been deprecated; use the Verbosity class instead
  warnings.warn(
/N/u/gogordon/BigRed200/.conda/envs/meep/lib/python3.13/site-packages/meep/simulation.py:6269: RuntimeWarning: quiet has been deprecated; use the Verbosity class instead
  warnings.warn(
/N/u/gogordon/BigRed200/.conda/envs/meep/lib/python3.13/site-packages/meep/simulation.py:6269: RuntimeWarning: quiet has been deprecated; use the Verbosity class instead
  warnings.warn(
/N/u/gogordon/BigRed200/.conda/envs/meep/lib/python3.13/site-packages/meep/simulation.py:6269: RuntimeWarning: quiet has been deprecated; use the Verbosity class instead
  warnings.warn(
/N/u/gogordon/BigRed200/.conda/envs/meep/lib/python3.13/site-packages/meep/simulation.py:6269: RuntimeWarning: quiet has been deprecated; use the Verbosity class instead
  warnings.warn(
/N/u/gogordon/BigRed200/.conda/envs/meep/lib/python3.13/site-packages/meep/simulation.py:6269: RuntimeWarning: quiet has been deprecated; use the Verbosity class instead
  warnings.warn(
/N/u/gogordon/BigRed200/.conda/envs/meep/lib/python3.13/site-packages/meep/simulation.py:6269: RuntimeWarning: quiet has been deprecated; use the Verbosity class instead
  warnings.warn(
/N/u/gogordon/BigRed200/.conda/envs/meep/lib/python3.13/site-packages/meep/simulation.py:6269: RuntimeWarning: quiet has been deprecated; use the Verbosity class instead
  warnings.warn(
/N/u/gogordon/BigRed200/.conda/envs/meep/lib/python3.13/site-packages/meep/simulation.py:6269: RuntimeWarning: quiet has been deprecated; use the Verbosity class instead
  warnings.warn(
/N/u/gogordon/BigRed200/.conda/envs/meep/lib/python3.13/site-packages/meep/simulation.py:6269: RuntimeWarning: quiet has been deprecated; use the Verbosity class instead
  warnings.warn(
/N/u/gogordon/BigRed200/.conda/envs/meep/lib/python3.13/site-packages/meep/simulation.py:6269: RuntimeWarning: quiet has been deprecated; use the Verbosity class instead
  warnings.warn(
/N/u/gogordon/BigRed200/.conda/envs/meep/lib/python3.13/site-packages/meep/simulation.py:6269: RuntimeWarning: quiet has been deprecated; use the Verbosity class instead
  warnings.warn(
/N/u/gogordon/BigRed200/.conda/envs/meep/lib/python3.13/site-packages/meep/simulation.py:6269: RuntimeWarning: quiet has been deprecated; use the Verbosity class instead
  warnings.warn(
/N/u/gogordon/BigRed200/.conda/envs/meep/lib/python3.13/site-packages/meep/simulation.py:6269: RuntimeWarning: quiet has been deprecated; use the Verbosity class instead
  warnings.warn(
/N/u/gogordon/BigRed200/.conda/envs/meep/lib/python3.13/site-packages/meep/simulation.py:6269: RuntimeWarning: quiet has been deprecated; use the Verbosity class instead
  warnings.warn(
/N/u/gogordon/BigRed200/.conda/envs/meep/lib/python3.13/site-packages/meep/simulation.py:6269: RuntimeWarning: quiet has been deprecated; use the Verbosity class instead
  warnings.warn(
/N/u/gogordon/BigRed200/.conda/envs/meep/lib/python3.13/site-packages/meep/simulation.py:6269: RuntimeWarning: quiet has been deprecated; use the Verbosity class instead
  warnings.warn(
/N/u/gogordon/BigRed200/.conda/envs/meep/lib/python3.13/site-packages/meep/simulation.py:6269: RuntimeWarning: quiet has been deprecated; use the Verbosity class instead
  warnings.warn(
/N/u/gogordon/BigRed200/.conda/envs/meep/lib/python3.13/site-packages/meep/simulation.py:6269: RuntimeWarning: quiet has been deprecated; use the Verbosity class instead
  warnings.warn(
/N/u/gogordon/BigRed200/.conda/envs/meep/lib/python3.13/site-packages/meep/simulation.py:6269: RuntimeWarning: quiet has been deprecated; use the Verbosity class instead
  warnings.warn(
/N/u/gogordon/BigRed200/.conda/envs/meep/lib/python3.13/site-packages/meep/simulation.py:6269: RuntimeWarning: quiet has been deprecated; use the Verbosity class instead
  warnings.warn(
/N/u/gogordon/BigRed200/.conda/envs/meep/lib/python3.13/site-packages/meep/simulation.py:6269: RuntimeWarning: quiet has been deprecated; use the Verbosity class instead
  warnings.warn(
/N/u/gogordon/BigRed200/.conda/envs/meep/lib/python3.13/site-packages/meep/simulation.py:6269: RuntimeWarning: quiet has been deprecated; use the Verbosity class instead
  warnings.warn(
/N/u/gogordon/BigRed200/.conda/envs/meep/lib/python3.13/site-packages/meep/simulation.py:6269: RuntimeWarning: quiet has been deprecated; use the Verbosity class instead
  warnings.warn(
/N/u/gogordon/BigRed200/.conda/envs/meep/lib/python3.13/site-packages/meep/simulation.py:6269: RuntimeWarning: quiet has been deprecated; use the Verbosity class instead
  warnings.warn(
/N/u/gogordon/BigRed200/.conda/envs/meep/lib/python3.13/site-packages/meep/simulation.py:6269: RuntimeWarning: quiet has been deprecated; use the Verbosity class instead
  warnings.warn(
/N/u/gogordon/BigRed200/.conda/envs/meep/lib/python3.13/site-packages/meep/simulation.py:6269: RuntimeWarning: quiet has been deprecated; use the Verbosity class instead
  warnings.warn(
/N/u/gogordon/BigRed200/.conda/envs/meep/lib/python3.13/site-packages/meep/simulation.py:6269: RuntimeWarning: quiet has been deprecated; use the Verbosity class instead
  warnings.warn(
/N/u/gogordon/BigRed200/.conda/envs/meep/lib/python3.13/site-packages/meep/simulation.py:6269: RuntimeWarning: quiet has been deprecated; use the Verbosity class instead
  warnings.warn(
/N/u/gogordon/BigRed200/.conda/envs/meep/lib/python3.13/site-packages/meep/simulation.py:6269: RuntimeWarning: quiet has been deprecated; use the Verbosity class instead
  warnings.warn(
/N/u/gogordon/BigRed200/.conda/envs/meep/lib/python3.13/site-packages/meep/simulation.py:6269: RuntimeWarning: quiet has been deprecated; use the Verbosity class instead
  warnings.warn(
/N/u/gogordon/BigRed200/.conda/envs/meep/lib/python3.13/site-packages/meep/simulation.py:6269: RuntimeWarning: quiet has been deprecated; use the Verbosity class instead
  warnings.warn(
/N/u/gogordon/BigRed200/.conda/envs/meep/lib/python3.13/site-packages/meep/simulation.py:6269: RuntimeWarning: quiet has been deprecated; use the Verbosity class instead
  warnings.warn(
/N/u/gogordon/BigRed200/.conda/envs/meep/lib/python3.13/site-packages/meep/simulation.py:6269: RuntimeWarning: quiet has been deprecated; use the Verbosity class instead
  warnings.warn(
/N/u/gogordon/BigRed200/.conda/envs/meep/lib/python3.13/site-packages/meep/simulation.py:6269: RuntimeWarning: quiet has been deprecated; use the Verbosity class instead
  warnings.warn(
/N/u/gogordon/BigRed200/.conda/envs/meep/lib/python3.13/site-packages/meep/simulation.py:6269: RuntimeWarning: quiet has been deprecated; use the Verbosity class instead
  warnings.warn(
/N/u/gogordon/BigRed200/.conda/envs/meep/lib/python3.13/site-packages/meep/simulation.py:6269: RuntimeWarning: quiet has been deprecated; use the Verbosity class instead
  warnings.warn(
/N/u/gogordon/BigRed200/.conda/envs/meep/lib/python3.13/site-packages/meep/simulation.py:6269: RuntimeWarning: quiet has been deprecated; use the Verbosity class instead
  warnings.warn(
/N/u/gogordon/BigRed200/.conda/envs/meep/lib/python3.13/site-packages/meep/simulation.py:6269: RuntimeWarning: quiet has been deprecated; use the Verbosity class instead
  warnings.warn(
/N/u/gogordon/BigRed200/.conda/envs/meep/lib/python3.13/site-packages/meep/simulation.py:6269: RuntimeWarning: quiet has been deprecated; use the Verbosity class instead
  warnings.warn(
/N/u/gogordon/BigRed200/.conda/envs/meep/lib/python3.13/site-packages/meep/simulation.py:6269: RuntimeWarning: quiet has been deprecated; use the Verbosity class instead
  warnings.warn(
/N/u/gogordon/BigRed200/.conda/envs/meep/lib/python3.13/site-packages/meep/simulation.py:6269: RuntimeWarning: quiet has been deprecated; use the Verbosity class instead
  warnings.warn(
/N/u/gogordon/BigRed200/.conda/envs/meep/lib/python3.13/site-packages/meep/simulation.py:6269: RuntimeWarning: quiet has been deprecated; use the Verbosity class instead
  warnings.warn(
/N/u/gogordon/BigRed200/.conda/envs/meep/lib/python3.13/site-packages/meep/simulation.py:6269: RuntimeWarning: quiet has been deprecated; use the Verbosity class instead
  warnings.warn(
/N/u/gogordon/BigRed200/.conda/envs/meep/lib/python3.13/site-packages/meep/simulation.py:6269: RuntimeWarning: quiet has been deprecated; use the Verbosity class instead
  warnings.warn(
/N/u/gogordon/BigRed200/.conda/envs/meep/lib/python3.13/site-packages/meep/simulation.py:6269: RuntimeWarning: quiet has been deprecated; use the Verbosity class instead
  warnings.warn(
/N/u/gogordon/BigRed200/.conda/envs/meep/lib/python3.13/site-packages/meep/simulation.py:6269: RuntimeWarning: quiet has been deprecated; use the Verbosity class instead
  warnings.warn(
/N/u/gogordon/BigRed200/.conda/envs/meep/lib/python3.13/site-packages/meep/simulation.py:6269: RuntimeWarning: quiet has been deprecated; use the Verbosity class instead
  warnings.warn(
/N/u/gogordon/BigRed200/.conda/envs/meep/lib/python3.13/site-packages/meep/simulation.py:6269: RuntimeWarning: quiet has been deprecated; use the Verbosity class instead
  warnings.warn(
/N/u/gogordon/BigRed200/.conda/envs/meep/lib/python3.13/site-packages/meep/simulation.py:6269: RuntimeWarning: quiet has been deprecated; use the Verbosity class instead
  warnings.warn(
/N/u/gogordon/BigRed200/.conda/envs/meep/lib/python3.13/site-packages/meep/simulation.py:6269: RuntimeWarning: quiet has been deprecated; use the Verbosity class instead
  warnings.warn(
/N/u/gogordon/BigRed200/.conda/envs/meep/lib/python3.13/site-packages/meep/simulation.py:6269: RuntimeWarning: quiet has been deprecated; use the Verbosity class instead
  warnings.warn(
/N/u/gogordon/BigRed200/.conda/envs/meep/lib/python3.13/site-packages/meep/simulation.py:6269: RuntimeWarning: quiet has been deprecated; use the Verbosity class instead
  warnings.warn(
/N/u/gogordon/BigRed200/.conda/envs/meep/lib/python3.13/site-packages/meep/simulation.py:6269: RuntimeWarning: quiet has been deprecated; use the Verbosity class instead
  warnings.warn(
/N/u/gogordon/BigRed200/.conda/envs/meep/lib/python3.13/site-packages/meep/simulation.py:6269: RuntimeWarning: quiet has been deprecated; use the Verbosity class instead
  warnings.warn(
/N/u/gogordon/BigRed200/.conda/envs/meep/lib/python3.13/site-packages/meep/simulation.py:6269: RuntimeWarning: quiet has been deprecated; use the Verbosity class instead
  warnings.warn(
/N/u/gogordon/BigRed200/.conda/envs/meep/lib/python3.13/site-packages/meep/simulation.py:6269: RuntimeWarning: quiet has been deprecated; use the Verbosity class instead
  warnings.warn(
/N/u/gogordon/BigRed200/.conda/envs/meep/lib/python3.13/site-packages/meep/simulation.py:6269: RuntimeWarning: quiet has been deprecated; use the Verbosity class instead
  warnings.warn(
/N/u/gogordon/BigRed200/.conda/envs/meep/lib/python3.13/site-packages/meep/simulation.py:6269: RuntimeWarning: quiet has been deprecated; use the Verbosity class instead
  warnings.warn(
/N/u/gogordon/BigRed200/.conda/envs/meep/lib/python3.13/site-packages/meep/simulation.py:6269: RuntimeWarning: quiet has been deprecated; use the Verbosity class instead
  warnings.warn(
/N/u/gogordon/BigRed200/.conda/envs/meep/lib/python3.13/site-packages/meep/simulation.py:6269: RuntimeWarning: quiet has been deprecated; use the Verbosity class instead
  warnings.warn(
/N/u/gogordon/BigRed200/.conda/envs/meep/lib/python3.13/site-packages/meep/simulation.py:6269: RuntimeWarning: quiet has been deprecated; use the Verbosity class instead
  warnings.warn(
/N/u/gogordon/BigRed200/.conda/envs/meep/lib/python3.13/site-packages/meep/simulation.py:6269: RuntimeWarning: quiet has been deprecated; use the Verbosity class instead
  warnings.warn(
/N/u/gogordon/BigRed200/.conda/envs/meep/lib/python3.13/site-packages/meep/simulation.py:6269: RuntimeWarning: quiet has been deprecated; use the Verbosity class instead
  warnings.warn(
/N/u/gogordon/BigRed200/.conda/envs/meep/lib/python3.13/site-packages/meep/simulation.py:6269: RuntimeWarning: quiet has been deprecated; use the Verbosity class instead
  warnings.warn(
/N/u/gogordon/BigRed200/.conda/envs/meep/lib/python3.13/site-packages/meep/simulation.py:6269: RuntimeWarning: quiet has been deprecated; use the Verbosity class instead
  warnings.warn(
/N/u/gogordon/BigRed200/.conda/envs/meep/lib/python3.13/site-packages/meep/simulation.py:6269: RuntimeWarning: quiet has been deprecated; use the Verbosity class instead
  warnings.warn(
/N/u/gogordon/BigRed200/.conda/envs/meep/lib/python3.13/site-packages/meep/simulation.py:6269: RuntimeWarning: quiet has been deprecated; use the Verbosity class instead
  warnings.warn(
/N/u/gogordon/BigRed200/.conda/envs/meep/lib/python3.13/site-packages/meep/simulation.py:6269: RuntimeWarning: quiet has been deprecated; use the Verbosity class instead
  warnings.warn(
/N/u/gogordon/BigRed200/.conda/envs/meep/lib/python3.13/site-packages/meep/simulation.py:6269: RuntimeWarning: quiet has been deprecated; use the Verbosity class instead
  warnings.warn(
/N/u/gogordon/BigRed200/.conda/envs/meep/lib/python3.13/site-packages/meep/simulation.py:6269: RuntimeWarning: quiet has been deprecated; use the Verbosity class instead
  warnings.warn(
/N/u/gogordon/BigRed200/.conda/envs/meep/lib/python3.13/site-packages/meep/simulation.py:6269: RuntimeWarning: quiet has been deprecated; use the Verbosity class instead
  warnings.warn(
/N/u/gogordon/BigRed200/.conda/envs/meep/lib/python3.13/site-packages/meep/simulation.py:6269: RuntimeWarning: quiet has been deprecated; use the Verbosity class instead
  warnings.warn(
/N/u/gogordon/BigRed200/.conda/envs/meep/lib/python3.13/site-packages/meep/simulation.py:6269: RuntimeWarning: quiet has been deprecated; use the Verbosity class instead
  warnings.warn(
/N/u/gogordon/BigRed200/.conda/envs/meep/lib/python3.13/site-packages/meep/simulation.py:6269: RuntimeWarning: quiet has been deprecated; use the Verbosity class instead
  warnings.warn(
/N/u/gogordon/BigRed200/.conda/envs/meep/lib/python3.13/site-packages/meep/simulation.py:6269: RuntimeWarning: quiet has been deprecated; use the Verbosity class instead
  warnings.warn(
/N/u/gogordon/BigRed200/.conda/envs/meep/lib/python3.13/site-packages/meep/simulation.py:6269: RuntimeWarning: quiet has been deprecated; use the Verbosity class instead
  warnings.warn(
/N/u/gogordon/BigRed200/.conda/envs/meep/lib/python3.13/site-packages/meep/simulation.py:6269: RuntimeWarning: quiet has been deprecated; use the Verbosity class instead
  warnings.warn(
/N/u/gogordon/BigRed200/.conda/envs/meep/lib/python3.13/site-packages/meep/simulation.py:6269: RuntimeWarning: quiet has been deprecated; use the Verbosity class instead
  warnings.warn(
/N/u/gogordon/BigRed200/.conda/envs/meep/lib/python3.13/site-packages/meep/simulation.py:6269: RuntimeWarning: quiet has been deprecated; use the Verbosity class instead
  warnings.warn(
/N/u/gogordon/BigRed200/.conda/envs/meep/lib/python3.13/site-packages/meep/simulation.py:6269: RuntimeWarning: quiet has been deprecated; use the Verbosity class instead
  warnings.warn(
/N/u/gogordon/BigRed200/.conda/envs/meep/lib/python3.13/site-packages/meep/simulation.py:6269: RuntimeWarning: quiet has been deprecated; use the Verbosity class instead
  warnings.warn(
/N/u/gogordon/BigRed200/.conda/envs/meep/lib/python3.13/site-packages/meep/simulation.py:6269: RuntimeWarning: quiet has been deprecated; use the Verbosity class instead
  warnings.warn(
/N/u/gogordon/BigRed200/.conda/envs/meep/lib/python3.13/site-packages/meep/simulation.py:6269: RuntimeWarning: quiet has been deprecated; use the Verbosity class instead
  warnings.warn(
/N/u/gogordon/BigRed200/.conda/envs/meep/lib/python3.13/site-packages/meep/simulation.py:6269: RuntimeWarning: quiet has been deprecated; use the Verbosity class instead
  warnings.warn(
/N/u/gogordon/BigRed200/.conda/envs/meep/lib/python3.13/site-packages/meep/simulation.py:6269: RuntimeWarning: quiet has been deprecated; use the Verbosity class instead
  warnings.warn(
/N/u/gogordon/BigRed200/.conda/envs/meep/lib/python3.13/site-packages/meep/simulation.py:6269: RuntimeWarning: quiet has been deprecated; use the Verbosity class instead
  warnings.warn(
/N/u/gogordon/BigRed200/.conda/envs/meep/lib/python3.13/site-packages/meep/simulation.py:6269: RuntimeWarning: quiet has been deprecated; use the Verbosity class instead
  warnings.warn(
/N/u/gogordon/BigRed200/.conda/envs/meep/lib/python3.13/site-packages/meep/simulation.py:6269: RuntimeWarning: quiet has been deprecated; use the Verbosity class instead
  warnings.warn(
/N/u/gogordon/BigRed200/.conda/envs/meep/lib/python3.13/site-packages/meep/simulation.py:6269: RuntimeWarning: quiet has been deprecated; use the Verbosity class instead
  warnings.warn(
slurmstepd: error: *** STEP 8166835.0 ON nid0076 CANCELLED AT 2026-09-08T00:30:15 ***
srun: Job step aborted: Waiting up to 32 seconds for job step to finish.
slurmstepd: error: *** JOB 8166835 ON nid0076 CANCELLED AT 2026-09-08T00:30:15 ***
