==================================================
SLURM ARRAY TASK ID: 135 / 224
Running on node: x1002c2s5b1n0
Start time: Fri Sep 11 06:54:04 AM EDT 2026
==================================================
Reading parameters from sweep_configs_sweet_spot/config_135.json...
Executing 3D FDTD Simulation: Alpha=80.0 deg, Theta=86.0 deg, d=0.1 um, L=2.0 um, Res=40...
Starting simulation: d=0.1 um, N_top=3, N_bottom=3, material=Phosphorene_tuned, resolution=40, nmax=3, theta=86.0, eps_bg=2.1, config=all, stepped_sieve=False, corrugated=True
Parallel configuration: 128 processes running 108 parallel moment partitions.

Elapsed run time = 0.0833 s

Elapsed run time = 0.0841 s

Elapsed run time = 0.0857 s

Elapsed run time = 0.0903 s

Elapsed run time = 0.0911 s

Elapsed run time = 0.0925 s

Elapsed run time = 0.0933 s

Elapsed run time = 0.0947 s

Elapsed run time = 0.0959 s

Elapsed run time = 0.0978 s

Elapsed run time = 0.1067 s

Elapsed run time = 0.1090 s

Elapsed run time = 0.1112 s

Elapsed run time = 0.1117 s

Elapsed run time = 0.1122 s

Elapsed run time = 0.1131 s

Elapsed run time = 0.1136 s

Elapsed run time = 0.1138 s

Elapsed run time = 0.1144 s

Elapsed run time = 0.1149 s

Elapsed run time = 1407.3269 s

Elapsed run time = 1410.2990 s

Elapsed run time = 1442.1851 s

Elapsed run time = 1443.3894 s

Elapsed run time = 2054.2996 s

Elapsed run time = 2056.9618 s

Elapsed run time = 2059.1840 s

Elapsed run time = 2059.4975 s

Elapsed run time = 2069.8547 s

Elapsed run time = 2074.6242 s

Elapsed run time = 2083.6100 s

Elapsed run time = 2088.7902 s
  [BOTH][Rank 0] Done moment 1/1 (task 0): force_integral=-4.535077e-03

Elapsed run time = 4878.3850 s

Elapsed run time = 4882.1813 s

Elapsed run time = 4889.6895 s

Elapsed run time = 4891.8758 s

Elapsed run time = 4898.6758 s

Elapsed run time = 4904.3296 s

Elapsed run time = 4906.1832 s

Elapsed run time = 4909.3831 s

Elapsed run time = 4912.7079 s

Elapsed run time = 4912.9164 s

Elapsed run time = 4913.0392 s

Elapsed run time = 4914.5321 s

Elapsed run time = 4915.0796 s

Elapsed run time = 4915.0894 s

Elapsed run time = 4916.0507 s

Elapsed run time = 4918.4387 s

Elapsed run time = 4919.2210 s

Elapsed run time = 4919.7874 s

Elapsed run time = 4920.6934 s

Elapsed run time = 4921.2365 s

Elapsed run time = 4921.2791 s

Elapsed run time = 4922.0486 s

Elapsed run time = 4922.9399 s

Elapsed run time = 4924.4309 s

Elapsed run time = 4926.3535 s

Elapsed run time = 4926.7325 s

Elapsed run time = 4928.9100 s
  [SELF][Rank 0] Done moment 1/1 (task 0): force_integral=+2.303609e-03

Elapsed run time = 4929.4912 s

Elapsed run time = 4929.8106 s

Elapsed run time = 4929.8443 s

Elapsed run time = 4930.6494 s

Elapsed run time = 4931.3387 s

Elapsed run time = 4931.7206 s

Elapsed run time = 4932.2767 s

Elapsed run time = 4932.3939 s

Elapsed run time = 4933.2819 s

Elapsed run time = 4934.1886 s

Elapsed run time = 4934.4350 s

Elapsed run time = 4934.5530 s

Elapsed run time = 4935.0244 s

Elapsed run time = 4935.7352 s

Elapsed run time = 4935.8175 s

Elapsed run time = 4936.2435 s

Elapsed run time = 4938.6575 s

Elapsed run time = 4940.1834 s

Elapsed run time = 4941.3964 s

Elapsed run time = 4941.5173 s

Elapsed run time = 4942.7153 s

Elapsed run time = 4945.5967 s

Elapsed run time = 4946.6247 s

Elapsed run time = 4946.6703 s

Elapsed run time = 4946.8266 s

Elapsed run time = 4947.1321 s

Elapsed run time = 4947.8565 s

Elapsed run time = 4949.0400 s

Elapsed run time = 4949.0480 s

Elapsed run time = 4951.0755 s

Elapsed run time = 4953.8452 s

Elapsed run time = 4954.2267 s

Elapsed run time = 4954.4897 s

Elapsed run time = 4954.5447 s

Elapsed run time = 4955.3539 s

Elapsed run time = 4955.4666 s

Elapsed run time = 4956.2282 s

Elapsed run time = 4956.5226 s

Elapsed run time = 4956.8867 s

Elapsed run time = 4957.4671 s

Elapsed run time = 4958.0013 s

Elapsed run time = 4959.5942 s

Elapsed run time = 4959.6009 s

Elapsed run time = 4959.7563 s

Elapsed run time = 4959.8572 s

Elapsed run time = 4959.8625 s

Elapsed run time = 4959.9464 s

Elapsed run time = 4960.1291 s

Elapsed run time = 4960.3736 s

Elapsed run time = 4960.5970 s

Elapsed run time = 4961.1144 s

Elapsed run time = 4961.5382 s

Elapsed run time = 4961.9555 s

Elapsed run time = 4962.2091 s

Elapsed run time = 4962.6851 s

Elapsed run time = 4962.7115 s

Elapsed run time = 4963.3130 s

Elapsed run time = 4963.9918 s

Elapsed run time = 4964.5967 s

Elapsed run time = 4964.6652 s

Elapsed run time = 4970.1429 s

Elapsed run time = 4970.8938 s

Elapsed run time = 4972.3317 s

Elapsed run time = 4972.5589 s

Elapsed run time = 4974.7909 s

Elapsed run time = 4976.3382 s

Elapsed run time = 4976.4940 s

Elapsed run time = 4978.4077 s
Simulation complete. Subtracted force: -2.536711e-01. Saved to .tmp/meep_d_0.1000_N_3_corrugated_al_80.0_Nbot_3_Phosphorene_tuned_res_40_theta_86.0_eps_2.1_L_2.00.json

Elapsed run time = 4978.8596 s
Task 135 complete at Fri Sep 11 08:17:31 AM EDT 2026.
