==================================================
SLURM ARRAY TASK ID: 110 / 224
Running on node: x1002c7s4b1n1
Start time: Fri Sep 11 06:16:46 AM EDT 2026
==================================================
Reading parameters from sweep_configs_sweet_spot/config_110.json...
Executing 3D FDTD Simulation: Alpha=75.0 deg, Theta=94.0 deg, d=0.25 um, L=2.0 um, Res=40...
Starting simulation: d=0.25 um, N_top=3, N_bottom=3, material=Phosphorene_tuned, resolution=40, nmax=3, theta=94.0, eps_bg=2.1, config=all, stepped_sieve=False, corrugated=True
Parallel configuration: 128 processes running 108 parallel moment partitions.

Elapsed run time = 0.0969 s

Elapsed run time = 0.0969 s

Elapsed run time = 0.0970 s

Elapsed run time = 0.0969 s

Elapsed run time = 0.0972 s

Elapsed run time = 0.0974 s

Elapsed run time = 0.0973 s

Elapsed run time = 0.0976 s

Elapsed run time = 0.0973 s

Elapsed run time = 0.0972 s

Elapsed run time = 0.0973 s

Elapsed run time = 0.0972 s

Elapsed run time = 0.0976 s

Elapsed run time = 0.0975 s

Elapsed run time = 0.0973 s

Elapsed run time = 0.0977 s

Elapsed run time = 0.0973 s

Elapsed run time = 0.0974 s

Elapsed run time = 0.0973 s

Elapsed run time = 0.0973 s

Elapsed run time = 1493.3827 s

Elapsed run time = 1496.4217 s

Elapsed run time = 1522.1364 s

Elapsed run time = 1524.5338 s

Elapsed run time = 2169.5094 s

Elapsed run time = 2169.6770 s

Elapsed run time = 2178.1012 s

Elapsed run time = 2181.9379 s

Elapsed run time = 2188.7533 s

Elapsed run time = 2200.5829 s

Elapsed run time = 2200.6209 s

Elapsed run time = 2201.4413 s
  [BOTH][Rank 0] Done moment 1/1 (task 0): force_integral=-2.041314e-03

Elapsed run time = 5134.5332 s

Elapsed run time = 5157.4270 s

Elapsed run time = 5169.9091 s

Elapsed run time = 5179.3273 s

Elapsed run time = 5180.8060 s

Elapsed run time = 5181.4956 s

Elapsed run time = 5182.8796 s

Elapsed run time = 5184.1673 s

Elapsed run time = 5186.7173 s

Elapsed run time = 5187.0850 s

Elapsed run time = 5189.8742 s

Elapsed run time = 5191.0293 s

Elapsed run time = 5191.3416 s

Elapsed run time = 5192.9343 s

Elapsed run time = 5196.4431 s

Elapsed run time = 5196.8720 s

Elapsed run time = 5197.7877 s

Elapsed run time = 5198.3823 s

Elapsed run time = 5199.2005 s

Elapsed run time = 5199.8964 s

Elapsed run time = 5199.9997 s

Elapsed run time = 5200.1127 s

Elapsed run time = 5200.3271 s

Elapsed run time = 5201.0549 s

Elapsed run time = 5201.5878 s

Elapsed run time = 5201.7270 s

Elapsed run time = 5208.4482 s

Elapsed run time = 5208.8574 s

Elapsed run time = 5210.9534 s

Elapsed run time = 5211.3452 s

Elapsed run time = 5211.5445 s

Elapsed run time = 5211.6611 s

Elapsed run time = 5211.6829 s

Elapsed run time = 5213.5915 s

Elapsed run time = 5214.2070 s
  [SELF][Rank 0] Done moment 1/1 (task 0): force_integral=-9.910856e-05

Elapsed run time = 5216.2846 s

Elapsed run time = 5216.7616 s

Elapsed run time = 5217.3413 s

Elapsed run time = 5218.8130 s

Elapsed run time = 5218.9183 s

Elapsed run time = 5219.5376 s

Elapsed run time = 5221.6783 s

Elapsed run time = 5221.8593 s

Elapsed run time = 5222.1774 s

Elapsed run time = 5222.6842 s

Elapsed run time = 5223.1463 s

Elapsed run time = 5224.0163 s

Elapsed run time = 5224.2111 s

Elapsed run time = 5224.8926 s

Elapsed run time = 5228.3289 s

Elapsed run time = 5230.1874 s

Elapsed run time = 5230.7185 s

Elapsed run time = 5231.5091 s

Elapsed run time = 5232.3934 s

Elapsed run time = 5232.8793 s

Elapsed run time = 5233.2376 s

Elapsed run time = 5233.3611 s

Elapsed run time = 5233.6414 s

Elapsed run time = 5235.4048 s

Elapsed run time = 5236.6169 s

Elapsed run time = 5236.6436 s

Elapsed run time = 5237.2350 s

Elapsed run time = 5237.6446 s

Elapsed run time = 5238.5237 s

Elapsed run time = 5239.8454 s

Elapsed run time = 5240.0844 s

Elapsed run time = 5240.1967 s

Elapsed run time = 5240.9804 s

Elapsed run time = 5240.9985 s

Elapsed run time = 5241.9377 s

Elapsed run time = 5244.6306 s

Elapsed run time = 5244.7250 s

Elapsed run time = 5245.1854 s

Elapsed run time = 5245.8227 s

Elapsed run time = 5245.9054 s

Elapsed run time = 5246.2284 s

Elapsed run time = 5246.3603 s

Elapsed run time = 5246.5368 s

Elapsed run time = 5246.6667 s

Elapsed run time = 5246.7909 s

Elapsed run time = 5246.9009 s

Elapsed run time = 5247.3286 s

Elapsed run time = 5248.1282 s

Elapsed run time = 5248.9039 s

Elapsed run time = 5249.1096 s

Elapsed run time = 5250.0069 s

Elapsed run time = 5250.6832 s

Elapsed run time = 5251.3933 s

Elapsed run time = 5253.2362 s

Elapsed run time = 5253.6359 s

Elapsed run time = 5254.7304 s

Elapsed run time = 5255.0531 s

Elapsed run time = 5256.6919 s

Elapsed run time = 5258.0234 s

Elapsed run time = 5258.5222 s
Simulation complete. Subtracted force: -7.364204e-02. Saved to .tmp/meep_d_0.2500_N_3_corrugated_al_75.0_Nbot_3_Phosphorene_tuned_res_40_theta_94.0_eps_2.1_L_2.00.json

Elapsed run time = 5258.9456 s
Task 110 complete at Fri Sep 11 07:44:31 AM EDT 2026.
