==================================================
SLURM ARRAY TASK ID: 153 / 224
Running on node: x1001c2s2b0n1
Start time: Thu Sep 10 08:17:57 PM EDT 2026
==================================================
Reading parameters from sweep_configs_sweet_spot/config_153.json...
Executing 3D FDTD Simulation: Alpha=80.0 deg, Theta=90.0 deg, d=0.3 um, L=2.0 um, Res=40...
Starting simulation: d=0.3 um, N_top=3, N_bottom=3, material=Phosphorene_tuned, resolution=40, nmax=3, theta=90.0, eps_bg=2.1, config=all, stepped_sieve=False, corrugated=True
Parallel configuration: 128 processes running 108 parallel moment partitions.
Task already complete! Found cached result in .tmp/meep_d_0.3000_N_3_corrugated_Nbot_3_Phosphorene_tuned_res_40_theta_90.0_eps_2.1_L_2.00.json (F_sub=-3.942004e-02). Skipping.

Elapsed run time = 0.0099 s

Elapsed run time = 0.0332 s

Elapsed run time = 0.0338 s

Elapsed run time = 0.0347 s

Elapsed run time = 0.0200 s

Elapsed run time = 0.0048 s

Elapsed run time = 0.0239 s

Elapsed run time = 0.0186 s

Elapsed run time = 0.0241 s

Elapsed run time = 0.0347 s

Elapsed run time = 0.0343 s

Elapsed run time = 0.0250 s

Elapsed run time = 0.0347 s

Elapsed run time = 0.0337 s

Elapsed run time = 0.0339 s

Elapsed run time = 0.0229 s

Elapsed run time = 0.0162 s

Elapsed run time = 0.0227 s

Elapsed run time = 0.0231 s

Elapsed run time = 0.0239 s

Elapsed run time = 0.0127 s

Elapsed run time = 0.0116 s

Elapsed run time = 0.0044 s

Elapsed run time = 0.0071 s

Elapsed run time = 0.0071 s

Elapsed run time = 0.0267 s

Elapsed run time = 0.0252 s

Elapsed run time = 0.0266 s

Elapsed run time = 0.0270 s

Elapsed run time = 0.0278 s

Elapsed run time = 0.0278 s

Elapsed run time = 0.0074 s

Elapsed run time = 0.0280 s

Elapsed run time = 0.0341 s

Elapsed run time = 0.0331 s

Elapsed run time = 0.0049 s

Elapsed run time = 0.0089 s

Elapsed run time = 0.0158 s

Elapsed run time = 0.0148 s

Elapsed run time = 0.0193 s

Elapsed run time = 0.0122 s

Elapsed run time = 0.0189 s

Elapsed run time = 0.0122 s

Elapsed run time = 0.0169 s

Elapsed run time = 0.0139 s

Elapsed run time = 0.0140 s

Elapsed run time = 0.0139 s

Elapsed run time = 0.0139 s

Elapsed run time = 0.0134 s

Elapsed run time = 0.0118 s

Elapsed run time = 0.0206 s

Elapsed run time = 0.0077 s

Elapsed run time = 0.0154 s

Elapsed run time = 0.0039 s

Elapsed run time = 0.0054 s

Elapsed run time = 0.0365 s

Elapsed run time = 0.0048 s

Elapsed run time = 0.0047 s

Elapsed run time = 0.0148 s

Elapsed run time = 0.0148 s

Elapsed run time = 0.0105 s

Elapsed run time = 0.0107 s

Elapsed run time = 0.0150 s

Elapsed run time = 0.0153 s

Elapsed run time = 0.0040 s

Elapsed run time = 0.0168 s

Elapsed run time = 0.0092 s

Elapsed run time = 0.0112 s

Elapsed run time = 0.0117 s

Elapsed run time = 0.0046 s

Elapsed run time = 0.0044 s

Elapsed run time = 0.0048 s

Elapsed run time = 0.0040 s

Elapsed run time = 0.0050 s

Elapsed run time = 0.0044 s

Elapsed run time = 0.0048 s

Elapsed run time = 0.0048 s

Elapsed run time = 0.0049 s

Elapsed run time = 0.0054 s

Elapsed run time = 0.0054 s

Elapsed run time = 0.0055 s

Elapsed run time = 0.0044 s

Elapsed run time = 0.0041 s

Elapsed run time = 0.0058 s

Elapsed run time = 0.0051 s

Elapsed run time = 0.0042 s

Elapsed run time = 0.0049 s

Elapsed run time = 0.0048 s

Elapsed run time = 0.0045 s

Elapsed run time = 0.0046 s

Elapsed run time = 0.0059 s

Elapsed run time = 0.0054 s

Elapsed run time = 0.0054 s

Elapsed run time = 0.0053 s

Elapsed run time = 0.0051 s

Elapsed run time = 0.0059 s

Elapsed run time = 0.0048 s

Elapsed run time = 0.0045 s

Elapsed run time = 0.0049 s

Elapsed run time = 0.0047 s

Elapsed run time = 0.0062 s

Elapsed run time = 0.0051 s

Elapsed run time = 0.0047 s

Elapsed run time = 0.0054 s

Elapsed run time = 0.0047 s

Elapsed run time = 0.0048 s

Elapsed run time = 0.0052 s

Elapsed run time = 0.0045 s

Elapsed run time = 0.0057 s

Elapsed run time = 0.0060 s

Elapsed run time = 0.0045 s

Elapsed run time = 0.0048 s

Elapsed run time = 0.0053 s

Elapsed run time = 0.0051 s

Elapsed run time = 0.0059 s

Elapsed run time = 0.0056 s

Elapsed run time = 0.0055 s

Elapsed run time = 0.0055 s

Elapsed run time = 0.0050 s

Elapsed run time = 0.0044 s

Elapsed run time = 0.0048 s

Elapsed run time = 0.0051 s

Elapsed run time = 0.0048 s

Elapsed run time = 0.0057 s

Elapsed run time = 0.0046 s

Elapsed run time = 0.0047 s

Elapsed run time = 0.0059 s

Elapsed run time = 0.0054 s
Task 153 complete at Thu Sep 10 08:18:02 PM EDT 2026.
