==================================================
SLURM ARRAY TASK ID: 1 / 224
Running on node: x1001c5s2b0n1
Start time: Wed Sep  9 07:54:32 PM EDT 2026
==================================================
Reading parameters from sweep_configs_sweet_spot/config_001.json...
Executing 3D FDTD Simulation: Alpha=70.0 deg, Theta=80.0 deg, d=0.05 um, L=2.0 um, Res=40...

Elapsed run time = 0.0214 s

Elapsed run time = 0.0217 s

Elapsed run time = 0.0210 s

Elapsed run time = 0.0198 s

Elapsed run time = 0.0213 s

Elapsed run time = 0.0217 s

Elapsed run time = 0.0211 s

Elapsed run time = 0.0232 s

Elapsed run time = 0.0246 s

Elapsed run time = 0.0244 s

Elapsed run time = 0.0258 s

Elapsed run time = 0.0228 s

Elapsed run time = 0.0264 s

Elapsed run time = 0.0260 s

Elapsed run time = 0.0249 s

Elapsed run time = 0.0276 s

Elapsed run time = 0.0258 s

Elapsed run time = 0.0282 s

Elapsed run time = 0.0262 s

Elapsed run time = 0.0251 s

Elapsed run time = 1446.2544 s

Elapsed run time = 1454.1967 s

Elapsed run time = 1479.3381 s

Elapsed run time = 1481.4925 s

Elapsed run time = 2111.6329 s

Elapsed run time = 2112.9759 s

Elapsed run time = 2117.5149 s

Elapsed run time = 2117.7593 s

Elapsed run time = 2128.0807 s

Elapsed run time = 2134.3226 s

Elapsed run time = 2138.9668 s

Elapsed run time = 2144.6362 s
Starting simulation: d=0.05 um, N_top=3, N_bottom=3, material=Phosphorene_tuned, resolution=40, nmax=3, theta=80.0, eps_bg=2.1, config=all, stepped_sieve=False, corrugated=True
Parallel configuration: 128 processes running 108 parallel moment partitions.
  [BOTH][Rank 0] Done moment 1/1 (task 0): force_integral=-1.668404e-02

Elapsed run time = 4973.4431 s

Elapsed run time = 4990.2343 s

Elapsed run time = 5000.0447 s

Elapsed run time = 5004.1087 s

Elapsed run time = 5005.1970 s

Elapsed run time = 5006.6343 s

Elapsed run time = 5007.8290 s

Elapsed run time = 5008.2974 s

Elapsed run time = 5009.8129 s

Elapsed run time = 5012.9907 s

Elapsed run time = 5013.6912 s

Elapsed run time = 5015.2264 s

Elapsed run time = 5016.0938 s

Elapsed run time = 5017.0659 s

Elapsed run time = 5020.0984 s

Elapsed run time = 5020.3920 s

Elapsed run time = 5022.9968 s

Elapsed run time = 5023.0378 s

Elapsed run time = 5024.0092 s

Elapsed run time = 5025.3075 s

Elapsed run time = 5026.7969 s

Elapsed run time = 5027.9109 s

Elapsed run time = 5028.8802 s

Elapsed run time = 5031.1963 s

Elapsed run time = 5032.0473 s

Elapsed run time = 5032.0969 s

Elapsed run time = 5032.5242 s

Elapsed run time = 5032.6849 s

Elapsed run time = 5033.1587 s

Elapsed run time = 5033.5978 s

Elapsed run time = 5033.6165 s

Elapsed run time = 5034.9549 s

Elapsed run time = 5035.1682 s

Elapsed run time = 5035.3295 s

Elapsed run time = 5036.6431 s

Elapsed run time = 5038.6045 s

Elapsed run time = 5038.7905 s

Elapsed run time = 5038.8075 s
  [SELF][Rank 0] Done moment 1/1 (task 0): force_integral=-3.517787e-03

Elapsed run time = 5040.1937 s

Elapsed run time = 5041.2409 s

Elapsed run time = 5041.3122 s

Elapsed run time = 5041.7523 s

Elapsed run time = 5042.3140 s

Elapsed run time = 5042.3615 s

Elapsed run time = 5042.9587 s

Elapsed run time = 5045.0315 s

Elapsed run time = 5045.8509 s

Elapsed run time = 5045.9197 s

Elapsed run time = 5046.0833 s

Elapsed run time = 5047.0245 s

Elapsed run time = 5048.2417 s

Elapsed run time = 5048.4506 s

Elapsed run time = 5048.5996 s

Elapsed run time = 5051.0779 s

Elapsed run time = 5052.8397 s

Elapsed run time = 5053.7636 s

Elapsed run time = 5053.8688 s

Elapsed run time = 5054.4389 s

Elapsed run time = 5054.8788 s

Elapsed run time = 5057.6886 s

Elapsed run time = 5058.3479 s

Elapsed run time = 5059.4687 s

Elapsed run time = 5059.9045 s

Elapsed run time = 5060.0325 s

Elapsed run time = 5061.1515 s

Elapsed run time = 5061.8618 s

Elapsed run time = 5063.1728 s

Elapsed run time = 5063.9082 s

Elapsed run time = 5064.5209 s

Elapsed run time = 5065.0870 s

Elapsed run time = 5065.5863 s

Elapsed run time = 5066.1710 s

Elapsed run time = 5066.4558 s

Elapsed run time = 5066.8371 s

Elapsed run time = 5066.8883 s

Elapsed run time = 5067.0477 s

Elapsed run time = 5067.0933 s

Elapsed run time = 5067.1099 s

Elapsed run time = 5069.3149 s

Elapsed run time = 5069.6072 s

Elapsed run time = 5069.6210 s

Elapsed run time = 5069.7260 s

Elapsed run time = 5069.8541 s

Elapsed run time = 5070.4891 s

Elapsed run time = 5070.8540 s

Elapsed run time = 5070.9528 s

Elapsed run time = 5071.2277 s

Elapsed run time = 5071.2494 s

Elapsed run time = 5071.3965 s

Elapsed run time = 5079.3074 s

Elapsed run time = 5079.7661 s

Elapsed run time = 5080.8543 s

Elapsed run time = 5082.2030 s

Elapsed run time = 5082.3277 s

Elapsed run time = 5083.5538 s
Simulation complete. Subtracted force: -4.499228e+01. Saved to .tmp/meep_d_0.0500_N_3_corrugated_Nbot_3_Phosphorene_tuned_res_40_theta_80.0_eps_2.1_L_2.00.json

Elapsed run time = 5084.1693 s
Task 1 complete at Wed Sep  9 09:19:26 PM EDT 2026.
