==================================================
SLURM ARRAY TASK ID: 224 / 224
Running on node: x1001c2s2b0n1
Start time: Thu Sep 10 08:19:27 PM EDT 2026
==================================================
Reading parameters from sweep_configs_sweet_spot/config_224.json...
Executing 3D FDTD Simulation: Alpha=85.0 deg, Theta=94.0 deg, d=0.35 um, L=2.0 um, Res=40...

Elapsed run time = 0.0061 s

Elapsed run time = 0.0060 s

Elapsed run time = 0.0055 s

Elapsed run time = 0.0044 s

Elapsed run time = 0.0046 s

Elapsed run time = 0.0049 s

Elapsed run time = 0.0045 s

Elapsed run time = 0.0046 s

Elapsed run time = 0.0050 s

Elapsed run time = 0.0046 s

Elapsed run time = 0.0046 s

Elapsed run time = 0.0049 s

Elapsed run time = 0.0046 s

Elapsed run time = 0.0047 s

Elapsed run time = 0.0045 s

Elapsed run time = 0.0054 s

Elapsed run time = 0.0054 s

Elapsed run time = 0.0052 s

Elapsed run time = 0.0044 s

Elapsed run time = 0.0044 s

Elapsed run time = 1549.2820 s

Elapsed run time = 1549.3613 s

Elapsed run time = 1578.9507 s

Elapsed run time = 1581.0016 s

Elapsed run time = 2208.1900 s

Elapsed run time = 2249.2657 s

Elapsed run time = 2256.6415 s

Elapsed run time = 2256.9406 s

Elapsed run time = 2273.9855 s

Elapsed run time = 2275.4063 s

Elapsed run time = 2278.2839 s

Elapsed run time = 2288.4937 s
Starting simulation: d=0.35 um, N_top=3, N_bottom=3, material=Phosphorene_tuned, resolution=40, nmax=3, theta=94.0, eps_bg=2.1, config=all, stepped_sieve=False, corrugated=True
Parallel configuration: 128 processes running 108 parallel moment partitions.
  [BOTH][Rank 0] Done moment 1/1 (task 0): force_integral=-3.273543e-03

Elapsed run time = 5359.4548 s

Elapsed run time = 5364.2258 s

Elapsed run time = 5364.8042 s

Elapsed run time = 5368.3011 s

Elapsed run time = 5373.6589 s

Elapsed run time = 5374.5936 s

Elapsed run time = 5376.6820 s

Elapsed run time = 5377.9519 s

Elapsed run time = 5378.2916 s

Elapsed run time = 5379.1063 s

Elapsed run time = 5382.0135 s

Elapsed run time = 5384.3442 s

Elapsed run time = 5388.5741 s

Elapsed run time = 5389.1471 s

Elapsed run time = 5389.2055 s

Elapsed run time = 5390.3388 s

Elapsed run time = 5390.9546 s

Elapsed run time = 5391.3215 s

Elapsed run time = 5391.6725 s

Elapsed run time = 5392.8651 s

Elapsed run time = 5395.7800 s

Elapsed run time = 5396.1012 s

Elapsed run time = 5396.8670 s

Elapsed run time = 5397.5184 s

Elapsed run time = 5397.8350 s

Elapsed run time = 5397.9711 s

Elapsed run time = 5399.0150 s

Elapsed run time = 5399.1226 s

Elapsed run time = 5399.9966 s

Elapsed run time = 5400.1397 s

Elapsed run time = 5401.0365 s

Elapsed run time = 5401.0886 s

Elapsed run time = 5404.2627 s

Elapsed run time = 5406.2689 s

Elapsed run time = 5407.6564 s

Elapsed run time = 5407.8273 s

Elapsed run time = 5409.0386 s

Elapsed run time = 5409.5484 s

Elapsed run time = 5409.7212 s

Elapsed run time = 5410.3277 s

Elapsed run time = 5410.4131 s
  [SELF][Rank 0] Done moment 1/1 (task 0): force_integral=-2.471243e-03

Elapsed run time = 5410.7185 s

Elapsed run time = 5410.8614 s

Elapsed run time = 5411.3179 s

Elapsed run time = 5411.9055 s

Elapsed run time = 5414.3843 s

Elapsed run time = 5414.4147 s

Elapsed run time = 5414.8357 s

Elapsed run time = 5415.1561 s

Elapsed run time = 5415.7158 s

Elapsed run time = 5416.6337 s

Elapsed run time = 5419.1699 s

Elapsed run time = 5420.6362 s

Elapsed run time = 5421.3767 s

Elapsed run time = 5423.5425 s

Elapsed run time = 5423.6733 s

Elapsed run time = 5424.1621 s

Elapsed run time = 5425.0002 s

Elapsed run time = 5425.9900 s

Elapsed run time = 5426.9234 s

Elapsed run time = 5427.2537 s

Elapsed run time = 5427.9912 s

Elapsed run time = 5428.2264 s

Elapsed run time = 5428.3193 s

Elapsed run time = 5428.4724 s

Elapsed run time = 5429.2855 s

Elapsed run time = 5430.9695 s

Elapsed run time = 5432.8218 s

Elapsed run time = 5433.0102 s

Elapsed run time = 5433.1736 s

Elapsed run time = 5433.2427 s

Elapsed run time = 5436.6195 s

Elapsed run time = 5437.8305 s

Elapsed run time = 5437.8821 s

Elapsed run time = 5438.5825 s

Elapsed run time = 5438.9406 s

Elapsed run time = 5439.5867 s

Elapsed run time = 5440.1941 s

Elapsed run time = 5440.8024 s

Elapsed run time = 5440.9480 s

Elapsed run time = 5441.5671 s

Elapsed run time = 5441.8417 s

Elapsed run time = 5441.9651 s

Elapsed run time = 5442.0391 s

Elapsed run time = 5442.9122 s

Elapsed run time = 5443.4543 s

Elapsed run time = 5446.0636 s

Elapsed run time = 5446.2129 s

Elapsed run time = 5447.5597 s

Elapsed run time = 5447.6874 s

Elapsed run time = 5448.4610 s

Elapsed run time = 5449.2718 s

Elapsed run time = 5450.1229 s

Elapsed run time = 5450.5768 s

Elapsed run time = 5452.0576 s
Simulation complete. Subtracted force: -1.901828e-02. Saved to .tmp/meep_d_0.3500_N_3_corrugated_Nbot_3_Phosphorene_tuned_res_40_theta_94.0_eps_2.1_L_2.00.json

Elapsed run time = 5452.9264 s
Task 224 complete at Thu Sep 10 09:50:24 PM EDT 2026.
