==================================================
SLURM ARRAY TASK ID: 145 / 224
Running on node: x1000c5s7b1n0
Start time: Thu Sep 10 08:17:46 PM EDT 2026
==================================================
Reading parameters from sweep_configs_sweet_spot/config_145.json...
Executing 3D FDTD Simulation: Alpha=80.0 deg, Theta=88.0 deg, d=0.25 um, L=2.0 um, Res=40...

Elapsed run time = 0.1035 s

Elapsed run time = 0.0730 s

Elapsed run time = 0.0734 s

Elapsed run time = 0.1119 s

Elapsed run time = 0.1040 s

Elapsed run time = 0.1121 s

Elapsed run time = 0.1064 s

Elapsed run time = 0.0718 s

Elapsed run time = 0.0701 s

Elapsed run time = 0.0722 s

Elapsed run time = 0.0725 s

Elapsed run time = 0.0698 s

Elapsed run time = 0.0698 s

Elapsed run time = 0.0699 s

Elapsed run time = 0.1121 s

Elapsed run time = 0.0591 s

Elapsed run time = 0.0733 s

Elapsed run time = 0.0661 s

Elapsed run time = 0.0662 s

Elapsed run time = 0.0663 s

Elapsed run time = 0.0687 s

Elapsed run time = 0.0686 s

Elapsed run time = 0.0688 s

Elapsed run time = 0.0687 s

Elapsed run time = 0.0817 s

Elapsed run time = 0.0840 s

Elapsed run time = 0.0663 s

Elapsed run time = 0.0913 s

Elapsed run time = 0.0761 s

Elapsed run time = 0.0706 s

Elapsed run time = 0.0690 s

Elapsed run time = 0.0762 s

Elapsed run time = 0.0181 s

Elapsed run time = 0.0701 s

Elapsed run time = 0.0692 s

Elapsed run time = 0.0696 s

Elapsed run time = 0.0636 s

Elapsed run time = 0.0678 s

Elapsed run time = 0.0522 s

Elapsed run time = 0.0803 s

Elapsed run time = 0.0566 s

Elapsed run time = 0.0812 s

Elapsed run time = 0.0507 s

Elapsed run time = 0.0803 s
Starting simulation: d=0.25 um, N_top=3, N_bottom=3, material=Phosphorene_tuned, resolution=40, nmax=3, theta=88.0, eps_bg=2.1, config=all, stepped_sieve=False, corrugated=True
Parallel configuration: 128 processes running 108 parallel moment partitions.
Task already complete! Found cached result in .tmp/meep_d_0.2500_N_3_corrugated_Nbot_3_Phosphorene_tuned_res_40_theta_88.0_eps_2.1_L_2.00.json (F_sub=-7.105963e-02). Skipping.

Elapsed run time = 0.0365 s

Elapsed run time = 0.1045 s

Elapsed run time = 0.0663 s

Elapsed run time = 0.0670 s

Elapsed run time = 0.1045 s

Elapsed run time = 0.0534 s

Elapsed run time = 0.0863 s

Elapsed run time = 0.0864 s

Elapsed run time = 0.1126 s

Elapsed run time = 0.0843 s

Elapsed run time = 0.0416 s

Elapsed run time = 0.0368 s

Elapsed run time = 0.0558 s

Elapsed run time = 0.0390 s

Elapsed run time = 0.0478 s

Elapsed run time = 0.0380 s

Elapsed run time = 0.0476 s

Elapsed run time = 0.0466 s

Elapsed run time = 0.0664 s

Elapsed run time = 0.0454 s

Elapsed run time = 0.0391 s

Elapsed run time = 0.0591 s

Elapsed run time = 0.0591 s

Elapsed run time = 0.0433 s

Elapsed run time = 0.0812 s

Elapsed run time = 0.0399 s

Elapsed run time = 0.0171 s

Elapsed run time = 0.0278 s

Elapsed run time = 0.0369 s

Elapsed run time = 0.0343 s

Elapsed run time = 0.0208 s

Elapsed run time = 0.0843 s

Elapsed run time = 0.0331 s

Elapsed run time = 0.0846 s

Elapsed run time = 0.0277 s

Elapsed run time = 0.0306 s

Elapsed run time = 0.0767 s

Elapsed run time = 0.0399 s

Elapsed run time = 0.0402 s

Elapsed run time = 0.0768 s

Elapsed run time = 0.0303 s

Elapsed run time = 0.0883 s

Elapsed run time = 0.0377 s

Elapsed run time = 0.0185 s

Elapsed run time = 0.0912 s

Elapsed run time = 0.0140 s

Elapsed run time = 0.0890 s

Elapsed run time = 0.0183 s

Elapsed run time = 0.0940 s

Elapsed run time = 0.0187 s

Elapsed run time = 0.0938 s

Elapsed run time = 0.0290 s

Elapsed run time = 0.0936 s

Elapsed run time = 0.0177 s

Elapsed run time = 0.0937 s

Elapsed run time = 0.0277 s

Elapsed run time = 0.0077 s

Elapsed run time = 0.0166 s

Elapsed run time = 0.0513 s

Elapsed run time = 0.0433 s

Elapsed run time = 0.0477 s

Elapsed run time = 0.0508 s

Elapsed run time = 0.0764 s

Elapsed run time = 0.0509 s

Elapsed run time = 0.0765 s

Elapsed run time = 0.0430 s

Elapsed run time = 0.0458 s

Elapsed run time = 0.0416 s

Elapsed run time = 0.0926 s

Elapsed run time = 0.0411 s

Elapsed run time = 0.0925 s

Elapsed run time = 0.0415 s

Elapsed run time = 0.0410 s

Elapsed run time = 0.0927 s

Elapsed run time = 0.0404 s

Elapsed run time = 0.0916 s

Elapsed run time = 0.0462 s

Elapsed run time = 0.0934 s

Elapsed run time = 0.0461 s

Elapsed run time = 0.0933 s

Elapsed run time = 0.0460 s

Elapsed run time = 0.0928 s

Elapsed run time = 0.0568 s

Elapsed run time = 0.0048 s
Task 145 complete at Thu Sep 10 08:17:51 PM EDT 2026.
