==================================================
SLURM ARRAY TASK ID: 198 / 224
Running on node: x1000c6s2b0n0
Start time: Fri Sep 11 10:34:03 AM EDT 2026
==================================================
Reading parameters from sweep_configs_sweet_spot/config_198.json...
Executing 3D FDTD Simulation: Alpha=85.0 deg, Theta=88.0 deg, d=0.1 um, L=2.0 um, Res=40...
Starting simulation: d=0.1 um, N_top=3, N_bottom=3, material=Phosphorene_tuned, resolution=40, nmax=3, theta=88.0, eps_bg=2.1, config=all, stepped_sieve=False, corrugated=True
Parallel configuration: 128 processes running 108 parallel moment partitions.

Elapsed run time = 0.1342 s

Elapsed run time = 0.1342 s

Elapsed run time = 0.1343 s

Elapsed run time = 0.1335 s

Elapsed run time = 0.1336 s

Elapsed run time = 0.1336 s

Elapsed run time = 0.1332 s

Elapsed run time = 0.1340 s

Elapsed run time = 0.1333 s

Elapsed run time = 0.1335 s

Elapsed run time = 0.1342 s

Elapsed run time = 0.1345 s

Elapsed run time = 0.1340 s

Elapsed run time = 0.1345 s

Elapsed run time = 0.1336 s

Elapsed run time = 0.1339 s

Elapsed run time = 0.1337 s

Elapsed run time = 0.1345 s

Elapsed run time = 0.1338 s

Elapsed run time = 0.1335 s

Elapsed run time = 1404.8028 s

Elapsed run time = 1409.5624 s

Elapsed run time = 1435.9848 s

Elapsed run time = 1439.6582 s

Elapsed run time = 2039.5329 s

Elapsed run time = 2040.4981 s

Elapsed run time = 2051.7808 s

Elapsed run time = 2051.8724 s

Elapsed run time = 2061.1157 s

Elapsed run time = 2065.9264 s

Elapsed run time = 2074.7750 s

Elapsed run time = 2078.0563 s
  [BOTH][Rank 0] Done moment 1/1 (task 0): force_integral=-8.717793e-03

Elapsed run time = 4873.3383 s

Elapsed run time = 4878.0644 s

Elapsed run time = 4882.2735 s

Elapsed run time = 4894.8625 s

Elapsed run time = 4894.8659 s

Elapsed run time = 4896.6295 s

Elapsed run time = 4898.5678 s

Elapsed run time = 4903.7100 s

Elapsed run time = 4909.1428 s

Elapsed run time = 4910.0020 s

Elapsed run time = 4911.3042 s

Elapsed run time = 4912.1745 s

Elapsed run time = 4913.4348 s

Elapsed run time = 4913.8410 s

Elapsed run time = 4914.3937 s

Elapsed run time = 4914.6766 s

Elapsed run time = 4915.9248 s

Elapsed run time = 4916.2614 s

Elapsed run time = 4917.3746 s

Elapsed run time = 4918.0645 s

Elapsed run time = 4919.1279 s

Elapsed run time = 4919.3354 s

Elapsed run time = 4919.5226 s

Elapsed run time = 4920.4666 s

Elapsed run time = 4921.8217 s

Elapsed run time = 4922.1896 s

Elapsed run time = 4922.7982 s

Elapsed run time = 4923.9547 s

Elapsed run time = 4924.6550 s

Elapsed run time = 4925.2719 s

Elapsed run time = 4927.0503 s

Elapsed run time = 4927.2747 s

Elapsed run time = 4928.4129 s

Elapsed run time = 4928.4148 s

Elapsed run time = 4928.4262 s

Elapsed run time = 4928.7431 s

Elapsed run time = 4928.8781 s

Elapsed run time = 4929.8793 s

Elapsed run time = 4930.9596 s

Elapsed run time = 4932.1523 s

Elapsed run time = 4932.4433 s

Elapsed run time = 4933.1720 s

Elapsed run time = 4934.2384 s

Elapsed run time = 4935.1189 s

Elapsed run time = 4935.6266 s

Elapsed run time = 4935.7646 s

Elapsed run time = 4935.8750 s

Elapsed run time = 4936.3009 s

Elapsed run time = 4939.0417 s
  [SELF][Rank 0] Done moment 1/1 (task 0): force_integral=-1.763465e-03

Elapsed run time = 4940.2922 s

Elapsed run time = 4940.4782 s

Elapsed run time = 4943.8346 s

Elapsed run time = 4944.9059 s

Elapsed run time = 4945.2139 s

Elapsed run time = 4945.3241 s

Elapsed run time = 4945.4107 s

Elapsed run time = 4945.4789 s

Elapsed run time = 4945.8802 s

Elapsed run time = 4946.7525 s

Elapsed run time = 4947.3119 s

Elapsed run time = 4947.3167 s

Elapsed run time = 4947.6307 s

Elapsed run time = 4949.9254 s

Elapsed run time = 4950.4777 s

Elapsed run time = 4950.9612 s

Elapsed run time = 4951.5371 s

Elapsed run time = 4953.3458 s

Elapsed run time = 4953.7034 s

Elapsed run time = 4954.2340 s

Elapsed run time = 4956.9257 s

Elapsed run time = 4958.2419 s

Elapsed run time = 4959.4960 s

Elapsed run time = 4960.2549 s

Elapsed run time = 4960.3702 s

Elapsed run time = 4960.4455 s

Elapsed run time = 4961.6636 s

Elapsed run time = 4962.1769 s

Elapsed run time = 4962.3416 s

Elapsed run time = 4962.4972 s

Elapsed run time = 4963.8647 s

Elapsed run time = 4964.1104 s

Elapsed run time = 4964.2089 s

Elapsed run time = 4965.8330 s

Elapsed run time = 4965.9060 s

Elapsed run time = 4966.0082 s

Elapsed run time = 4966.1328 s

Elapsed run time = 4966.2310 s

Elapsed run time = 4966.2354 s

Elapsed run time = 4966.2631 s

Elapsed run time = 4967.3386 s

Elapsed run time = 4968.5437 s

Elapsed run time = 4969.9406 s

Elapsed run time = 4970.5565 s

Elapsed run time = 4970.5814 s

Elapsed run time = 4972.7455 s
Simulation complete. Subtracted force: -3.909503e-01. Saved to .tmp/meep_d_0.1000_N_3_corrugated_al_85.0_Nbot_3_Phosphorene_tuned_res_40_theta_88.0_eps_2.1_L_2.00.json

Elapsed run time = 4973.0102 s
Task 198 complete at Fri Sep 11 11:57:16 AM EDT 2026.
