==================================================
SLURM ARRAY TASK ID: 92 / 224
Running on node: x1000c6s1b0n1
Start time: Thu Sep 10 07:18:32 PM EDT 2026
==================================================
Reading parameters from sweep_configs_sweet_spot/config_092.json...
Executing 3D FDTD Simulation: Alpha=75.0 deg, Theta=90.0 deg, d=0.05 um, L=2.0 um, Res=40...

Elapsed run time = 0.0811 s

Elapsed run time = 0.0810 s

Elapsed run time = 0.0668 s

Elapsed run time = 0.0790 s

Elapsed run time = 0.0791 s

Elapsed run time = 0.0788 s

Elapsed run time = 0.0552 s

Elapsed run time = 0.0663 s

Elapsed run time = 0.0666 s

Elapsed run time = 0.0616 s

Elapsed run time = 0.0628 s

Elapsed run time = 0.0566 s

Elapsed run time = 0.0509 s

Elapsed run time = 0.0567 s

Elapsed run time = 0.0584 s

Elapsed run time = 0.0620 s

Elapsed run time = 0.0491 s

Elapsed run time = 0.0669 s

Elapsed run time = 0.0669 s

Elapsed run time = 0.0667 s

Elapsed run time = 0.0670 s
Starting simulation: d=0.05 um, N_top=3, N_bottom=3, material=Phosphorene_tuned, resolution=40, nmax=3, theta=90.0, eps_bg=2.1, config=all, stepped_sieve=False, corrugated=True
Parallel configuration: 128 processes running 108 parallel moment partitions.
Task already complete! Found cached result in .tmp/meep_d_0.0500_N_3_corrugated_Nbot_3_Phosphorene_tuned_res_40_theta_90.0_eps_2.1_L_2.00.json (F_sub=-5.556562e+01). Skipping.

Elapsed run time = 0.0400 s

Elapsed run time = 0.0057 s

Elapsed run time = 0.0613 s

Elapsed run time = 0.0499 s

Elapsed run time = 0.0468 s

Elapsed run time = 0.0234 s

Elapsed run time = 0.0237 s

Elapsed run time = 0.0226 s

Elapsed run time = 0.0237 s

Elapsed run time = 0.0462 s

Elapsed run time = 0.0236 s

Elapsed run time = 0.0220 s

Elapsed run time = 0.0156 s

Elapsed run time = 0.0200 s

Elapsed run time = 0.0158 s

Elapsed run time = 0.0221 s

Elapsed run time = 0.0230 s

Elapsed run time = 0.0176 s

Elapsed run time = 0.0124 s

Elapsed run time = 0.0176 s

Elapsed run time = 0.0153 s

Elapsed run time = 0.0178 s

Elapsed run time = 0.0331 s

Elapsed run time = 0.0243 s

Elapsed run time = 0.0332 s

Elapsed run time = 0.0304 s

Elapsed run time = 0.0333 s

Elapsed run time = 0.0267 s

Elapsed run time = 0.0368 s

Elapsed run time = 0.0367 s

Elapsed run time = 0.0367 s

Elapsed run time = 0.0367 s

Elapsed run time = 0.0387 s

Elapsed run time = 0.0179 s

Elapsed run time = 0.0387 s

Elapsed run time = 0.0385 s

Elapsed run time = 0.0388 s

Elapsed run time = 0.0270 s

Elapsed run time = 0.0269 s

Elapsed run time = 0.0269 s

Elapsed run time = 0.0568 s

Elapsed run time = 0.0269 s

Elapsed run time = 0.0338 s

Elapsed run time = 0.0350 s

Elapsed run time = 0.0338 s

Elapsed run time = 0.0069 s

Elapsed run time = 0.0376 s

Elapsed run time = 0.0082 s

Elapsed run time = 0.0194 s

Elapsed run time = 0.0194 s

Elapsed run time = 0.0268 s

Elapsed run time = 0.0244 s

Elapsed run time = 0.0271 s

Elapsed run time = 0.0586 s

Elapsed run time = 0.0101 s

Elapsed run time = 0.0103 s

Elapsed run time = 0.0101 s

Elapsed run time = 0.0818 s

Elapsed run time = 0.0101 s

Elapsed run time = 0.0058 s

Elapsed run time = 0.0597 s

Elapsed run time = 0.0060 s

Elapsed run time = 0.0575 s

Elapsed run time = 0.0050 s

Elapsed run time = 0.0059 s

Elapsed run time = 0.0042 s

Elapsed run time = 0.0041 s

Elapsed run time = 0.0043 s

Elapsed run time = 0.0158 s

Elapsed run time = 0.0159 s

Elapsed run time = 0.0176 s

Elapsed run time = 0.0324 s

Elapsed run time = 0.0273 s

Elapsed run time = 0.0462 s

Elapsed run time = 0.0355 s

Elapsed run time = 0.0377 s

Elapsed run time = 0.0371 s

Elapsed run time = 0.0371 s

Elapsed run time = 0.0180 s

Elapsed run time = 0.0195 s

Elapsed run time = 0.0274 s

Elapsed run time = 0.0047 s

Elapsed run time = 0.0045 s

Elapsed run time = 0.0046 s

Elapsed run time = 0.0039 s

Elapsed run time = 0.0039 s

Elapsed run time = 0.0051 s

Elapsed run time = 0.0047 s

Elapsed run time = 0.0043 s

Elapsed run time = 0.0044 s

Elapsed run time = 0.0051 s

Elapsed run time = 0.0044 s

Elapsed run time = 0.0040 s

Elapsed run time = 0.0048 s

Elapsed run time = 0.0048 s

Elapsed run time = 0.0061 s

Elapsed run time = 0.0059 s

Elapsed run time = 0.0059 s

Elapsed run time = 0.0052 s

Elapsed run time = 0.0057 s

Elapsed run time = 0.0054 s

Elapsed run time = 0.0050 s

Elapsed run time = 0.0057 s

Elapsed run time = 0.0052 s

Elapsed run time = 0.0059 s

Elapsed run time = 0.0058 s

Elapsed run time = 0.0054 s
Task 92 complete at Thu Sep 10 07:18:37 PM EDT 2026.
