==================================================
SLURM ARRAY TASK ID: 124 / 224
Running on node: x1002c3s4b1n0
Start time: Fri Sep 11 06:43:22 AM EDT 2026
==================================================
Reading parameters from sweep_configs_sweet_spot/config_124.json...
Executing 3D FDTD Simulation: Alpha=80.0 deg, Theta=82.0 deg, d=0.25 um, L=2.0 um, Res=40...
Starting simulation: d=0.25 um, N_top=3, N_bottom=3, material=Phosphorene_tuned, resolution=40, nmax=3, theta=82.0, eps_bg=2.1, config=all, stepped_sieve=False, corrugated=True
Parallel configuration: 128 processes running 108 parallel moment partitions.

Elapsed run time = 0.0750 s

Elapsed run time = 0.0769 s

Elapsed run time = 0.0772 s

Elapsed run time = 0.0776 s

Elapsed run time = 0.0780 s

Elapsed run time = 0.0784 s

Elapsed run time = 0.0792 s

Elapsed run time = 0.0829 s

Elapsed run time = 0.0847 s

Elapsed run time = 0.0867 s

Elapsed run time = 0.1155 s

Elapsed run time = 0.1180 s

Elapsed run time = 0.1186 s

Elapsed run time = 0.1201 s

Elapsed run time = 0.1216 s

Elapsed run time = 0.1225 s

Elapsed run time = 0.1236 s

Elapsed run time = 0.1246 s

Elapsed run time = 0.1269 s

Elapsed run time = 0.1274 s

Elapsed run time = 1544.6002 s

Elapsed run time = 1551.3560 s

Elapsed run time = 1568.8212 s

Elapsed run time = 1575.3851 s

Elapsed run time = 2245.4236 s

Elapsed run time = 2245.4618 s

Elapsed run time = 2247.2218 s

Elapsed run time = 2248.1402 s

Elapsed run time = 2263.1158 s

Elapsed run time = 2269.2973 s

Elapsed run time = 2273.5574 s

Elapsed run time = 2278.7724 s
  [BOTH][Rank 0] Done moment 1/1 (task 0): force_integral=-1.722831e-03

Elapsed run time = 5322.4892 s

Elapsed run time = 5328.3758 s

Elapsed run time = 5333.5639 s

Elapsed run time = 5350.3089 s

Elapsed run time = 5351.7738 s

Elapsed run time = 5368.4298 s

Elapsed run time = 5369.0733 s

Elapsed run time = 5369.1212 s

Elapsed run time = 5369.1877 s

Elapsed run time = 5369.6515 s

Elapsed run time = 5371.4694 s

Elapsed run time = 5371.6579 s

Elapsed run time = 5371.7247 s

Elapsed run time = 5372.1663 s

Elapsed run time = 5373.2283 s

Elapsed run time = 5373.7629 s

Elapsed run time = 5374.2782 s

Elapsed run time = 5377.2606 s

Elapsed run time = 5378.0234 s

Elapsed run time = 5378.6986 s

Elapsed run time = 5378.9380 s

Elapsed run time = 5379.8879 s

Elapsed run time = 5379.9909 s

Elapsed run time = 5381.5810 s

Elapsed run time = 5382.4610 s

Elapsed run time = 5382.7738 s

Elapsed run time = 5383.5119 s

Elapsed run time = 5383.5679 s

Elapsed run time = 5383.9314 s

Elapsed run time = 5384.7129 s

Elapsed run time = 5386.0911 s

Elapsed run time = 5389.0448 s

Elapsed run time = 5389.4067 s

Elapsed run time = 5389.4314 s

Elapsed run time = 5390.5813 s

Elapsed run time = 5391.1751 s
  [SELF][Rank 0] Done moment 1/1 (task 0): force_integral=+1.294892e-04

Elapsed run time = 5391.3407 s

Elapsed run time = 5391.4349 s

Elapsed run time = 5391.5723 s

Elapsed run time = 5393.6831 s

Elapsed run time = 5394.4193 s

Elapsed run time = 5394.9455 s

Elapsed run time = 5395.0901 s

Elapsed run time = 5397.7176 s

Elapsed run time = 5398.3991 s

Elapsed run time = 5400.0937 s

Elapsed run time = 5402.6000 s

Elapsed run time = 5402.9762 s

Elapsed run time = 5403.7269 s

Elapsed run time = 5404.4029 s

Elapsed run time = 5404.4370 s

Elapsed run time = 5404.6003 s

Elapsed run time = 5404.6424 s

Elapsed run time = 5405.0365 s

Elapsed run time = 5405.8149 s

Elapsed run time = 5409.4021 s

Elapsed run time = 5410.3153 s

Elapsed run time = 5410.3297 s

Elapsed run time = 5410.3855 s

Elapsed run time = 5410.4523 s

Elapsed run time = 5411.4844 s

Elapsed run time = 5411.9066 s

Elapsed run time = 5412.0155 s

Elapsed run time = 5412.1204 s

Elapsed run time = 5412.5810 s

Elapsed run time = 5413.1609 s

Elapsed run time = 5413.8279 s

Elapsed run time = 5415.1922 s

Elapsed run time = 5415.7977 s

Elapsed run time = 5415.9625 s

Elapsed run time = 5416.7116 s

Elapsed run time = 5418.9124 s

Elapsed run time = 5419.0445 s

Elapsed run time = 5419.0850 s

Elapsed run time = 5419.2978 s

Elapsed run time = 5419.7766 s

Elapsed run time = 5419.8532 s

Elapsed run time = 5420.6830 s

Elapsed run time = 5420.9275 s

Elapsed run time = 5421.2307 s

Elapsed run time = 5422.6683 s

Elapsed run time = 5423.2915 s

Elapsed run time = 5423.4180 s

Elapsed run time = 5424.9363 s

Elapsed run time = 5426.0816 s

Elapsed run time = 5427.9857 s

Elapsed run time = 5428.0152 s

Elapsed run time = 5428.9211 s

Elapsed run time = 5429.4043 s

Elapsed run time = 5432.3196 s

Elapsed run time = 5432.9772 s

Elapsed run time = 5434.2664 s

Elapsed run time = 5435.2185 s

Elapsed run time = 5435.2980 s

Elapsed run time = 5436.6364 s
Simulation complete. Subtracted force: -7.715573e-02. Saved to .tmp/meep_d_0.2500_N_3_corrugated_al_80.0_Nbot_3_Phosphorene_tuned_res_40_theta_82.0_eps_2.1_L_2.00.json

Elapsed run time = 5437.5207 s
Task 124 complete at Fri Sep 11 08:14:07 AM EDT 2026.
