==================================================
SLURM ARRAY TASK ID: 166 / 224
Running on node: x1000c7s6b0n1
Start time: Fri Sep 11 08:24:45 AM EDT 2026
==================================================
Reading parameters from sweep_configs_sweet_spot/config_166.json...
Executing 3D FDTD Simulation: Alpha=80.0 deg, Theta=94.0 deg, d=0.25 um, L=2.0 um, Res=40...
Starting simulation: d=0.25 um, N_top=3, N_bottom=3, material=Phosphorene_tuned, resolution=40, nmax=3, theta=94.0, eps_bg=2.1, config=all, stepped_sieve=False, corrugated=True
Parallel configuration: 128 processes running 108 parallel moment partitions.

Elapsed run time = 0.0935 s

Elapsed run time = 0.0976 s

Elapsed run time = 0.0979 s

Elapsed run time = 0.0994 s

Elapsed run time = 0.1000 s

Elapsed run time = 0.1010 s

Elapsed run time = 0.1021 s

Elapsed run time = 0.1033 s

Elapsed run time = 0.1040 s

Elapsed run time = 0.1045 s

Elapsed run time = 0.1171 s

Elapsed run time = 0.1243 s

Elapsed run time = 0.1244 s

Elapsed run time = 0.1251 s

Elapsed run time = 0.1254 s

Elapsed run time = 0.1259 s

Elapsed run time = 0.1261 s

Elapsed run time = 0.1286 s

Elapsed run time = 0.1316 s

Elapsed run time = 0.1321 s

Elapsed run time = 1501.5275 s

Elapsed run time = 1512.2602 s

Elapsed run time = 1531.1450 s

Elapsed run time = 1532.4837 s

Elapsed run time = 2149.0877 s

Elapsed run time = 2184.1180 s

Elapsed run time = 2184.3918 s

Elapsed run time = 2186.5681 s

Elapsed run time = 2188.0151 s

Elapsed run time = 2204.4171 s

Elapsed run time = 2211.0091 s

Elapsed run time = 2216.4942 s
  [BOTH][Rank 0] Done moment 1/1 (task 0): force_integral=-1.971030e-03

Elapsed run time = 5127.8136 s

Elapsed run time = 5172.6196 s

Elapsed run time = 5182.3169 s

Elapsed run time = 5182.9074 s

Elapsed run time = 5183.7992 s

Elapsed run time = 5187.2374 s

Elapsed run time = 5189.4636 s

Elapsed run time = 5190.3821 s

Elapsed run time = 5192.8826 s

Elapsed run time = 5194.1119 s

Elapsed run time = 5195.0654 s

Elapsed run time = 5195.3223 s

Elapsed run time = 5195.3711 s

Elapsed run time = 5197.8083 s

Elapsed run time = 5198.2738 s

Elapsed run time = 5199.3266 s

Elapsed run time = 5199.9427 s

Elapsed run time = 5200.0549 s

Elapsed run time = 5200.4383 s

Elapsed run time = 5202.4358 s

Elapsed run time = 5202.8410 s

Elapsed run time = 5202.9340 s

Elapsed run time = 5203.8161 s

Elapsed run time = 5203.8920 s

Elapsed run time = 5204.3472 s

Elapsed run time = 5205.2467 s

Elapsed run time = 5211.2138 s

Elapsed run time = 5211.3604 s

Elapsed run time = 5211.6205 s

Elapsed run time = 5211.9917 s

Elapsed run time = 5214.8072 s

Elapsed run time = 5215.1198 s

Elapsed run time = 5215.2200 s

Elapsed run time = 5215.6460 s

Elapsed run time = 5215.6624 s

Elapsed run time = 5216.3289 s

Elapsed run time = 5216.4708 s

Elapsed run time = 5216.5966 s

Elapsed run time = 5216.7089 s

Elapsed run time = 5219.6191 s

Elapsed run time = 5220.0391 s
  [SELF][Rank 0] Done moment 1/1 (task 0): force_integral=-6.301186e-05

Elapsed run time = 5222.7266 s

Elapsed run time = 5222.8364 s

Elapsed run time = 5224.0779 s

Elapsed run time = 5224.4052 s

Elapsed run time = 5225.3496 s

Elapsed run time = 5227.3695 s

Elapsed run time = 5227.4096 s

Elapsed run time = 5227.4796 s

Elapsed run time = 5229.0550 s

Elapsed run time = 5229.9133 s

Elapsed run time = 5231.6853 s

Elapsed run time = 5232.0307 s

Elapsed run time = 5232.1810 s

Elapsed run time = 5232.3829 s

Elapsed run time = 5233.1854 s

Elapsed run time = 5236.5835 s

Elapsed run time = 5236.6353 s

Elapsed run time = 5236.8803 s

Elapsed run time = 5236.9019 s

Elapsed run time = 5238.1494 s

Elapsed run time = 5238.7184 s

Elapsed run time = 5240.1773 s

Elapsed run time = 5240.3587 s

Elapsed run time = 5241.5985 s

Elapsed run time = 5242.2536 s

Elapsed run time = 5242.4803 s

Elapsed run time = 5243.4258 s

Elapsed run time = 5244.0165 s

Elapsed run time = 5244.3795 s

Elapsed run time = 5244.6878 s

Elapsed run time = 5244.9681 s

Elapsed run time = 5244.9978 s

Elapsed run time = 5245.0328 s

Elapsed run time = 5245.2726 s

Elapsed run time = 5245.9290 s

Elapsed run time = 5246.1745 s

Elapsed run time = 5246.4255 s

Elapsed run time = 5246.8674 s

Elapsed run time = 5246.9250 s

Elapsed run time = 5247.4790 s

Elapsed run time = 5247.9558 s

Elapsed run time = 5248.7363 s

Elapsed run time = 5248.7952 s

Elapsed run time = 5249.6641 s

Elapsed run time = 5250.8056 s

Elapsed run time = 5251.9808 s

Elapsed run time = 5253.5395 s

Elapsed run time = 5254.4343 s

Elapsed run time = 5255.8519 s

Elapsed run time = 5255.8865 s

Elapsed run time = 5256.0023 s

Elapsed run time = 5256.1648 s

Elapsed run time = 5256.3136 s

Elapsed run time = 5257.9137 s
Simulation complete. Subtracted force: -7.782973e-02. Saved to .tmp/meep_d_0.2500_N_3_corrugated_al_80.0_Nbot_3_Phosphorene_tuned_res_40_theta_94.0_eps_2.1_L_2.00.json

Elapsed run time = 5258.5206 s
Task 166 complete at Fri Sep 11 09:52:53 AM EDT 2026.
