==================================================
SLURM ARRAY TASK ID: 14 / 224
Running on node: x1001c5s6b1n1
Start time: Wed Sep  9 11:28:32 PM EDT 2026
==================================================
Reading parameters from sweep_configs_sweet_spot/config_014.json...
Executing 3D FDTD Simulation: Alpha=70.0 deg, Theta=82.0 deg, d=0.35 um, L=2.0 um, Res=40...

Elapsed run time = 0.0067 s

Elapsed run time = 0.0075 s

Elapsed run time = 0.0099 s

Elapsed run time = 0.0111 s

Elapsed run time = 0.0057 s

Elapsed run time = 0.0058 s

Elapsed run time = 0.0059 s

Elapsed run time = 0.0057 s

Elapsed run time = 0.0058 s

Elapsed run time = 0.0117 s

Elapsed run time = 0.0154 s

Elapsed run time = 0.0162 s

Elapsed run time = 0.0188 s

Elapsed run time = 0.0217 s

Elapsed run time = 0.0217 s

Elapsed run time = 0.0300 s

Elapsed run time = 0.0414 s

Elapsed run time = 0.0348 s

Elapsed run time = 0.0432 s

Elapsed run time = 0.0366 s

Elapsed run time = 1599.8049 s

Elapsed run time = 1606.4285 s

Elapsed run time = 1626.9804 s

Elapsed run time = 1632.6107 s

Elapsed run time = 2303.8917 s

Elapsed run time = 2317.5587 s

Elapsed run time = 2328.9468 s

Elapsed run time = 2332.2718 s

Elapsed run time = 2340.8888 s

Elapsed run time = 2353.5918 s

Elapsed run time = 2354.5759 s

Elapsed run time = 2363.6864 s
Starting simulation: d=0.35 um, N_top=3, N_bottom=3, material=Phosphorene_tuned, resolution=40, nmax=3, theta=82.0, eps_bg=2.1, config=all, stepped_sieve=False, corrugated=True
Parallel configuration: 128 processes running 108 parallel moment partitions.
  [BOTH][Rank 0] Done moment 1/1 (task 0): force_integral=-5.839004e-03

Elapsed run time = 5510.8914 s

Elapsed run time = 5546.7122 s

Elapsed run time = 5550.9234 s

Elapsed run time = 5554.8701 s

Elapsed run time = 5557.5511 s

Elapsed run time = 5557.7141 s

Elapsed run time = 5559.1709 s

Elapsed run time = 5560.8750 s

Elapsed run time = 5561.8195 s

Elapsed run time = 5562.9213 s

Elapsed run time = 5563.2046 s

Elapsed run time = 5563.8467 s

Elapsed run time = 5566.2626 s

Elapsed run time = 5567.5085 s

Elapsed run time = 5567.5677 s

Elapsed run time = 5567.6114 s

Elapsed run time = 5567.8083 s

Elapsed run time = 5569.2034 s

Elapsed run time = 5570.4230 s

Elapsed run time = 5571.0134 s

Elapsed run time = 5571.2843 s

Elapsed run time = 5572.8391 s

Elapsed run time = 5572.9868 s

Elapsed run time = 5577.9712 s

Elapsed run time = 5578.0937 s

Elapsed run time = 5578.9955 s

Elapsed run time = 5580.0892 s

Elapsed run time = 5580.9959 s

Elapsed run time = 5581.3766 s

Elapsed run time = 5583.9143 s

Elapsed run time = 5584.9760 s

Elapsed run time = 5584.9832 s

Elapsed run time = 5586.1759 s

Elapsed run time = 5586.2724 s

Elapsed run time = 5586.3524 s

Elapsed run time = 5586.7584 s

Elapsed run time = 5586.9773 s

Elapsed run time = 5587.4931 s

Elapsed run time = 5588.5663 s

Elapsed run time = 5588.6871 s
  [SELF][Rank 0] Done moment 1/1 (task 0): force_integral=-5.013118e-03

Elapsed run time = 5591.4113 s

Elapsed run time = 5591.6069 s

Elapsed run time = 5593.0853 s

Elapsed run time = 5595.5981 s

Elapsed run time = 5598.9961 s

Elapsed run time = 5599.0588 s

Elapsed run time = 5599.7858 s

Elapsed run time = 5600.6339 s

Elapsed run time = 5601.2322 s

Elapsed run time = 5601.3004 s

Elapsed run time = 5602.4712 s

Elapsed run time = 5602.4803 s

Elapsed run time = 5603.4864 s

Elapsed run time = 5604.1260 s

Elapsed run time = 5604.3042 s

Elapsed run time = 5604.3776 s

Elapsed run time = 5605.3150 s

Elapsed run time = 5605.5177 s

Elapsed run time = 5606.3087 s

Elapsed run time = 5608.0732 s

Elapsed run time = 5608.5889 s

Elapsed run time = 5609.0430 s

Elapsed run time = 5611.1359 s

Elapsed run time = 5611.3656 s

Elapsed run time = 5611.9566 s

Elapsed run time = 5612.5855 s

Elapsed run time = 5613.4955 s

Elapsed run time = 5614.0693 s

Elapsed run time = 5614.4597 s

Elapsed run time = 5614.7444 s

Elapsed run time = 5614.8222 s

Elapsed run time = 5615.3048 s

Elapsed run time = 5617.5002 s

Elapsed run time = 5618.0028 s

Elapsed run time = 5618.0830 s

Elapsed run time = 5618.1577 s

Elapsed run time = 5618.2596 s

Elapsed run time = 5619.0207 s

Elapsed run time = 5619.2643 s

Elapsed run time = 5619.4421 s

Elapsed run time = 5619.8111 s

Elapsed run time = 5620.0828 s

Elapsed run time = 5621.6543 s

Elapsed run time = 5621.6775 s

Elapsed run time = 5623.1666 s

Elapsed run time = 5624.4613 s

Elapsed run time = 5625.7256 s

Elapsed run time = 5629.9494 s

Elapsed run time = 5632.6662 s

Elapsed run time = 5633.3154 s

Elapsed run time = 5637.8040 s

Elapsed run time = 5638.0952 s

Elapsed run time = 5639.9495 s

Elapsed run time = 5640.2304 s

Elapsed run time = 5641.7259 s
Simulation complete. Subtracted force: -1.615891e-02. Saved to .tmp/meep_d_0.3500_N_3_corrugated_Nbot_3_Phosphorene_tuned_res_40_theta_82.0_eps_2.1_L_2.00.json

Elapsed run time = 5642.5554 s
Task 14 complete at Thu Sep 10 01:02:40 AM EDT 2026.
