==================================================
SLURM ARRAY TASK ID: 193 / 224
Running on node: x1002c3s7b0n1
Start time: Fri Sep 11 09:54:48 AM EDT 2026
==================================================
Reading parameters from sweep_configs_sweet_spot/config_193.json...
Executing 3D FDTD Simulation: Alpha=85.0 deg, Theta=86.0 deg, d=0.2 um, L=2.0 um, Res=40...
Starting simulation: d=0.2 um, N_top=3, N_bottom=3, material=Phosphorene_tuned, resolution=40, nmax=3, theta=86.0, eps_bg=2.1, config=all, stepped_sieve=False, corrugated=True
Parallel configuration: 128 processes running 108 parallel moment partitions.

Elapsed run time = 0.1802 s

Elapsed run time = 0.1790 s

Elapsed run time = 0.1837 s

Elapsed run time = 0.1857 s

Elapsed run time = 0.1873 s

Elapsed run time = 0.1879 s

Elapsed run time = 0.2021 s

Elapsed run time = 0.2029 s

Elapsed run time = 0.2045 s

Elapsed run time = 0.2051 s

Elapsed run time = 0.2069 s

Elapsed run time = 0.2104 s

Elapsed run time = 0.2098 s

Elapsed run time = 0.2419 s

Elapsed run time = 0.2432 s

Elapsed run time = 0.2415 s

Elapsed run time = 0.2153 s

Elapsed run time = 0.2464 s

Elapsed run time = 0.2498 s

Elapsed run time = 0.2499 s

Elapsed run time = 1456.1354 s

Elapsed run time = 1459.9363 s

Elapsed run time = 1493.3847 s

Elapsed run time = 1496.5601 s

Elapsed run time = 2101.0604 s

Elapsed run time = 2122.7897 s

Elapsed run time = 2129.2766 s

Elapsed run time = 2130.6558 s

Elapsed run time = 2144.0568 s

Elapsed run time = 2150.2804 s

Elapsed run time = 2155.6395 s

Elapsed run time = 2163.3322 s
  [BOTH][Rank 0] Done moment 1/1 (task 0): force_integral=-5.235801e-04

Elapsed run time = 5061.2428 s

Elapsed run time = 5069.6685 s

Elapsed run time = 5074.7106 s

Elapsed run time = 5082.7365 s

Elapsed run time = 5083.0946 s

Elapsed run time = 5083.7012 s

Elapsed run time = 5091.0760 s

Elapsed run time = 5091.2380 s

Elapsed run time = 5097.5626 s

Elapsed run time = 5100.1651 s

Elapsed run time = 5100.4489 s

Elapsed run time = 5101.4824 s

Elapsed run time = 5103.3423 s

Elapsed run time = 5103.8267 s

Elapsed run time = 5104.1977 s

Elapsed run time = 5104.8548 s

Elapsed run time = 5105.2725 s

Elapsed run time = 5105.7588 s

Elapsed run time = 5106.7448 s

Elapsed run time = 5106.9957 s

Elapsed run time = 5107.3936 s

Elapsed run time = 5107.6839 s

Elapsed run time = 5109.8216 s

Elapsed run time = 5110.8178 s

Elapsed run time = 5110.8708 s

Elapsed run time = 5111.7559 s

Elapsed run time = 5111.8156 s

Elapsed run time = 5112.0402 s

Elapsed run time = 5112.0835 s

Elapsed run time = 5112.4655 s

Elapsed run time = 5112.8351 s

Elapsed run time = 5113.3500 s

Elapsed run time = 5113.4238 s

Elapsed run time = 5115.1619 s

Elapsed run time = 5116.0016 s

Elapsed run time = 5116.2515 s

Elapsed run time = 5116.5566 s

Elapsed run time = 5116.6256 s

Elapsed run time = 5116.8140 s

Elapsed run time = 5118.5364 s

Elapsed run time = 5120.0774 s

Elapsed run time = 5120.2653 s

Elapsed run time = 5120.2981 s

Elapsed run time = 5120.5831 s

Elapsed run time = 5122.5393 s

Elapsed run time = 5122.9788 s

Elapsed run time = 5124.0042 s

Elapsed run time = 5124.5930 s
  [SELF][Rank 0] Done moment 1/1 (task 0): force_integral=+2.464056e-03

Elapsed run time = 5129.5969 s

Elapsed run time = 5129.8635 s

Elapsed run time = 5129.9964 s

Elapsed run time = 5130.5308 s

Elapsed run time = 5131.8874 s

Elapsed run time = 5132.8888 s

Elapsed run time = 5133.1559 s

Elapsed run time = 5133.7769 s

Elapsed run time = 5135.2314 s

Elapsed run time = 5135.8182 s

Elapsed run time = 5136.4755 s

Elapsed run time = 5136.6330 s

Elapsed run time = 5137.4382 s

Elapsed run time = 5139.1878 s

Elapsed run time = 5139.9164 s

Elapsed run time = 5140.4665 s

Elapsed run time = 5140.6754 s

Elapsed run time = 5140.9425 s

Elapsed run time = 5141.0777 s

Elapsed run time = 5141.1193 s

Elapsed run time = 5143.6556 s

Elapsed run time = 5143.8503 s

Elapsed run time = 5143.8984 s

Elapsed run time = 5144.2764 s

Elapsed run time = 5144.5795 s

Elapsed run time = 5144.6176 s

Elapsed run time = 5144.6207 s

Elapsed run time = 5145.4070 s

Elapsed run time = 5145.4933 s

Elapsed run time = 5145.5415 s

Elapsed run time = 5145.6043 s

Elapsed run time = 5146.2840 s

Elapsed run time = 5147.3151 s

Elapsed run time = 5148.7983 s

Elapsed run time = 5149.4052 s

Elapsed run time = 5149.4077 s

Elapsed run time = 5150.1633 s

Elapsed run time = 5150.5605 s

Elapsed run time = 5150.9236 s

Elapsed run time = 5151.0231 s

Elapsed run time = 5151.1383 s

Elapsed run time = 5153.1116 s

Elapsed run time = 5156.4752 s

Elapsed run time = 5161.5426 s

Elapsed run time = 5161.5615 s

Elapsed run time = 5161.6664 s

Elapsed run time = 5162.3281 s
Simulation complete. Subtracted force: -1.525945e-01. Saved to .tmp/meep_d_0.2000_N_3_corrugated_al_85.0_Nbot_3_Phosphorene_tuned_res_40_theta_86.0_eps_2.1_L_2.00.json

Elapsed run time = 5162.5344 s
Task 193 complete at Fri Sep 11 11:22:00 AM EDT 2026.
