==================================================
SLURM ARRAY TASK ID: 169 / 224
Running on node: x1001c6s4b1n1
Start time: Fri Sep 11 08:38:16 AM EDT 2026
==================================================
Reading parameters from sweep_configs_sweet_spot/config_169.json...
Executing 3D FDTD Simulation: Alpha=85.0 deg, Theta=80.0 deg, d=0.05 um, L=2.0 um, Res=40...
Starting simulation: d=0.05 um, N_top=3, N_bottom=3, material=Phosphorene_tuned, resolution=40, nmax=3, theta=80.0, eps_bg=2.1, config=all, stepped_sieve=False, corrugated=True
Parallel configuration: 128 processes running 108 parallel moment partitions.

Elapsed run time = 0.0931 s

Elapsed run time = 0.0946 s

Elapsed run time = 0.0960 s

Elapsed run time = 0.0976 s

Elapsed run time = 0.0987 s

Elapsed run time = 0.1018 s

Elapsed run time = 0.1022 s

Elapsed run time = 0.1050 s

Elapsed run time = 0.1085 s

Elapsed run time = 0.1079 s

Elapsed run time = 0.1151 s

Elapsed run time = 0.1164 s

Elapsed run time = 0.1163 s

Elapsed run time = 0.1172 s

Elapsed run time = 0.1171 s

Elapsed run time = 0.1183 s

Elapsed run time = 0.1190 s

Elapsed run time = 0.1209 s

Elapsed run time = 0.1216 s

Elapsed run time = 0.1218 s

Elapsed run time = 1434.7810 s

Elapsed run time = 1444.9862 s

Elapsed run time = 1460.5421 s

Elapsed run time = 1472.1567 s

Elapsed run time = 2089.4709 s

Elapsed run time = 2089.5072 s

Elapsed run time = 2098.0065 s

Elapsed run time = 2098.4185 s

Elapsed run time = 2103.9941 s

Elapsed run time = 2115.3701 s

Elapsed run time = 2117.7351 s

Elapsed run time = 2126.5462 s
  [BOTH][Rank 0] Done moment 1/1 (task 0): force_integral=-1.635292e-02

Elapsed run time = 4985.7644 s

Elapsed run time = 4988.9600 s

Elapsed run time = 4989.2550 s

Elapsed run time = 4997.1231 s

Elapsed run time = 5004.3135 s

Elapsed run time = 5005.6001 s

Elapsed run time = 5009.0848 s

Elapsed run time = 5009.4785 s

Elapsed run time = 5013.3379 s

Elapsed run time = 5014.1673 s

Elapsed run time = 5015.9692 s

Elapsed run time = 5016.8833 s

Elapsed run time = 5018.3304 s

Elapsed run time = 5018.5680 s

Elapsed run time = 5018.8445 s

Elapsed run time = 5019.1848 s

Elapsed run time = 5020.2429 s

Elapsed run time = 5020.3328 s

Elapsed run time = 5021.1216 s

Elapsed run time = 5021.6979 s

Elapsed run time = 5021.8784 s

Elapsed run time = 5021.8987 s

Elapsed run time = 5023.7718 s

Elapsed run time = 5024.5039 s

Elapsed run time = 5024.7376 s

Elapsed run time = 5024.9964 s

Elapsed run time = 5025.4751 s

Elapsed run time = 5026.0964 s

Elapsed run time = 5026.5119 s

Elapsed run time = 5026.7521 s

Elapsed run time = 5027.4491 s

Elapsed run time = 5028.0510 s

Elapsed run time = 5028.2816 s

Elapsed run time = 5029.7022 s

Elapsed run time = 5029.8650 s

Elapsed run time = 5030.2788 s

Elapsed run time = 5030.3179 s

Elapsed run time = 5030.5283 s

Elapsed run time = 5031.6547 s

Elapsed run time = 5031.6848 s

Elapsed run time = 5032.8188 s

Elapsed run time = 5032.9945 s

Elapsed run time = 5033.1024 s

Elapsed run time = 5035.8474 s

Elapsed run time = 5035.8883 s

Elapsed run time = 5037.4710 s

Elapsed run time = 5039.6399 s

Elapsed run time = 5040.4539 s

Elapsed run time = 5041.1213 s

Elapsed run time = 5042.5864 s

Elapsed run time = 5043.1707 s

Elapsed run time = 5044.6003 s

Elapsed run time = 5045.6875 s

Elapsed run time = 5046.9533 s

Elapsed run time = 5048.4922 s

Elapsed run time = 5048.8522 s

Elapsed run time = 5049.5449 s

Elapsed run time = 5049.7166 s

Elapsed run time = 5050.4891 s

Elapsed run time = 5051.1582 s
  [SELF][Rank 0] Done moment 1/1 (task 0): force_integral=-3.177875e-03

Elapsed run time = 5051.7867 s

Elapsed run time = 5052.2589 s

Elapsed run time = 5052.9328 s

Elapsed run time = 5053.5359 s

Elapsed run time = 5053.5925 s

Elapsed run time = 5054.1436 s

Elapsed run time = 5054.4953 s

Elapsed run time = 5054.8785 s

Elapsed run time = 5055.8900 s

Elapsed run time = 5056.0249 s

Elapsed run time = 5056.0583 s

Elapsed run time = 5056.2606 s

Elapsed run time = 5056.6561 s

Elapsed run time = 5057.6201 s

Elapsed run time = 5057.6304 s

Elapsed run time = 5058.3004 s

Elapsed run time = 5058.7784 s

Elapsed run time = 5058.8041 s

Elapsed run time = 5058.8068 s

Elapsed run time = 5059.2682 s

Elapsed run time = 5059.4326 s

Elapsed run time = 5061.0584 s

Elapsed run time = 5061.7002 s

Elapsed run time = 5070.4348 s

Elapsed run time = 5070.4407 s

Elapsed run time = 5070.4449 s

Elapsed run time = 5070.4520 s

Elapsed run time = 5070.4639 s

Elapsed run time = 5070.5044 s

Elapsed run time = 5070.6848 s

Elapsed run time = 5071.3985 s

Elapsed run time = 5071.4790 s

Elapsed run time = 5073.3660 s

Elapsed run time = 5074.9164 s

Elapsed run time = 5074.9395 s
Simulation complete. Subtracted force: -6.563580e+01. Saved to .tmp/meep_d_0.0500_N_3_corrugated_al_85.0_Nbot_3_Phosphorene_tuned_res_40_theta_80.0_eps_2.1_L_2.00.json

Elapsed run time = 5076.1853 s
Task 169 complete at Fri Sep 11 10:03:40 AM EDT 2026.
