/N/u/gogordon/BigRed200/.conda/envs/meep/lib/python3.13/site-packages/meep/simulation.py:6269: RuntimeWarning: quiet has been deprecated; use the Verbosity class instead
  warnings.warn(
/N/u/gogordon/BigRed200/.conda/envs/meep/lib/python3.13/site-packages/meep/simulation.py:6269: RuntimeWarning: quiet has been deprecated; use the Verbosity class instead
  warnings.warn(
/N/u/gogordon/BigRed200/.conda/envs/meep/lib/python3.13/site-packages/meep/simulation.py:6269: RuntimeWarning: quiet has been deprecated; use the Verbosity class instead
  warnings.warn(
/N/u/gogordon/BigRed200/.conda/envs/meep/lib/python3.13/site-packages/meep/simulation.py:6269: RuntimeWarning: quiet has been deprecated; use the Verbosity class instead
  warnings.warn(
/N/u/gogordon/BigRed200/.conda/envs/meep/lib/python3.13/site-packages/meep/simulation.py:6269: RuntimeWarning: quiet has been deprecated; use the Verbosity class instead
  warnings.warn(
/N/u/gogordon/BigRed200/.conda/envs/meep/lib/python3.13/site-packages/meep/simulation.py:6269: RuntimeWarning: quiet has been deprecated; use the Verbosity class instead
  warnings.warn(
/N/u/gogordon/BigRed200/.conda/envs/meep/lib/python3.13/site-packages/meep/simulation.py:6269: RuntimeWarning: quiet has been deprecated; use the Verbosity class instead
  warnings.warn(
/N/u/gogordon/BigRed200/.conda/envs/meep/lib/python3.13/site-packages/meep/simulation.py:6269: RuntimeWarning: quiet has been deprecated; use the Verbosity class instead
  warnings.warn(
/N/u/gogordon/BigRed200/.conda/envs/meep/lib/python3.13/site-packages/meep/simulation.py:6269: RuntimeWarning: quiet has been deprecated; use the Verbosity class instead
  warnings.warn(
/N/u/gogordon/BigRed200/.conda/envs/meep/lib/python3.13/site-packages/meep/simulation.py:6269: RuntimeWarning: quiet has been deprecated; use the Verbosity class instead
  warnings.warn(
/N/u/gogordon/BigRed200/.conda/envs/meep/lib/python3.13/site-packages/meep/simulation.py:6269: RuntimeWarning: quiet has been deprecated; use the Verbosity class instead
  warnings.warn(
/N/u/gogordon/BigRed200/.conda/envs/meep/lib/python3.13/site-packages/meep/simulation.py:6269: RuntimeWarning: quiet has been deprecated; use the Verbosity class instead
  warnings.warn(
/N/u/gogordon/BigRed200/.conda/envs/meep/lib/python3.13/site-packages/meep/simulation.py:6269: RuntimeWarning: quiet has been deprecated; use the Verbosity class instead
  warnings.warn(
/N/u/gogordon/BigRed200/.conda/envs/meep/lib/python3.13/site-packages/meep/simulation.py:6269: RuntimeWarning: quiet has been deprecated; use the Verbosity class instead
  warnings.warn(
/N/u/gogordon/BigRed200/.conda/envs/meep/lib/python3.13/site-packages/meep/simulation.py:6269: RuntimeWarning: quiet has been deprecated; use the Verbosity class instead
  warnings.warn(
/N/u/gogordon/BigRed200/.conda/envs/meep/lib/python3.13/site-packages/meep/simulation.py:6269: RuntimeWarning: quiet has been deprecated; use the Verbosity class instead
  warnings.warn(
/N/u/gogordon/BigRed200/.conda/envs/meep/lib/python3.13/site-packages/meep/simulation.py:6269: RuntimeWarning: quiet has been deprecated; use the Verbosity class instead
  warnings.warn(
/N/u/gogordon/BigRed200/.conda/envs/meep/lib/python3.13/site-packages/meep/simulation.py:6269: RuntimeWarning: quiet has been deprecated; use the Verbosity class instead
  warnings.warn(
/N/u/gogordon/BigRed200/.conda/envs/meep/lib/python3.13/site-packages/meep/simulation.py:6269: RuntimeWarning: quiet has been deprecated; use the Verbosity class instead
  warnings.warn(
/N/u/gogordon/BigRed200/.conda/envs/meep/lib/python3.13/site-packages/meep/simulation.py:6269: RuntimeWarning: quiet has been deprecated; use the Verbosity class instead
  warnings.warn(
/N/u/gogordon/BigRed200/.conda/envs/meep/lib/python3.13/site-packages/meep/simulation.py:6269: RuntimeWarning: quiet has been deprecated; use the Verbosity class instead
  warnings.warn(
/N/u/gogordon/BigRed200/.conda/envs/meep/lib/python3.13/site-packages/meep/simulation.py:6269: RuntimeWarning: quiet has been deprecated; use the Verbosity class instead
  warnings.warn(
/N/u/gogordon/BigRed200/.conda/envs/meep/lib/python3.13/site-packages/meep/simulation.py:6269: RuntimeWarning: quiet has been deprecated; use the Verbosity class instead
  warnings.warn(
/N/u/gogordon/BigRed200/.conda/envs/meep/lib/python3.13/site-packages/meep/simulation.py:6269: RuntimeWarning: quiet has been deprecated; use the Verbosity class instead
  warnings.warn(
/N/u/gogordon/BigRed200/.conda/envs/meep/lib/python3.13/site-packages/meep/simulation.py:6269: RuntimeWarning: quiet has been deprecated; use the Verbosity class instead
  warnings.warn(
/N/u/gogordon/BigRed200/.conda/envs/meep/lib/python3.13/site-packages/meep/simulation.py:6269: RuntimeWarning: quiet has been deprecated; use the Verbosity class instead
  warnings.warn(
/N/u/gogordon/BigRed200/.conda/envs/meep/lib/python3.13/site-packages/meep/simulation.py:6269: RuntimeWarning: quiet has been deprecated; use the Verbosity class instead
  warnings.warn(
/N/u/gogordon/BigRed200/.conda/envs/meep/lib/python3.13/site-packages/meep/simulation.py:6269: RuntimeWarning: quiet has been deprecated; use the Verbosity class instead
  warnings.warn(
/N/u/gogordon/BigRed200/.conda/envs/meep/lib/python3.13/site-packages/meep/simulation.py:6269: RuntimeWarning: quiet has been deprecated; use the Verbosity class instead
  warnings.warn(
/N/u/gogordon/BigRed200/.conda/envs/meep/lib/python3.13/site-packages/meep/simulation.py:6269: RuntimeWarning: quiet has been deprecated; use the Verbosity class instead
  warnings.warn(
/N/u/gogordon/BigRed200/.conda/envs/meep/lib/python3.13/site-packages/meep/simulation.py:6269: RuntimeWarning: quiet has been deprecated; use the Verbosity class instead
  warnings.warn(
/N/u/gogordon/BigRed200/.conda/envs/meep/lib/python3.13/site-packages/meep/simulation.py:6269: RuntimeWarning: quiet has been deprecated; use the Verbosity class instead
  warnings.warn(
/N/u/gogordon/BigRed200/.conda/envs/meep/lib/python3.13/site-packages/meep/simulation.py:6269: RuntimeWarning: quiet has been deprecated; use the Verbosity class instead
  warnings.warn(
/N/u/gogordon/BigRed200/.conda/envs/meep/lib/python3.13/site-packages/meep/simulation.py:6269: RuntimeWarning: quiet has been deprecated; use the Verbosity class instead
  warnings.warn(
/N/u/gogordon/BigRed200/.conda/envs/meep/lib/python3.13/site-packages/meep/simulation.py:6269: RuntimeWarning: quiet has been deprecated; use the Verbosity class instead
  warnings.warn(
/N/u/gogordon/BigRed200/.conda/envs/meep/lib/python3.13/site-packages/meep/simulation.py:6269: RuntimeWarning: quiet has been deprecated; use the Verbosity class instead
  warnings.warn(
/N/u/gogordon/BigRed200/.conda/envs/meep/lib/python3.13/site-packages/meep/simulation.py:6269: RuntimeWarning: quiet has been deprecated; use the Verbosity class instead
  warnings.warn(
/N/u/gogordon/BigRed200/.conda/envs/meep/lib/python3.13/site-packages/meep/simulation.py:6269: RuntimeWarning: quiet has been deprecated; use the Verbosity class instead
  warnings.warn(
/N/u/gogordon/BigRed200/.conda/envs/meep/lib/python3.13/site-packages/meep/simulation.py:6269: RuntimeWarning: quiet has been deprecated; use the Verbosity class instead
  warnings.warn(
/N/u/gogordon/BigRed200/.conda/envs/meep/lib/python3.13/site-packages/meep/simulation.py:6269: RuntimeWarning: quiet has been deprecated; use the Verbosity class instead
  warnings.warn(
/N/u/gogordon/BigRed200/.conda/envs/meep/lib/python3.13/site-packages/meep/simulation.py:6269: RuntimeWarning: quiet has been deprecated; use the Verbosity class instead
  warnings.warn(
/N/u/gogordon/BigRed200/.conda/envs/meep/lib/python3.13/site-packages/meep/simulation.py:6269: RuntimeWarning: quiet has been deprecated; use the Verbosity class instead
  warnings.warn(
/N/u/gogordon/BigRed200/.conda/envs/meep/lib/python3.13/site-packages/meep/simulation.py:6269: RuntimeWarning: quiet has been deprecated; use the Verbosity class instead
  warnings.warn(
/N/u/gogordon/BigRed200/.conda/envs/meep/lib/python3.13/site-packages/meep/simulation.py:6269: RuntimeWarning: quiet has been deprecated; use the Verbosity class instead
  warnings.warn(
/N/u/gogordon/BigRed200/.conda/envs/meep/lib/python3.13/site-packages/meep/simulation.py:6269: RuntimeWarning: quiet has been deprecated; use the Verbosity class instead
  warnings.warn(
/N/u/gogordon/BigRed200/.conda/envs/meep/lib/python3.13/site-packages/meep/simulation.py:6269: RuntimeWarning: quiet has been deprecated; use the Verbosity class instead
  warnings.warn(
/N/u/gogordon/BigRed200/.conda/envs/meep/lib/python3.13/site-packages/meep/simulation.py:6269: RuntimeWarning: quiet has been deprecated; use the Verbosity class instead
  warnings.warn(
/N/u/gogordon/BigRed200/.conda/envs/meep/lib/python3.13/site-packages/meep/simulation.py:6269: RuntimeWarning: quiet has been deprecated; use the Verbosity class instead
  warnings.warn(
/N/u/gogordon/BigRed200/.conda/envs/meep/lib/python3.13/site-packages/meep/simulation.py:6269: RuntimeWarning: quiet has been deprecated; use the Verbosity class instead
  warnings.warn(
/N/u/gogordon/BigRed200/.conda/envs/meep/lib/python3.13/site-packages/meep/simulation.py:6269: RuntimeWarning: quiet has been deprecated; use the Verbosity class instead
  warnings.warn(
/N/u/gogordon/BigRed200/.conda/envs/meep/lib/python3.13/site-packages/meep/simulation.py:6269: RuntimeWarning: quiet has been deprecated; use the Verbosity class instead
  warnings.warn(
/N/u/gogordon/BigRed200/.conda/envs/meep/lib/python3.13/site-packages/meep/simulation.py:6269: RuntimeWarning: quiet has been deprecated; use the Verbosity class instead
  warnings.warn(
/N/u/gogordon/BigRed200/.conda/envs/meep/lib/python3.13/site-packages/meep/simulation.py:6269: RuntimeWarning: quiet has been deprecated; use the Verbosity class instead
  warnings.warn(
/N/u/gogordon/BigRed200/.conda/envs/meep/lib/python3.13/site-packages/meep/simulation.py:6269: RuntimeWarning: quiet has been deprecated; use the Verbosity class instead
  warnings.warn(
/N/u/gogordon/BigRed200/.conda/envs/meep/lib/python3.13/site-packages/meep/simulation.py:6269: RuntimeWarning: quiet has been deprecated; use the Verbosity class instead
  warnings.warn(
/N/u/gogordon/BigRed200/.conda/envs/meep/lib/python3.13/site-packages/meep/simulation.py:6269: RuntimeWarning: quiet has been deprecated; use the Verbosity class instead
  warnings.warn(
/N/u/gogordon/BigRed200/.conda/envs/meep/lib/python3.13/site-packages/meep/simulation.py:6269: RuntimeWarning: quiet has been deprecated; use the Verbosity class instead
  warnings.warn(
/N/u/gogordon/BigRed200/.conda/envs/meep/lib/python3.13/site-packages/meep/simulation.py:6269: RuntimeWarning: quiet has been deprecated; use the Verbosity class instead
  warnings.warn(
/N/u/gogordon/BigRed200/.conda/envs/meep/lib/python3.13/site-packages/meep/simulation.py:6269: RuntimeWarning: quiet has been deprecated; use the Verbosity class instead
  warnings.warn(
/N/u/gogordon/BigRed200/.conda/envs/meep/lib/python3.13/site-packages/meep/simulation.py:6269: RuntimeWarning: quiet has been deprecated; use the Verbosity class instead
  warnings.warn(
/N/u/gogordon/BigRed200/.conda/envs/meep/lib/python3.13/site-packages/meep/simulation.py:6269: RuntimeWarning: quiet has been deprecated; use the Verbosity class instead
  warnings.warn(
/N/u/gogordon/BigRed200/.conda/envs/meep/lib/python3.13/site-packages/meep/simulation.py:6269: RuntimeWarning: quiet has been deprecated; use the Verbosity class instead
  warnings.warn(
/N/u/gogordon/BigRed200/.conda/envs/meep/lib/python3.13/site-packages/meep/simulation.py:6269: RuntimeWarning: quiet has been deprecated; use the Verbosity class instead
  warnings.warn(
/N/u/gogordon/BigRed200/.conda/envs/meep/lib/python3.13/site-packages/meep/simulation.py:6269: RuntimeWarning: quiet has been deprecated; use the Verbosity class instead
  warnings.warn(
/N/u/gogordon/BigRed200/.conda/envs/meep/lib/python3.13/site-packages/meep/simulation.py:6269: RuntimeWarning: quiet has been deprecated; use the Verbosity class instead
  warnings.warn(
/N/u/gogordon/BigRed200/.conda/envs/meep/lib/python3.13/site-packages/meep/simulation.py:6269: RuntimeWarning: quiet has been deprecated; use the Verbosity class instead
  warnings.warn(
/N/u/gogordon/BigRed200/.conda/envs/meep/lib/python3.13/site-packages/meep/simulation.py:6269: RuntimeWarning: quiet has been deprecated; use the Verbosity class instead
  warnings.warn(
/N/u/gogordon/BigRed200/.conda/envs/meep/lib/python3.13/site-packages/meep/simulation.py:6269: RuntimeWarning: quiet has been deprecated; use the Verbosity class instead
  warnings.warn(
/N/u/gogordon/BigRed200/.conda/envs/meep/lib/python3.13/site-packages/meep/simulation.py:6269: RuntimeWarning: quiet has been deprecated; use the Verbosity class instead
  warnings.warn(
/N/u/gogordon/BigRed200/.conda/envs/meep/lib/python3.13/site-packages/meep/simulation.py:6269: RuntimeWarning: quiet has been deprecated; use the Verbosity class instead
  warnings.warn(
/N/u/gogordon/BigRed200/.conda/envs/meep/lib/python3.13/site-packages/meep/simulation.py:6269: RuntimeWarning: quiet has been deprecated; use the Verbosity class instead
  warnings.warn(
/N/u/gogordon/BigRed200/.conda/envs/meep/lib/python3.13/site-packages/meep/simulation.py:6269: RuntimeWarning: quiet has been deprecated; use the Verbosity class instead
  warnings.warn(
/N/u/gogordon/BigRed200/.conda/envs/meep/lib/python3.13/site-packages/meep/simulation.py:6269: RuntimeWarning: quiet has been deprecated; use the Verbosity class instead
  warnings.warn(
/N/u/gogordon/BigRed200/.conda/envs/meep/lib/python3.13/site-packages/meep/simulation.py:6269: RuntimeWarning: quiet has been deprecated; use the Verbosity class instead
  warnings.warn(
/N/u/gogordon/BigRed200/.conda/envs/meep/lib/python3.13/site-packages/meep/simulation.py:6269: RuntimeWarning: quiet has been deprecated; use the Verbosity class instead
  warnings.warn(
/N/u/gogordon/BigRed200/.conda/envs/meep/lib/python3.13/site-packages/meep/simulation.py:6269: RuntimeWarning: quiet has been deprecated; use the Verbosity class instead
  warnings.warn(
/N/u/gogordon/BigRed200/.conda/envs/meep/lib/python3.13/site-packages/meep/simulation.py:6269: RuntimeWarning: quiet has been deprecated; use the Verbosity class instead
  warnings.warn(
/N/u/gogordon/BigRed200/.conda/envs/meep/lib/python3.13/site-packages/meep/simulation.py:6269: RuntimeWarning: quiet has been deprecated; use the Verbosity class instead
  warnings.warn(
/N/u/gogordon/BigRed200/.conda/envs/meep/lib/python3.13/site-packages/meep/simulation.py:6269: RuntimeWarning: quiet has been deprecated; use the Verbosity class instead
  warnings.warn(
/N/u/gogordon/BigRed200/.conda/envs/meep/lib/python3.13/site-packages/meep/simulation.py:6269: RuntimeWarning: quiet has been deprecated; use the Verbosity class instead
  warnings.warn(
/N/u/gogordon/BigRed200/.conda/envs/meep/lib/python3.13/site-packages/meep/simulation.py:6269: RuntimeWarning: quiet has been deprecated; use the Verbosity class instead
  warnings.warn(
/N/u/gogordon/BigRed200/.conda/envs/meep/lib/python3.13/site-packages/meep/simulation.py:6269: RuntimeWarning: quiet has been deprecated; use the Verbosity class instead
  warnings.warn(
/N/u/gogordon/BigRed200/.conda/envs/meep/lib/python3.13/site-packages/meep/simulation.py:6269: RuntimeWarning: quiet has been deprecated; use the Verbosity class instead
  warnings.warn(
/N/u/gogordon/BigRed200/.conda/envs/meep/lib/python3.13/site-packages/meep/simulation.py:6269: RuntimeWarning: quiet has been deprecated; use the Verbosity class instead
  warnings.warn(
/N/u/gogordon/BigRed200/.conda/envs/meep/lib/python3.13/site-packages/meep/simulation.py:6269: RuntimeWarning: quiet has been deprecated; use the Verbosity class instead
  warnings.warn(
/N/u/gogordon/BigRed200/.conda/envs/meep/lib/python3.13/site-packages/meep/simulation.py:6269: RuntimeWarning: quiet has been deprecated; use the Verbosity class instead
  warnings.warn(
/N/u/gogordon/BigRed200/.conda/envs/meep/lib/python3.13/site-packages/meep/simulation.py:6269: RuntimeWarning: quiet has been deprecated; use the Verbosity class instead
  warnings.warn(
/N/u/gogordon/BigRed200/.conda/envs/meep/lib/python3.13/site-packages/meep/simulation.py:6269: RuntimeWarning: quiet has been deprecated; use the Verbosity class instead
  warnings.warn(
/N/u/gogordon/BigRed200/.conda/envs/meep/lib/python3.13/site-packages/meep/simulation.py:6269: RuntimeWarning: quiet has been deprecated; use the Verbosity class instead
  warnings.warn(
/N/u/gogordon/BigRed200/.conda/envs/meep/lib/python3.13/site-packages/meep/simulation.py:6269: RuntimeWarning: quiet has been deprecated; use the Verbosity class instead
  warnings.warn(
/N/u/gogordon/BigRed200/.conda/envs/meep/lib/python3.13/site-packages/meep/simulation.py:6269: RuntimeWarning: quiet has been deprecated; use the Verbosity class instead
  warnings.warn(
/N/u/gogordon/BigRed200/.conda/envs/meep/lib/python3.13/site-packages/meep/simulation.py:6269: RuntimeWarning: quiet has been deprecated; use the Verbosity class instead
  warnings.warn(
/N/u/gogordon/BigRed200/.conda/envs/meep/lib/python3.13/site-packages/meep/simulation.py:6269: RuntimeWarning: quiet has been deprecated; use the Verbosity class instead
  warnings.warn(
/N/u/gogordon/BigRed200/.conda/envs/meep/lib/python3.13/site-packages/meep/simulation.py:6269: RuntimeWarning: quiet has been deprecated; use the Verbosity class instead
  warnings.warn(
/N/u/gogordon/BigRed200/.conda/envs/meep/lib/python3.13/site-packages/meep/simulation.py:6269: RuntimeWarning: quiet has been deprecated; use the Verbosity class instead
  warnings.warn(
/N/u/gogordon/BigRed200/.conda/envs/meep/lib/python3.13/site-packages/meep/simulation.py:6269: RuntimeWarning: quiet has been deprecated; use the Verbosity class instead
  warnings.warn(
/N/u/gogordon/BigRed200/.conda/envs/meep/lib/python3.13/site-packages/meep/simulation.py:6269: RuntimeWarning: quiet has been deprecated; use the Verbosity class instead
  warnings.warn(
/N/u/gogordon/BigRed200/.conda/envs/meep/lib/python3.13/site-packages/meep/simulation.py:6269: RuntimeWarning: quiet has been deprecated; use the Verbosity class instead
  warnings.warn(
/N/u/gogordon/BigRed200/.conda/envs/meep/lib/python3.13/site-packages/meep/simulation.py:6269: RuntimeWarning: quiet has been deprecated; use the Verbosity class instead
  warnings.warn(
/N/u/gogordon/BigRed200/.conda/envs/meep/lib/python3.13/site-packages/meep/simulation.py:6269: RuntimeWarning: quiet has been deprecated; use the Verbosity class instead
  warnings.warn(
/N/u/gogordon/BigRed200/.conda/envs/meep/lib/python3.13/site-packages/meep/simulation.py:6269: RuntimeWarning: quiet has been deprecated; use the Verbosity class instead
  warnings.warn(
/N/u/gogordon/BigRed200/.conda/envs/meep/lib/python3.13/site-packages/meep/simulation.py:6269: RuntimeWarning: quiet has been deprecated; use the Verbosity class instead
  warnings.warn(
/N/u/gogordon/BigRed200/.conda/envs/meep/lib/python3.13/site-packages/meep/simulation.py:6269: RuntimeWarning: quiet has been deprecated; use the Verbosity class instead
  warnings.warn(
/N/u/gogordon/BigRed200/.conda/envs/meep/lib/python3.13/site-packages/meep/simulation.py:6269: RuntimeWarning: quiet has been deprecated; use the Verbosity class instead
  warnings.warn(
/N/u/gogordon/BigRed200/.conda/envs/meep/lib/python3.13/site-packages/meep/simulation.py:6269: RuntimeWarning: quiet has been deprecated; use the Verbosity class instead
  warnings.warn(
/N/u/gogordon/BigRed200/.conda/envs/meep/lib/python3.13/site-packages/meep/simulation.py:6269: RuntimeWarning: quiet has been deprecated; use the Verbosity class instead
  warnings.warn(
/N/u/gogordon/BigRed200/.conda/envs/meep/lib/python3.13/site-packages/meep/simulation.py:6269: RuntimeWarning: quiet has been deprecated; use the Verbosity class instead
  warnings.warn(
/N/u/gogordon/BigRed200/.conda/envs/meep/lib/python3.13/site-packages/meep/simulation.py:6269: RuntimeWarning: quiet has been deprecated; use the Verbosity class instead
  warnings.warn(
/N/u/gogordon/BigRed200/.conda/envs/meep/lib/python3.13/site-packages/meep/simulation.py:6269: RuntimeWarning: quiet has been deprecated; use the Verbosity class instead
  warnings.warn(
/N/u/gogordon/BigRed200/.conda/envs/meep/lib/python3.13/site-packages/meep/simulation.py:6269: RuntimeWarning: quiet has been deprecated; use the Verbosity class instead
  warnings.warn(
/N/u/gogordon/BigRed200/.conda/envs/meep/lib/python3.13/site-packages/meep/simulation.py:6269: RuntimeWarning: quiet has been deprecated; use the Verbosity class instead
  warnings.warn(
/N/u/gogordon/BigRed200/.conda/envs/meep/lib/python3.13/site-packages/meep/simulation.py:6269: RuntimeWarning: quiet has been deprecated; use the Verbosity class instead
  warnings.warn(
/N/u/gogordon/BigRed200/.conda/envs/meep/lib/python3.13/site-packages/meep/simulation.py:6269: RuntimeWarning: quiet has been deprecated; use the Verbosity class instead
  warnings.warn(
/N/u/gogordon/BigRed200/.conda/envs/meep/lib/python3.13/site-packages/meep/simulation.py:6269: RuntimeWarning: quiet has been deprecated; use the Verbosity class instead
  warnings.warn(
/N/u/gogordon/BigRed200/.conda/envs/meep/lib/python3.13/site-packages/meep/simulation.py:6269: RuntimeWarning: quiet has been deprecated; use the Verbosity class instead
  warnings.warn(
/N/u/gogordon/BigRed200/.conda/envs/meep/lib/python3.13/site-packages/meep/simulation.py:6269: RuntimeWarning: quiet has been deprecated; use the Verbosity class instead
  warnings.warn(
/N/u/gogordon/BigRed200/.conda/envs/meep/lib/python3.13/site-packages/meep/simulation.py:6269: RuntimeWarning: quiet has been deprecated; use the Verbosity class instead
  warnings.warn(
/N/u/gogordon/BigRed200/.conda/envs/meep/lib/python3.13/site-packages/meep/simulation.py:6269: RuntimeWarning: quiet has been deprecated; use the Verbosity class instead
  warnings.warn(
/N/u/gogordon/BigRed200/.conda/envs/meep/lib/python3.13/site-packages/meep/simulation.py:6269: RuntimeWarning: quiet has been deprecated; use the Verbosity class instead
  warnings.warn(
/N/u/gogordon/BigRed200/.conda/envs/meep/lib/python3.13/site-packages/meep/simulation.py:6269: RuntimeWarning: quiet has been deprecated; use the Verbosity class instead
  warnings.warn(
/N/u/gogordon/BigRed200/.conda/envs/meep/lib/python3.13/site-packages/meep/simulation.py:6269: RuntimeWarning: quiet has been deprecated; use the Verbosity class instead
  warnings.warn(
/N/u/gogordon/BigRed200/.conda/envs/meep/lib/python3.13/site-packages/meep/simulation.py:6269: RuntimeWarning: quiet has been deprecated; use the Verbosity class instead
  warnings.warn(
/N/u/gogordon/BigRed200/.conda/envs/meep/lib/python3.13/site-packages/meep/simulation.py:6269: RuntimeWarning: quiet has been deprecated; use the Verbosity class instead
  warnings.warn(
/N/u/gogordon/BigRed200/.conda/envs/meep/lib/python3.13/site-packages/meep/simulation.py:6269: RuntimeWarning: quiet has been deprecated; use the Verbosity class instead
  warnings.warn(
/N/u/gogordon/BigRed200/.conda/envs/meep/lib/python3.13/site-packages/meep/simulation.py:6269: RuntimeWarning: quiet has been deprecated; use the Verbosity class instead
  warnings.warn(
/N/u/gogordon/BigRed200/.conda/envs/meep/lib/python3.13/site-packages/meep/simulation.py:6269: RuntimeWarning: quiet has been deprecated; use the Verbosity class instead
  warnings.warn(
/N/u/gogordon/BigRed200/.conda/envs/meep/lib/python3.13/site-packages/meep/simulation.py:6269: RuntimeWarning: quiet has been deprecated; use the Verbosity class instead
  warnings.warn(
/N/u/gogordon/BigRed200/.conda/envs/meep/lib/python3.13/site-packages/meep/simulation.py:6269: RuntimeWarning: quiet has been deprecated; use the Verbosity class instead
  warnings.warn(
srun: Job step aborted: Waiting up to 32 seconds for job step to finish.
slurmstepd: error: *** STEP 8165783.0 ON nid0324 CANCELLED AT 2026-09-08T00:30:15 ***
slurmstepd: error: *** JOB 8165783 ON nid0324 CANCELLED AT 2026-09-08T00:30:15 ***
