==================================================
SLURM ARRAY TASK ID: 68 / 224
Running on node: x1002c7s1b0n1
Start time: Thu Sep 10 05:29:07 PM EDT 2026
==================================================
Reading parameters from sweep_configs_sweet_spot/config_068.json...
Executing 3D FDTD Simulation: Alpha=75.0 deg, Theta=82.0 deg, d=0.25 um, L=2.0 um, Res=40...

Elapsed run time = 0.1088 s

Elapsed run time = 0.1095 s

Elapsed run time = 0.1093 s

Elapsed run time = 0.1093 s

Elapsed run time = 0.1094 s

Elapsed run time = 0.1092 s

Elapsed run time = 0.1093 s

Elapsed run time = 0.1092 s

Elapsed run time = 0.1093 s

Elapsed run time = 0.1091 s

Elapsed run time = 0.1093 s

Elapsed run time = 0.1094 s

Elapsed run time = 0.1096 s

Elapsed run time = 0.1091 s

Elapsed run time = 0.1092 s

Elapsed run time = 0.1092 s

Elapsed run time = 0.1094 s

Elapsed run time = 0.1096 s

Elapsed run time = 0.1094 s

Elapsed run time = 0.1089 s

Elapsed run time = 0.1092 s

Elapsed run time = 0.1094 s

Elapsed run time = 0.1091 s

Elapsed run time = 0.1091 s

Elapsed run time = 0.1096 s

Elapsed run time = 0.1093 s

Elapsed run time = 0.1098 s

Elapsed run time = 0.1093 s

Elapsed run time = 0.1094 s

Elapsed run time = 0.1096 s

Elapsed run time = 0.1095 s

Elapsed run time = 0.1094 s

Elapsed run time = 0.1095 s

Elapsed run time = 0.1094 s

Elapsed run time = 0.1093 s

Elapsed run time = 0.1092 s

Elapsed run time = 0.1093 s

Elapsed run time = 0.1090 s

Elapsed run time = 0.1094 s

Elapsed run time = 0.1093 s

Elapsed run time = 0.1094 s

Elapsed run time = 0.1098 s

Elapsed run time = 0.1094 s

Elapsed run time = 0.1093 s

Elapsed run time = 0.1095 s

Elapsed run time = 0.1093 s

Elapsed run time = 0.1095 s

Elapsed run time = 0.1094 s

Elapsed run time = 0.1097 s

Elapsed run time = 0.1092 s

Elapsed run time = 0.1094 s

Elapsed run time = 0.1098 s

Elapsed run time = 0.1091 s

Elapsed run time = 0.1093 s

Elapsed run time = 0.1094 s

Elapsed run time = 0.1093 s

Elapsed run time = 0.1092 s

Elapsed run time = 0.1093 s

Elapsed run time = 0.1093 s

Elapsed run time = 0.1105 s

Elapsed run time = 0.1103 s

Elapsed run time = 0.1099 s

Elapsed run time = 0.1105 s

Elapsed run time = 0.1110 s

Elapsed run time = 0.1111 s

Elapsed run time = 0.1111 s

Elapsed run time = 0.1111 s

Elapsed run time = 0.1111 s

Elapsed run time = 0.1113 s

Elapsed run time = 0.1112 s

Elapsed run time = 0.1118 s

Elapsed run time = 0.1122 s

Elapsed run time = 0.1135 s

Elapsed run time = 0.1134 s

Elapsed run time = 0.1137 s

Elapsed run time = 0.1143 s

Elapsed run time = 0.1141 s

Elapsed run time = 0.1144 s
Starting simulation: d=0.25 um, N_top=3, N_bottom=3, material=Phosphorene_tuned, resolution=40, nmax=3, theta=82.0, eps_bg=2.1, config=all, stepped_sieve=False, corrugated=True
Parallel configuration: 128 processes running 108 parallel moment partitions.
Task already complete! Found cached result in .tmp/meep_d_0.2500_N_3_corrugated_Nbot_3_Phosphorene_tuned_res_40_theta_82.0_eps_2.1_L_2.00.json (F_sub=-6.922319e-02). Skipping.

Elapsed run time = 0.1147 s

Elapsed run time = 0.1148 s

Elapsed run time = 0.1154 s

Elapsed run time = 0.1152 s

Elapsed run time = 0.1153 s

Elapsed run time = 0.1155 s

Elapsed run time = 0.1154 s

Elapsed run time = 0.1155 s

Elapsed run time = 0.1161 s

Elapsed run time = 0.1166 s

Elapsed run time = 0.1168 s

Elapsed run time = 0.1171 s

Elapsed run time = 0.1174 s

Elapsed run time = 0.1173 s

Elapsed run time = 0.1174 s

Elapsed run time = 0.1173 s

Elapsed run time = 0.1173 s

Elapsed run time = 0.1174 s

Elapsed run time = 0.1175 s

Elapsed run time = 0.1172 s

Elapsed run time = 0.1176 s

Elapsed run time = 0.1176 s

Elapsed run time = 0.1177 s

Elapsed run time = 0.1176 s

Elapsed run time = 0.1179 s

Elapsed run time = 0.1180 s

Elapsed run time = 0.1177 s

Elapsed run time = 0.1178 s

Elapsed run time = 0.1179 s

Elapsed run time = 0.1179 s

Elapsed run time = 0.1182 s

Elapsed run time = 0.1181 s

Elapsed run time = 0.1181 s

Elapsed run time = 0.1181 s

Elapsed run time = 0.1177 s

Elapsed run time = 0.1183 s

Elapsed run time = 0.1181 s

Elapsed run time = 0.1185 s

Elapsed run time = 0.1201 s

Elapsed run time = 0.1199 s

Elapsed run time = 0.1199 s

Elapsed run time = 0.1208 s

Elapsed run time = 0.1222 s

Elapsed run time = 0.1229 s

Elapsed run time = 0.1228 s

Elapsed run time = 0.1229 s

Elapsed run time = 0.1238 s

Elapsed run time = 0.1231 s

Elapsed run time = 0.1230 s

Elapsed run time = 0.1271 s
Task 68 complete at Thu Sep 10 05:29:52 PM EDT 2026.
