==================================================
SLURM ARRAY TASK ID: 132 / 224
Running on node: x1001c5s5b0n0
Start time: Fri Sep 11 06:54:04 AM EDT 2026
==================================================
Reading parameters from sweep_configs_sweet_spot/config_132.json...
Executing 3D FDTD Simulation: Alpha=80.0 deg, Theta=84.0 deg, d=0.3 um, L=2.0 um, Res=40...
Starting simulation: d=0.3 um, N_top=3, N_bottom=3, material=Phosphorene_tuned, resolution=40, nmax=3, theta=84.0, eps_bg=2.1, config=all, stepped_sieve=False, corrugated=True
Parallel configuration: 128 processes running 108 parallel moment partitions.

Elapsed run time = 0.0800 s

Elapsed run time = 0.0810 s

Elapsed run time = 0.0814 s

Elapsed run time = 0.0812 s

Elapsed run time = 0.0827 s

Elapsed run time = 0.0827 s

Elapsed run time = 0.0843 s

Elapsed run time = 0.0849 s

Elapsed run time = 0.0847 s

Elapsed run time = 0.0865 s

Elapsed run time = 0.0893 s

Elapsed run time = 0.0901 s

Elapsed run time = 0.0911 s

Elapsed run time = 0.0922 s

Elapsed run time = 0.1172 s

Elapsed run time = 0.1197 s

Elapsed run time = 0.1233 s

Elapsed run time = 0.1239 s

Elapsed run time = 0.1230 s

Elapsed run time = 0.1243 s

Elapsed run time = 1518.5493 s

Elapsed run time = 1518.8913 s

Elapsed run time = 1551.8996 s

Elapsed run time = 1552.1559 s

Elapsed run time = 2191.4985 s

Elapsed run time = 2211.7998 s

Elapsed run time = 2219.5588 s

Elapsed run time = 2219.6099 s

Elapsed run time = 2233.3908 s

Elapsed run time = 2235.0604 s

Elapsed run time = 2243.5219 s

Elapsed run time = 2248.6416 s
  [BOTH][Rank 0] Done moment 1/1 (task 0): force_integral=-1.252039e-03

Elapsed run time = 5264.2010 s

Elapsed run time = 5267.7180 s

Elapsed run time = 5270.7223 s

Elapsed run time = 5283.0537 s

Elapsed run time = 5284.2471 s

Elapsed run time = 5284.4298 s

Elapsed run time = 5285.3980 s

Elapsed run time = 5288.8389 s

Elapsed run time = 5288.8586 s

Elapsed run time = 5290.2769 s

Elapsed run time = 5290.5262 s

Elapsed run time = 5291.3219 s

Elapsed run time = 5291.8994 s

Elapsed run time = 5293.1534 s

Elapsed run time = 5295.9877 s

Elapsed run time = 5297.8134 s

Elapsed run time = 5298.3416 s

Elapsed run time = 5298.9689 s

Elapsed run time = 5298.9783 s

Elapsed run time = 5299.4313 s

Elapsed run time = 5299.4521 s

Elapsed run time = 5299.6685 s

Elapsed run time = 5302.5242 s

Elapsed run time = 5302.9875 s

Elapsed run time = 5303.6753 s

Elapsed run time = 5303.7639 s

Elapsed run time = 5305.2207 s

Elapsed run time = 5305.8786 s

Elapsed run time = 5306.3731 s

Elapsed run time = 5306.6588 s

Elapsed run time = 5306.9844 s

Elapsed run time = 5308.1965 s

Elapsed run time = 5308.8845 s

Elapsed run time = 5309.1335 s

Elapsed run time = 5310.2597 s

Elapsed run time = 5310.2609 s

Elapsed run time = 5310.3386 s

Elapsed run time = 5311.0098 s

Elapsed run time = 5312.9774 s

Elapsed run time = 5313.7199 s

Elapsed run time = 5316.0220 s

Elapsed run time = 5316.1320 s

Elapsed run time = 5316.1642 s

Elapsed run time = 5316.2176 s

Elapsed run time = 5316.8388 s
  [SELF][Rank 0] Done moment 1/1 (task 0): force_integral=+2.584478e-05

Elapsed run time = 5318.8245 s

Elapsed run time = 5319.8745 s

Elapsed run time = 5320.9295 s

Elapsed run time = 5321.2089 s

Elapsed run time = 5321.4157 s

Elapsed run time = 5321.4427 s

Elapsed run time = 5321.8174 s

Elapsed run time = 5327.4019 s

Elapsed run time = 5327.6404 s

Elapsed run time = 5328.8512 s

Elapsed run time = 5328.8697 s

Elapsed run time = 5331.5569 s

Elapsed run time = 5331.9472 s

Elapsed run time = 5332.8456 s

Elapsed run time = 5333.1174 s

Elapsed run time = 5333.1521 s

Elapsed run time = 5333.6694 s

Elapsed run time = 5334.1328 s

Elapsed run time = 5334.2957 s

Elapsed run time = 5334.3249 s

Elapsed run time = 5334.9749 s

Elapsed run time = 5335.6451 s

Elapsed run time = 5335.7565 s

Elapsed run time = 5335.7900 s

Elapsed run time = 5336.4179 s

Elapsed run time = 5336.4757 s

Elapsed run time = 5338.1982 s

Elapsed run time = 5339.0632 s

Elapsed run time = 5339.3269 s

Elapsed run time = 5340.1026 s

Elapsed run time = 5340.1092 s

Elapsed run time = 5340.8148 s

Elapsed run time = 5340.9676 s

Elapsed run time = 5341.3453 s

Elapsed run time = 5343.2162 s

Elapsed run time = 5343.9967 s

Elapsed run time = 5344.5510 s

Elapsed run time = 5344.9573 s

Elapsed run time = 5345.7430 s

Elapsed run time = 5346.4033 s

Elapsed run time = 5347.7859 s

Elapsed run time = 5348.9591 s

Elapsed run time = 5349.4159 s

Elapsed run time = 5350.4286 s

Elapsed run time = 5351.0977 s

Elapsed run time = 5351.4716 s

Elapsed run time = 5351.8384 s

Elapsed run time = 5351.8877 s

Elapsed run time = 5352.2853 s

Elapsed run time = 5353.6093 s
Simulation complete. Subtracted force: -4.321210e-02. Saved to .tmp/meep_d_0.3000_N_3_corrugated_al_80.0_Nbot_3_Phosphorene_tuned_res_40_theta_84.0_eps_2.1_L_2.00.json

Elapsed run time = 5354.3255 s
Task 132 complete at Fri Sep 11 08:23:26 AM EDT 2026.
