==================================================
SLURM ARRAY TASK ID: 159 / 224
Running on node: x1001c7s5b1n1
Start time: Fri Sep 11 08:15:33 AM EDT 2026
==================================================
Reading parameters from sweep_configs_sweet_spot/config_159.json...
Executing 3D FDTD Simulation: Alpha=80.0 deg, Theta=92.0 deg, d=0.25 um, L=2.0 um, Res=40...
Starting simulation: d=0.25 um, N_top=3, N_bottom=3, material=Phosphorene_tuned, resolution=40, nmax=3, theta=92.0, eps_bg=2.1, config=all, stepped_sieve=False, corrugated=True
Parallel configuration: 128 processes running 108 parallel moment partitions.

Elapsed run time = 0.1890 s

Elapsed run time = 0.1900 s

Elapsed run time = 0.1927 s

Elapsed run time = 0.1932 s

Elapsed run time = 0.1932 s

Elapsed run time = 0.1950 s

Elapsed run time = 0.2037 s

Elapsed run time = 0.2085 s

Elapsed run time = 0.2084 s

Elapsed run time = 0.2104 s

Elapsed run time = 0.2118 s

Elapsed run time = 0.2113 s

Elapsed run time = 0.2123 s

Elapsed run time = 0.2121 s

Elapsed run time = 0.2177 s

Elapsed run time = 0.2246 s

Elapsed run time = 0.2259 s

Elapsed run time = 0.2261 s

Elapsed run time = 0.2266 s

Elapsed run time = 0.2332 s

Elapsed run time = 1494.3821 s

Elapsed run time = 1501.3027 s

Elapsed run time = 1519.0822 s

Elapsed run time = 1527.7574 s

Elapsed run time = 2172.5376 s

Elapsed run time = 2173.4626 s

Elapsed run time = 2178.9135 s

Elapsed run time = 2183.3415 s

Elapsed run time = 2187.2614 s

Elapsed run time = 2199.7677 s

Elapsed run time = 2200.9631 s

Elapsed run time = 2203.1770 s
  [BOTH][Rank 0] Done moment 1/1 (task 0): force_integral=-2.109760e-03

Elapsed run time = 5122.0018 s

Elapsed run time = 5165.6394 s

Elapsed run time = 5168.0271 s

Elapsed run time = 5178.0017 s

Elapsed run time = 5182.8998 s

Elapsed run time = 5186.4418 s

Elapsed run time = 5190.4163 s

Elapsed run time = 5195.1710 s

Elapsed run time = 5195.3365 s

Elapsed run time = 5195.4524 s

Elapsed run time = 5195.6572 s

Elapsed run time = 5196.4072 s

Elapsed run time = 5196.6328 s

Elapsed run time = 5198.8328 s

Elapsed run time = 5199.4195 s

Elapsed run time = 5199.7909 s

Elapsed run time = 5200.3101 s

Elapsed run time = 5200.5222 s

Elapsed run time = 5200.7267 s

Elapsed run time = 5201.0953 s

Elapsed run time = 5201.3872 s

Elapsed run time = 5202.4801 s

Elapsed run time = 5202.8274 s

Elapsed run time = 5204.1166 s

Elapsed run time = 5205.2985 s

Elapsed run time = 5206.3514 s

Elapsed run time = 5206.7690 s

Elapsed run time = 5207.1352 s

Elapsed run time = 5208.0670 s

Elapsed run time = 5208.9142 s

Elapsed run time = 5209.6849 s

Elapsed run time = 5211.0347 s

Elapsed run time = 5211.0987 s

Elapsed run time = 5211.2179 s

Elapsed run time = 5212.8204 s

Elapsed run time = 5214.1772 s

Elapsed run time = 5214.4177 s

Elapsed run time = 5215.4959 s

Elapsed run time = 5215.5044 s

Elapsed run time = 5215.7008 s

Elapsed run time = 5215.9665 s

Elapsed run time = 5216.8273 s

Elapsed run time = 5219.1259 s

Elapsed run time = 5221.3198 s

Elapsed run time = 5221.3279 s
  [SELF][Rank 0] Done moment 1/1 (task 0): force_integral=-1.564230e-04

Elapsed run time = 5222.4917 s

Elapsed run time = 5222.9000 s

Elapsed run time = 5223.0211 s

Elapsed run time = 5224.5589 s

Elapsed run time = 5226.3226 s

Elapsed run time = 5228.6836 s

Elapsed run time = 5228.6909 s

Elapsed run time = 5228.7569 s

Elapsed run time = 5230.9494 s

Elapsed run time = 5231.6497 s

Elapsed run time = 5231.9980 s

Elapsed run time = 5232.3892 s

Elapsed run time = 5233.4964 s

Elapsed run time = 5235.0643 s

Elapsed run time = 5235.4767 s

Elapsed run time = 5235.5075 s

Elapsed run time = 5236.0011 s

Elapsed run time = 5236.5778 s

Elapsed run time = 5237.5541 s

Elapsed run time = 5238.2725 s

Elapsed run time = 5238.7478 s

Elapsed run time = 5239.7842 s

Elapsed run time = 5239.9373 s

Elapsed run time = 5240.0598 s

Elapsed run time = 5241.2821 s

Elapsed run time = 5241.4408 s

Elapsed run time = 5242.1809 s

Elapsed run time = 5242.4423 s

Elapsed run time = 5242.5245 s

Elapsed run time = 5242.7011 s

Elapsed run time = 5242.7463 s

Elapsed run time = 5242.9888 s

Elapsed run time = 5243.0568 s

Elapsed run time = 5243.0611 s

Elapsed run time = 5245.0572 s

Elapsed run time = 5245.5337 s

Elapsed run time = 5246.2453 s

Elapsed run time = 5247.3735 s

Elapsed run time = 5247.7901 s

Elapsed run time = 5248.6747 s

Elapsed run time = 5249.4625 s

Elapsed run time = 5249.6911 s

Elapsed run time = 5251.7984 s

Elapsed run time = 5252.2131 s

Elapsed run time = 5254.3050 s

Elapsed run time = 5254.6392 s

Elapsed run time = 5254.6387 s

Elapsed run time = 5256.6037 s

Elapsed run time = 5257.9477 s

Elapsed run time = 5258.6532 s
Simulation complete. Subtracted force: -7.824664e-02. Saved to .tmp/meep_d_0.2500_N_3_corrugated_al_80.0_Nbot_3_Phosphorene_tuned_res_40_theta_92.0_eps_2.1_L_2.00.json

Elapsed run time = 5259.3051 s
Task 159 complete at Fri Sep 11 09:44:01 AM EDT 2026.
