==================================================
SLURM ARRAY TASK ID: 77 / 224
Running on node: x1002c5s1b0n1
Start time: Fri Sep 11 02:14:02 AM EDT 2026
==================================================
Reading parameters from sweep_configs_sweet_spot/config_077.json...
Executing 3D FDTD Simulation: Alpha=75.0 deg, Theta=84.0 deg, d=0.35 um, L=2.0 um, Res=40...
Starting simulation: d=0.35 um, N_top=3, N_bottom=3, material=Phosphorene_tuned, resolution=40, nmax=3, theta=84.0, eps_bg=2.1, config=all, stepped_sieve=False, corrugated=True
Parallel configuration: 128 processes running 108 parallel moment partitions.

Elapsed run time = 0.1046 s

Elapsed run time = 0.1059 s

Elapsed run time = 0.1068 s

Elapsed run time = 0.1090 s

Elapsed run time = 0.1148 s

Elapsed run time = 0.1155 s

Elapsed run time = 0.1163 s

Elapsed run time = 0.1180 s

Elapsed run time = 0.1183 s

Elapsed run time = 0.1230 s

Elapsed run time = 0.1233 s

Elapsed run time = 0.1281 s

Elapsed run time = 0.1284 s

Elapsed run time = 0.1292 s

Elapsed run time = 0.1294 s

Elapsed run time = 0.1299 s

Elapsed run time = 0.1303 s

Elapsed run time = 0.1306 s

Elapsed run time = 0.1310 s

Elapsed run time = 0.1317 s

Elapsed run time = 1560.4763 s

Elapsed run time = 1569.4051 s

Elapsed run time = 1592.5132 s

Elapsed run time = 1596.9178 s

Elapsed run time = 2271.3202 s

Elapsed run time = 2271.5473 s

Elapsed run time = 2271.8765 s

Elapsed run time = 2277.9950 s

Elapsed run time = 2292.0088 s

Elapsed run time = 2297.0031 s

Elapsed run time = 2304.1102 s

Elapsed run time = 2308.6189 s
  [BOTH][Rank 0] Done moment 1/1 (task 0): force_integral=-4.968132e-03

Elapsed run time = 5316.5836 s

Elapsed run time = 5356.4868 s

Elapsed run time = 5361.2495 s

Elapsed run time = 5371.4719 s

Elapsed run time = 5372.0055 s

Elapsed run time = 5378.2594 s

Elapsed run time = 5379.0900 s

Elapsed run time = 5384.2147 s

Elapsed run time = 5387.0026 s

Elapsed run time = 5388.8908 s

Elapsed run time = 5389.1114 s

Elapsed run time = 5390.3786 s

Elapsed run time = 5390.5411 s

Elapsed run time = 5393.2647 s

Elapsed run time = 5394.4798 s

Elapsed run time = 5395.6045 s

Elapsed run time = 5396.9793 s

Elapsed run time = 5398.8330 s

Elapsed run time = 5398.8444 s

Elapsed run time = 5399.9123 s

Elapsed run time = 5399.9189 s

Elapsed run time = 5400.9859 s

Elapsed run time = 5400.9972 s

Elapsed run time = 5403.2093 s

Elapsed run time = 5403.9038 s

Elapsed run time = 5404.3796 s

Elapsed run time = 5405.1101 s

Elapsed run time = 5405.7346 s

Elapsed run time = 5405.8482 s

Elapsed run time = 5406.4012 s

Elapsed run time = 5407.4590 s

Elapsed run time = 5407.8976 s

Elapsed run time = 5408.7556 s

Elapsed run time = 5410.8183 s

Elapsed run time = 5411.2168 s

Elapsed run time = 5412.1953 s

Elapsed run time = 5412.4676 s

Elapsed run time = 5414.0796 s

Elapsed run time = 5414.6780 s

Elapsed run time = 5414.7246 s

Elapsed run time = 5415.4641 s

Elapsed run time = 5415.9295 s

Elapsed run time = 5415.9968 s

Elapsed run time = 5417.0356 s

Elapsed run time = 5417.4097 s

Elapsed run time = 5418.2481 s

Elapsed run time = 5418.8341 s

Elapsed run time = 5419.7168 s

Elapsed run time = 5419.8420 s
  [SELF][Rank 0] Done moment 1/1 (task 0): force_integral=-4.147930e-03

Elapsed run time = 5420.9143 s

Elapsed run time = 5421.7440 s

Elapsed run time = 5422.0301 s

Elapsed run time = 5422.2813 s

Elapsed run time = 5425.2552 s

Elapsed run time = 5425.5869 s

Elapsed run time = 5426.1010 s

Elapsed run time = 5427.1112 s

Elapsed run time = 5428.7684 s

Elapsed run time = 5431.7669 s

Elapsed run time = 5432.7692 s

Elapsed run time = 5432.9906 s

Elapsed run time = 5433.0147 s

Elapsed run time = 5434.4762 s

Elapsed run time = 5435.3263 s

Elapsed run time = 5436.2068 s

Elapsed run time = 5436.2603 s

Elapsed run time = 5437.4973 s

Elapsed run time = 5437.9024 s

Elapsed run time = 5438.5826 s

Elapsed run time = 5440.9252 s

Elapsed run time = 5441.3409 s

Elapsed run time = 5442.3291 s

Elapsed run time = 5442.8077 s

Elapsed run time = 5442.8604 s

Elapsed run time = 5444.5520 s

Elapsed run time = 5444.9248 s

Elapsed run time = 5445.7386 s

Elapsed run time = 5446.6763 s

Elapsed run time = 5446.9752 s

Elapsed run time = 5447.1700 s

Elapsed run time = 5447.3350 s

Elapsed run time = 5447.5362 s

Elapsed run time = 5447.8859 s

Elapsed run time = 5449.9051 s

Elapsed run time = 5450.2357 s

Elapsed run time = 5450.6743 s

Elapsed run time = 5450.9044 s

Elapsed run time = 5452.2764 s

Elapsed run time = 5452.4568 s

Elapsed run time = 5452.5317 s

Elapsed run time = 5453.2922 s

Elapsed run time = 5453.3616 s

Elapsed run time = 5453.5646 s

Elapsed run time = 5455.2807 s

Elapsed run time = 5456.8809 s
Simulation complete. Subtracted force: -1.765266e-02. Saved to .tmp/meep_d_0.3500_N_3_corrugated_al_75.0_Nbot_3_Phosphorene_tuned_res_40_theta_84.0_eps_2.1_L_2.00.json

Elapsed run time = 5457.4836 s
Task 77 complete at Fri Sep 11 03:45:31 AM EDT 2026.
