==================================================
SLURM ARRAY TASK ID: 164 / 224
Running on node: x1000c3s6b0n0
Start time: Fri Sep 11 08:20:23 AM EDT 2026
==================================================
Reading parameters from sweep_configs_sweet_spot/config_164.json...
Executing 3D FDTD Simulation: Alpha=80.0 deg, Theta=94.0 deg, d=0.15 um, L=2.0 um, Res=40...
Starting simulation: d=0.15 um, N_top=3, N_bottom=3, material=Phosphorene_tuned, resolution=40, nmax=3, theta=94.0, eps_bg=2.1, config=all, stepped_sieve=False, corrugated=True
Parallel configuration: 128 processes running 108 parallel moment partitions.

Elapsed run time = 0.2640 s

Elapsed run time = 0.2604 s

Elapsed run time = 0.2647 s

Elapsed run time = 0.2616 s

Elapsed run time = 0.2701 s

Elapsed run time = 0.2706 s

Elapsed run time = 0.2677 s

Elapsed run time = 0.2729 s

Elapsed run time = 0.2721 s

Elapsed run time = 0.2748 s

Elapsed run time = 0.2967 s

Elapsed run time = 0.2975 s

Elapsed run time = 0.2981 s

Elapsed run time = 0.2991 s

Elapsed run time = 0.2967 s

Elapsed run time = 0.3002 s

Elapsed run time = 0.2967 s

Elapsed run time = 0.3004 s

Elapsed run time = 0.2974 s

Elapsed run time = 0.2990 s

Elapsed run time = 1436.6096 s

Elapsed run time = 1437.5298 s

Elapsed run time = 1468.7202 s

Elapsed run time = 1470.7646 s

Elapsed run time = 2087.2415 s

Elapsed run time = 2087.7763 s

Elapsed run time = 2103.4063 s

Elapsed run time = 2104.6812 s

Elapsed run time = 2104.9438 s

Elapsed run time = 2118.3585 s

Elapsed run time = 2123.6824 s

Elapsed run time = 2125.9112 s
  [BOTH][Rank 0] Done moment 1/1 (task 0): force_integral=-2.818424e-03

Elapsed run time = 4932.5998 s

Elapsed run time = 4972.0091 s

Elapsed run time = 4976.5730 s

Elapsed run time = 4976.6719 s

Elapsed run time = 4978.6551 s

Elapsed run time = 4984.6603 s

Elapsed run time = 5000.0739 s

Elapsed run time = 5001.1189 s

Elapsed run time = 5001.3430 s

Elapsed run time = 5003.4955 s

Elapsed run time = 5004.6296 s

Elapsed run time = 5007.1361 s

Elapsed run time = 5009.1090 s

Elapsed run time = 5009.6370 s

Elapsed run time = 5010.6094 s

Elapsed run time = 5011.1881 s

Elapsed run time = 5011.4522 s

Elapsed run time = 5011.7435 s

Elapsed run time = 5012.0847 s

Elapsed run time = 5012.2356 s

Elapsed run time = 5012.4902 s

Elapsed run time = 5012.5718 s

Elapsed run time = 5013.3728 s

Elapsed run time = 5014.5711 s

Elapsed run time = 5015.5990 s

Elapsed run time = 5015.8856 s

Elapsed run time = 5016.2340 s

Elapsed run time = 5016.7930 s

Elapsed run time = 5017.2525 s

Elapsed run time = 5017.5837 s

Elapsed run time = 5018.3235 s

Elapsed run time = 5018.4113 s

Elapsed run time = 5019.3564 s
  [SELF][Rank 0] Done moment 1/1 (task 0): force_integral=+2.346246e-03

Elapsed run time = 5021.1259 s

Elapsed run time = 5021.2642 s

Elapsed run time = 5022.1703 s

Elapsed run time = 5025.5345 s

Elapsed run time = 5026.2092 s

Elapsed run time = 5027.1493 s

Elapsed run time = 5029.8302 s

Elapsed run time = 5030.5706 s

Elapsed run time = 5031.3361 s

Elapsed run time = 5032.2495 s

Elapsed run time = 5033.4155 s

Elapsed run time = 5033.8029 s

Elapsed run time = 5035.2393 s

Elapsed run time = 5036.1820 s

Elapsed run time = 5036.3809 s

Elapsed run time = 5036.6374 s

Elapsed run time = 5037.4507 s

Elapsed run time = 5038.2074 s

Elapsed run time = 5041.3372 s

Elapsed run time = 5042.3518 s

Elapsed run time = 5042.5702 s

Elapsed run time = 5042.6104 s

Elapsed run time = 5042.8387 s

Elapsed run time = 5043.2043 s

Elapsed run time = 5043.2379 s

Elapsed run time = 5044.0234 s

Elapsed run time = 5044.4317 s

Elapsed run time = 5044.5272 s

Elapsed run time = 5044.9790 s

Elapsed run time = 5046.7170 s

Elapsed run time = 5047.1209 s

Elapsed run time = 5047.3083 s

Elapsed run time = 5047.4422 s

Elapsed run time = 5048.3533 s

Elapsed run time = 5048.4925 s

Elapsed run time = 5048.7093 s

Elapsed run time = 5049.0377 s

Elapsed run time = 5049.5029 s

Elapsed run time = 5050.2616 s

Elapsed run time = 5050.3248 s

Elapsed run time = 5051.0172 s

Elapsed run time = 5052.7652 s

Elapsed run time = 5053.0055 s

Elapsed run time = 5054.2822 s

Elapsed run time = 5054.4430 s

Elapsed run time = 5054.7431 s

Elapsed run time = 5054.8953 s

Elapsed run time = 5054.9262 s

Elapsed run time = 5055.3440 s

Elapsed run time = 5055.8131 s

Elapsed run time = 5056.9226 s

Elapsed run time = 5057.8309 s

Elapsed run time = 5057.9827 s

Elapsed run time = 5059.1129 s

Elapsed run time = 5059.2866 s

Elapsed run time = 5059.8851 s

Elapsed run time = 5063.4572 s

Elapsed run time = 5066.4861 s

Elapsed run time = 5067.8623 s

Elapsed run time = 5071.6922 s

Elapsed run time = 5072.2076 s

Elapsed run time = 5072.5741 s
Simulation complete. Subtracted force: -3.179810e-01. Saved to .tmp/meep_d_0.1500_N_3_corrugated_al_80.0_Nbot_3_Phosphorene_tuned_res_40_theta_94.0_eps_2.1_L_2.00.json

Elapsed run time = 5073.4884 s
Task 164 complete at Fri Sep 11 09:45:45 AM EDT 2026.
