==================================================
SLURM ARRAY TASK ID: 134 / 224
Running on node: x1001c7s5b1n1
Start time: Fri Sep 11 06:54:04 AM EDT 2026
==================================================
Reading parameters from sweep_configs_sweet_spot/config_134.json...
Executing 3D FDTD Simulation: Alpha=80.0 deg, Theta=86.0 deg, d=0.05 um, L=2.0 um, Res=40...
Starting simulation: d=0.05 um, N_top=3, N_bottom=3, material=Phosphorene_tuned, resolution=40, nmax=3, theta=86.0, eps_bg=2.1, config=all, stepped_sieve=False, corrugated=True
Parallel configuration: 128 processes running 108 parallel moment partitions.

Elapsed run time = 0.0944 s

Elapsed run time = 0.1007 s

Elapsed run time = 0.1045 s

Elapsed run time = 0.1068 s

Elapsed run time = 0.1071 s

Elapsed run time = 0.1079 s

Elapsed run time = 0.1081 s

Elapsed run time = 0.1108 s

Elapsed run time = 0.1139 s

Elapsed run time = 0.1163 s

Elapsed run time = 0.1175 s

Elapsed run time = 0.1189 s

Elapsed run time = 0.1194 s

Elapsed run time = 0.1199 s

Elapsed run time = 0.1209 s

Elapsed run time = 0.1228 s

Elapsed run time = 0.1232 s

Elapsed run time = 0.1242 s

Elapsed run time = 0.1240 s

Elapsed run time = 0.1253 s

Elapsed run time = 1387.8127 s

Elapsed run time = 1395.4686 s

Elapsed run time = 1416.5187 s

Elapsed run time = 1419.9818 s

Elapsed run time = 2007.5923 s

Elapsed run time = 2007.9745 s

Elapsed run time = 2023.3456 s

Elapsed run time = 2026.4945 s

Elapsed run time = 2028.5197 s

Elapsed run time = 2036.6910 s

Elapsed run time = 2041.0433 s

Elapsed run time = 2045.9362 s
  [BOTH][Rank 0] Done moment 1/1 (task 0): force_integral=-1.593729e-02

Elapsed run time = 4790.6935 s

Elapsed run time = 4797.5791 s

Elapsed run time = 4801.6399 s

Elapsed run time = 4803.3591 s

Elapsed run time = 4804.1385 s

Elapsed run time = 4805.0054 s

Elapsed run time = 4809.3381 s

Elapsed run time = 4811.6588 s

Elapsed run time = 4815.3014 s

Elapsed run time = 4815.5867 s

Elapsed run time = 4817.1470 s

Elapsed run time = 4821.1478 s

Elapsed run time = 4821.3687 s

Elapsed run time = 4822.1883 s

Elapsed run time = 4823.6632 s

Elapsed run time = 4823.9280 s

Elapsed run time = 4823.9994 s

Elapsed run time = 4824.3306 s

Elapsed run time = 4824.3750 s

Elapsed run time = 4824.5107 s

Elapsed run time = 4825.1830 s

Elapsed run time = 4825.8154 s

Elapsed run time = 4825.8731 s

Elapsed run time = 4826.1551 s

Elapsed run time = 4827.6141 s

Elapsed run time = 4830.1528 s

Elapsed run time = 4830.7794 s

Elapsed run time = 4832.8427 s

Elapsed run time = 4833.0578 s

Elapsed run time = 4833.5803 s

Elapsed run time = 4834.2622 s

Elapsed run time = 4834.3072 s

Elapsed run time = 4834.4444 s

Elapsed run time = 4835.5472 s

Elapsed run time = 4837.7024 s

Elapsed run time = 4837.7587 s

Elapsed run time = 4837.7947 s

Elapsed run time = 4838.1663 s

Elapsed run time = 4838.5075 s

Elapsed run time = 4839.0871 s
  [SELF][Rank 0] Done moment 1/1 (task 0): force_integral=-2.202239e-03

Elapsed run time = 4840.5040 s

Elapsed run time = 4843.1169 s

Elapsed run time = 4843.3629 s

Elapsed run time = 4843.7264 s

Elapsed run time = 4844.4335 s

Elapsed run time = 4845.2427 s

Elapsed run time = 4846.8121 s

Elapsed run time = 4846.8734 s

Elapsed run time = 4847.2743 s

Elapsed run time = 4847.5003 s

Elapsed run time = 4847.7841 s

Elapsed run time = 4850.7186 s

Elapsed run time = 4850.8686 s

Elapsed run time = 4851.1441 s

Elapsed run time = 4851.6308 s

Elapsed run time = 4851.8402 s

Elapsed run time = 4853.0992 s

Elapsed run time = 4853.8942 s

Elapsed run time = 4854.8905 s

Elapsed run time = 4855.0260 s

Elapsed run time = 4859.2161 s

Elapsed run time = 4859.8437 s

Elapsed run time = 4860.4316 s

Elapsed run time = 4860.5214 s

Elapsed run time = 4860.5331 s

Elapsed run time = 4860.6000 s

Elapsed run time = 4860.6316 s

Elapsed run time = 4861.2638 s

Elapsed run time = 4861.4894 s

Elapsed run time = 4862.2447 s

Elapsed run time = 4862.5296 s

Elapsed run time = 4862.6926 s

Elapsed run time = 4863.3059 s

Elapsed run time = 4863.6005 s

Elapsed run time = 4864.3118 s

Elapsed run time = 4865.7442 s

Elapsed run time = 4865.9457 s

Elapsed run time = 4865.9667 s

Elapsed run time = 4866.0146 s

Elapsed run time = 4866.3326 s

Elapsed run time = 4866.5279 s

Elapsed run time = 4867.4542 s

Elapsed run time = 4867.9038 s

Elapsed run time = 4868.2833 s

Elapsed run time = 4868.8185 s

Elapsed run time = 4869.3506 s

Elapsed run time = 4870.0437 s

Elapsed run time = 4870.5343 s

Elapsed run time = 4872.3115 s

Elapsed run time = 4874.2199 s

Elapsed run time = 4874.8442 s

Elapsed run time = 4875.7108 s

Elapsed run time = 4879.5353 s

Elapsed run time = 4879.5936 s

Elapsed run time = 4879.7618 s
Simulation complete. Subtracted force: -6.006722e+01. Saved to .tmp/meep_d_0.0500_N_3_corrugated_al_80.0_Nbot_3_Phosphorene_tuned_res_40_theta_86.0_eps_2.1_L_2.00.json

Elapsed run time = 4880.5109 s
Task 134 complete at Fri Sep 11 08:15:32 AM EDT 2026.
