==================================================
SLURM ARRAY TASK ID: 202 / 224
Running on node: x1002c1s2b0n1
Start time: Fri Sep 11 10:41:35 AM EDT 2026
==================================================
Reading parameters from sweep_configs_sweet_spot/config_202.json...
Executing 3D FDTD Simulation: Alpha=85.0 deg, Theta=88.0 deg, d=0.3 um, L=2.0 um, Res=40...
Starting simulation: d=0.3 um, N_top=3, N_bottom=3, material=Phosphorene_tuned, resolution=40, nmax=3, theta=88.0, eps_bg=2.1, config=all, stepped_sieve=False, corrugated=True
Parallel configuration: 128 processes running 108 parallel moment partitions.

Elapsed run time = 0.0768 s

Elapsed run time = 0.0766 s

Elapsed run time = 0.0766 s

Elapsed run time = 0.0769 s

Elapsed run time = 0.0771 s

Elapsed run time = 0.0765 s

Elapsed run time = 0.0768 s

Elapsed run time = 0.0766 s

Elapsed run time = 0.0757 s

Elapsed run time = 0.0754 s

Elapsed run time = 0.0770 s

Elapsed run time = 0.0773 s

Elapsed run time = 0.0755 s

Elapsed run time = 0.0770 s

Elapsed run time = 0.0761 s

Elapsed run time = 0.0760 s

Elapsed run time = 0.0767 s

Elapsed run time = 0.0755 s

Elapsed run time = 0.0770 s

Elapsed run time = 0.0763 s

Elapsed run time = 1514.8707 s

Elapsed run time = 1530.2630 s

Elapsed run time = 1548.6620 s

Elapsed run time = 1555.4559 s

Elapsed run time = 2204.2149 s

Elapsed run time = 2208.7446 s

Elapsed run time = 2222.5572 s

Elapsed run time = 2225.1081 s

Elapsed run time = 2227.4622 s

Elapsed run time = 2233.4062 s

Elapsed run time = 2239.3630 s

Elapsed run time = 2248.5289 s
  [BOTH][Rank 0] Done moment 1/1 (task 0): force_integral=-1.405346e-03

Elapsed run time = 5251.6359 s

Elapsed run time = 5268.4636 s

Elapsed run time = 5274.6895 s

Elapsed run time = 5277.4974 s

Elapsed run time = 5278.0934 s

Elapsed run time = 5278.2949 s

Elapsed run time = 5281.5978 s

Elapsed run time = 5282.6052 s

Elapsed run time = 5284.1709 s

Elapsed run time = 5284.7230 s

Elapsed run time = 5289.5728 s

Elapsed run time = 5290.4468 s

Elapsed run time = 5291.5012 s

Elapsed run time = 5292.1324 s

Elapsed run time = 5292.3560 s

Elapsed run time = 5293.4680 s

Elapsed run time = 5294.1521 s

Elapsed run time = 5296.3696 s

Elapsed run time = 5298.3441 s

Elapsed run time = 5298.9556 s

Elapsed run time = 5299.2357 s

Elapsed run time = 5299.5784 s

Elapsed run time = 5300.1377 s

Elapsed run time = 5300.2502 s

Elapsed run time = 5301.0265 s

Elapsed run time = 5301.5217 s

Elapsed run time = 5301.6979 s

Elapsed run time = 5302.4222 s

Elapsed run time = 5303.2295 s

Elapsed run time = 5304.5230 s

Elapsed run time = 5304.6381 s

Elapsed run time = 5304.9952 s

Elapsed run time = 5305.0451 s

Elapsed run time = 5306.4112 s

Elapsed run time = 5309.1413 s

Elapsed run time = 5309.7591 s

Elapsed run time = 5310.0743 s

Elapsed run time = 5310.1659 s
  [SELF][Rank 0] Done moment 1/1 (task 0): force_integral=-7.075251e-05

Elapsed run time = 5310.6017 s

Elapsed run time = 5310.7281 s

Elapsed run time = 5311.6198 s

Elapsed run time = 5313.9753 s

Elapsed run time = 5315.1621 s

Elapsed run time = 5315.5406 s

Elapsed run time = 5317.0682 s

Elapsed run time = 5319.8701 s

Elapsed run time = 5320.1276 s

Elapsed run time = 5320.3478 s

Elapsed run time = 5321.7864 s

Elapsed run time = 5324.3126 s

Elapsed run time = 5325.8303 s

Elapsed run time = 5325.8395 s

Elapsed run time = 5326.0676 s

Elapsed run time = 5326.0709 s

Elapsed run time = 5328.2630 s

Elapsed run time = 5328.5072 s

Elapsed run time = 5328.5351 s

Elapsed run time = 5330.1369 s

Elapsed run time = 5330.7246 s

Elapsed run time = 5331.0527 s

Elapsed run time = 5331.2911 s

Elapsed run time = 5331.3137 s

Elapsed run time = 5332.7481 s

Elapsed run time = 5332.9465 s

Elapsed run time = 5333.4641 s

Elapsed run time = 5334.5447 s

Elapsed run time = 5334.6613 s

Elapsed run time = 5334.9782 s

Elapsed run time = 5335.2651 s

Elapsed run time = 5335.6893 s

Elapsed run time = 5337.1907 s

Elapsed run time = 5337.2711 s

Elapsed run time = 5337.7397 s

Elapsed run time = 5337.9164 s

Elapsed run time = 5338.2275 s

Elapsed run time = 5338.4039 s

Elapsed run time = 5338.4586 s

Elapsed run time = 5338.5753 s

Elapsed run time = 5338.9783 s

Elapsed run time = 5339.2530 s

Elapsed run time = 5340.4468 s

Elapsed run time = 5340.6713 s

Elapsed run time = 5340.8232 s

Elapsed run time = 5340.8560 s

Elapsed run time = 5341.0247 s

Elapsed run time = 5341.5510 s

Elapsed run time = 5342.2909 s

Elapsed run time = 5343.1728 s

Elapsed run time = 5347.7899 s

Elapsed run time = 5350.1398 s

Elapsed run time = 5353.9836 s

Elapsed run time = 5356.0863 s

Elapsed run time = 5357.3420 s

Elapsed run time = 5357.9940 s

Elapsed run time = 5358.9826 s
Simulation complete. Subtracted force: -4.372633e-02. Saved to .tmp/meep_d_0.3000_N_3_corrugated_al_85.0_Nbot_3_Phosphorene_tuned_res_40_theta_88.0_eps_2.1_L_2.00.json

Elapsed run time = 5359.5591 s
Task 202 complete at Fri Sep 11 12:10:59 PM EDT 2026.
