==================================================
SLURM ARRAY TASK ID: 170 / 224
Running on node: x1000c6s1b1n0
Start time: Fri Sep 11 08:40:47 AM EDT 2026
==================================================
Reading parameters from sweep_configs_sweet_spot/config_170.json...
Executing 3D FDTD Simulation: Alpha=85.0 deg, Theta=80.0 deg, d=0.1 um, L=2.0 um, Res=40...
Starting simulation: d=0.1 um, N_top=3, N_bottom=3, material=Phosphorene_tuned, resolution=40, nmax=3, theta=80.0, eps_bg=2.1, config=all, stepped_sieve=False, corrugated=True
Parallel configuration: 128 processes running 108 parallel moment partitions.

Elapsed run time = 0.1774 s

Elapsed run time = 0.1919 s

Elapsed run time = 0.1503 s

Elapsed run time = 0.1491 s

Elapsed run time = 0.1994 s

Elapsed run time = 0.1567 s

Elapsed run time = 0.1583 s

Elapsed run time = 0.2070 s

Elapsed run time = 0.1724 s

Elapsed run time = 0.2207 s

Elapsed run time = 0.2133 s

Elapsed run time = 0.2194 s

Elapsed run time = 0.1759 s

Elapsed run time = 0.1792 s

Elapsed run time = 0.1866 s

Elapsed run time = 0.2333 s

Elapsed run time = 0.1916 s

Elapsed run time = 0.2645 s

Elapsed run time = 0.2299 s

Elapsed run time = 0.2288 s

Elapsed run time = 1465.7465 s

Elapsed run time = 1472.1745 s

Elapsed run time = 1495.0955 s

Elapsed run time = 1504.0649 s

Elapsed run time = 2127.1967 s

Elapsed run time = 2127.1733 s

Elapsed run time = 2136.6676 s

Elapsed run time = 2139.4630 s

Elapsed run time = 2144.2944 s

Elapsed run time = 2156.5511 s

Elapsed run time = 2157.1972 s

Elapsed run time = 2170.2757 s
  [BOTH][Rank 0] Done moment 1/1 (task 0): force_integral=-1.686523e-03

Elapsed run time = 5089.1099 s

Elapsed run time = 5093.7455 s

Elapsed run time = 5097.8018 s

Elapsed run time = 5099.0946 s

Elapsed run time = 5104.6896 s

Elapsed run time = 5105.3216 s

Elapsed run time = 5106.6647 s

Elapsed run time = 5107.8863 s

Elapsed run time = 5110.5330 s

Elapsed run time = 5113.6637 s

Elapsed run time = 5114.5890 s

Elapsed run time = 5115.1703 s

Elapsed run time = 5115.1343 s

Elapsed run time = 5115.6056 s

Elapsed run time = 5115.7523 s

Elapsed run time = 5115.8696 s

Elapsed run time = 5116.4669 s

Elapsed run time = 5119.0933 s

Elapsed run time = 5119.1655 s

Elapsed run time = 5119.4618 s

Elapsed run time = 5124.0197 s

Elapsed run time = 5124.3762 s

Elapsed run time = 5125.5287 s

Elapsed run time = 5125.8735 s

Elapsed run time = 5125.9140 s

Elapsed run time = 5126.7570 s

Elapsed run time = 5126.8933 s

Elapsed run time = 5127.0663 s

Elapsed run time = 5127.5500 s

Elapsed run time = 5128.3364 s

Elapsed run time = 5128.8557 s

Elapsed run time = 5131.4894 s

Elapsed run time = 5131.7517 s

Elapsed run time = 5133.2169 s

Elapsed run time = 5133.7197 s

Elapsed run time = 5134.9965 s

Elapsed run time = 5136.2690 s

Elapsed run time = 5136.3823 s

Elapsed run time = 5136.6203 s

Elapsed run time = 5137.0997 s

Elapsed run time = 5138.4499 s

Elapsed run time = 5138.5172 s

Elapsed run time = 5138.5765 s

Elapsed run time = 5139.1551 s

Elapsed run time = 5140.0387 s

Elapsed run time = 5140.8970 s

Elapsed run time = 5141.0457 s
  [SELF][Rank 0] Done moment 1/1 (task 0): force_integral=+4.881177e-03

Elapsed run time = 5141.9316 s

Elapsed run time = 5144.6719 s

Elapsed run time = 5144.6761 s

Elapsed run time = 5144.9844 s

Elapsed run time = 5145.3694 s

Elapsed run time = 5146.4230 s

Elapsed run time = 5146.4325 s

Elapsed run time = 5147.0987 s

Elapsed run time = 5147.9128 s

Elapsed run time = 5148.8919 s

Elapsed run time = 5149.3390 s

Elapsed run time = 5150.8386 s

Elapsed run time = 5151.6522 s

Elapsed run time = 5151.7531 s

Elapsed run time = 5153.8484 s

Elapsed run time = 5154.3049 s

Elapsed run time = 5157.5087 s

Elapsed run time = 5158.3017 s

Elapsed run time = 5158.3047 s

Elapsed run time = 5158.6163 s

Elapsed run time = 5158.6115 s

Elapsed run time = 5158.8408 s

Elapsed run time = 5159.5062 s

Elapsed run time = 5159.5577 s

Elapsed run time = 5160.7639 s

Elapsed run time = 5160.8642 s

Elapsed run time = 5161.5976 s

Elapsed run time = 5161.6721 s

Elapsed run time = 5161.8535 s

Elapsed run time = 5161.8714 s

Elapsed run time = 5162.2593 s

Elapsed run time = 5162.5282 s

Elapsed run time = 5162.6671 s

Elapsed run time = 5163.5773 s

Elapsed run time = 5163.9069 s

Elapsed run time = 5164.1527 s

Elapsed run time = 5164.6348 s

Elapsed run time = 5165.8407 s

Elapsed run time = 5166.1348 s

Elapsed run time = 5166.6807 s

Elapsed run time = 5166.8845 s

Elapsed run time = 5170.8115 s

Elapsed run time = 5171.0661 s

Elapsed run time = 5174.0639 s

Elapsed run time = 5176.8857 s

Elapsed run time = 5180.0054 s

Elapsed run time = 5180.5343 s

Elapsed run time = 5181.1229 s
Simulation complete. Subtracted force: -3.530193e-01. Saved to .tmp/meep_d_0.1000_N_3_corrugated_al_85.0_Nbot_3_Phosphorene_tuned_res_40_theta_80.0_eps_2.1_L_2.00.json

Elapsed run time = 5181.9956 s
Task 170 complete at Fri Sep 11 10:08:11 AM EDT 2026.
