==================================================
SLURM ARRAY TASK ID: 136 / 224
Running on node: x1001c6s4b1n1
Start time: Fri Sep 11 07:12:52 AM EDT 2026
==================================================
Reading parameters from sweep_configs_sweet_spot/config_136.json...
Executing 3D FDTD Simulation: Alpha=80.0 deg, Theta=86.0 deg, d=0.15 um, L=2.0 um, Res=40...
Starting simulation: d=0.15 um, N_top=3, N_bottom=3, material=Phosphorene_tuned, resolution=40, nmax=3, theta=86.0, eps_bg=2.1, config=all, stepped_sieve=False, corrugated=True
Parallel configuration: 128 processes running 108 parallel moment partitions.

Elapsed run time = 0.0779 s

Elapsed run time = 0.0832 s

Elapsed run time = 0.0852 s

Elapsed run time = 0.0870 s

Elapsed run time = 0.0886 s

Elapsed run time = 0.0893 s

Elapsed run time = 0.0904 s

Elapsed run time = 0.0919 s

Elapsed run time = 0.0933 s

Elapsed run time = 0.0963 s

Elapsed run time = 0.0981 s

Elapsed run time = 0.0990 s

Elapsed run time = 0.1000 s

Elapsed run time = 0.1008 s

Elapsed run time = 0.1014 s

Elapsed run time = 0.1021 s

Elapsed run time = 0.1039 s

Elapsed run time = 0.1047 s

Elapsed run time = 0.1051 s

Elapsed run time = 0.1056 s

Elapsed run time = 1429.0597 s

Elapsed run time = 1439.3574 s

Elapsed run time = 1463.2789 s

Elapsed run time = 1469.6969 s

Elapsed run time = 2064.4804 s

Elapsed run time = 2080.0736 s

Elapsed run time = 2093.4944 s

Elapsed run time = 2097.3700 s

Elapsed run time = 2097.8872 s

Elapsed run time = 2110.9845 s

Elapsed run time = 2113.1982 s

Elapsed run time = 2124.5534 s
  [BOTH][Rank 0] Done moment 1/1 (task 0): force_integral=-2.818424e-03

Elapsed run time = 4948.0867 s

Elapsed run time = 4977.2729 s

Elapsed run time = 4981.9861 s

Elapsed run time = 4986.5907 s

Elapsed run time = 4988.8476 s

Elapsed run time = 4993.8255 s

Elapsed run time = 4995.4180 s

Elapsed run time = 4997.2190 s

Elapsed run time = 4998.0963 s

Elapsed run time = 4999.2418 s

Elapsed run time = 5004.5470 s

Elapsed run time = 5005.8532 s

Elapsed run time = 5006.0223 s

Elapsed run time = 5007.3023 s

Elapsed run time = 5007.3868 s

Elapsed run time = 5008.7596 s

Elapsed run time = 5008.8835 s

Elapsed run time = 5009.3651 s

Elapsed run time = 5009.7569 s

Elapsed run time = 5010.9368 s

Elapsed run time = 5011.9178 s

Elapsed run time = 5012.1069 s

Elapsed run time = 5012.3410 s

Elapsed run time = 5012.5117 s

Elapsed run time = 5013.2342 s

Elapsed run time = 5013.7482 s

Elapsed run time = 5013.8651 s

Elapsed run time = 5014.9734 s

Elapsed run time = 5016.9611 s

Elapsed run time = 5017.4791 s

Elapsed run time = 5017.9467 s

Elapsed run time = 5018.5975 s

Elapsed run time = 5019.4952 s

Elapsed run time = 5020.3204 s

Elapsed run time = 5020.5058 s

Elapsed run time = 5021.1152 s

Elapsed run time = 5021.2640 s

Elapsed run time = 5021.9143 s

Elapsed run time = 5022.2282 s

Elapsed run time = 5022.3202 s

Elapsed run time = 5022.3854 s

Elapsed run time = 5023.5185 s

Elapsed run time = 5026.1448 s

Elapsed run time = 5029.4471 s

Elapsed run time = 5029.7724 s

Elapsed run time = 5031.8524 s

Elapsed run time = 5032.2234 s

Elapsed run time = 5032.4882 s

Elapsed run time = 5033.6467 s

Elapsed run time = 5033.9090 s

Elapsed run time = 5034.6576 s

Elapsed run time = 5035.3458 s
  [SELF][Rank 0] Done moment 1/1 (task 0): force_integral=+2.346246e-03

Elapsed run time = 5037.4265 s

Elapsed run time = 5038.5845 s

Elapsed run time = 5040.8553 s

Elapsed run time = 5041.8933 s

Elapsed run time = 5043.3096 s

Elapsed run time = 5043.4794 s

Elapsed run time = 5043.6842 s

Elapsed run time = 5043.9374 s

Elapsed run time = 5045.5207 s

Elapsed run time = 5045.5354 s

Elapsed run time = 5046.6360 s

Elapsed run time = 5046.8365 s

Elapsed run time = 5048.0909 s

Elapsed run time = 5048.2364 s

Elapsed run time = 5048.4882 s

Elapsed run time = 5048.7606 s

Elapsed run time = 5049.0860 s

Elapsed run time = 5049.1091 s

Elapsed run time = 5049.7883 s

Elapsed run time = 5050.2324 s

Elapsed run time = 5051.2135 s

Elapsed run time = 5051.9166 s

Elapsed run time = 5052.0727 s

Elapsed run time = 5052.4006 s

Elapsed run time = 5052.6160 s

Elapsed run time = 5052.8395 s

Elapsed run time = 5053.2154 s

Elapsed run time = 5053.4813 s

Elapsed run time = 5054.4779 s

Elapsed run time = 5055.3289 s

Elapsed run time = 5055.5745 s

Elapsed run time = 5056.7096 s

Elapsed run time = 5056.9662 s

Elapsed run time = 5057.9878 s

Elapsed run time = 5059.0459 s

Elapsed run time = 5060.7060 s

Elapsed run time = 5061.4223 s

Elapsed run time = 5061.4832 s

Elapsed run time = 5062.4637 s

Elapsed run time = 5063.3452 s

Elapsed run time = 5063.4334 s

Elapsed run time = 5064.6297 s

Elapsed run time = 5066.8787 s
Simulation complete. Subtracted force: -3.179810e-01. Saved to .tmp/meep_d_0.1500_N_3_corrugated_al_80.0_Nbot_3_Phosphorene_tuned_res_40_theta_86.0_eps_2.1_L_2.00.json

Elapsed run time = 5068.2207 s
Task 136 complete at Fri Sep 11 08:37:26 AM EDT 2026.
