==================================================
SLURM ARRAY TASK ID: 142 / 224
Running on node: x1001c2s5b0n0
Start time: Thu Sep 10 08:17:44 PM EDT 2026
==================================================
Reading parameters from sweep_configs_sweet_spot/config_142.json...
Executing 3D FDTD Simulation: Alpha=80.0 deg, Theta=88.0 deg, d=0.1 um, L=2.0 um, Res=40...
Starting simulation: d=0.1 um, N_top=3, N_bottom=3, material=Phosphorene_tuned, resolution=40, nmax=3, theta=88.0, eps_bg=2.1, config=all, stepped_sieve=False, corrugated=True
Parallel configuration: 128 processes running 108 parallel moment partitions.
Task already complete! Found cached result in .tmp/meep_d_0.1000_N_3_corrugated_Nbot_3_Phosphorene_tuned_res_40_theta_88.0_eps_2.1_L_2.00.json (F_sub=5.072721e-01). Skipping.

Elapsed run time = 0.0059 s

Elapsed run time = 0.0079 s

Elapsed run time = 0.0245 s

Elapsed run time = 0.0313 s

Elapsed run time = 0.0313 s

Elapsed run time = 0.0212 s

Elapsed run time = 0.0262 s

Elapsed run time = 0.0111 s

Elapsed run time = 0.0069 s

Elapsed run time = 0.0073 s

Elapsed run time = 0.0078 s

Elapsed run time = 0.0070 s

Elapsed run time = 0.0074 s

Elapsed run time = 0.0068 s

Elapsed run time = 0.0264 s

Elapsed run time = 0.0276 s

Elapsed run time = 0.0211 s

Elapsed run time = 0.0277 s

Elapsed run time = 0.0311 s

Elapsed run time = 0.0072 s

Elapsed run time = 0.0316 s

Elapsed run time = 0.0048 s

Elapsed run time = 0.0051 s

Elapsed run time = 0.0046 s

Elapsed run time = 0.0044 s

Elapsed run time = 0.0052 s

Elapsed run time = 0.0052 s

Elapsed run time = 0.0053 s

Elapsed run time = 0.0050 s

Elapsed run time = 0.0052 s

Elapsed run time = 0.0053 s

Elapsed run time = 0.0057 s

Elapsed run time = 0.0054 s

Elapsed run time = 0.0043 s

Elapsed run time = 0.0055 s

Elapsed run time = 0.0055 s

Elapsed run time = 0.0057 s

Elapsed run time = 0.0056 s

Elapsed run time = 0.0053 s

Elapsed run time = 0.0052 s

Elapsed run time = 0.0056 s

Elapsed run time = 0.0049 s

Elapsed run time = 0.0046 s

Elapsed run time = 0.0044 s

Elapsed run time = 0.0055 s

Elapsed run time = 0.0051 s

Elapsed run time = 0.0051 s

Elapsed run time = 0.0050 s

Elapsed run time = 0.0045 s

Elapsed run time = 0.0046 s

Elapsed run time = 0.0044 s

Elapsed run time = 0.0048 s

Elapsed run time = 0.0047 s

Elapsed run time = 0.0045 s

Elapsed run time = 0.0052 s

Elapsed run time = 0.0054 s

Elapsed run time = 0.0043 s

Elapsed run time = 0.0044 s

Elapsed run time = 0.0044 s

Elapsed run time = 0.0048 s

Elapsed run time = 0.0048 s

Elapsed run time = 0.0046 s

Elapsed run time = 0.0050 s

Elapsed run time = 0.0049 s

Elapsed run time = 0.0050 s

Elapsed run time = 0.0056 s

Elapsed run time = 0.0049 s

Elapsed run time = 0.0050 s

Elapsed run time = 0.0046 s

Elapsed run time = 0.0047 s

Elapsed run time = 0.0058 s

Elapsed run time = 0.0056 s

Elapsed run time = 0.0050 s

Elapsed run time = 0.0055 s

Elapsed run time = 0.0058 s

Elapsed run time = 0.0055 s

Elapsed run time = 0.0052 s

Elapsed run time = 0.0050 s

Elapsed run time = 0.0040 s

Elapsed run time = 0.0052 s

Elapsed run time = 0.0044 s

Elapsed run time = 0.0046 s

Elapsed run time = 0.0047 s

Elapsed run time = 0.0048 s

Elapsed run time = 0.0039 s

Elapsed run time = 0.0040 s

Elapsed run time = 0.0042 s

Elapsed run time = 0.0042 s

Elapsed run time = 0.0046 s

Elapsed run time = 0.0047 s

Elapsed run time = 0.0040 s

Elapsed run time = 0.0057 s

Elapsed run time = 0.0041 s

Elapsed run time = 0.0043 s

Elapsed run time = 0.0048 s

Elapsed run time = 0.0046 s

Elapsed run time = 0.0050 s

Elapsed run time = 0.0053 s

Elapsed run time = 0.0056 s

Elapsed run time = 0.0052 s

Elapsed run time = 0.0056 s

Elapsed run time = 0.0045 s

Elapsed run time = 0.0058 s

Elapsed run time = 0.0057 s

Elapsed run time = 0.0052 s

Elapsed run time = 0.0060 s

Elapsed run time = 0.0049 s

Elapsed run time = 0.0047 s

Elapsed run time = 0.0047 s

Elapsed run time = 0.0053 s

Elapsed run time = 0.0043 s

Elapsed run time = 0.0052 s

Elapsed run time = 0.0052 s

Elapsed run time = 0.0055 s

Elapsed run time = 0.0047 s

Elapsed run time = 0.0040 s

Elapsed run time = 0.0053 s

Elapsed run time = 0.0057 s

Elapsed run time = 0.0054 s

Elapsed run time = 0.0047 s

Elapsed run time = 0.0052 s

Elapsed run time = 0.0048 s

Elapsed run time = 0.0061 s

Elapsed run time = 0.0053 s

Elapsed run time = 0.0055 s

Elapsed run time = 0.0051 s

Elapsed run time = 0.0058 s

Elapsed run time = 0.0055 s
Task 142 complete at Thu Sep 10 08:17:48 PM EDT 2026.
