==================================================
SLURM ARRAY TASK ID: 7 / 224
Running on node: x1000c3s5b1n0
Start time: Wed Sep  9 08:24:58 PM EDT 2026
==================================================
Reading parameters from sweep_configs_sweet_spot/config_007.json...
Executing 3D FDTD Simulation: Alpha=70.0 deg, Theta=80.0 deg, d=0.35 um, L=2.0 um, Res=40...

Elapsed run time = 0.0055 s

Elapsed run time = 0.0051 s

Elapsed run time = 0.0053 s

Elapsed run time = 0.0057 s

Elapsed run time = 0.0143 s

Elapsed run time = 0.0201 s

Elapsed run time = 0.0209 s

Elapsed run time = 0.0186 s

Elapsed run time = 0.0244 s

Elapsed run time = 0.0197 s

Elapsed run time = 0.0331 s

Elapsed run time = 0.0334 s

Elapsed run time = 0.0340 s

Elapsed run time = 0.0345 s

Elapsed run time = 0.0352 s

Elapsed run time = 0.0361 s

Elapsed run time = 0.0377 s

Elapsed run time = 0.0386 s

Elapsed run time = 0.0396 s

Elapsed run time = 0.0412 s

Elapsed run time = 1604.8821 s

Elapsed run time = 1612.0136 s

Elapsed run time = 1639.6707 s

Elapsed run time = 1641.8553 s

Elapsed run time = 2338.0727 s

Elapsed run time = 2338.3567 s

Elapsed run time = 2339.1476 s

Elapsed run time = 2339.4716 s

Elapsed run time = 2352.2737 s

Elapsed run time = 2360.6222 s

Elapsed run time = 2372.8754 s

Elapsed run time = 2373.0891 s
Starting simulation: d=0.35 um, N_top=3, N_bottom=3, material=Phosphorene_tuned, resolution=40, nmax=3, theta=80.0, eps_bg=2.1, config=all, stepped_sieve=False, corrugated=True
Parallel configuration: 128 processes running 108 parallel moment partitions.
  [BOTH][Rank 0] Done moment 1/1 (task 0): force_integral=-5.888334e-03

Elapsed run time = 5567.0974 s

Elapsed run time = 5588.4660 s

Elapsed run time = 5598.4960 s

Elapsed run time = 5603.1390 s

Elapsed run time = 5608.5790 s

Elapsed run time = 5610.7973 s

Elapsed run time = 5610.8818 s

Elapsed run time = 5611.3883 s

Elapsed run time = 5612.2271 s

Elapsed run time = 5612.7788 s

Elapsed run time = 5613.7413 s

Elapsed run time = 5613.9854 s

Elapsed run time = 5614.2709 s

Elapsed run time = 5614.7103 s

Elapsed run time = 5615.5264 s

Elapsed run time = 5617.1898 s

Elapsed run time = 5617.5348 s

Elapsed run time = 5619.4703 s

Elapsed run time = 5620.7433 s

Elapsed run time = 5622.0046 s

Elapsed run time = 5622.3035 s

Elapsed run time = 5625.7458 s

Elapsed run time = 5625.8836 s

Elapsed run time = 5626.3069 s

Elapsed run time = 5627.2120 s

Elapsed run time = 5627.3292 s

Elapsed run time = 5627.7463 s

Elapsed run time = 5628.7203 s

Elapsed run time = 5630.2880 s

Elapsed run time = 5630.7041 s

Elapsed run time = 5631.5533 s

Elapsed run time = 5631.6438 s

Elapsed run time = 5631.9108 s

Elapsed run time = 5632.6810 s

Elapsed run time = 5633.9689 s

Elapsed run time = 5634.3050 s

Elapsed run time = 5636.0201 s

Elapsed run time = 5637.1094 s

Elapsed run time = 5637.2813 s

Elapsed run time = 5637.8673 s

Elapsed run time = 5639.7647 s

Elapsed run time = 5640.1715 s

Elapsed run time = 5641.9674 s

Elapsed run time = 5641.9684 s

Elapsed run time = 5642.0574 s

Elapsed run time = 5643.0161 s

Elapsed run time = 5643.0469 s

Elapsed run time = 5643.1935 s

Elapsed run time = 5643.6067 s

Elapsed run time = 5643.7400 s

Elapsed run time = 5645.5271 s

Elapsed run time = 5645.9377 s

Elapsed run time = 5646.2255 s

Elapsed run time = 5647.8034 s

Elapsed run time = 5648.4440 s

Elapsed run time = 5649.1009 s

Elapsed run time = 5650.5668 s

Elapsed run time = 5650.6649 s

Elapsed run time = 5653.0876 s

Elapsed run time = 5653.3750 s

Elapsed run time = 5654.5473 s

Elapsed run time = 5655.3974 s

Elapsed run time = 5655.7282 s

Elapsed run time = 5656.2340 s

Elapsed run time = 5656.5410 s

Elapsed run time = 5656.7956 s

Elapsed run time = 5658.8434 s

Elapsed run time = 5659.8148 s
  [SELF][Rank 0] Done moment 1/1 (task 0): force_integral=-5.071720e-03

Elapsed run time = 5661.1708 s

Elapsed run time = 5662.6741 s

Elapsed run time = 5664.1654 s

Elapsed run time = 5664.9838 s

Elapsed run time = 5665.3622 s

Elapsed run time = 5665.8269 s

Elapsed run time = 5666.9103 s

Elapsed run time = 5666.9858 s

Elapsed run time = 5667.0907 s

Elapsed run time = 5667.4685 s

Elapsed run time = 5667.9957 s

Elapsed run time = 5668.7494 s

Elapsed run time = 5670.1863 s

Elapsed run time = 5670.2752 s

Elapsed run time = 5670.5746 s

Elapsed run time = 5672.0190 s

Elapsed run time = 5672.9167 s

Elapsed run time = 5673.1892 s

Elapsed run time = 5674.7664 s

Elapsed run time = 5676.9236 s

Elapsed run time = 5677.1942 s

Elapsed run time = 5678.4845 s

Elapsed run time = 5682.4852 s

Elapsed run time = 5683.4710 s

Elapsed run time = 5683.5334 s

Elapsed run time = 5683.7870 s

Elapsed run time = 5686.8971 s
Simulation complete. Subtracted force: -1.605117e-02. Saved to .tmp/meep_d_0.3500_N_3_corrugated_Nbot_3_Phosphorene_tuned_res_40_theta_80.0_eps_2.1_L_2.00.json

Elapsed run time = 5687.5271 s
Task 7 complete at Wed Sep  9 09:59:50 PM EDT 2026.
