==================================================
SLURM ARRAY TASK ID: 209 / 224
Running on node: x1001c2s1b1n0
Start time: Fri Sep 11 10:54:07 AM EDT 2026
==================================================
Reading parameters from sweep_configs_sweet_spot/config_209.json...
Executing 3D FDTD Simulation: Alpha=85.0 deg, Theta=90.0 deg, d=0.3 um, L=2.0 um, Res=40...
Starting simulation: d=0.3 um, N_top=3, N_bottom=3, material=Phosphorene_tuned, resolution=40, nmax=3, theta=90.0, eps_bg=2.1, config=all, stepped_sieve=False, corrugated=True
Parallel configuration: 128 processes running 108 parallel moment partitions.

Elapsed run time = 0.0299 s

Elapsed run time = 0.0300 s

Elapsed run time = 0.0310 s

Elapsed run time = 0.0324 s

Elapsed run time = 0.0334 s

Elapsed run time = 0.0353 s

Elapsed run time = 0.0360 s

Elapsed run time = 0.0361 s

Elapsed run time = 0.0390 s

Elapsed run time = 0.0402 s

Elapsed run time = 0.0430 s

Elapsed run time = 0.0444 s

Elapsed run time = 0.0456 s

Elapsed run time = 0.0454 s

Elapsed run time = 0.0453 s

Elapsed run time = 0.0461 s

Elapsed run time = 0.0466 s

Elapsed run time = 0.0467 s

Elapsed run time = 0.0474 s

Elapsed run time = 0.0470 s

Elapsed run time = 1511.8285 s

Elapsed run time = 1513.6989 s

Elapsed run time = 1544.0051 s

Elapsed run time = 1548.9011 s

Elapsed run time = 2208.5768 s

Elapsed run time = 2209.1647 s

Elapsed run time = 2214.3440 s

Elapsed run time = 2214.7249 s

Elapsed run time = 2224.9117 s

Elapsed run time = 2232.2213 s

Elapsed run time = 2238.9616 s

Elapsed run time = 2245.4202 s
  [BOTH][Rank 0] Done moment 1/1 (task 0): force_integral=-1.429280e-03

Elapsed run time = 5252.7473 s

Elapsed run time = 5263.4686 s

Elapsed run time = 5272.8522 s

Elapsed run time = 5273.5766 s

Elapsed run time = 5275.5206 s

Elapsed run time = 5275.5840 s

Elapsed run time = 5278.0268 s

Elapsed run time = 5285.1940 s

Elapsed run time = 5285.4780 s

Elapsed run time = 5288.2906 s

Elapsed run time = 5289.5649 s

Elapsed run time = 5293.8605 s

Elapsed run time = 5295.5079 s

Elapsed run time = 5295.8324 s

Elapsed run time = 5296.2559 s

Elapsed run time = 5296.5340 s

Elapsed run time = 5296.5620 s

Elapsed run time = 5296.7540 s

Elapsed run time = 5297.0263 s

Elapsed run time = 5297.5373 s

Elapsed run time = 5298.4264 s

Elapsed run time = 5298.6285 s

Elapsed run time = 5298.6319 s

Elapsed run time = 5299.7834 s

Elapsed run time = 5300.7539 s

Elapsed run time = 5302.8209 s

Elapsed run time = 5303.0210 s

Elapsed run time = 5303.3959 s

Elapsed run time = 5303.4046 s

Elapsed run time = 5306.2843 s

Elapsed run time = 5306.5524 s

Elapsed run time = 5306.9223 s

Elapsed run time = 5308.1776 s

Elapsed run time = 5308.2924 s

Elapsed run time = 5308.9352 s

Elapsed run time = 5309.2520 s

Elapsed run time = 5309.3575 s

Elapsed run time = 5310.2717 s

Elapsed run time = 5310.3083 s

Elapsed run time = 5310.5687 s

Elapsed run time = 5310.8268 s

Elapsed run time = 5311.3083 s

Elapsed run time = 5311.3348 s

Elapsed run time = 5312.9058 s

Elapsed run time = 5315.0884 s

Elapsed run time = 5316.3761 s

Elapsed run time = 5316.4426 s

Elapsed run time = 5317.9928 s

Elapsed run time = 5318.8218 s

Elapsed run time = 5320.5118 s

Elapsed run time = 5321.4755 s
  [SELF][Rank 0] Done moment 1/1 (task 0): force_integral=-8.493796e-05

Elapsed run time = 5323.0333 s

Elapsed run time = 5325.2161 s

Elapsed run time = 5326.2263 s

Elapsed run time = 5327.0715 s

Elapsed run time = 5327.5988 s

Elapsed run time = 5329.1458 s

Elapsed run time = 5329.2626 s

Elapsed run time = 5329.2798 s

Elapsed run time = 5329.2886 s

Elapsed run time = 5329.8336 s

Elapsed run time = 5330.4651 s

Elapsed run time = 5331.0977 s

Elapsed run time = 5331.2629 s

Elapsed run time = 5331.3055 s

Elapsed run time = 5331.5023 s

Elapsed run time = 5331.5404 s

Elapsed run time = 5332.1961 s

Elapsed run time = 5332.3911 s

Elapsed run time = 5332.9616 s

Elapsed run time = 5333.2577 s

Elapsed run time = 5333.7793 s

Elapsed run time = 5334.1086 s

Elapsed run time = 5334.7726 s

Elapsed run time = 5335.7212 s

Elapsed run time = 5335.9969 s

Elapsed run time = 5337.5324 s

Elapsed run time = 5337.5520 s

Elapsed run time = 5337.6408 s

Elapsed run time = 5338.3662 s

Elapsed run time = 5341.0295 s

Elapsed run time = 5341.1803 s

Elapsed run time = 5342.8315 s

Elapsed run time = 5343.8078 s

Elapsed run time = 5344.0655 s

Elapsed run time = 5344.4017 s

Elapsed run time = 5344.9631 s

Elapsed run time = 5345.1598 s

Elapsed run time = 5346.0312 s

Elapsed run time = 5349.5745 s

Elapsed run time = 5349.6904 s

Elapsed run time = 5349.9326 s

Elapsed run time = 5350.0196 s

Elapsed run time = 5350.2624 s

Elapsed run time = 5351.0513 s
Simulation complete. Subtracted force: -4.388695e-02. Saved to .tmp/meep_d_0.3000_N_3_corrugated_al_85.0_Nbot_3_Phosphorene_tuned_res_40_theta_90.0_eps_2.1_L_2.00.json

Elapsed run time = 5351.6147 s
Task 209 complete at Fri Sep 11 12:23:30 PM EDT 2026.
