==================================================
SLURM ARRAY TASK ID: 96 / 224
Running on node: x1002c5s5b0n1
Start time: Thu Sep 10 07:43:25 PM EDT 2026
==================================================
Reading parameters from sweep_configs_sweet_spot/config_096.json...
Executing 3D FDTD Simulation: Alpha=75.0 deg, Theta=90.0 deg, d=0.25 um, L=2.0 um, Res=40...

Elapsed run time = 0.0345 s

Elapsed run time = 0.0359 s
Starting simulation: d=0.25 um, N_top=3, N_bottom=3, material=Phosphorene_tuned, resolution=40, nmax=3, theta=90.0, eps_bg=2.1, config=all, stepped_sieve=False, corrugated=True
Parallel configuration: 128 processes running 108 parallel moment partitions.
Task already complete! Found cached result in .tmp/meep_d_0.2500_N_3_corrugated_Nbot_3_Phosphorene_tuned_res_40_theta_90.0_eps_2.1_L_2.00.json (F_sub=-7.119453e-02). Skipping.

Elapsed run time = 0.0287 s

Elapsed run time = 0.0319 s

Elapsed run time = 0.0291 s

Elapsed run time = 0.0293 s

Elapsed run time = 0.0334 s

Elapsed run time = 0.0351 s

Elapsed run time = 0.0332 s

Elapsed run time = 0.0282 s

Elapsed run time = 0.0321 s

Elapsed run time = 0.0317 s

Elapsed run time = 0.0374 s

Elapsed run time = 0.0331 s

Elapsed run time = 0.0207 s

Elapsed run time = 0.0354 s

Elapsed run time = 0.0352 s

Elapsed run time = 0.0329 s

Elapsed run time = 0.0363 s

Elapsed run time = 0.0341 s

Elapsed run time = 0.0353 s

Elapsed run time = 0.0351 s

Elapsed run time = 0.0285 s

Elapsed run time = 0.0276 s

Elapsed run time = 0.0278 s

Elapsed run time = 0.0286 s

Elapsed run time = 0.0349 s

Elapsed run time = 0.0396 s

Elapsed run time = 0.0398 s

Elapsed run time = 0.0291 s

Elapsed run time = 0.0288 s

Elapsed run time = 0.0296 s

Elapsed run time = 0.0290 s

Elapsed run time = 0.0265 s

Elapsed run time = 0.0294 s

Elapsed run time = 0.0407 s

Elapsed run time = 0.0408 s

Elapsed run time = 0.0263 s

Elapsed run time = 0.0215 s

Elapsed run time = 0.0324 s

Elapsed run time = 0.0409 s

Elapsed run time = 0.0408 s

Elapsed run time = 0.0376 s

Elapsed run time = 0.0325 s

Elapsed run time = 0.0310 s

Elapsed run time = 0.0257 s

Elapsed run time = 0.0257 s

Elapsed run time = 0.0303 s

Elapsed run time = 0.0252 s

Elapsed run time = 0.0411 s

Elapsed run time = 0.0350 s

Elapsed run time = 0.0405 s

Elapsed run time = 0.0240 s

Elapsed run time = 0.0278 s

Elapsed run time = 0.0399 s

Elapsed run time = 0.0275 s

Elapsed run time = 0.0406 s

Elapsed run time = 0.0410 s

Elapsed run time = 0.0414 s

Elapsed run time = 0.0332 s

Elapsed run time = 0.0410 s

Elapsed run time = 0.0226 s

Elapsed run time = 0.0334 s

Elapsed run time = 0.0338 s

Elapsed run time = 0.0325 s

Elapsed run time = 0.0376 s

Elapsed run time = 0.0253 s

Elapsed run time = 0.0042 s

Elapsed run time = 0.0039 s

Elapsed run time = 0.0253 s

Elapsed run time = 0.0277 s

Elapsed run time = 0.0199 s

Elapsed run time = 0.0066 s

Elapsed run time = 0.0261 s

Elapsed run time = 0.0064 s

Elapsed run time = 0.0400 s

Elapsed run time = 0.0101 s

Elapsed run time = 0.0133 s

Elapsed run time = 0.0125 s

Elapsed run time = 0.0210 s

Elapsed run time = 0.0136 s

Elapsed run time = 0.0173 s

Elapsed run time = 0.0134 s

Elapsed run time = 0.0230 s

Elapsed run time = 0.0391 s

Elapsed run time = 0.0373 s

Elapsed run time = 0.0392 s

Elapsed run time = 0.0405 s

Elapsed run time = 0.0166 s

Elapsed run time = 0.0197 s

Elapsed run time = 0.0200 s

Elapsed run time = 0.0375 s

Elapsed run time = 0.0067 s

Elapsed run time = 0.0364 s

Elapsed run time = 0.0374 s

Elapsed run time = 0.0368 s

Elapsed run time = 0.0395 s

Elapsed run time = 0.0229 s

Elapsed run time = 0.0203 s

Elapsed run time = 0.0410 s

Elapsed run time = 0.0041 s

Elapsed run time = 0.0411 s

Elapsed run time = 0.0119 s

Elapsed run time = 0.0217 s

Elapsed run time = 0.0077 s

Elapsed run time = 0.0076 s

Elapsed run time = 0.0398 s

Elapsed run time = 0.0228 s

Elapsed run time = 0.0397 s

Elapsed run time = 0.0376 s

Elapsed run time = 0.0229 s

Elapsed run time = 0.0412 s

Elapsed run time = 0.0158 s

Elapsed run time = 0.0156 s

Elapsed run time = 0.0155 s

Elapsed run time = 0.0416 s

Elapsed run time = 0.0146 s

Elapsed run time = 0.0400 s

Elapsed run time = 0.0041 s

Elapsed run time = 0.0044 s

Elapsed run time = 0.0043 s

Elapsed run time = 0.0044 s

Elapsed run time = 0.0044 s

Elapsed run time = 0.0045 s

Elapsed run time = 0.0047 s

Elapsed run time = 0.0049 s

Elapsed run time = 0.0050 s

Elapsed run time = 0.0057 s
Task 96 complete at Thu Sep 10 07:43:30 PM EDT 2026.
