==================================================
SLURM ARRAY TASK ID: 168 / 224
Running on node: x1001c6s4b1n1
Start time: Fri Sep 11 08:37:26 AM EDT 2026
==================================================
Reading parameters from sweep_configs_sweet_spot/config_168.json...
Executing 3D FDTD Simulation: Alpha=80.0 deg, Theta=94.0 deg, d=0.35 um, L=2.0 um, Res=40...
Starting simulation: d=0.35 um, N_top=3, N_bottom=3, material=Phosphorene_tuned, resolution=40, nmax=3, theta=94.0, eps_bg=2.1, config=all, stepped_sieve=False, corrugated=True
Parallel configuration: 128 processes running 108 parallel moment partitions.
Loaded cached 'both' force: 4.719929e+03 from .tmp/chk_d_0.3500_N_3_mat_Phosphorene_tuned_res_40_th_94.0_al_80.0_L_2.00_both.json

Elapsed run time = 0.2345 s

Elapsed run time = 0.2332 s

Elapsed run time = 0.2359 s

Elapsed run time = 0.2351 s

Elapsed run time = 0.2357 s

Elapsed run time = 0.2356 s

Elapsed run time = 0.2350 s

Elapsed run time = 0.2382 s

Elapsed run time = 0.2394 s

Elapsed run time = 0.2356 s

Elapsed run time = 0.2350 s

Elapsed run time = 0.2375 s

Elapsed run time = 0.2355 s

Elapsed run time = 0.2320 s

Elapsed run time = 0.2369 s

Elapsed run time = 0.2353 s

Elapsed run time = 0.2355 s

Elapsed run time = 0.2356 s

Elapsed run time = 0.2366 s

Elapsed run time = 0.2340 s

Elapsed run time = 0.2380 s

Elapsed run time = 0.2383 s

Elapsed run time = 0.2365 s

Elapsed run time = 0.2363 s

Elapsed run time = 0.2356 s

Elapsed run time = 0.2356 s

Elapsed run time = 0.2385 s

Elapsed run time = 0.2373 s

Elapsed run time = 0.2391 s

Elapsed run time = 0.2354 s

Elapsed run time = 0.2355 s

Elapsed run time = 0.2379 s
Loaded cached 'self' force: 4.719948e+03 from .tmp/chk_d_0.3500_N_3_mat_Phosphorene_tuned_res_40_th_94.0_al_80.0_L_2.00_self.json

Elapsed run time = 0.2354 s

Elapsed run time = 0.2375 s

Elapsed run time = 0.2389 s

Elapsed run time = 0.2375 s

Elapsed run time = 0.2358 s

Elapsed run time = 0.2396 s

Elapsed run time = 0.2386 s

Elapsed run time = 0.2356 s

Elapsed run time = 0.2354 s

Elapsed run time = 0.2362 s

Elapsed run time = 0.2395 s

Elapsed run time = 0.2365 s

Elapsed run time = 0.2383 s

Elapsed run time = 0.2361 s

Elapsed run time = 0.2359 s

Elapsed run time = 0.2361 s

Elapsed run time = 0.2382 s

Elapsed run time = 0.2367 s

Elapsed run time = 0.2393 s

Elapsed run time = 0.2367 s

Elapsed run time = 0.2383 s

Elapsed run time = 0.2374 s

Elapsed run time = 0.2326 s

Elapsed run time = 0.2355 s

Elapsed run time = 0.2362 s

Elapsed run time = 0.2377 s

Elapsed run time = 0.2391 s

Elapsed run time = 0.2387 s

Elapsed run time = 0.2381 s

Elapsed run time = 0.2361 s

Elapsed run time = 0.2365 s

Elapsed run time = 0.2357 s

Elapsed run time = 0.2375 s

Elapsed run time = 0.2357 s

Elapsed run time = 0.2361 s

Elapsed run time = 0.2354 s

Elapsed run time = 0.2374 s

Elapsed run time = 0.2374 s

Elapsed run time = 0.2390 s

Elapsed run time = 0.2366 s

Elapsed run time = 0.2373 s

Elapsed run time = 0.2393 s

Elapsed run time = 0.2362 s

Elapsed run time = 0.2355 s

Elapsed run time = 0.2354 s

Elapsed run time = 0.2398 s

Elapsed run time = 0.2397 s

Elapsed run time = 0.2376 s

Elapsed run time = 0.2371 s

Elapsed run time = 0.2375 s

Elapsed run time = 0.2364 s

Elapsed run time = 0.2370 s

Elapsed run time = 0.2383 s

Elapsed run time = 0.2400 s

Elapsed run time = 0.2387 s

Elapsed run time = 0.2369 s

Elapsed run time = 0.2364 s

Elapsed run time = 0.2363 s

Elapsed run time = 0.2346 s

Elapsed run time = 0.2373 s

Elapsed run time = 0.2360 s

Elapsed run time = 0.2370 s

Elapsed run time = 0.2364 s

Elapsed run time = 0.2363 s

Elapsed run time = 0.2385 s

Elapsed run time = 0.2354 s

Elapsed run time = 0.2370 s

Elapsed run time = 0.2395 s

Elapsed run time = 0.2391 s

Elapsed run time = 0.2362 s

Elapsed run time = 0.2368 s

Elapsed run time = 0.2368 s

Elapsed run time = 0.2359 s

Elapsed run time = 0.2364 s

Elapsed run time = 0.2358 s

Elapsed run time = 0.2364 s

Elapsed run time = 0.2358 s

Elapsed run time = 0.2373 s

Elapsed run time = 0.2390 s

Elapsed run time = 0.2382 s

Elapsed run time = 0.2378 s

Elapsed run time = 0.2360 s

Elapsed run time = 0.2398 s

Elapsed run time = 0.2327 s

Elapsed run time = 0.2372 s

Elapsed run time = 0.2324 s

Elapsed run time = 0.2358 s

Elapsed run time = 0.2379 s

Elapsed run time = 0.2377 s

Elapsed run time = 0.2357 s

Elapsed run time = 0.2365 s

Elapsed run time = 0.2372 s

Elapsed run time = 0.2322 s

Elapsed run time = 0.2378 s

Elapsed run time = 0.2384 s
Simulation complete. Subtracted force: -1.893684e-02. Saved to .tmp/meep_d_0.3500_N_3_corrugated_al_80.0_Nbot_3_Phosphorene_tuned_res_40_theta_94.0_eps_2.1_L_2.00.json

Elapsed run time = 0.2722 s
Task 168 complete at Fri Sep 11 08:38:15 AM EDT 2026.
