==================================================
SLURM ARRAY TASK ID: 112 / 224
Running on node: x1002c0s2b0n1
Start time: Fri Sep 11 06:21:34 AM EDT 2026
==================================================
Reading parameters from sweep_configs_sweet_spot/config_112.json...
Executing 3D FDTD Simulation: Alpha=75.0 deg, Theta=94.0 deg, d=0.35 um, L=2.0 um, Res=40...
Starting simulation: d=0.35 um, N_top=3, N_bottom=3, material=Phosphorene_tuned, resolution=40, nmax=3, theta=94.0, eps_bg=2.1, config=all, stepped_sieve=False, corrugated=True
Parallel configuration: 128 processes running 108 parallel moment partitions.
Loaded cached 'both' force: 4.748865e+03 from .tmp/chk_d_0.3500_N_3_mat_Phosphorene_tuned_res_40_th_94.0_al_75.0_L_2.00_both.json

Elapsed run time = 0.2738 s

Elapsed run time = 0.2745 s

Elapsed run time = 0.2747 s

Elapsed run time = 0.2744 s

Elapsed run time = 0.2745 s

Elapsed run time = 0.2746 s

Elapsed run time = 0.2745 s

Elapsed run time = 0.2745 s

Elapsed run time = 0.2744 s

Elapsed run time = 0.2744 s

Elapsed run time = 0.2748 s

Elapsed run time = 0.2747 s

Elapsed run time = 0.2745 s

Elapsed run time = 0.2745 s

Elapsed run time = 0.2746 s

Elapsed run time = 0.2746 s

Elapsed run time = 0.2747 s

Elapsed run time = 0.2748 s

Elapsed run time = 0.2748 s

Elapsed run time = 0.2746 s

Elapsed run time = 0.2748 s

Elapsed run time = 0.2747 s

Elapsed run time = 0.2745 s

Elapsed run time = 0.2747 s

Elapsed run time = 0.2746 s

Elapsed run time = 0.2747 s

Elapsed run time = 0.2746 s
Loaded cached 'self' force: 4.748882e+03 from .tmp/chk_d_0.3500_N_3_mat_Phosphorene_tuned_res_40_th_94.0_al_75.0_L_2.00_self.json

Elapsed run time = 0.2751 s

Elapsed run time = 0.2750 s

Elapsed run time = 0.2751 s

Elapsed run time = 0.2746 s

Elapsed run time = 0.2748 s

Elapsed run time = 0.2748 s

Elapsed run time = 0.2749 s

Elapsed run time = 0.2751 s

Elapsed run time = 0.2752 s

Elapsed run time = 0.2748 s

Elapsed run time = 0.2748 s

Elapsed run time = 0.2750 s

Elapsed run time = 0.2750 s

Elapsed run time = 0.2750 s

Elapsed run time = 0.2749 s

Elapsed run time = 0.2749 s

Elapsed run time = 0.2750 s

Elapsed run time = 0.2749 s

Elapsed run time = 0.2749 s

Elapsed run time = 0.2747 s

Elapsed run time = 0.2750 s

Elapsed run time = 0.2754 s

Elapsed run time = 0.2745 s

Elapsed run time = 0.2751 s

Elapsed run time = 0.2751 s

Elapsed run time = 0.2748 s

Elapsed run time = 0.2748 s

Elapsed run time = 0.2751 s

Elapsed run time = 0.2749 s

Elapsed run time = 0.2748 s

Elapsed run time = 0.2750 s

Elapsed run time = 0.2751 s

Elapsed run time = 0.2750 s

Elapsed run time = 0.2750 s

Elapsed run time = 0.2750 s

Elapsed run time = 0.2754 s

Elapsed run time = 0.2749 s

Elapsed run time = 0.2753 s

Elapsed run time = 0.2753 s

Elapsed run time = 0.2753 s

Elapsed run time = 0.2751 s

Elapsed run time = 0.2752 s

Elapsed run time = 0.2752 s

Elapsed run time = 0.2752 s

Elapsed run time = 0.2754 s

Elapsed run time = 0.2751 s

Elapsed run time = 0.2751 s

Elapsed run time = 0.2751 s

Elapsed run time = 0.2754 s

Elapsed run time = 0.2750 s

Elapsed run time = 0.2753 s

Elapsed run time = 0.2755 s

Elapsed run time = 0.2752 s

Elapsed run time = 0.2752 s

Elapsed run time = 0.2754 s

Elapsed run time = 0.2752 s

Elapsed run time = 0.2752 s

Elapsed run time = 0.2754 s

Elapsed run time = 0.2751 s

Elapsed run time = 0.2754 s

Elapsed run time = 0.2751 s

Elapsed run time = 0.2752 s

Elapsed run time = 0.2753 s

Elapsed run time = 0.2753 s

Elapsed run time = 0.2753 s

Elapsed run time = 0.2754 s

Elapsed run time = 0.2753 s

Elapsed run time = 0.2753 s

Elapsed run time = 0.2753 s

Elapsed run time = 0.2753 s

Elapsed run time = 0.2752 s

Elapsed run time = 0.2753 s

Elapsed run time = 0.2750 s

Elapsed run time = 0.2753 s

Elapsed run time = 0.2752 s

Elapsed run time = 0.2752 s

Elapsed run time = 0.2752 s

Elapsed run time = 0.2751 s

Elapsed run time = 0.2752 s

Elapsed run time = 0.2754 s

Elapsed run time = 0.2752 s

Elapsed run time = 0.2752 s

Elapsed run time = 0.2752 s

Elapsed run time = 0.2754 s

Elapsed run time = 0.2752 s

Elapsed run time = 0.2753 s

Elapsed run time = 0.2752 s

Elapsed run time = 0.2752 s

Elapsed run time = 0.2752 s

Elapsed run time = 0.2754 s

Elapsed run time = 0.2752 s

Elapsed run time = 0.2753 s

Elapsed run time = 0.2753 s

Elapsed run time = 0.2753 s

Elapsed run time = 0.2753 s

Elapsed run time = 0.2751 s

Elapsed run time = 0.2752 s

Elapsed run time = 0.2754 s

Elapsed run time = 0.2754 s

Elapsed run time = 0.2752 s
Simulation complete. Subtracted force: -1.777405e-02. Saved to .tmp/meep_d_0.3500_N_3_corrugated_al_75.0_Nbot_3_Phosphorene_tuned_res_40_theta_94.0_eps_2.1_L_2.00.json

Elapsed run time = 0.3216 s
Task 112 complete at Fri Sep 11 06:21:41 AM EDT 2026.
