==================================================
SLURM ARRAY TASK ID: 53 / 224
Running on node: x1001c4s0b0n1
Start time: Thu Sep 10 04:22:14 PM EDT 2026
==================================================
Reading parameters from sweep_configs_sweet_spot/config_053.json...
Executing 3D FDTD Simulation: Alpha=70.0 deg, Theta=94.0 deg, d=0.2 um, L=2.0 um, Res=40...

Elapsed run time = 0.0342 s

Elapsed run time = 0.0341 s

Elapsed run time = 0.0340 s

Elapsed run time = 0.0340 s

Elapsed run time = 0.0340 s

Elapsed run time = 0.0343 s

Elapsed run time = 0.0344 s

Elapsed run time = 0.0345 s

Elapsed run time = 0.0343 s

Elapsed run time = 0.0343 s

Elapsed run time = 0.0341 s

Elapsed run time = 0.0341 s

Elapsed run time = 0.0341 s

Elapsed run time = 0.0344 s

Elapsed run time = 0.0344 s

Elapsed run time = 0.0344 s

Elapsed run time = 0.0344 s

Elapsed run time = 0.0343 s

Elapsed run time = 0.0344 s

Elapsed run time = 0.0345 s

Elapsed run time = 1459.9576 s

Elapsed run time = 1465.1620 s

Elapsed run time = 1485.7668 s

Elapsed run time = 1499.8715 s

Elapsed run time = 2126.9987 s

Elapsed run time = 2130.9965 s

Elapsed run time = 2132.4375 s

Elapsed run time = 2134.1757 s

Elapsed run time = 2134.6651 s

Elapsed run time = 2147.9216 s

Elapsed run time = 2154.1409 s

Elapsed run time = 2167.9816 s
Starting simulation: d=0.2 um, N_top=3, N_bottom=3, material=Phosphorene_tuned, resolution=40, nmax=3, theta=94.0, eps_bg=2.1, config=all, stepped_sieve=False, corrugated=True
Parallel configuration: 128 processes running 108 parallel moment partitions.
  [BOTH][Rank 0] Done moment 1/1 (task 0): force_integral=-7.452942e-04

Elapsed run time = 5067.4450 s

Elapsed run time = 5068.6550 s

Elapsed run time = 5074.1312 s

Elapsed run time = 5083.2296 s

Elapsed run time = 5087.9334 s

Elapsed run time = 5088.5960 s

Elapsed run time = 5094.7129 s

Elapsed run time = 5095.2639 s

Elapsed run time = 5095.8849 s

Elapsed run time = 5098.5158 s

Elapsed run time = 5098.5813 s

Elapsed run time = 5098.8694 s

Elapsed run time = 5099.0009 s

Elapsed run time = 5100.1571 s

Elapsed run time = 5101.6444 s

Elapsed run time = 5103.4351 s

Elapsed run time = 5103.9921 s

Elapsed run time = 5104.1164 s

Elapsed run time = 5104.3666 s

Elapsed run time = 5107.6784 s

Elapsed run time = 5107.6865 s

Elapsed run time = 5109.1670 s

Elapsed run time = 5109.2659 s

Elapsed run time = 5110.5000 s

Elapsed run time = 5111.1712 s

Elapsed run time = 5112.5014 s

Elapsed run time = 5112.7162 s

Elapsed run time = 5112.8055 s

Elapsed run time = 5115.0649 s

Elapsed run time = 5116.1749 s

Elapsed run time = 5116.5400 s

Elapsed run time = 5117.4349 s

Elapsed run time = 5117.6603 s

Elapsed run time = 5118.1381 s

Elapsed run time = 5119.6841 s

Elapsed run time = 5121.3472 s

Elapsed run time = 5121.3720 s

Elapsed run time = 5123.1325 s

Elapsed run time = 5123.2256 s

Elapsed run time = 5123.8727 s

Elapsed run time = 5126.1945 s

Elapsed run time = 5127.9215 s
  [SELF][Rank 0] Done moment 1/1 (task 0): force_integral=+2.307023e-03

Elapsed run time = 5128.6922 s

Elapsed run time = 5129.7319 s

Elapsed run time = 5129.7626 s

Elapsed run time = 5129.9149 s

Elapsed run time = 5130.1894 s

Elapsed run time = 5130.3193 s

Elapsed run time = 5131.8294 s

Elapsed run time = 5131.9235 s

Elapsed run time = 5134.5723 s

Elapsed run time = 5134.8817 s

Elapsed run time = 5135.9047 s

Elapsed run time = 5136.5815 s

Elapsed run time = 5136.6892 s

Elapsed run time = 5137.4467 s

Elapsed run time = 5137.7216 s

Elapsed run time = 5138.4682 s

Elapsed run time = 5139.3094 s

Elapsed run time = 5139.9091 s

Elapsed run time = 5140.7150 s

Elapsed run time = 5141.0235 s

Elapsed run time = 5141.2903 s

Elapsed run time = 5142.2821 s

Elapsed run time = 5142.3421 s

Elapsed run time = 5142.5973 s

Elapsed run time = 5142.6718 s

Elapsed run time = 5143.4418 s

Elapsed run time = 5145.5435 s

Elapsed run time = 5145.8085 s

Elapsed run time = 5147.4193 s

Elapsed run time = 5147.9815 s

Elapsed run time = 5148.5856 s

Elapsed run time = 5148.7364 s

Elapsed run time = 5148.7996 s

Elapsed run time = 5150.4381 s

Elapsed run time = 5151.3939 s

Elapsed run time = 5152.1315 s

Elapsed run time = 5152.2962 s

Elapsed run time = 5152.3618 s

Elapsed run time = 5152.7161 s

Elapsed run time = 5152.8251 s

Elapsed run time = 5152.8299 s

Elapsed run time = 5153.9386 s

Elapsed run time = 5154.3479 s

Elapsed run time = 5154.6498 s

Elapsed run time = 5158.0824 s

Elapsed run time = 5158.2217 s

Elapsed run time = 5158.3077 s

Elapsed run time = 5165.0290 s

Elapsed run time = 5165.0781 s

Elapsed run time = 5166.6075 s

Elapsed run time = 5167.0177 s

Elapsed run time = 5167.4525 s

Elapsed run time = 5168.1882 s
Simulation complete. Subtracted force: -1.385586e-01. Saved to .tmp/meep_d_0.2000_N_3_corrugated_Nbot_3_Phosphorene_tuned_res_40_theta_94.0_eps_2.1_L_2.00.json

Elapsed run time = 5169.3444 s
Task 53 complete at Thu Sep 10 05:48:54 PM EDT 2026.
