==================================================
SLURM ARRAY TASK ID: 42 / 224
Running on node: x1001c2s6b0n1
Start time: Thu Sep 10 03:01:04 PM EDT 2026
==================================================
Reading parameters from sweep_configs_sweet_spot/config_042.json...
Executing 3D FDTD Simulation: Alpha=70.0 deg, Theta=90.0 deg, d=0.35 um, L=2.0 um, Res=40...

Elapsed run time = 0.0123 s

Elapsed run time = 0.0166 s

Elapsed run time = 0.0190 s

Elapsed run time = 0.0202 s

Elapsed run time = 0.0242 s

Elapsed run time = 0.0250 s

Elapsed run time = 0.0255 s

Elapsed run time = 0.0263 s

Elapsed run time = 0.0286 s

Elapsed run time = 0.0292 s

Elapsed run time = 0.0352 s

Elapsed run time = 0.0377 s

Elapsed run time = 0.0391 s

Elapsed run time = 0.0393 s

Elapsed run time = 0.0402 s

Elapsed run time = 0.0403 s

Elapsed run time = 0.0410 s

Elapsed run time = 0.0420 s

Elapsed run time = 0.0425 s

Elapsed run time = 0.0433 s

Elapsed run time = 1540.3133 s

Elapsed run time = 1543.5814 s

Elapsed run time = 1574.8381 s

Elapsed run time = 1575.4803 s

Elapsed run time = 2212.4192 s

Elapsed run time = 2241.9450 s

Elapsed run time = 2248.3570 s

Elapsed run time = 2250.1022 s

Elapsed run time = 2264.0550 s

Elapsed run time = 2270.2760 s

Elapsed run time = 2282.7144 s

Elapsed run time = 2284.1431 s
Starting simulation: d=0.35 um, N_top=3, N_bottom=3, material=Phosphorene_tuned, resolution=40, nmax=3, theta=90.0, eps_bg=2.1, config=all, stepped_sieve=False, corrugated=True
Parallel configuration: 128 processes running 108 parallel moment partitions.
  [BOTH][Rank 0] Done moment 1/1 (task 0): force_integral=-6.758334e-03

Elapsed run time = 5333.8441 s

Elapsed run time = 5345.3636 s

Elapsed run time = 5351.2497 s

Elapsed run time = 5361.3851 s

Elapsed run time = 5365.1278 s

Elapsed run time = 5374.5233 s

Elapsed run time = 5374.6054 s

Elapsed run time = 5376.3689 s

Elapsed run time = 5376.7396 s

Elapsed run time = 5380.1893 s

Elapsed run time = 5380.4741 s

Elapsed run time = 5380.6490 s

Elapsed run time = 5382.6440 s

Elapsed run time = 5383.7693 s

Elapsed run time = 5384.1428 s

Elapsed run time = 5384.8863 s

Elapsed run time = 5386.8086 s

Elapsed run time = 5387.7672 s

Elapsed run time = 5388.9818 s

Elapsed run time = 5389.1895 s

Elapsed run time = 5393.3256 s

Elapsed run time = 5393.4977 s

Elapsed run time = 5394.0211 s

Elapsed run time = 5396.0558 s

Elapsed run time = 5396.8126 s

Elapsed run time = 5396.9417 s

Elapsed run time = 5397.9481 s

Elapsed run time = 5399.8058 s

Elapsed run time = 5400.8506 s

Elapsed run time = 5401.2069 s

Elapsed run time = 5401.3391 s

Elapsed run time = 5401.4387 s

Elapsed run time = 5401.5956 s

Elapsed run time = 5401.8335 s

Elapsed run time = 5402.0331 s

Elapsed run time = 5402.1411 s

Elapsed run time = 5402.5351 s

Elapsed run time = 5407.2982 s

Elapsed run time = 5409.7536 s

Elapsed run time = 5409.7556 s

Elapsed run time = 5410.5290 s

Elapsed run time = 5411.3346 s

Elapsed run time = 5412.9577 s

Elapsed run time = 5413.5142 s

Elapsed run time = 5413.6828 s

Elapsed run time = 5413.7650 s

Elapsed run time = 5414.5264 s

Elapsed run time = 5415.7252 s
  [SELF][Rank 0] Done moment 1/1 (task 0): force_integral=-5.880442e-03

Elapsed run time = 5416.5568 s

Elapsed run time = 5417.3994 s

Elapsed run time = 5418.0590 s

Elapsed run time = 5419.1376 s

Elapsed run time = 5419.9397 s

Elapsed run time = 5419.9642 s

Elapsed run time = 5420.9429 s

Elapsed run time = 5421.7372 s

Elapsed run time = 5422.0421 s

Elapsed run time = 5422.8646 s

Elapsed run time = 5423.0632 s

Elapsed run time = 5423.5895 s

Elapsed run time = 5424.5384 s

Elapsed run time = 5424.9397 s

Elapsed run time = 5425.1861 s

Elapsed run time = 5426.4384 s

Elapsed run time = 5426.4942 s

Elapsed run time = 5426.7855 s

Elapsed run time = 5428.8075 s

Elapsed run time = 5430.4336 s

Elapsed run time = 5431.7103 s

Elapsed run time = 5432.6694 s

Elapsed run time = 5432.6804 s

Elapsed run time = 5435.5254 s

Elapsed run time = 5436.4088 s

Elapsed run time = 5437.2979 s

Elapsed run time = 5438.1691 s

Elapsed run time = 5439.0599 s

Elapsed run time = 5439.1180 s

Elapsed run time = 5439.2063 s

Elapsed run time = 5439.2150 s

Elapsed run time = 5439.9486 s

Elapsed run time = 5440.3674 s

Elapsed run time = 5440.5337 s

Elapsed run time = 5441.3199 s

Elapsed run time = 5441.3870 s

Elapsed run time = 5441.6402 s

Elapsed run time = 5441.8996 s

Elapsed run time = 5442.2753 s

Elapsed run time = 5442.9733 s

Elapsed run time = 5444.1500 s

Elapsed run time = 5445.9706 s

Elapsed run time = 5449.6418 s

Elapsed run time = 5449.6974 s

Elapsed run time = 5450.5173 s

Elapsed run time = 5450.5217 s

Elapsed run time = 5453.0227 s
Simulation complete. Subtracted force: -1.649879e-02. Saved to .tmp/meep_d_0.3500_N_3_corrugated_Nbot_3_Phosphorene_tuned_res_40_theta_90.0_eps_2.1_L_2.00.json

Elapsed run time = 5456.0046 s
Task 42 complete at Thu Sep 10 04:32:07 PM EDT 2026.
