==================================================
SLURM ARRAY TASK ID: 208 / 224
Running on node: x1000c7s4b1n0
Start time: Fri Sep 11 10:54:07 AM EDT 2026
==================================================
Reading parameters from sweep_configs_sweet_spot/config_208.json...
Executing 3D FDTD Simulation: Alpha=85.0 deg, Theta=90.0 deg, d=0.25 um, L=2.0 um, Res=40...
Starting simulation: d=0.25 um, N_top=3, N_bottom=3, material=Phosphorene_tuned, resolution=40, nmax=3, theta=90.0, eps_bg=2.1, config=all, stepped_sieve=False, corrugated=True
Parallel configuration: 128 processes running 108 parallel moment partitions.

Elapsed run time = 0.0636 s

Elapsed run time = 0.0663 s

Elapsed run time = 0.0698 s

Elapsed run time = 0.0725 s

Elapsed run time = 0.0713 s

Elapsed run time = 0.0735 s

Elapsed run time = 0.0754 s

Elapsed run time = 0.0761 s

Elapsed run time = 0.0809 s

Elapsed run time = 0.0825 s

Elapsed run time = 0.0843 s

Elapsed run time = 0.0826 s

Elapsed run time = 0.0878 s

Elapsed run time = 0.0895 s

Elapsed run time = 0.0894 s

Elapsed run time = 0.0905 s

Elapsed run time = 0.0907 s

Elapsed run time = 0.0910 s

Elapsed run time = 0.0922 s

Elapsed run time = 0.0936 s

Elapsed run time = 1488.6727 s

Elapsed run time = 1502.8373 s

Elapsed run time = 1520.0209 s

Elapsed run time = 1524.7572 s

Elapsed run time = 2172.2392 s

Elapsed run time = 2172.9697 s

Elapsed run time = 2179.4373 s

Elapsed run time = 2182.9777 s

Elapsed run time = 2190.9472 s

Elapsed run time = 2199.3718 s

Elapsed run time = 2202.9255 s

Elapsed run time = 2210.7545 s
  [BOTH][Rank 0] Done moment 1/1 (task 0): force_integral=-2.064543e-03

Elapsed run time = 5165.5081 s

Elapsed run time = 5173.3792 s

Elapsed run time = 5178.9357 s

Elapsed run time = 5179.6867 s

Elapsed run time = 5188.4335 s

Elapsed run time = 5188.6652 s

Elapsed run time = 5190.2071 s

Elapsed run time = 5191.5854 s

Elapsed run time = 5192.0287 s

Elapsed run time = 5194.0560 s

Elapsed run time = 5195.8782 s

Elapsed run time = 5196.5830 s

Elapsed run time = 5198.4633 s

Elapsed run time = 5199.0180 s

Elapsed run time = 5199.1022 s

Elapsed run time = 5199.6942 s

Elapsed run time = 5201.7511 s

Elapsed run time = 5202.3463 s

Elapsed run time = 5202.6333 s

Elapsed run time = 5202.9842 s

Elapsed run time = 5203.0644 s

Elapsed run time = 5203.2608 s

Elapsed run time = 5204.2685 s

Elapsed run time = 5205.5578 s

Elapsed run time = 5205.8602 s

Elapsed run time = 5207.5716 s

Elapsed run time = 5207.5762 s

Elapsed run time = 5207.7462 s

Elapsed run time = 5208.5077 s

Elapsed run time = 5208.5258 s

Elapsed run time = 5208.7366 s

Elapsed run time = 5208.7967 s

Elapsed run time = 5208.8939 s

Elapsed run time = 5209.5582 s

Elapsed run time = 5210.6386 s

Elapsed run time = 5211.4395 s

Elapsed run time = 5212.5817 s

Elapsed run time = 5212.7090 s

Elapsed run time = 5212.9537 s

Elapsed run time = 5213.3640 s

Elapsed run time = 5213.6562 s

Elapsed run time = 5214.4399 s

Elapsed run time = 5214.4474 s

Elapsed run time = 5214.5353 s

Elapsed run time = 5215.2129 s

Elapsed run time = 5216.6939 s

Elapsed run time = 5218.5125 s

Elapsed run time = 5218.5542 s

Elapsed run time = 5221.2716 s

Elapsed run time = 5222.0861 s
  [SELF][Rank 0] Done moment 1/1 (task 0): force_integral=-9.523570e-05

Elapsed run time = 5227.7128 s

Elapsed run time = 5229.1939 s

Elapsed run time = 5229.8884 s

Elapsed run time = 5230.3426 s

Elapsed run time = 5230.3938 s

Elapsed run time = 5230.6266 s

Elapsed run time = 5232.2270 s

Elapsed run time = 5232.4481 s

Elapsed run time = 5232.6940 s

Elapsed run time = 5234.6460 s

Elapsed run time = 5234.7431 s

Elapsed run time = 5235.0662 s

Elapsed run time = 5235.7965 s

Elapsed run time = 5236.5841 s

Elapsed run time = 5237.3208 s

Elapsed run time = 5237.6422 s

Elapsed run time = 5237.9144 s

Elapsed run time = 5238.2502 s

Elapsed run time = 5238.2991 s

Elapsed run time = 5238.3492 s

Elapsed run time = 5238.5160 s

Elapsed run time = 5238.8286 s

Elapsed run time = 5238.9580 s

Elapsed run time = 5239.5051 s

Elapsed run time = 5239.5190 s

Elapsed run time = 5239.8295 s

Elapsed run time = 5239.9547 s

Elapsed run time = 5240.4878 s

Elapsed run time = 5240.7452 s

Elapsed run time = 5240.8959 s

Elapsed run time = 5241.3400 s

Elapsed run time = 5241.8808 s

Elapsed run time = 5242.1541 s

Elapsed run time = 5242.6597 s

Elapsed run time = 5243.8526 s

Elapsed run time = 5244.2233 s

Elapsed run time = 5245.8890 s

Elapsed run time = 5246.1772 s

Elapsed run time = 5248.0056 s

Elapsed run time = 5248.0865 s

Elapsed run time = 5248.2294 s

Elapsed run time = 5248.3937 s

Elapsed run time = 5252.1565 s

Elapsed run time = 5252.4880 s

Elapsed run time = 5253.1586 s
Simulation complete. Subtracted force: -7.928453e-02. Saved to .tmp/meep_d_0.2500_N_3_corrugated_al_85.0_Nbot_3_Phosphorene_tuned_res_40_theta_90.0_eps_2.1_L_2.00.json

Elapsed run time = 5253.8805 s
Task 208 complete at Fri Sep 11 12:21:52 PM EDT 2026.
