==================================================
SLURM ARRAY TASK ID: 215 / 224
Running on node: x1001c2s2b0n1
Start time: Fri Sep 11 10:58:07 AM EDT 2026
==================================================
Reading parameters from sweep_configs_sweet_spot/config_215.json...
Executing 3D FDTD Simulation: Alpha=85.0 deg, Theta=92.0 deg, d=0.25 um, L=2.0 um, Res=40...
Starting simulation: d=0.25 um, N_top=3, N_bottom=3, material=Phosphorene_tuned, resolution=40, nmax=3, theta=92.0, eps_bg=2.1, config=all, stepped_sieve=False, corrugated=True
Parallel configuration: 128 processes running 108 parallel moment partitions.

Elapsed run time = 0.0385 s

Elapsed run time = 0.0359 s

Elapsed run time = 0.0385 s

Elapsed run time = 0.0372 s

Elapsed run time = 0.0367 s

Elapsed run time = 0.0392 s

Elapsed run time = 0.0384 s

Elapsed run time = 0.0348 s

Elapsed run time = 0.0386 s

Elapsed run time = 0.0350 s

Elapsed run time = 0.0377 s

Elapsed run time = 0.0358 s

Elapsed run time = 0.0361 s

Elapsed run time = 0.0343 s

Elapsed run time = 0.0354 s

Elapsed run time = 0.0376 s

Elapsed run time = 0.0397 s

Elapsed run time = 0.0365 s

Elapsed run time = 0.0392 s

Elapsed run time = 0.0388 s

Elapsed run time = 1487.6019 s

Elapsed run time = 1497.2297 s

Elapsed run time = 1520.9044 s

Elapsed run time = 1523.7303 s

Elapsed run time = 2149.2267 s

Elapsed run time = 2161.4572 s

Elapsed run time = 2162.1005 s

Elapsed run time = 2169.3253 s

Elapsed run time = 2182.7819 s

Elapsed run time = 2190.0780 s

Elapsed run time = 2196.4306 s

Elapsed run time = 2201.7339 s
  [BOTH][Rank 0] Done moment 1/1 (task 0): force_integral=-2.032532e-03

Elapsed run time = 5114.8710 s

Elapsed run time = 5161.9663 s

Elapsed run time = 5167.9300 s

Elapsed run time = 5177.4048 s

Elapsed run time = 5177.6896 s

Elapsed run time = 5178.6804 s

Elapsed run time = 5180.0298 s

Elapsed run time = 5183.2305 s

Elapsed run time = 5188.3322 s

Elapsed run time = 5188.6861 s

Elapsed run time = 5190.1787 s

Elapsed run time = 5190.5775 s

Elapsed run time = 5191.1123 s

Elapsed run time = 5192.9422 s

Elapsed run time = 5193.1725 s

Elapsed run time = 5194.9150 s

Elapsed run time = 5197.8956 s

Elapsed run time = 5199.8506 s

Elapsed run time = 5200.6802 s

Elapsed run time = 5200.9803 s

Elapsed run time = 5201.5733 s

Elapsed run time = 5202.6246 s

Elapsed run time = 5203.0146 s

Elapsed run time = 5204.3087 s

Elapsed run time = 5207.4369 s

Elapsed run time = 5207.4727 s

Elapsed run time = 5208.2428 s

Elapsed run time = 5209.1897 s

Elapsed run time = 5209.9740 s

Elapsed run time = 5211.3414 s

Elapsed run time = 5211.4800 s

Elapsed run time = 5213.9955 s

Elapsed run time = 5214.0907 s

Elapsed run time = 5215.3736 s

Elapsed run time = 5215.4700 s

Elapsed run time = 5216.7829 s

Elapsed run time = 5218.1691 s

Elapsed run time = 5218.2322 s

Elapsed run time = 5218.8534 s

Elapsed run time = 5219.2295 s
  [SELF][Rank 0] Done moment 1/1 (task 0): force_integral=-7.652994e-05

Elapsed run time = 5220.7840 s

Elapsed run time = 5221.8029 s

Elapsed run time = 5222.1619 s

Elapsed run time = 5222.5786 s

Elapsed run time = 5223.4243 s

Elapsed run time = 5223.5039 s

Elapsed run time = 5223.8719 s

Elapsed run time = 5224.5799 s

Elapsed run time = 5224.9510 s

Elapsed run time = 5226.7678 s

Elapsed run time = 5227.2207 s

Elapsed run time = 5227.4832 s

Elapsed run time = 5229.5712 s

Elapsed run time = 5231.0814 s

Elapsed run time = 5231.2756 s

Elapsed run time = 5234.0083 s

Elapsed run time = 5234.1104 s

Elapsed run time = 5235.0082 s

Elapsed run time = 5235.3783 s

Elapsed run time = 5235.3920 s

Elapsed run time = 5235.5551 s

Elapsed run time = 5235.5816 s

Elapsed run time = 5236.0165 s

Elapsed run time = 5236.1771 s

Elapsed run time = 5236.7888 s

Elapsed run time = 5237.0380 s

Elapsed run time = 5237.4053 s

Elapsed run time = 5238.0927 s

Elapsed run time = 5239.3408 s

Elapsed run time = 5240.2651 s

Elapsed run time = 5241.2690 s

Elapsed run time = 5243.9011 s

Elapsed run time = 5243.9775 s

Elapsed run time = 5244.9167 s

Elapsed run time = 5245.6156 s

Elapsed run time = 5246.4854 s

Elapsed run time = 5248.3206 s

Elapsed run time = 5248.8251 s

Elapsed run time = 5248.8391 s

Elapsed run time = 5248.8652 s

Elapsed run time = 5249.4307 s

Elapsed run time = 5249.4573 s

Elapsed run time = 5249.6228 s

Elapsed run time = 5250.4185 s

Elapsed run time = 5250.6445 s

Elapsed run time = 5251.1155 s

Elapsed run time = 5251.1532 s

Elapsed run time = 5251.3544 s

Elapsed run time = 5251.8077 s

Elapsed run time = 5251.9070 s

Elapsed run time = 5252.3492 s

Elapsed run time = 5252.8110 s

Elapsed run time = 5253.7793 s

Elapsed run time = 5254.1745 s

Elapsed run time = 5255.1210 s
Simulation complete. Subtracted force: -7.896364e-02. Saved to .tmp/meep_d_0.2500_N_3_corrugated_al_85.0_Nbot_3_Phosphorene_tuned_res_40_theta_92.0_eps_2.1_L_2.00.json

Elapsed run time = 5255.9781 s
Task 215 complete at Fri Sep 11 12:25:47 PM EDT 2026.
