==================================================
SLURM ARRAY TASK ID: 90 / 224
Running on node: x1000c6s1b0n1
Start time: Thu Sep 10 07:18:20 PM EDT 2026
==================================================
Reading parameters from sweep_configs_sweet_spot/config_090.json...
Executing 3D FDTD Simulation: Alpha=75.0 deg, Theta=88.0 deg, d=0.3 um, L=2.0 um, Res=40...
Starting simulation: d=0.3 um, N_top=3, N_bottom=3, material=Phosphorene_tuned, resolution=40, nmax=3, theta=88.0, eps_bg=2.1, config=all, stepped_sieve=False, corrugated=True
Parallel configuration: 128 processes running 108 parallel moment partitions.
Task already complete! Found cached result in .tmp/meep_d_0.3000_N_3_corrugated_Nbot_3_Phosphorene_tuned_res_40_theta_88.0_eps_2.1_L_2.00.json (F_sub=-3.938032e-02). Skipping.

Elapsed run time = 0.3513 s

Elapsed run time = 0.3880 s

Elapsed run time = 0.3873 s

Elapsed run time = 0.3880 s

Elapsed run time = 0.3619 s

Elapsed run time = 0.3783 s

Elapsed run time = 0.3838 s

Elapsed run time = 0.3863 s

Elapsed run time = 0.3831 s

Elapsed run time = 0.3852 s

Elapsed run time = 0.3879 s

Elapsed run time = 0.3869 s

Elapsed run time = 0.3826 s

Elapsed run time = 0.3785 s

Elapsed run time = 0.3748 s

Elapsed run time = 0.3891 s

Elapsed run time = 0.3873 s

Elapsed run time = 0.3876 s

Elapsed run time = 0.3871 s

Elapsed run time = 0.3814 s

Elapsed run time = 0.3843 s

Elapsed run time = 0.3842 s

Elapsed run time = 0.3775 s

Elapsed run time = 0.3894 s

Elapsed run time = 0.3876 s

Elapsed run time = 0.3819 s

Elapsed run time = 0.3658 s

Elapsed run time = 0.3892 s

Elapsed run time = 0.3891 s

Elapsed run time = 0.3777 s

Elapsed run time = 0.3777 s

Elapsed run time = 0.3776 s

Elapsed run time = 0.3877 s

Elapsed run time = 0.3877 s

Elapsed run time = 0.3540 s

Elapsed run time = 0.3895 s

Elapsed run time = 0.3875 s

Elapsed run time = 0.3507 s

Elapsed run time = 0.3896 s

Elapsed run time = 0.3752 s

Elapsed run time = 0.3897 s

Elapsed run time = 0.3837 s

Elapsed run time = 0.3792 s

Elapsed run time = 0.3789 s

Elapsed run time = 0.3728 s

Elapsed run time = 0.3680 s

Elapsed run time = 0.3525 s

Elapsed run time = 0.3883 s

Elapsed run time = 0.3474 s

Elapsed run time = 0.3884 s

Elapsed run time = 0.3861 s

Elapsed run time = 0.3883 s

Elapsed run time = 0.3512 s

Elapsed run time = 0.3888 s

Elapsed run time = 0.3507 s

Elapsed run time = 0.3548 s

Elapsed run time = 0.3885 s

Elapsed run time = 0.3548 s

Elapsed run time = 0.3876 s

Elapsed run time = 0.3881 s

Elapsed run time = 0.3894 s

Elapsed run time = 0.3792 s

Elapsed run time = 0.3550 s

Elapsed run time = 0.3865 s

Elapsed run time = 0.3575 s

Elapsed run time = 0.3863 s

Elapsed run time = 0.3549 s

Elapsed run time = 0.3844 s

Elapsed run time = 0.3576 s

Elapsed run time = 0.3752 s

Elapsed run time = 0.3658 s

Elapsed run time = 0.3874 s

Elapsed run time = 0.3659 s

Elapsed run time = 0.3612 s

Elapsed run time = 0.3658 s

Elapsed run time = 0.3422 s

Elapsed run time = 0.3840 s

Elapsed run time = 0.3527 s

Elapsed run time = 0.3471 s

Elapsed run time = 0.3838 s

Elapsed run time = 0.3172 s

Elapsed run time = 0.3702 s

Elapsed run time = 0.3849 s

Elapsed run time = 0.3477 s

Elapsed run time = 0.3620 s

Elapsed run time = 0.3774 s

Elapsed run time = 0.3576 s

Elapsed run time = 0.3551 s

Elapsed run time = 0.3890 s

Elapsed run time = 0.3491 s

Elapsed run time = 0.3842 s

Elapsed run time = 0.3509 s

Elapsed run time = 0.3808 s

Elapsed run time = 0.3505 s

Elapsed run time = 0.3243 s

Elapsed run time = 0.3799 s

Elapsed run time = 0.3085 s

Elapsed run time = 0.3592 s

Elapsed run time = 0.3589 s

Elapsed run time = 0.3591 s

Elapsed run time = 0.3583 s

Elapsed run time = 0.3763 s

Elapsed run time = 0.3756 s

Elapsed run time = 0.3897 s

Elapsed run time = 0.3756 s

Elapsed run time = 0.3755 s

Elapsed run time = 0.3762 s

Elapsed run time = 0.3757 s

Elapsed run time = 0.3612 s

Elapsed run time = 0.3720 s

Elapsed run time = 0.3610 s

Elapsed run time = 0.3800 s

Elapsed run time = 0.3612 s

Elapsed run time = 0.3801 s

Elapsed run time = 0.3611 s

Elapsed run time = 0.3768 s

Elapsed run time = 0.3629 s

Elapsed run time = 0.3630 s

Elapsed run time = 0.3629 s

Elapsed run time = 0.3881 s

Elapsed run time = 0.3628 s

Elapsed run time = 0.3877 s

Elapsed run time = 0.3882 s

Elapsed run time = 0.3514 s

Elapsed run time = 0.3673 s

Elapsed run time = 0.3539 s

Elapsed run time = 0.3589 s

Elapsed run time = 0.3809 s
Task 90 complete at Thu Sep 10 07:18:26 PM EDT 2026.
