==================================================
SLURM ARRAY TASK ID: 192 / 224
Running on node: x1002c2s4b1n0
Start time: Fri Sep 11 09:54:47 AM EDT 2026
==================================================
Reading parameters from sweep_configs_sweet_spot/config_192.json...
Executing 3D FDTD Simulation: Alpha=85.0 deg, Theta=86.0 deg, d=0.15 um, L=2.0 um, Res=40...
Starting simulation: d=0.15 um, N_top=3, N_bottom=3, material=Phosphorene_tuned, resolution=40, nmax=3, theta=86.0, eps_bg=2.1, config=all, stepped_sieve=False, corrugated=True
Parallel configuration: 128 processes running 108 parallel moment partitions.

Elapsed run time = 0.0777 s

Elapsed run time = 0.0784 s

Elapsed run time = 0.0792 s

Elapsed run time = 0.0797 s

Elapsed run time = 0.0805 s

Elapsed run time = 0.0810 s

Elapsed run time = 0.0828 s

Elapsed run time = 0.0834 s

Elapsed run time = 0.0843 s

Elapsed run time = 0.0851 s

Elapsed run time = 0.0879 s

Elapsed run time = 0.1165 s

Elapsed run time = 0.1169 s

Elapsed run time = 0.1175 s

Elapsed run time = 0.1176 s

Elapsed run time = 0.1178 s

Elapsed run time = 0.1188 s

Elapsed run time = 0.1190 s

Elapsed run time = 0.1206 s

Elapsed run time = 0.1211 s
Task 192 complete at Fri Sep 11 09:56:03 AM EDT 2026.
