==================================================
SLURM ARRAY TASK ID: 76 / 224
Running on node: x1002c7s5b1n0
Start time: Thu Sep 10 06:15:48 PM EDT 2026
==================================================
Reading parameters from sweep_configs_sweet_spot/config_076.json...
Executing 3D FDTD Simulation: Alpha=75.0 deg, Theta=84.0 deg, d=0.3 um, L=2.0 um, Res=40...

Elapsed run time = 0.4233 s

Elapsed run time = 0.4230 s

Elapsed run time = 0.4231 s

Elapsed run time = 0.4230 s

Elapsed run time = 0.4236 s

Elapsed run time = 0.4232 s

Elapsed run time = 0.4237 s

Elapsed run time = 0.4231 s

Elapsed run time = 0.4234 s

Elapsed run time = 0.4234 s

Elapsed run time = 0.4234 s

Elapsed run time = 0.4232 s

Elapsed run time = 0.4233 s

Elapsed run time = 0.4233 s

Elapsed run time = 0.4230 s

Elapsed run time = 0.4246 s

Elapsed run time = 0.4248 s

Elapsed run time = 0.4247 s

Elapsed run time = 0.4247 s

Elapsed run time = 0.4249 s

Elapsed run time = 0.4246 s

Elapsed run time = 0.4249 s

Elapsed run time = 0.4248 s

Elapsed run time = 0.4249 s

Elapsed run time = 0.4251 s

Elapsed run time = 0.4248 s

Elapsed run time = 0.4248 s

Elapsed run time = 0.4250 s

Elapsed run time = 0.4248 s

Elapsed run time = 0.4244 s

Elapsed run time = 0.4248 s

Elapsed run time = 0.4247 s

Elapsed run time = 0.4249 s

Elapsed run time = 0.4249 s

Elapsed run time = 0.4248 s

Elapsed run time = 0.4249 s

Elapsed run time = 0.4249 s

Elapsed run time = 0.4247 s

Elapsed run time = 0.4247 s

Elapsed run time = 0.4246 s

Elapsed run time = 0.4246 s

Elapsed run time = 0.4250 s

Elapsed run time = 0.4247 s

Elapsed run time = 0.4249 s

Elapsed run time = 0.4248 s

Elapsed run time = 0.4248 s

Elapsed run time = 0.4253 s

Elapsed run time = 0.4246 s

Elapsed run time = 0.4247 s

Elapsed run time = 0.4247 s

Elapsed run time = 0.4250 s

Elapsed run time = 0.4246 s

Elapsed run time = 0.4249 s

Elapsed run time = 0.4246 s

Elapsed run time = 0.4254 s

Elapsed run time = 0.4247 s

Elapsed run time = 0.4249 s

Elapsed run time = 0.4246 s

Elapsed run time = 0.4248 s

Elapsed run time = 0.4248 s

Elapsed run time = 0.4247 s

Elapsed run time = 0.4252 s

Elapsed run time = 0.4246 s

Elapsed run time = 0.4248 s

Elapsed run time = 0.4246 s

Elapsed run time = 0.4247 s

Elapsed run time = 0.4243 s

Elapsed run time = 0.4246 s

Elapsed run time = 0.4250 s

Elapsed run time = 0.4249 s

Elapsed run time = 0.4249 s

Elapsed run time = 0.4248 s

Elapsed run time = 0.4247 s

Elapsed run time = 0.4248 s

Elapsed run time = 0.4245 s

Elapsed run time = 0.4248 s

Elapsed run time = 0.4248 s

Elapsed run time = 0.4248 s

Elapsed run time = 0.4248 s

Elapsed run time = 0.4250 s

Elapsed run time = 0.4247 s

Elapsed run time = 0.4252 s

Elapsed run time = 0.4247 s

Elapsed run time = 0.4248 s

Elapsed run time = 0.4248 s

Elapsed run time = 0.4253 s

Elapsed run time = 0.4249 s

Elapsed run time = 0.4247 s

Elapsed run time = 0.4249 s

Elapsed run time = 0.4249 s

Elapsed run time = 0.4249 s

Elapsed run time = 0.4247 s

Elapsed run time = 0.4248 s

Elapsed run time = 0.4246 s

Elapsed run time = 0.4247 s

Elapsed run time = 0.4250 s

Elapsed run time = 0.4248 s

Elapsed run time = 0.4247 s

Elapsed run time = 0.4246 s

Elapsed run time = 0.4251 s

Elapsed run time = 0.4246 s

Elapsed run time = 0.4247 s

Elapsed run time = 0.4249 s

Elapsed run time = 0.4250 s

Elapsed run time = 0.4250 s

Elapsed run time = 0.4249 s

Elapsed run time = 0.4247 s

Elapsed run time = 0.4247 s

Elapsed run time = 0.4249 s

Elapsed run time = 0.4249 s

Elapsed run time = 0.4248 s

Elapsed run time = 0.4251 s

Elapsed run time = 0.4249 s

Elapsed run time = 0.4247 s

Elapsed run time = 0.4249 s

Elapsed run time = 0.4245 s

Elapsed run time = 0.4247 s

Elapsed run time = 0.4248 s

Elapsed run time = 0.4250 s

Elapsed run time = 0.4248 s

Elapsed run time = 0.4248 s

Elapsed run time = 0.4250 s

Elapsed run time = 0.4248 s

Elapsed run time = 0.4250 s

Elapsed run time = 0.4249 s

Elapsed run time = 0.4246 s

Elapsed run time = 0.4249 s
Starting simulation: d=0.3 um, N_top=3, N_bottom=3, material=Phosphorene_tuned, resolution=40, nmax=3, theta=84.0, eps_bg=2.1, config=all, stepped_sieve=False, corrugated=True
Parallel configuration: 128 processes running 108 parallel moment partitions.
Task already complete! Found cached result in .tmp/meep_d_0.3000_N_3_corrugated_Nbot_3_Phosphorene_tuned_res_40_theta_84.0_eps_2.1_L_2.00.json (F_sub=-3.874575e-02). Skipping.

Elapsed run time = 0.4247 s
Task 76 complete at Thu Sep 10 06:16:05 PM EDT 2026.
