==================================================
SLURM ARRAY TASK ID: 176 / 224
Running on node: x1002c0s7b1n0
Start time: Fri Sep 11 09:09:05 AM EDT 2026
==================================================
Reading parameters from sweep_configs_sweet_spot/config_176.json...
Executing 3D FDTD Simulation: Alpha=85.0 deg, Theta=82.0 deg, d=0.05 um, L=2.0 um, Res=40...
Starting simulation: d=0.05 um, N_top=3, N_bottom=3, material=Phosphorene_tuned, resolution=40, nmax=3, theta=82.0, eps_bg=2.1, config=all, stepped_sieve=False, corrugated=True
Parallel configuration: 128 processes running 108 parallel moment partitions.

Elapsed run time = 0.1849 s

Elapsed run time = 0.1840 s

Elapsed run time = 0.1927 s

Elapsed run time = 0.1960 s

Elapsed run time = 0.1971 s

Elapsed run time = 0.1956 s

Elapsed run time = 0.1980 s

Elapsed run time = 0.1982 s

Elapsed run time = 0.2002 s

Elapsed run time = 0.2018 s

Elapsed run time = 0.2022 s

Elapsed run time = 0.2058 s

Elapsed run time = 0.2095 s

Elapsed run time = 0.2107 s

Elapsed run time = 0.2126 s

Elapsed run time = 0.2139 s

Elapsed run time = 0.2150 s

Elapsed run time = 0.2167 s

Elapsed run time = 0.2190 s

Elapsed run time = 0.2239 s

Elapsed run time = 1425.7004 s

Elapsed run time = 1428.0858 s

Elapsed run time = 1454.7646 s

Elapsed run time = 1456.3315 s

Elapsed run time = 2053.0490 s

Elapsed run time = 2063.8751 s

Elapsed run time = 2082.2455 s

Elapsed run time = 2083.2909 s

Elapsed run time = 2083.8853 s

Elapsed run time = 2093.1542 s

Elapsed run time = 2098.8709 s

Elapsed run time = 2108.7898 s
  [BOTH][Rank 0] Done moment 1/1 (task 0): force_integral=-1.663528e-02

Elapsed run time = 4940.4401 s

Elapsed run time = 4952.1960 s

Elapsed run time = 4954.6592 s

Elapsed run time = 4958.1322 s

Elapsed run time = 4958.9242 s

Elapsed run time = 4960.5159 s

Elapsed run time = 4967.2040 s

Elapsed run time = 4968.7756 s

Elapsed run time = 4970.7110 s

Elapsed run time = 4971.9796 s

Elapsed run time = 4972.5160 s

Elapsed run time = 4972.7263 s

Elapsed run time = 4974.0677 s

Elapsed run time = 4974.7991 s

Elapsed run time = 4975.4573 s

Elapsed run time = 4978.6633 s

Elapsed run time = 4978.8769 s

Elapsed run time = 4979.1395 s

Elapsed run time = 4979.1823 s

Elapsed run time = 4979.3134 s

Elapsed run time = 4979.6752 s

Elapsed run time = 4980.1044 s

Elapsed run time = 4980.9870 s

Elapsed run time = 4981.8173 s

Elapsed run time = 4981.8554 s

Elapsed run time = 4981.9551 s

Elapsed run time = 4982.0302 s

Elapsed run time = 4982.3092 s

Elapsed run time = 4982.8188 s

Elapsed run time = 4983.7431 s

Elapsed run time = 4983.9035 s

Elapsed run time = 4984.8404 s

Elapsed run time = 4986.1549 s

Elapsed run time = 4988.7130 s

Elapsed run time = 4989.0607 s

Elapsed run time = 4990.3483 s

Elapsed run time = 4991.2689 s

Elapsed run time = 4991.8242 s

Elapsed run time = 4992.2613 s

Elapsed run time = 4993.7925 s

Elapsed run time = 4994.4654 s

Elapsed run time = 4995.0299 s

Elapsed run time = 4995.6262 s

Elapsed run time = 4995.9715 s
  [SELF][Rank 0] Done moment 1/1 (task 0): force_integral=-3.278323e-03

Elapsed run time = 4997.4013 s

Elapsed run time = 4998.7758 s

Elapsed run time = 4999.3059 s

Elapsed run time = 4999.7111 s

Elapsed run time = 5000.4414 s

Elapsed run time = 5001.4896 s

Elapsed run time = 5003.0688 s

Elapsed run time = 5003.5467 s

Elapsed run time = 5004.1200 s

Elapsed run time = 5005.1391 s

Elapsed run time = 5006.1438 s

Elapsed run time = 5006.9189 s

Elapsed run time = 5008.2406 s

Elapsed run time = 5008.3762 s

Elapsed run time = 5008.5242 s

Elapsed run time = 5009.0469 s

Elapsed run time = 5009.0849 s

Elapsed run time = 5009.1144 s

Elapsed run time = 5009.3328 s

Elapsed run time = 5009.7184 s

Elapsed run time = 5010.5015 s

Elapsed run time = 5013.5805 s

Elapsed run time = 5014.0362 s

Elapsed run time = 5014.3450 s

Elapsed run time = 5014.8910 s

Elapsed run time = 5015.3231 s

Elapsed run time = 5016.1352 s

Elapsed run time = 5016.5391 s

Elapsed run time = 5017.7699 s

Elapsed run time = 5018.2114 s

Elapsed run time = 5018.8188 s

Elapsed run time = 5018.9890 s

Elapsed run time = 5019.1604 s

Elapsed run time = 5019.2143 s

Elapsed run time = 5019.4504 s

Elapsed run time = 5019.9676 s

Elapsed run time = 5020.0896 s

Elapsed run time = 5020.2606 s

Elapsed run time = 5020.3861 s

Elapsed run time = 5020.6538 s

Elapsed run time = 5022.1194 s

Elapsed run time = 5022.5246 s

Elapsed run time = 5022.7302 s

Elapsed run time = 5022.8747 s

Elapsed run time = 5024.9026 s

Elapsed run time = 5027.5624 s

Elapsed run time = 5029.0554 s

Elapsed run time = 5029.1198 s

Elapsed run time = 5031.1515 s

Elapsed run time = 5031.5033 s

Elapsed run time = 5031.5332 s
Simulation complete. Subtracted force: -6.571257e+01. Saved to .tmp/meep_d_0.0500_N_3_corrugated_al_85.0_Nbot_3_Phosphorene_tuned_res_40_theta_82.0_eps_2.1_L_2.00.json

Elapsed run time = 5032.2788 s
Task 176 complete at Fri Sep 11 10:34:16 AM EDT 2026.
