==================================================
SLURM ARRAY TASK ID: 127 / 224
Running on node: x1001c3s1b1n1
Start time: Fri Sep 11 06:43:43 AM EDT 2026
==================================================
Reading parameters from sweep_configs_sweet_spot/config_127.json...
Executing 3D FDTD Simulation: Alpha=80.0 deg, Theta=84.0 deg, d=0.05 um, L=2.0 um, Res=40...
Starting simulation: d=0.05 um, N_top=3, N_bottom=3, material=Phosphorene_tuned, resolution=40, nmax=3, theta=84.0, eps_bg=2.1, config=all, stepped_sieve=False, corrugated=True
Parallel configuration: 128 processes running 108 parallel moment partitions.

Elapsed run time = 0.1629 s

Elapsed run time = 0.1685 s

Elapsed run time = 0.1692 s

Elapsed run time = 0.1728 s

Elapsed run time = 0.1076 s

Elapsed run time = 0.1775 s

Elapsed run time = 0.1127 s

Elapsed run time = 0.1136 s

Elapsed run time = 0.1143 s

Elapsed run time = 0.1171 s

Elapsed run time = 0.1909 s

Elapsed run time = 0.1252 s

Elapsed run time = 0.1916 s

Elapsed run time = 0.1919 s

Elapsed run time = 0.1267 s

Elapsed run time = 0.1928 s

Elapsed run time = 0.1929 s

Elapsed run time = 0.1277 s

Elapsed run time = 0.1284 s

Elapsed run time = 0.1958 s

Elapsed run time = 1387.0501 s

Elapsed run time = 1390.3509 s

Elapsed run time = 1410.9334 s

Elapsed run time = 1415.9738 s

Elapsed run time = 2010.8354 s

Elapsed run time = 2011.4611 s

Elapsed run time = 2017.1440 s

Elapsed run time = 2019.1463 s

Elapsed run time = 2028.0643 s

Elapsed run time = 2037.6380 s

Elapsed run time = 2037.6642 s

Elapsed run time = 2046.4000 s
  [BOTH][Rank 0] Done moment 1/1 (task 0): force_integral=-1.662810e-02

Elapsed run time = 4791.2148 s

Elapsed run time = 4798.0182 s

Elapsed run time = 4802.3216 s

Elapsed run time = 4804.5795 s

Elapsed run time = 4809.8975 s

Elapsed run time = 4816.9599 s

Elapsed run time = 4817.3634 s

Elapsed run time = 4821.4812 s

Elapsed run time = 4821.8467 s

Elapsed run time = 4821.9005 s

Elapsed run time = 4822.0678 s

Elapsed run time = 4822.6793 s

Elapsed run time = 4823.1297 s

Elapsed run time = 4824.2311 s

Elapsed run time = 4824.9991 s

Elapsed run time = 4825.2219 s

Elapsed run time = 4825.5224 s

Elapsed run time = 4828.2776 s

Elapsed run time = 4828.2693 s

Elapsed run time = 4829.5272 s

Elapsed run time = 4830.3419 s

Elapsed run time = 4830.5494 s

Elapsed run time = 4831.0614 s
  [SELF][Rank 0] Done moment 1/1 (task 0): force_integral=-3.067698e-03

Elapsed run time = 4833.2892 s

Elapsed run time = 4833.5555 s

Elapsed run time = 4834.6108 s

Elapsed run time = 4835.8796 s

Elapsed run time = 4835.9300 s

Elapsed run time = 4837.0891 s

Elapsed run time = 4837.5849 s

Elapsed run time = 4837.6781 s

Elapsed run time = 4838.1305 s

Elapsed run time = 4838.6949 s

Elapsed run time = 4839.9320 s

Elapsed run time = 4839.9377 s

Elapsed run time = 4840.2971 s

Elapsed run time = 4841.7280 s

Elapsed run time = 4843.1974 s

Elapsed run time = 4844.2817 s

Elapsed run time = 4844.3297 s

Elapsed run time = 4844.4932 s

Elapsed run time = 4844.6584 s

Elapsed run time = 4845.1289 s

Elapsed run time = 4845.7831 s

Elapsed run time = 4849.3432 s

Elapsed run time = 4849.5952 s

Elapsed run time = 4850.0664 s

Elapsed run time = 4850.9960 s

Elapsed run time = 4851.5512 s

Elapsed run time = 4852.1281 s

Elapsed run time = 4852.8704 s

Elapsed run time = 4854.1892 s

Elapsed run time = 4854.9799 s

Elapsed run time = 4855.6934 s

Elapsed run time = 4856.0267 s

Elapsed run time = 4856.2785 s

Elapsed run time = 4856.2997 s

Elapsed run time = 4856.6176 s

Elapsed run time = 4856.8765 s

Elapsed run time = 4857.2015 s

Elapsed run time = 4860.1149 s

Elapsed run time = 4861.0239 s

Elapsed run time = 4861.3639 s

Elapsed run time = 4864.5682 s

Elapsed run time = 4865.4078 s

Elapsed run time = 4865.7296 s

Elapsed run time = 4865.9999 s

Elapsed run time = 4866.0187 s

Elapsed run time = 4866.2172 s

Elapsed run time = 4866.8266 s

Elapsed run time = 4866.9170 s

Elapsed run time = 4866.9703 s

Elapsed run time = 4867.1884 s

Elapsed run time = 4867.4257 s

Elapsed run time = 4867.5060 s

Elapsed run time = 4867.9538 s

Elapsed run time = 4868.1109 s

Elapsed run time = 4868.1935 s

Elapsed run time = 4868.9008 s

Elapsed run time = 4869.1009 s

Elapsed run time = 4869.2162 s

Elapsed run time = 4869.7734 s

Elapsed run time = 4869.7883 s

Elapsed run time = 4870.7777 s

Elapsed run time = 4871.2571 s

Elapsed run time = 4872.7514 s

Elapsed run time = 4873.3581 s

Elapsed run time = 4873.4798 s

Elapsed run time = 4873.9842 s

Elapsed run time = 4878.5680 s

Elapsed run time = 4878.6636 s

Elapsed run time = 4879.2608 s

Elapsed run time = 4881.8296 s

Elapsed run time = 4882.7157 s

Elapsed run time = 4883.5870 s
Simulation complete. Subtracted force: -5.947079e+01. Saved to .tmp/meep_d_0.0500_N_3_corrugated_al_80.0_Nbot_3_Phosphorene_tuned_res_40_theta_84.0_eps_2.1_L_2.00.json

Elapsed run time = 4884.2231 s
Task 127 complete at Fri Sep 11 08:05:37 AM EDT 2026.
