==================================================
SLURM ARRAY TASK ID: 151 / 224
Running on node: x1002c6s1b0n1
Start time: Fri Sep 11 08:00:32 AM EDT 2026
==================================================
Reading parameters from sweep_configs_sweet_spot/config_151.json...
Executing 3D FDTD Simulation: Alpha=80.0 deg, Theta=90.0 deg, d=0.2 um, L=2.0 um, Res=40...
Starting simulation: d=0.2 um, N_top=3, N_bottom=3, material=Phosphorene_tuned, resolution=40, nmax=3, theta=90.0, eps_bg=2.1, config=all, stepped_sieve=False, corrugated=True
Parallel configuration: 128 processes running 108 parallel moment partitions.

Elapsed run time = 0.0574 s

Elapsed run time = 0.0589 s

Elapsed run time = 0.0601 s

Elapsed run time = 0.0597 s

Elapsed run time = 0.0598 s

Elapsed run time = 0.0603 s

Elapsed run time = 0.0602 s

Elapsed run time = 0.0584 s

Elapsed run time = 0.0586 s

Elapsed run time = 0.0591 s

Elapsed run time = 0.0582 s

Elapsed run time = 0.0578 s

Elapsed run time = 0.0594 s

Elapsed run time = 0.0605 s

Elapsed run time = 0.0599 s

Elapsed run time = 0.0580 s

Elapsed run time = 0.0604 s

Elapsed run time = 0.0599 s

Elapsed run time = 0.0576 s

Elapsed run time = 0.0589 s

Elapsed run time = 1458.1436 s

Elapsed run time = 1463.2256 s

Elapsed run time = 1491.2955 s

Elapsed run time = 1493.6558 s

Elapsed run time = 2132.7989 s

Elapsed run time = 2134.4023 s

Elapsed run time = 2134.8384 s

Elapsed run time = 2137.2127 s

Elapsed run time = 2146.6535 s

Elapsed run time = 2155.1978 s

Elapsed run time = 2159.8948 s

Elapsed run time = 2164.9021 s
  [BOTH][Rank 0] Done moment 1/1 (task 0): force_integral=+2.112566e-03

Elapsed run time = 5051.5466 s

Elapsed run time = 5065.0138 s

Elapsed run time = 5067.6288 s

Elapsed run time = 5080.8439 s

Elapsed run time = 5086.1860 s

Elapsed run time = 5086.8239 s

Elapsed run time = 5094.5235 s

Elapsed run time = 5100.4846 s

Elapsed run time = 5102.7176 s

Elapsed run time = 5103.3078 s

Elapsed run time = 5104.5993 s

Elapsed run time = 5105.7671 s

Elapsed run time = 5105.8453 s

Elapsed run time = 5107.6896 s

Elapsed run time = 5108.2892 s

Elapsed run time = 5109.0426 s

Elapsed run time = 5109.5114 s

Elapsed run time = 5110.1886 s

Elapsed run time = 5110.7248 s

Elapsed run time = 5112.0156 s

Elapsed run time = 5112.3629 s

Elapsed run time = 5113.4094 s

Elapsed run time = 5113.7031 s

Elapsed run time = 5114.1719 s

Elapsed run time = 5114.3528 s

Elapsed run time = 5114.9535 s

Elapsed run time = 5115.2574 s

Elapsed run time = 5115.4820 s

Elapsed run time = 5116.9243 s

Elapsed run time = 5117.3274 s

Elapsed run time = 5117.4558 s

Elapsed run time = 5117.9237 s

Elapsed run time = 5119.3140 s

Elapsed run time = 5120.0897 s

Elapsed run time = 5120.8376 s

Elapsed run time = 5120.9928 s

Elapsed run time = 5121.1574 s

Elapsed run time = 5122.2883 s

Elapsed run time = 5122.7000 s

Elapsed run time = 5123.6183 s

Elapsed run time = 5123.7150 s

Elapsed run time = 5124.0931 s

Elapsed run time = 5124.4175 s

Elapsed run time = 5124.4460 s

Elapsed run time = 5124.7901 s

Elapsed run time = 5126.5961 s

Elapsed run time = 5127.2231 s

Elapsed run time = 5127.8916 s

Elapsed run time = 5128.9791 s

Elapsed run time = 5129.1761 s

Elapsed run time = 5129.8015 s

Elapsed run time = 5130.1663 s

Elapsed run time = 5132.7048 s
  [SELF][Rank 0] Done moment 1/1 (task 0): force_integral=+5.186838e-03

Elapsed run time = 5134.6157 s

Elapsed run time = 5134.9945 s

Elapsed run time = 5136.4043 s

Elapsed run time = 5137.8085 s

Elapsed run time = 5137.9865 s

Elapsed run time = 5138.5109 s

Elapsed run time = 5141.4588 s

Elapsed run time = 5141.8752 s

Elapsed run time = 5142.5773 s

Elapsed run time = 5143.2118 s

Elapsed run time = 5144.0829 s

Elapsed run time = 5145.9069 s

Elapsed run time = 5146.2829 s

Elapsed run time = 5147.1545 s

Elapsed run time = 5148.0097 s

Elapsed run time = 5148.3105 s

Elapsed run time = 5148.5733 s

Elapsed run time = 5148.7602 s

Elapsed run time = 5149.2922 s

Elapsed run time = 5149.3559 s

Elapsed run time = 5149.4043 s

Elapsed run time = 5149.8063 s

Elapsed run time = 5149.8292 s

Elapsed run time = 5150.5784 s

Elapsed run time = 5150.5856 s

Elapsed run time = 5150.6358 s

Elapsed run time = 5150.6536 s

Elapsed run time = 5150.6613 s

Elapsed run time = 5150.6632 s

Elapsed run time = 5150.8927 s

Elapsed run time = 5151.1427 s

Elapsed run time = 5151.3009 s

Elapsed run time = 5151.3059 s

Elapsed run time = 5151.5476 s

Elapsed run time = 5151.7773 s

Elapsed run time = 5152.1801 s

Elapsed run time = 5154.0022 s

Elapsed run time = 5156.6927 s

Elapsed run time = 5156.7384 s

Elapsed run time = 5157.7181 s

Elapsed run time = 5158.8106 s

Elapsed run time = 5160.9426 s
Simulation complete. Subtracted force: -1.353479e-01. Saved to .tmp/meep_d_0.2000_N_3_corrugated_al_80.0_Nbot_3_Phosphorene_tuned_res_40_theta_90.0_eps_2.1_L_2.00.json

Elapsed run time = 5161.5659 s
Task 151 complete at Fri Sep 11 09:26:51 AM EDT 2026.
