==================================================
SLURM ARRAY TASK ID: 211 / 224
Running on node: x1001c2s7b0n1
Start time: Fri Sep 11 10:54:07 AM EDT 2026
==================================================
Reading parameters from sweep_configs_sweet_spot/config_211.json...
Executing 3D FDTD Simulation: Alpha=85.0 deg, Theta=92.0 deg, d=0.05 um, L=2.0 um, Res=40...
Starting simulation: d=0.05 um, N_top=3, N_bottom=3, material=Phosphorene_tuned, resolution=40, nmax=3, theta=92.0, eps_bg=2.1, config=all, stepped_sieve=False, corrugated=True
Parallel configuration: 128 processes running 108 parallel moment partitions.

Elapsed run time = 0.0951 s

Elapsed run time = 0.0961 s

Elapsed run time = 0.0975 s

Elapsed run time = 0.0982 s

Elapsed run time = 0.0983 s

Elapsed run time = 0.0992 s

Elapsed run time = 0.0994 s

Elapsed run time = 0.1000 s

Elapsed run time = 0.1010 s

Elapsed run time = 0.1028 s

Elapsed run time = 0.1281 s

Elapsed run time = 0.1287 s

Elapsed run time = 0.1307 s

Elapsed run time = 0.1316 s

Elapsed run time = 0.1323 s

Elapsed run time = 0.1328 s

Elapsed run time = 0.1337 s

Elapsed run time = 0.1341 s

Elapsed run time = 0.1346 s

Elapsed run time = 0.1369 s

Elapsed run time = 1389.6431 s

Elapsed run time = 1390.7766 s

Elapsed run time = 1414.6358 s

Elapsed run time = 1420.5452 s

Elapsed run time = 2009.5973 s

Elapsed run time = 2011.6186 s

Elapsed run time = 2021.7620 s

Elapsed run time = 2027.1556 s

Elapsed run time = 2028.7614 s

Elapsed run time = 2032.5087 s

Elapsed run time = 2041.3012 s

Elapsed run time = 2049.4807 s
  [BOTH][Rank 0] Done moment 1/1 (task 0): force_integral=-1.267944e-02

Elapsed run time = 4786.0203 s

Elapsed run time = 4786.1209 s

Elapsed run time = 4802.1877 s

Elapsed run time = 4804.7002 s

Elapsed run time = 4804.7479 s

Elapsed run time = 4808.3445 s

Elapsed run time = 4812.4300 s

Elapsed run time = 4814.2336 s

Elapsed run time = 4816.4785 s

Elapsed run time = 4817.7372 s

Elapsed run time = 4818.8771 s

Elapsed run time = 4819.1270 s

Elapsed run time = 4821.6018 s

Elapsed run time = 4822.2531 s

Elapsed run time = 4824.6128 s

Elapsed run time = 4825.1625 s

Elapsed run time = 4825.8862 s

Elapsed run time = 4827.2794 s

Elapsed run time = 4827.3930 s

Elapsed run time = 4829.2034 s

Elapsed run time = 4829.3143 s

Elapsed run time = 4829.8206 s

Elapsed run time = 4830.0613 s

Elapsed run time = 4831.1324 s

Elapsed run time = 4831.3345 s
  [SELF][Rank 0] Done moment 1/1 (task 0): force_integral=+1.260466e-03

Elapsed run time = 4832.3027 s

Elapsed run time = 4832.4840 s

Elapsed run time = 4832.5425 s

Elapsed run time = 4832.5904 s

Elapsed run time = 4833.2063 s

Elapsed run time = 4834.1480 s

Elapsed run time = 4835.5924 s

Elapsed run time = 4838.3816 s

Elapsed run time = 4839.0599 s

Elapsed run time = 4839.7013 s

Elapsed run time = 4840.3272 s

Elapsed run time = 4840.6449 s

Elapsed run time = 4841.2521 s

Elapsed run time = 4841.6883 s

Elapsed run time = 4842.6321 s

Elapsed run time = 4843.7559 s

Elapsed run time = 4843.8230 s

Elapsed run time = 4844.2205 s

Elapsed run time = 4844.4562 s

Elapsed run time = 4844.4630 s

Elapsed run time = 4846.2952 s

Elapsed run time = 4849.3354 s

Elapsed run time = 4849.7202 s

Elapsed run time = 4849.8526 s

Elapsed run time = 4850.8073 s

Elapsed run time = 4852.2129 s

Elapsed run time = 4852.7244 s

Elapsed run time = 4853.1706 s

Elapsed run time = 4853.6182 s

Elapsed run time = 4854.9110 s

Elapsed run time = 4855.4951 s

Elapsed run time = 4855.5870 s

Elapsed run time = 4855.8004 s

Elapsed run time = 4855.8782 s

Elapsed run time = 4856.0036 s

Elapsed run time = 4856.7102 s

Elapsed run time = 4856.8885 s

Elapsed run time = 4857.2161 s

Elapsed run time = 4857.3045 s

Elapsed run time = 4857.6462 s

Elapsed run time = 4857.6905 s

Elapsed run time = 4858.1561 s

Elapsed run time = 4858.7421 s

Elapsed run time = 4859.6237 s

Elapsed run time = 4861.3020 s

Elapsed run time = 4861.6271 s

Elapsed run time = 4861.6335 s

Elapsed run time = 4861.9129 s

Elapsed run time = 4862.3230 s

Elapsed run time = 4863.1267 s

Elapsed run time = 4864.5800 s

Elapsed run time = 4864.7604 s

Elapsed run time = 4865.6290 s

Elapsed run time = 4866.6617 s

Elapsed run time = 4866.7341 s

Elapsed run time = 4867.2209 s

Elapsed run time = 4868.4313 s

Elapsed run time = 4868.8421 s

Elapsed run time = 4869.6404 s

Elapsed run time = 4871.1551 s

Elapsed run time = 4871.3072 s

Elapsed run time = 4871.3408 s

Elapsed run time = 4871.8033 s

Elapsed run time = 4873.8356 s

Elapsed run time = 4879.6089 s

Elapsed run time = 4881.2682 s

Elapsed run time = 4882.3916 s

Elapsed run time = 4882.5803 s

Elapsed run time = 4882.6011 s

Elapsed run time = 4884.1505 s
Simulation complete. Subtracted force: -6.604662e+01. Saved to .tmp/meep_d_0.0500_N_3_corrugated_al_85.0_Nbot_3_Phosphorene_tuned_res_40_theta_92.0_eps_2.1_L_2.00.json

Elapsed run time = 4884.8533 s
Task 211 complete at Fri Sep 11 12:15:37 PM EDT 2026.
