==================================================
SLURM ARRAY TASK ID: 178 / 224
Running on node: x1001c5s4b1n0
Start time: Fri Sep 11 09:16:40 AM EDT 2026
==================================================
Reading parameters from sweep_configs_sweet_spot/config_178.json...
Executing 3D FDTD Simulation: Alpha=85.0 deg, Theta=82.0 deg, d=0.15 um, L=2.0 um, Res=40...
Starting simulation: d=0.15 um, N_top=3, N_bottom=3, material=Phosphorene_tuned, resolution=40, nmax=3, theta=82.0, eps_bg=2.1, config=all, stepped_sieve=False, corrugated=True
Parallel configuration: 128 processes running 108 parallel moment partitions.

Elapsed run time = 0.1880 s

Elapsed run time = 0.1891 s

Elapsed run time = 0.1903 s

Elapsed run time = 0.1905 s

Elapsed run time = 0.1916 s

Elapsed run time = 0.1973 s

Elapsed run time = 0.1937 s

Elapsed run time = 0.1963 s

Elapsed run time = 0.1946 s

Elapsed run time = 0.1971 s

Elapsed run time = 0.2271 s

Elapsed run time = 0.2311 s

Elapsed run time = 0.2282 s

Elapsed run time = 0.2292 s

Elapsed run time = 0.2293 s

Elapsed run time = 0.2297 s

Elapsed run time = 0.2328 s

Elapsed run time = 0.2339 s

Elapsed run time = 0.2411 s

Elapsed run time = 0.2417 s

Elapsed run time = 1489.3232 s

Elapsed run time = 1497.4998 s

Elapsed run time = 1517.4218 s

Elapsed run time = 1524.8668 s

Elapsed run time = 2164.5450 s

Elapsed run time = 2164.5469 s

Elapsed run time = 2166.6186 s

Elapsed run time = 2171.4929 s

Elapsed run time = 2181.2900 s

Elapsed run time = 2187.6313 s

Elapsed run time = 2195.1235 s

Elapsed run time = 2201.4654 s
  [BOTH][Rank 0] Done moment 1/1 (task 0): force_integral=-1.311456e-04

Elapsed run time = 5136.0321 s

Elapsed run time = 5139.5035 s

Elapsed run time = 5146.6112 s

Elapsed run time = 5149.2633 s

Elapsed run time = 5154.4063 s

Elapsed run time = 5157.7329 s

Elapsed run time = 5160.7737 s

Elapsed run time = 5162.6825 s

Elapsed run time = 5164.2108 s

Elapsed run time = 5164.8395 s

Elapsed run time = 5166.9374 s

Elapsed run time = 5168.2774 s

Elapsed run time = 5169.4330 s

Elapsed run time = 5169.6919 s

Elapsed run time = 5170.6448 s

Elapsed run time = 5172.5000 s

Elapsed run time = 5173.3236 s

Elapsed run time = 5173.9721 s

Elapsed run time = 5174.1888 s

Elapsed run time = 5174.8125 s

Elapsed run time = 5175.6923 s

Elapsed run time = 5176.5473 s

Elapsed run time = 5178.2631 s

Elapsed run time = 5179.7003 s

Elapsed run time = 5179.7695 s

Elapsed run time = 5180.4958 s

Elapsed run time = 5182.0161 s

Elapsed run time = 5182.2650 s

Elapsed run time = 5182.8212 s

Elapsed run time = 5183.6329 s

Elapsed run time = 5186.0306 s

Elapsed run time = 5186.8690 s

Elapsed run time = 5187.2791 s

Elapsed run time = 5187.7471 s

Elapsed run time = 5188.1343 s

Elapsed run time = 5188.6604 s

Elapsed run time = 5189.4013 s

Elapsed run time = 5189.8167 s

Elapsed run time = 5189.9812 s

Elapsed run time = 5190.7530 s

Elapsed run time = 5191.0833 s

Elapsed run time = 5192.4812 s

Elapsed run time = 5192.6995 s

Elapsed run time = 5194.0179 s

Elapsed run time = 5195.3918 s

Elapsed run time = 5196.0997 s

Elapsed run time = 5196.3715 s

Elapsed run time = 5197.4679 s

Elapsed run time = 5198.9758 s

Elapsed run time = 5199.6168 s

Elapsed run time = 5200.1562 s

Elapsed run time = 5201.2069 s

Elapsed run time = 5201.2187 s

Elapsed run time = 5201.7795 s

Elapsed run time = 5201.8518 s

Elapsed run time = 5202.3531 s
  [SELF][Rank 0] Done moment 1/1 (task 0): force_integral=+4.878508e-03

Elapsed run time = 5203.9976 s

Elapsed run time = 5204.4469 s

Elapsed run time = 5204.5891 s

Elapsed run time = 5205.6010 s

Elapsed run time = 5205.6994 s

Elapsed run time = 5207.0777 s

Elapsed run time = 5207.2167 s

Elapsed run time = 5207.6735 s

Elapsed run time = 5207.7508 s

Elapsed run time = 5207.9880 s

Elapsed run time = 5209.8565 s

Elapsed run time = 5213.4561 s

Elapsed run time = 5214.1381 s

Elapsed run time = 5214.2963 s

Elapsed run time = 5214.3025 s

Elapsed run time = 5214.7935 s

Elapsed run time = 5216.8425 s

Elapsed run time = 5217.6034 s

Elapsed run time = 5218.3142 s

Elapsed run time = 5219.4602 s

Elapsed run time = 5220.7060 s

Elapsed run time = 5221.2889 s

Elapsed run time = 5221.3520 s

Elapsed run time = 5222.2502 s

Elapsed run time = 5222.6740 s

Elapsed run time = 5223.1131 s

Elapsed run time = 5223.8199 s

Elapsed run time = 5224.4843 s

Elapsed run time = 5224.6980 s

Elapsed run time = 5224.6994 s

Elapsed run time = 5227.9717 s

Elapsed run time = 5228.3854 s

Elapsed run time = 5228.5591 s

Elapsed run time = 5228.8996 s

Elapsed run time = 5228.9716 s

Elapsed run time = 5230.7193 s

Elapsed run time = 5230.8873 s

Elapsed run time = 5233.3070 s

Elapsed run time = 5234.0682 s
Simulation complete. Subtracted force: -3.159013e-01. Saved to .tmp/meep_d_0.1500_N_3_corrugated_al_85.0_Nbot_3_Phosphorene_tuned_res_40_theta_82.0_eps_2.1_L_2.00.json

Elapsed run time = 5238.4674 s
Task 178 complete at Fri Sep 11 10:44:44 AM EDT 2026.
