==================================================
SLURM ARRAY TASK ID: 99 / 224
Running on node: x1002c4s3b0n0
Start time: Thu Sep 10 07:50:59 PM EDT 2026
==================================================
Reading parameters from sweep_configs_sweet_spot/config_099.json...
Executing 3D FDTD Simulation: Alpha=75.0 deg, Theta=92.0 deg, d=0.05 um, L=2.0 um, Res=40...

Elapsed run time = 0.0673 s

Elapsed run time = 0.0669 s

Elapsed run time = 0.0672 s

Elapsed run time = 0.0665 s

Elapsed run time = 0.0677 s

Elapsed run time = 0.0676 s

Elapsed run time = 0.0677 s

Elapsed run time = 0.0675 s

Elapsed run time = 0.0671 s

Elapsed run time = 0.0660 s

Elapsed run time = 0.0674 s

Elapsed run time = 0.0676 s

Elapsed run time = 0.0668 s

Elapsed run time = 0.0678 s

Elapsed run time = 0.0675 s

Elapsed run time = 0.0678 s

Elapsed run time = 0.0676 s
Starting simulation: d=0.05 um, N_top=3, N_bottom=3, material=Phosphorene_tuned, resolution=40, nmax=3, theta=92.0, eps_bg=2.1, config=all, stepped_sieve=False, corrugated=True
Parallel configuration: 128 processes running 108 parallel moment partitions.
Task already complete! Found cached result in .tmp/meep_d_0.0500_N_3_corrugated_Nbot_3_Phosphorene_tuned_res_40_theta_92.0_eps_2.1_L_2.00.json (F_sub=-5.394777e+01). Skipping.

Elapsed run time = 0.0673 s

Elapsed run time = 0.0679 s

Elapsed run time = 0.0677 s

Elapsed run time = 0.0681 s

Elapsed run time = 0.0677 s

Elapsed run time = 0.0673 s

Elapsed run time = 0.0679 s

Elapsed run time = 0.0678 s

Elapsed run time = 0.0674 s

Elapsed run time = 0.0676 s

Elapsed run time = 0.0681 s

Elapsed run time = 0.0679 s

Elapsed run time = 0.0679 s

Elapsed run time = 0.0676 s

Elapsed run time = 0.0680 s

Elapsed run time = 0.0677 s

Elapsed run time = 0.0680 s

Elapsed run time = 0.0680 s

Elapsed run time = 0.0677 s

Elapsed run time = 0.0679 s

Elapsed run time = 0.0673 s

Elapsed run time = 0.0677 s

Elapsed run time = 0.0676 s

Elapsed run time = 0.0677 s

Elapsed run time = 0.0677 s

Elapsed run time = 0.0669 s

Elapsed run time = 0.0662 s

Elapsed run time = 0.0679 s

Elapsed run time = 0.0680 s

Elapsed run time = 0.0672 s

Elapsed run time = 0.0678 s

Elapsed run time = 0.0680 s

Elapsed run time = 0.0680 s

Elapsed run time = 0.0680 s

Elapsed run time = 0.0679 s

Elapsed run time = 0.0679 s

Elapsed run time = 0.0678 s

Elapsed run time = 0.0675 s

Elapsed run time = 0.0681 s

Elapsed run time = 0.0678 s

Elapsed run time = 0.0679 s

Elapsed run time = 0.0682 s

Elapsed run time = 0.0681 s

Elapsed run time = 0.0673 s

Elapsed run time = 0.0683 s

Elapsed run time = 0.0659 s

Elapsed run time = 0.0676 s

Elapsed run time = 0.0679 s

Elapsed run time = 0.0671 s

Elapsed run time = 0.0685 s

Elapsed run time = 0.0675 s

Elapsed run time = 0.0675 s

Elapsed run time = 0.0677 s

Elapsed run time = 0.0678 s

Elapsed run time = 0.0681 s

Elapsed run time = 0.0680 s

Elapsed run time = 0.0673 s

Elapsed run time = 0.0682 s

Elapsed run time = 0.0675 s

Elapsed run time = 0.0672 s

Elapsed run time = 0.0685 s

Elapsed run time = 0.0681 s

Elapsed run time = 0.0680 s

Elapsed run time = 0.0681 s

Elapsed run time = 0.0682 s

Elapsed run time = 0.0683 s

Elapsed run time = 0.0680 s

Elapsed run time = 0.0683 s

Elapsed run time = 0.0674 s

Elapsed run time = 0.0683 s

Elapsed run time = 0.0680 s

Elapsed run time = 0.0680 s

Elapsed run time = 0.0681 s

Elapsed run time = 0.0680 s

Elapsed run time = 0.0684 s

Elapsed run time = 0.0683 s

Elapsed run time = 0.0668 s

Elapsed run time = 0.0684 s

Elapsed run time = 0.0679 s

Elapsed run time = 0.0683 s

Elapsed run time = 0.0675 s

Elapsed run time = 0.0669 s

Elapsed run time = 0.0670 s

Elapsed run time = 0.0678 s

Elapsed run time = 0.0673 s

Elapsed run time = 0.0687 s

Elapsed run time = 0.0683 s

Elapsed run time = 0.0671 s

Elapsed run time = 0.0681 s

Elapsed run time = 0.0679 s

Elapsed run time = 0.0669 s

Elapsed run time = 0.0674 s

Elapsed run time = 0.0668 s

Elapsed run time = 0.0682 s

Elapsed run time = 0.0686 s

Elapsed run time = 0.0681 s

Elapsed run time = 0.0681 s

Elapsed run time = 0.0684 s

Elapsed run time = 0.0684 s

Elapsed run time = 0.0680 s

Elapsed run time = 0.0685 s

Elapsed run time = 0.0680 s

Elapsed run time = 0.0681 s

Elapsed run time = 0.0680 s

Elapsed run time = 0.0688 s

Elapsed run time = 0.0683 s

Elapsed run time = 0.0675 s

Elapsed run time = 0.0683 s

Elapsed run time = 0.0681 s

Elapsed run time = 0.0683 s

Elapsed run time = 0.0683 s
Task 99 complete at Thu Sep 10 07:51:06 PM EDT 2026.
