==================================================
SLURM ARRAY TASK ID: 88 / 224
Running on node: x1000c6s1b0n1
Start time: Thu Sep 10 07:18:07 PM EDT 2026
==================================================
Reading parameters from sweep_configs_sweet_spot/config_088.json...
Executing 3D FDTD Simulation: Alpha=75.0 deg, Theta=88.0 deg, d=0.2 um, L=2.0 um, Res=40...

Elapsed run time = 0.0709 s

Elapsed run time = 0.0711 s

Elapsed run time = 0.0714 s

Elapsed run time = 0.0715 s

Elapsed run time = 0.0717 s

Elapsed run time = 0.0715 s

Elapsed run time = 0.0717 s

Elapsed run time = 0.0717 s

Elapsed run time = 0.0716 s

Elapsed run time = 0.0715 s

Elapsed run time = 0.0713 s

Elapsed run time = 0.0716 s

Elapsed run time = 0.0715 s

Elapsed run time = 0.0714 s

Elapsed run time = 0.0714 s

Elapsed run time = 0.0716 s

Elapsed run time = 0.0716 s

Elapsed run time = 0.0712 s

Elapsed run time = 0.0714 s

Elapsed run time = 0.0711 s

Elapsed run time = 0.0716 s

Elapsed run time = 0.0714 s

Elapsed run time = 0.0717 s

Elapsed run time = 0.0715 s

Elapsed run time = 0.0716 s

Elapsed run time = 0.0719 s

Elapsed run time = 0.0716 s

Elapsed run time = 0.0714 s
Starting simulation: d=0.2 um, N_top=3, N_bottom=3, material=Phosphorene_tuned, resolution=40, nmax=3, theta=88.0, eps_bg=2.1, config=all, stepped_sieve=False, corrugated=True
Parallel configuration: 128 processes running 108 parallel moment partitions.
Task already complete! Found cached result in .tmp/meep_d_0.2000_N_3_corrugated_Nbot_3_Phosphorene_tuned_res_40_theta_88.0_eps_2.1_L_2.00.json (F_sub=-1.399856e-01). Skipping.

Elapsed run time = 0.0715 s

Elapsed run time = 0.0719 s

Elapsed run time = 0.0717 s

Elapsed run time = 0.0722 s

Elapsed run time = 0.0718 s

Elapsed run time = 0.0722 s

Elapsed run time = 0.0719 s

Elapsed run time = 0.0723 s

Elapsed run time = 0.0719 s

Elapsed run time = 0.0722 s

Elapsed run time = 0.0716 s

Elapsed run time = 0.0721 s

Elapsed run time = 0.0716 s

Elapsed run time = 0.0718 s

Elapsed run time = 0.0718 s

Elapsed run time = 0.0717 s

Elapsed run time = 0.0720 s

Elapsed run time = 0.0716 s

Elapsed run time = 0.0718 s

Elapsed run time = 0.0720 s

Elapsed run time = 0.0719 s

Elapsed run time = 0.0719 s

Elapsed run time = 0.0718 s

Elapsed run time = 0.0720 s

Elapsed run time = 0.0722 s

Elapsed run time = 0.0721 s

Elapsed run time = 0.0718 s

Elapsed run time = 0.0716 s

Elapsed run time = 0.0723 s

Elapsed run time = 0.0720 s

Elapsed run time = 0.0714 s

Elapsed run time = 0.0720 s

Elapsed run time = 0.0717 s

Elapsed run time = 0.0720 s

Elapsed run time = 0.0721 s

Elapsed run time = 0.0721 s

Elapsed run time = 0.0716 s

Elapsed run time = 0.0720 s

Elapsed run time = 0.0720 s

Elapsed run time = 0.0718 s

Elapsed run time = 0.0716 s

Elapsed run time = 0.0720 s

Elapsed run time = 0.0718 s

Elapsed run time = 0.0717 s

Elapsed run time = 0.0718 s

Elapsed run time = 0.0718 s

Elapsed run time = 0.0716 s

Elapsed run time = 0.0720 s

Elapsed run time = 0.0720 s

Elapsed run time = 0.0721 s

Elapsed run time = 0.0720 s

Elapsed run time = 0.0718 s

Elapsed run time = 0.0719 s

Elapsed run time = 0.0720 s

Elapsed run time = 0.0719 s

Elapsed run time = 0.0722 s

Elapsed run time = 0.0718 s

Elapsed run time = 0.0720 s

Elapsed run time = 0.0720 s

Elapsed run time = 0.0719 s

Elapsed run time = 0.0718 s

Elapsed run time = 0.0718 s

Elapsed run time = 0.0720 s

Elapsed run time = 0.0719 s

Elapsed run time = 0.0717 s

Elapsed run time = 0.0717 s

Elapsed run time = 0.0720 s

Elapsed run time = 0.0720 s

Elapsed run time = 0.0717 s

Elapsed run time = 0.0720 s

Elapsed run time = 0.0717 s

Elapsed run time = 0.0723 s

Elapsed run time = 0.0719 s

Elapsed run time = 0.0719 s

Elapsed run time = 0.0719 s

Elapsed run time = 0.0722 s

Elapsed run time = 0.0716 s

Elapsed run time = 0.0720 s

Elapsed run time = 0.0717 s

Elapsed run time = 0.0719 s

Elapsed run time = 0.0717 s

Elapsed run time = 0.0723 s

Elapsed run time = 0.0718 s

Elapsed run time = 0.0718 s

Elapsed run time = 0.0719 s

Elapsed run time = 0.0721 s

Elapsed run time = 0.0720 s

Elapsed run time = 0.0718 s

Elapsed run time = 0.0719 s

Elapsed run time = 0.0716 s

Elapsed run time = 0.0719 s

Elapsed run time = 0.0720 s

Elapsed run time = 0.0721 s

Elapsed run time = 0.0719 s

Elapsed run time = 0.0723 s

Elapsed run time = 0.0719 s

Elapsed run time = 0.0723 s

Elapsed run time = 0.0723 s

Elapsed run time = 0.0724 s

Elapsed run time = 0.0726 s
Task 88 complete at Thu Sep 10 07:18:13 PM EDT 2026.
