==================================================
SLURM ARRAY TASK ID: 221 / 224
Running on node: x1001c4s1b0n1
Start time: Fri Sep 11 11:06:17 AM EDT 2026
==================================================
Reading parameters from sweep_configs_sweet_spot/config_221.json...
Executing 3D FDTD Simulation: Alpha=85.0 deg, Theta=94.0 deg, d=0.2 um, L=2.0 um, Res=40...
Starting simulation: d=0.2 um, N_top=3, N_bottom=3, material=Phosphorene_tuned, resolution=40, nmax=3, theta=94.0, eps_bg=2.1, config=all, stepped_sieve=False, corrugated=True
Parallel configuration: 128 processes running 108 parallel moment partitions.

Elapsed run time = 0.2017 s

Elapsed run time = 0.1993 s

Elapsed run time = 0.2008 s

Elapsed run time = 0.2003 s

Elapsed run time = 0.2009 s

Elapsed run time = 0.2029 s

Elapsed run time = 0.2063 s

Elapsed run time = 0.2054 s

Elapsed run time = 0.2080 s

Elapsed run time = 0.2089 s

Elapsed run time = 0.2080 s

Elapsed run time = 0.2371 s

Elapsed run time = 0.2364 s

Elapsed run time = 0.2385 s

Elapsed run time = 0.2366 s

Elapsed run time = 0.2393 s

Elapsed run time = 0.2403 s

Elapsed run time = 0.2391 s

Elapsed run time = 0.2414 s

Elapsed run time = 0.2408 s

Elapsed run time = 1463.0120 s

Elapsed run time = 1466.0602 s

Elapsed run time = 1492.9634 s

Elapsed run time = 1497.9965 s

Elapsed run time = 2121.3040 s

Elapsed run time = 2121.8248 s

Elapsed run time = 2134.1757 s

Elapsed run time = 2136.6744 s

Elapsed run time = 2146.5110 s

Elapsed run time = 2154.4777 s

Elapsed run time = 2159.2124 s

Elapsed run time = 2166.1722 s
  [BOTH][Rank 0] Done moment 1/1 (task 0): force_integral=-5.235801e-04

Elapsed run time = 5054.6631 s

Elapsed run time = 5061.8099 s

Elapsed run time = 5077.5227 s

Elapsed run time = 5079.6292 s

Elapsed run time = 5083.2939 s

Elapsed run time = 5084.3518 s

Elapsed run time = 5086.4348 s

Elapsed run time = 5088.5539 s

Elapsed run time = 5088.9538 s

Elapsed run time = 5094.0889 s

Elapsed run time = 5096.2351 s

Elapsed run time = 5096.4539 s

Elapsed run time = 5096.4783 s

Elapsed run time = 5099.4423 s

Elapsed run time = 5099.7409 s

Elapsed run time = 5100.0310 s

Elapsed run time = 5100.3892 s

Elapsed run time = 5104.3371 s

Elapsed run time = 5105.1109 s

Elapsed run time = 5107.3113 s

Elapsed run time = 5107.5738 s

Elapsed run time = 5107.8604 s

Elapsed run time = 5108.4312 s

Elapsed run time = 5108.6783 s

Elapsed run time = 5109.4960 s

Elapsed run time = 5109.6407 s

Elapsed run time = 5111.2346 s

Elapsed run time = 5111.3990 s

Elapsed run time = 5111.7243 s
  [SELF][Rank 0] Done moment 1/1 (task 0): force_integral=+2.464056e-03

Elapsed run time = 5114.1837 s

Elapsed run time = 5116.6217 s

Elapsed run time = 5117.7292 s

Elapsed run time = 5118.6306 s

Elapsed run time = 5118.8761 s

Elapsed run time = 5119.2638 s

Elapsed run time = 5120.1106 s

Elapsed run time = 5120.8547 s

Elapsed run time = 5121.2803 s

Elapsed run time = 5121.3242 s

Elapsed run time = 5122.6712 s

Elapsed run time = 5123.4360 s

Elapsed run time = 5123.8405 s

Elapsed run time = 5126.2760 s

Elapsed run time = 5126.7203 s

Elapsed run time = 5126.8398 s

Elapsed run time = 5127.0344 s

Elapsed run time = 5128.0887 s

Elapsed run time = 5128.9809 s

Elapsed run time = 5129.6853 s

Elapsed run time = 5133.5701 s

Elapsed run time = 5134.0868 s

Elapsed run time = 5134.2503 s

Elapsed run time = 5134.3731 s

Elapsed run time = 5135.9370 s

Elapsed run time = 5136.1601 s

Elapsed run time = 5136.7267 s

Elapsed run time = 5136.8572 s

Elapsed run time = 5137.4123 s

Elapsed run time = 5137.9552 s

Elapsed run time = 5138.5568 s

Elapsed run time = 5139.0021 s

Elapsed run time = 5139.0667 s

Elapsed run time = 5139.2009 s

Elapsed run time = 5140.6472 s

Elapsed run time = 5141.4438 s

Elapsed run time = 5142.6696 s

Elapsed run time = 5143.2181 s

Elapsed run time = 5143.2376 s

Elapsed run time = 5143.7382 s

Elapsed run time = 5143.9680 s

Elapsed run time = 5145.8156 s

Elapsed run time = 5146.0977 s

Elapsed run time = 5146.8004 s

Elapsed run time = 5147.2376 s

Elapsed run time = 5147.6800 s

Elapsed run time = 5149.1396 s

Elapsed run time = 5150.7074 s

Elapsed run time = 5151.2159 s

Elapsed run time = 5152.7673 s

Elapsed run time = 5153.0822 s

Elapsed run time = 5153.6529 s

Elapsed run time = 5153.7444 s

Elapsed run time = 5154.2539 s

Elapsed run time = 5154.4777 s

Elapsed run time = 5154.8182 s

Elapsed run time = 5155.3787 s

Elapsed run time = 5156.7285 s

Elapsed run time = 5158.2978 s

Elapsed run time = 5158.6796 s

Elapsed run time = 5160.5567 s

Elapsed run time = 5163.9101 s

Elapsed run time = 5164.1587 s

Elapsed run time = 5164.5442 s

Elapsed run time = 5164.8966 s

Elapsed run time = 5166.9652 s
Simulation complete. Subtracted force: -1.525945e-01. Saved to .tmp/meep_d_0.2000_N_3_corrugated_al_85.0_Nbot_3_Phosphorene_tuned_res_40_theta_94.0_eps_2.1_L_2.00.json

Elapsed run time = 5168.0897 s
Task 221 complete at Fri Sep 11 12:32:29 PM EDT 2026.
