==================================================
SLURM ARRAY TASK ID: 184 / 224
Running on node: x1001c3s5b1n0
Start time: Fri Sep 11 09:32:15 AM EDT 2026
==================================================
Reading parameters from sweep_configs_sweet_spot/config_184.json...
Executing 3D FDTD Simulation: Alpha=85.0 deg, Theta=84.0 deg, d=0.1 um, L=2.0 um, Res=40...
Starting simulation: d=0.1 um, N_top=3, N_bottom=3, material=Phosphorene_tuned, resolution=40, nmax=3, theta=84.0, eps_bg=2.1, config=all, stepped_sieve=False, corrugated=True
Parallel configuration: 128 processes running 108 parallel moment partitions.

Elapsed run time = 0.2169 s

Elapsed run time = 0.2175 s

Elapsed run time = 0.2182 s

Elapsed run time = 0.2189 s

Elapsed run time = 0.2194 s

Elapsed run time = 0.2216 s

Elapsed run time = 0.2264 s

Elapsed run time = 0.2267 s

Elapsed run time = 0.0698 s

Elapsed run time = 0.0704 s

Elapsed run time = 0.0699 s

Elapsed run time = 0.0804 s

Elapsed run time = 0.0799 s

Elapsed run time = 0.0773 s

Elapsed run time = 0.0816 s

Elapsed run time = 0.0811 s

Elapsed run time = 0.0842 s

Elapsed run time = 0.0837 s

Elapsed run time = 0.1059 s

Elapsed run time = 0.0931 s

Elapsed run time = 1412.9817 s

Elapsed run time = 1421.7116 s

Elapsed run time = 1448.1028 s

Elapsed run time = 1450.8960 s

Elapsed run time = 2069.0360 s

Elapsed run time = 2069.9049 s

Elapsed run time = 2073.7787 s

Elapsed run time = 2074.6398 s

Elapsed run time = 2080.3728 s

Elapsed run time = 2082.3845 s

Elapsed run time = 2092.9773 s

Elapsed run time = 2096.0318 s
  [BOTH][Rank 0] Done moment 1/1 (task 0): force_integral=-2.901063e-03

Elapsed run time = 4894.9195 s

Elapsed run time = 4914.4077 s

Elapsed run time = 4921.9057 s

Elapsed run time = 4924.3438 s

Elapsed run time = 4924.6383 s

Elapsed run time = 4924.0654 s

Elapsed run time = 4924.8513 s

Elapsed run time = 4926.1226 s

Elapsed run time = 4927.4248 s

Elapsed run time = 4927.7022 s

Elapsed run time = 4928.8075 s

Elapsed run time = 4930.4694 s

Elapsed run time = 4932.0766 s

Elapsed run time = 4932.2710 s

Elapsed run time = 4936.9392 s

Elapsed run time = 4938.1498 s

Elapsed run time = 4937.7193 s

Elapsed run time = 4938.9935 s

Elapsed run time = 4939.0171 s

Elapsed run time = 4940.8948 s

Elapsed run time = 4941.2151 s

Elapsed run time = 4941.5369 s

Elapsed run time = 4938.1452 s

Elapsed run time = 4942.9883 s

Elapsed run time = 4945.6999 s

Elapsed run time = 4945.9802 s

Elapsed run time = 4946.1368 s

Elapsed run time = 4945.6448 s

Elapsed run time = 4946.6780 s

Elapsed run time = 4946.7947 s

Elapsed run time = 4947.3244 s

Elapsed run time = 4948.1713 s

Elapsed run time = 4950.4974 s

Elapsed run time = 4951.5594 s

Elapsed run time = 4951.0328 s

Elapsed run time = 4951.9446 s

Elapsed run time = 4951.4815 s

Elapsed run time = 4952.4072 s

Elapsed run time = 4953.1553 s

Elapsed run time = 4952.6414 s

Elapsed run time = 4953.6080 s

Elapsed run time = 4953.1436 s

Elapsed run time = 4953.7636 s

Elapsed run time = 4954.9458 s

Elapsed run time = 4955.3592 s

Elapsed run time = 4956.5711 s

Elapsed run time = 4956.9559 s

Elapsed run time = 4959.7382 s

Elapsed run time = 4960.9945 s

Elapsed run time = 4960.5262 s

Elapsed run time = 4960.8454 s

Elapsed run time = 4961.5780 s

Elapsed run time = 4961.2423 s

Elapsed run time = 4963.0379 s

Elapsed run time = 4964.7892 s

Elapsed run time = 4965.2480 s

Elapsed run time = 4966.1239 s

Elapsed run time = 4966.6882 s

Elapsed run time = 4966.2261 s

Elapsed run time = 4966.4499 s

Elapsed run time = 4967.3589 s

Elapsed run time = 4967.5540 s

Elapsed run time = 4968.8468 s

Elapsed run time = 4968.8632 s

Elapsed run time = 4968.9036 s
  [SELF][Rank 0] Done moment 1/1 (task 0): force_integral=+3.848007e-03

Elapsed run time = 4970.4226 s

Elapsed run time = 4973.6911 s

Elapsed run time = 4974.5414 s

Elapsed run time = 4975.6147 s

Elapsed run time = 4979.7614 s

Elapsed run time = 4979.4533 s

Elapsed run time = 4979.8423 s

Elapsed run time = 4980.2934 s

Elapsed run time = 4980.5072 s

Elapsed run time = 4981.8276 s

Elapsed run time = 4981.5306 s

Elapsed run time = 4982.3638 s

Elapsed run time = 4983.0104 s

Elapsed run time = 4984.9902 s

Elapsed run time = 4986.0712 s

Elapsed run time = 4987.0619 s

Elapsed run time = 4987.6769 s

Elapsed run time = 4990.2044 s

Elapsed run time = 4990.1610 s

Elapsed run time = 4990.9291 s

Elapsed run time = 4991.0795 s

Elapsed run time = 4991.8762 s

Elapsed run time = 4991.9987 s

Elapsed run time = 4992.1576 s

Elapsed run time = 4993.5404 s

Elapsed run time = 4992.9693 s

Elapsed run time = 4992.9876 s

Elapsed run time = 4993.7417 s

Elapsed run time = 4994.8198 s

Elapsed run time = 4995.2173 s
Simulation complete. Subtracted force: -3.692592e-01. Saved to .tmp/meep_d_0.1000_N_3_corrugated_al_85.0_Nbot_3_Phosphorene_tuned_res_40_theta_84.0_eps_2.1_L_2.00.json

Elapsed run time = 4995.6666 s
Task 184 complete at Fri Sep 11 10:56:11 AM EDT 2026.
