==================================================
SLURM ARRAY TASK ID: 147 / 224
Running on node: x1000c3s2b1n1
Start time: Fri Sep 11 07:53:09 AM EDT 2026
==================================================
Reading parameters from sweep_configs_sweet_spot/config_147.json...
Executing 3D FDTD Simulation: Alpha=80.0 deg, Theta=88.0 deg, d=0.35 um, L=2.0 um, Res=40...
Starting simulation: d=0.35 um, N_top=3, N_bottom=3, material=Phosphorene_tuned, resolution=40, nmax=3, theta=88.0, eps_bg=2.1, config=all, stepped_sieve=False, corrugated=True
Parallel configuration: 128 processes running 108 parallel moment partitions.

Elapsed run time = 0.0658 s

Elapsed run time = 0.0643 s

Elapsed run time = 0.0653 s

Elapsed run time = 0.0643 s

Elapsed run time = 0.0632 s

Elapsed run time = 0.0638 s

Elapsed run time = 0.0644 s

Elapsed run time = 0.0637 s

Elapsed run time = 0.0643 s

Elapsed run time = 0.0651 s

Elapsed run time = 0.0636 s

Elapsed run time = 0.0657 s

Elapsed run time = 0.0600 s

Elapsed run time = 0.0673 s

Elapsed run time = 0.0675 s

Elapsed run time = 0.0596 s

Elapsed run time = 0.0648 s

Elapsed run time = 0.0599 s

Elapsed run time = 0.0640 s

Elapsed run time = 0.0603 s

Elapsed run time = 1512.2669 s

Elapsed run time = 1543.5072 s

Elapsed run time = 1577.2163 s

Elapsed run time = 1577.3617 s

Elapsed run time = 2233.1207 s

Elapsed run time = 2233.4589 s

Elapsed run time = 2264.0550 s

Elapsed run time = 2265.9451 s

Elapsed run time = 2266.4773 s

Elapsed run time = 2273.3711 s

Elapsed run time = 2277.8339 s

Elapsed run time = 2288.2753 s
  [BOTH][Rank 0] Done moment 1/1 (task 0): force_integral=+1.687670e-03

Elapsed run time = 5364.8372 s

Elapsed run time = 5367.8648 s

Elapsed run time = 5372.7041 s

Elapsed run time = 5374.4488 s

Elapsed run time = 5374.9584 s

Elapsed run time = 5377.8492 s

Elapsed run time = 5379.2492 s

Elapsed run time = 5380.7318 s

Elapsed run time = 5383.2493 s

Elapsed run time = 5383.3892 s

Elapsed run time = 5383.4122 s

Elapsed run time = 5385.4601 s

Elapsed run time = 5386.4932 s

Elapsed run time = 5390.8515 s

Elapsed run time = 5391.4093 s

Elapsed run time = 5391.9293 s

Elapsed run time = 5392.3429 s

Elapsed run time = 5392.5474 s

Elapsed run time = 5393.2925 s

Elapsed run time = 5394.0509 s

Elapsed run time = 5396.6271 s

Elapsed run time = 5396.6256 s

Elapsed run time = 5396.7176 s

Elapsed run time = 5398.3150 s

Elapsed run time = 5400.8906 s

Elapsed run time = 5403.2028 s

Elapsed run time = 5403.7040 s

Elapsed run time = 5404.1152 s

Elapsed run time = 5404.1363 s

Elapsed run time = 5404.3626 s

Elapsed run time = 5404.4724 s

Elapsed run time = 5404.8317 s

Elapsed run time = 5405.0600 s
  [SELF][Rank 0] Done moment 1/1 (task 0): force_integral=+2.510154e-03

Elapsed run time = 5406.0800 s

Elapsed run time = 5406.4215 s

Elapsed run time = 5407.0809 s

Elapsed run time = 5407.2034 s

Elapsed run time = 5407.3101 s

Elapsed run time = 5409.0299 s

Elapsed run time = 5409.4523 s

Elapsed run time = 5409.5627 s

Elapsed run time = 5411.2533 s

Elapsed run time = 5412.4251 s

Elapsed run time = 5414.8426 s

Elapsed run time = 5415.5667 s

Elapsed run time = 5417.5388 s

Elapsed run time = 5418.8237 s

Elapsed run time = 5419.1094 s

Elapsed run time = 5420.4020 s

Elapsed run time = 5421.0941 s

Elapsed run time = 5423.4821 s

Elapsed run time = 5423.5004 s

Elapsed run time = 5425.2014 s

Elapsed run time = 5426.1803 s

Elapsed run time = 5426.4307 s

Elapsed run time = 5428.2306 s

Elapsed run time = 5428.5991 s

Elapsed run time = 5429.3650 s

Elapsed run time = 5429.4914 s

Elapsed run time = 5431.1121 s

Elapsed run time = 5432.0845 s

Elapsed run time = 5432.3286 s

Elapsed run time = 5432.4849 s

Elapsed run time = 5433.6944 s

Elapsed run time = 5433.7203 s

Elapsed run time = 5433.9385 s

Elapsed run time = 5434.3474 s

Elapsed run time = 5434.7524 s

Elapsed run time = 5435.1212 s

Elapsed run time = 5436.0488 s

Elapsed run time = 5436.4252 s

Elapsed run time = 5436.5572 s

Elapsed run time = 5436.6372 s

Elapsed run time = 5437.6968 s

Elapsed run time = 5437.8444 s

Elapsed run time = 5438.1711 s

Elapsed run time = 5438.1846 s

Elapsed run time = 5439.8556 s

Elapsed run time = 5439.9711 s

Elapsed run time = 5440.2799 s

Elapsed run time = 5440.3046 s

Elapsed run time = 5440.7246 s

Elapsed run time = 5440.9606 s

Elapsed run time = 5442.1279 s

Elapsed run time = 5443.0325 s

Elapsed run time = 5443.2611 s

Elapsed run time = 5443.6230 s

Elapsed run time = 5446.3619 s

Elapsed run time = 5447.4896 s

Elapsed run time = 5447.5662 s

Elapsed run time = 5453.1233 s

Elapsed run time = 5453.1518 s

Elapsed run time = 5454.5550 s

Elapsed run time = 5456.9398 s

Elapsed run time = 5457.6958 s
Simulation complete. Subtracted force: -1.903126e-02. Saved to .tmp/meep_d_0.3500_N_3_corrugated_al_80.0_Nbot_3_Phosphorene_tuned_res_40_theta_88.0_eps_2.1_L_2.00.json

Elapsed run time = 5458.3314 s
Task 147 complete at Fri Sep 11 09:24:12 AM EDT 2026.
