==================================================
SLURM ARRAY TASK ID: 65 / 224
Running on node: x1001c2s5b0n0
Start time: Fri Sep 11 01:06:21 AM EDT 2026
==================================================
Reading parameters from sweep_configs_sweet_spot/config_065.json...
Executing 3D FDTD Simulation: Alpha=75.0 deg, Theta=82.0 deg, d=0.1 um, L=2.0 um, Res=40...
Starting simulation: d=0.1 um, N_top=3, N_bottom=3, material=Phosphorene_tuned, resolution=40, nmax=3, theta=82.0, eps_bg=2.1, config=all, stepped_sieve=False, corrugated=True
Parallel configuration: 128 processes running 108 parallel moment partitions.

Elapsed run time = 0.0290 s

Elapsed run time = 0.0297 s

Elapsed run time = 0.0298 s

Elapsed run time = 0.0327 s

Elapsed run time = 0.0328 s

Elapsed run time = 0.0336 s

Elapsed run time = 0.0341 s

Elapsed run time = 0.0333 s

Elapsed run time = 0.0361 s

Elapsed run time = 0.0382 s

Elapsed run time = 0.0433 s

Elapsed run time = 0.0450 s

Elapsed run time = 0.0441 s

Elapsed run time = 0.0447 s

Elapsed run time = 0.0450 s

Elapsed run time = 0.0461 s

Elapsed run time = 0.0461 s

Elapsed run time = 0.0471 s

Elapsed run time = 0.0479 s

Elapsed run time = 0.0484 s

Elapsed run time = 1450.6581 s

Elapsed run time = 1450.6808 s

Elapsed run time = 1476.5072 s

Elapsed run time = 1488.6463 s

Elapsed run time = 2120.3072 s

Elapsed run time = 2121.2245 s

Elapsed run time = 2129.0085 s

Elapsed run time = 2129.3265 s

Elapsed run time = 2133.0740 s

Elapsed run time = 2138.5945 s

Elapsed run time = 2142.9189 s

Elapsed run time = 2150.3766 s
  [BOTH][Rank 0] Done moment 1/1 (task 0): force_integral=-2.187047e-03

Elapsed run time = 5003.2327 s

Elapsed run time = 5044.2350 s

Elapsed run time = 5045.6518 s

Elapsed run time = 5046.0030 s

Elapsed run time = 5052.6154 s

Elapsed run time = 5058.2990 s

Elapsed run time = 5060.7876 s

Elapsed run time = 5061.4909 s

Elapsed run time = 5062.3380 s

Elapsed run time = 5063.0043 s

Elapsed run time = 5063.6027 s

Elapsed run time = 5063.8814 s

Elapsed run time = 5066.7523 s

Elapsed run time = 5067.0874 s

Elapsed run time = 5067.1095 s

Elapsed run time = 5069.3700 s

Elapsed run time = 5071.1533 s

Elapsed run time = 5071.2536 s

Elapsed run time = 5072.7250 s

Elapsed run time = 5072.9123 s

Elapsed run time = 5075.0849 s

Elapsed run time = 5075.9651 s

Elapsed run time = 5076.2695 s

Elapsed run time = 5076.5394 s

Elapsed run time = 5078.3417 s

Elapsed run time = 5078.6604 s

Elapsed run time = 5080.3976 s

Elapsed run time = 5081.3210 s

Elapsed run time = 5082.7696 s

Elapsed run time = 5084.3781 s

Elapsed run time = 5084.8455 s

Elapsed run time = 5085.4362 s

Elapsed run time = 5086.1105 s

Elapsed run time = 5086.4405 s

Elapsed run time = 5088.2296 s

Elapsed run time = 5089.1098 s

Elapsed run time = 5090.0196 s

Elapsed run time = 5090.1980 s

Elapsed run time = 5090.7550 s

Elapsed run time = 5091.0786 s
  [SELF][Rank 0] Done moment 1/1 (task 0): force_integral=+4.481156e-03

Elapsed run time = 5093.1505 s

Elapsed run time = 5093.9781 s

Elapsed run time = 5095.3522 s

Elapsed run time = 5099.1063 s

Elapsed run time = 5099.4674 s

Elapsed run time = 5100.7179 s

Elapsed run time = 5102.3087 s

Elapsed run time = 5102.3862 s

Elapsed run time = 5102.6123 s

Elapsed run time = 5102.6565 s

Elapsed run time = 5102.8998 s

Elapsed run time = 5105.4814 s

Elapsed run time = 5106.0189 s

Elapsed run time = 5106.0717 s

Elapsed run time = 5106.0849 s

Elapsed run time = 5106.3415 s

Elapsed run time = 5107.5734 s

Elapsed run time = 5107.8346 s

Elapsed run time = 5108.0783 s

Elapsed run time = 5108.9709 s

Elapsed run time = 5109.1060 s

Elapsed run time = 5109.8733 s

Elapsed run time = 5110.5337 s

Elapsed run time = 5110.8138 s

Elapsed run time = 5111.3746 s

Elapsed run time = 5112.5924 s

Elapsed run time = 5112.6717 s

Elapsed run time = 5112.7976 s

Elapsed run time = 5113.4305 s

Elapsed run time = 5114.8455 s

Elapsed run time = 5115.2928 s

Elapsed run time = 5115.3447 s

Elapsed run time = 5115.5383 s

Elapsed run time = 5116.0456 s

Elapsed run time = 5116.1679 s

Elapsed run time = 5117.4324 s

Elapsed run time = 5117.7547 s

Elapsed run time = 5117.9858 s

Elapsed run time = 5118.3883 s

Elapsed run time = 5118.4045 s

Elapsed run time = 5120.1110 s

Elapsed run time = 5120.6817 s

Elapsed run time = 5120.8160 s

Elapsed run time = 5121.2486 s

Elapsed run time = 5121.4498 s

Elapsed run time = 5121.5769 s

Elapsed run time = 5122.6612 s

Elapsed run time = 5123.2027 s

Elapsed run time = 5132.6902 s

Elapsed run time = 5134.3445 s

Elapsed run time = 5136.3490 s

Elapsed run time = 5136.8340 s

Elapsed run time = 5141.1185 s

Elapsed run time = 5141.3512 s

Elapsed run time = 5141.9160 s
Simulation complete. Subtracted force: 1.241473e-01. Saved to .tmp/meep_d_0.1000_N_3_corrugated_al_75.0_Nbot_3_Phosphorene_tuned_res_40_theta_82.0_eps_2.1_L_2.00.json

Elapsed run time = 5142.6991 s
Task 65 complete at Fri Sep 11 02:32:12 AM EDT 2026.
