==================================================
SLURM ARRAY TASK ID: 181 / 224
Running on node: x1002c2s0b0n0
Start time: Fri Sep 11 09:29:08 AM EDT 2026
==================================================
Reading parameters from sweep_configs_sweet_spot/config_181.json...
Executing 3D FDTD Simulation: Alpha=85.0 deg, Theta=82.0 deg, d=0.3 um, L=2.0 um, Res=40...

Elapsed run time = 0.0110 s

Elapsed run time = 0.0075 s
Starting simulation: d=0.3 um, N_top=3, N_bottom=3, material=Phosphorene_tuned, resolution=40, nmax=3, theta=82.0, eps_bg=2.1, config=all, stepped_sieve=False, corrugated=True
Parallel configuration: 128 processes running 108 parallel moment partitions.

Elapsed run time = 0.0148 s

Elapsed run time = 0.0158 s

Elapsed run time = 0.0126 s

Elapsed run time = 0.0175 s

Elapsed run time = 0.0215 s

Elapsed run time = 0.0218 s

Elapsed run time = 0.0227 s

Elapsed run time = 0.0243 s

Elapsed run time = 0.0385 s

Elapsed run time = 0.0382 s

Elapsed run time = 0.0440 s

Elapsed run time = 0.0435 s

Elapsed run time = 0.0446 s

Elapsed run time = 0.0459 s

Elapsed run time = 0.0461 s

Elapsed run time = 0.0460 s

Elapsed run time = 0.0475 s

Elapsed run time = 0.0490 s

Elapsed run time = 1569.4361 s

Elapsed run time = 1574.9090 s

Elapsed run time = 1598.0661 s

Elapsed run time = 1604.5056 s

Elapsed run time = 2279.5505 s

Elapsed run time = 2279.5961 s

Elapsed run time = 2291.2126 s

Elapsed run time = 2291.7162 s

Elapsed run time = 2299.0099 s

Elapsed run time = 2309.9294 s

Elapsed run time = 2312.3114 s

Elapsed run time = 2322.4607 s
  [BOTH][Rank 0] Done moment 1/1 (task 0): force_integral=-1.072372e-03

Elapsed run time = 5397.4662 s

Elapsed run time = 5436.1219 s

Elapsed run time = 5446.7976 s

Elapsed run time = 5447.5990 s

Elapsed run time = 5454.2894 s

Elapsed run time = 5455.0978 s

Elapsed run time = 5455.9944 s

Elapsed run time = 5456.4940 s

Elapsed run time = 5456.7620 s

Elapsed run time = 5457.2108 s

Elapsed run time = 5459.5701 s

Elapsed run time = 5459.7878 s

Elapsed run time = 5460.0115 s

Elapsed run time = 5461.2840 s

Elapsed run time = 5462.4003 s

Elapsed run time = 5464.0563 s

Elapsed run time = 5466.8759 s

Elapsed run time = 5467.2109 s

Elapsed run time = 5469.3783 s

Elapsed run time = 5469.7483 s

Elapsed run time = 5470.1514 s

Elapsed run time = 5470.1743 s

Elapsed run time = 5470.5698 s

Elapsed run time = 5472.5452 s

Elapsed run time = 5472.7550 s

Elapsed run time = 5476.0053 s

Elapsed run time = 5477.5309 s

Elapsed run time = 5479.2239 s

Elapsed run time = 5479.7195 s

Elapsed run time = 5482.0293 s

Elapsed run time = 5482.0382 s

Elapsed run time = 5482.2417 s

Elapsed run time = 5482.3993 s

Elapsed run time = 5483.4521 s

Elapsed run time = 5483.8057 s

Elapsed run time = 5484.1013 s

Elapsed run time = 5484.5925 s

Elapsed run time = 5485.2696 s

Elapsed run time = 5487.9345 s
  [SELF][Rank 0] Done moment 1/1 (task 0): force_integral=+1.928718e-04

Elapsed run time = 5489.7301 s

Elapsed run time = 5489.8798 s

Elapsed run time = 5489.9691 s

Elapsed run time = 5490.9875 s

Elapsed run time = 5492.2834 s

Elapsed run time = 5493.9222 s

Elapsed run time = 5493.9318 s

Elapsed run time = 5494.3223 s

Elapsed run time = 5498.1020 s

Elapsed run time = 5499.4910 s

Elapsed run time = 5499.6409 s

Elapsed run time = 5499.8672 s

Elapsed run time = 5500.5808 s

Elapsed run time = 5500.8074 s

Elapsed run time = 5500.9458 s

Elapsed run time = 5502.5282 s

Elapsed run time = 5502.5526 s

Elapsed run time = 5502.8735 s

Elapsed run time = 5503.4453 s

Elapsed run time = 5503.8587 s

Elapsed run time = 5505.1876 s

Elapsed run time = 5505.2968 s

Elapsed run time = 5505.9304 s

Elapsed run time = 5506.1294 s

Elapsed run time = 5506.7344 s

Elapsed run time = 5507.3311 s

Elapsed run time = 5507.3979 s

Elapsed run time = 5507.6470 s

Elapsed run time = 5507.6648 s

Elapsed run time = 5510.4607 s

Elapsed run time = 5511.1625 s

Elapsed run time = 5511.6227 s

Elapsed run time = 5513.6002 s

Elapsed run time = 5514.0216 s

Elapsed run time = 5514.4796 s

Elapsed run time = 5515.9304 s

Elapsed run time = 5516.0763 s

Elapsed run time = 5516.5344 s

Elapsed run time = 5516.8560 s

Elapsed run time = 5517.2324 s

Elapsed run time = 5517.7941 s

Elapsed run time = 5517.8672 s

Elapsed run time = 5519.2513 s

Elapsed run time = 5519.2790 s

Elapsed run time = 5519.5238 s

Elapsed run time = 5519.7783 s

Elapsed run time = 5520.4380 s

Elapsed run time = 5520.8922 s

Elapsed run time = 5521.9307 s

Elapsed run time = 5524.8016 s

Elapsed run time = 5533.8637 s

Elapsed run time = 5535.2765 s

Elapsed run time = 5536.9066 s

Elapsed run time = 5536.9462 s

Elapsed run time = 5537.1519 s

Elapsed run time = 5539.2248 s
Simulation complete. Subtracted force: -4.340451e-02. Saved to .tmp/meep_d_0.3000_N_3_corrugated_al_85.0_Nbot_3_Phosphorene_tuned_res_40_theta_82.0_eps_2.1_L_2.00.json

Elapsed run time = 5539.5741 s
Task 181 complete at Fri Sep 11 11:01:32 AM EDT 2026.
