==================================================
SLURM ARRAY TASK ID: 72 / 224
Running on node: x1000c6s6b0n0
Start time: Thu Sep 10 05:32:16 PM EDT 2026
==================================================
Reading parameters from sweep_configs_sweet_spot/config_072.json...
Executing 3D FDTD Simulation: Alpha=75.0 deg, Theta=84.0 deg, d=0.1 um, L=2.0 um, Res=40...

Elapsed run time = 0.1002 s

Elapsed run time = 0.0999 s

Elapsed run time = 0.1000 s

Elapsed run time = 0.1011 s

Elapsed run time = 0.1009 s

Elapsed run time = 0.1007 s

Elapsed run time = 0.1008 s

Elapsed run time = 0.1009 s

Elapsed run time = 0.1009 s

Elapsed run time = 0.1005 s

Elapsed run time = 0.1008 s

Elapsed run time = 0.1006 s

Elapsed run time = 0.1011 s

Elapsed run time = 0.1008 s

Elapsed run time = 0.1003 s

Elapsed run time = 0.1007 s

Elapsed run time = 0.1007 s

Elapsed run time = 0.1009 s
Starting simulation: d=0.1 um, N_top=3, N_bottom=3, material=Phosphorene_tuned, resolution=40, nmax=3, theta=84.0, eps_bg=2.1, config=all, stepped_sieve=False, corrugated=True
Parallel configuration: 128 processes running 108 parallel moment partitions.
Task already complete! Found cached result in .tmp/meep_d_0.1000_N_3_corrugated_Nbot_3_Phosphorene_tuned_res_40_theta_84.0_eps_2.1_L_2.00.json (F_sub=6.097326e-01). Skipping.

Elapsed run time = 0.1004 s

Elapsed run time = 0.1008 s

Elapsed run time = 0.1010 s

Elapsed run time = 0.1015 s

Elapsed run time = 0.1017 s

Elapsed run time = 0.1010 s

Elapsed run time = 0.1017 s

Elapsed run time = 0.1014 s

Elapsed run time = 0.1010 s

Elapsed run time = 0.1011 s

Elapsed run time = 0.1008 s

Elapsed run time = 0.1013 s

Elapsed run time = 0.1006 s

Elapsed run time = 0.1008 s

Elapsed run time = 0.1008 s

Elapsed run time = 0.1015 s

Elapsed run time = 0.1016 s

Elapsed run time = 0.1009 s

Elapsed run time = 0.1012 s

Elapsed run time = 0.1015 s

Elapsed run time = 0.1014 s

Elapsed run time = 0.1009 s

Elapsed run time = 0.1015 s

Elapsed run time = 0.1010 s

Elapsed run time = 0.1011 s

Elapsed run time = 0.1012 s

Elapsed run time = 0.1008 s

Elapsed run time = 0.1008 s

Elapsed run time = 0.1011 s

Elapsed run time = 0.1006 s

Elapsed run time = 0.1018 s

Elapsed run time = 0.1017 s

Elapsed run time = 0.1017 s

Elapsed run time = 0.1016 s

Elapsed run time = 0.1014 s

Elapsed run time = 0.1017 s

Elapsed run time = 0.1015 s

Elapsed run time = 0.1012 s

Elapsed run time = 0.1017 s

Elapsed run time = 0.1010 s

Elapsed run time = 0.1015 s

Elapsed run time = 0.1020 s

Elapsed run time = 0.1012 s

Elapsed run time = 0.1017 s

Elapsed run time = 0.1012 s

Elapsed run time = 0.1015 s

Elapsed run time = 0.1015 s

Elapsed run time = 0.1017 s

Elapsed run time = 0.1015 s

Elapsed run time = 0.1012 s

Elapsed run time = 0.1016 s

Elapsed run time = 0.1014 s

Elapsed run time = 0.1011 s

Elapsed run time = 0.1014 s

Elapsed run time = 0.1021 s

Elapsed run time = 0.1014 s

Elapsed run time = 0.1015 s

Elapsed run time = 0.1018 s

Elapsed run time = 0.1019 s

Elapsed run time = 0.1018 s

Elapsed run time = 0.1019 s

Elapsed run time = 0.1013 s

Elapsed run time = 0.1013 s

Elapsed run time = 0.1013 s

Elapsed run time = 0.1011 s

Elapsed run time = 0.1014 s

Elapsed run time = 0.1012 s

Elapsed run time = 0.1010 s

Elapsed run time = 0.1019 s

Elapsed run time = 0.1012 s

Elapsed run time = 0.1019 s

Elapsed run time = 0.1010 s

Elapsed run time = 0.1014 s

Elapsed run time = 0.1013 s

Elapsed run time = 0.1012 s

Elapsed run time = 0.1014 s

Elapsed run time = 0.1011 s

Elapsed run time = 0.1020 s

Elapsed run time = 0.1012 s

Elapsed run time = 0.1016 s

Elapsed run time = 0.1008 s

Elapsed run time = 0.1019 s

Elapsed run time = 0.1014 s

Elapsed run time = 0.1016 s

Elapsed run time = 0.1009 s

Elapsed run time = 0.1011 s

Elapsed run time = 0.1022 s

Elapsed run time = 0.1013 s

Elapsed run time = 0.1017 s

Elapsed run time = 0.1010 s

Elapsed run time = 0.1013 s

Elapsed run time = 0.1011 s

Elapsed run time = 0.1015 s

Elapsed run time = 0.1015 s

Elapsed run time = 0.1016 s

Elapsed run time = 0.1022 s

Elapsed run time = 0.1013 s

Elapsed run time = 0.1019 s

Elapsed run time = 0.1016 s

Elapsed run time = 0.1012 s

Elapsed run time = 0.1023 s

Elapsed run time = 0.1012 s

Elapsed run time = 0.1019 s

Elapsed run time = 0.1013 s

Elapsed run time = 0.1013 s

Elapsed run time = 0.1011 s

Elapsed run time = 0.1016 s

Elapsed run time = 0.1019 s

Elapsed run time = 0.1014 s

Elapsed run time = 0.1014 s
Task 72 complete at Thu Sep 10 05:32:26 PM EDT 2026.
