==================================================
SLURM ARRAY TASK ID: 220 / 224
Running on node: x1002c2s0b0n0
Start time: Fri Sep 11 11:04:49 AM EDT 2026
==================================================
Reading parameters from sweep_configs_sweet_spot/config_220.json...
Executing 3D FDTD Simulation: Alpha=85.0 deg, Theta=94.0 deg, d=0.15 um, L=2.0 um, Res=40...
Starting simulation: d=0.15 um, N_top=3, N_bottom=3, material=Phosphorene_tuned, resolution=40, nmax=3, theta=94.0, eps_bg=2.1, config=all, stepped_sieve=False, corrugated=True
Parallel configuration: 128 processes running 108 parallel moment partitions.

Elapsed run time = 0.0437 s

Elapsed run time = 0.0390 s

Elapsed run time = 0.0470 s

Elapsed run time = 0.0437 s

Elapsed run time = 0.0491 s

Elapsed run time = 0.0436 s

Elapsed run time = 0.0461 s

Elapsed run time = 0.0446 s

Elapsed run time = 0.0453 s

Elapsed run time = 0.0484 s

Elapsed run time = 0.0488 s

Elapsed run time = 0.0519 s

Elapsed run time = 0.0565 s

Elapsed run time = 0.0768 s

Elapsed run time = 0.0785 s

Elapsed run time = 0.0759 s

Elapsed run time = 0.0774 s

Elapsed run time = 0.0777 s

Elapsed run time = 0.0765 s

Elapsed run time = 0.0835 s

Elapsed run time = 1435.2792 s

Elapsed run time = 1440.0992 s

Elapsed run time = 1467.8530 s

Elapsed run time = 1472.6487 s

Elapsed run time = 2066.0300 s

Elapsed run time = 2088.4631 s

Elapsed run time = 2095.6461 s

Elapsed run time = 2096.4838 s

Elapsed run time = 2097.5442 s

Elapsed run time = 2115.6843 s

Elapsed run time = 2117.9414 s

Elapsed run time = 2127.9232 s
  [BOTH][Rank 0] Done moment 1/1 (task 0): force_integral=-2.701931e-03

Elapsed run time = 4945.6734 s

Elapsed run time = 4957.9318 s

Elapsed run time = 4961.1288 s

Elapsed run time = 4980.5360 s

Elapsed run time = 4982.1868 s

Elapsed run time = 4986.2043 s

Elapsed run time = 4987.8177 s

Elapsed run time = 4990.6502 s

Elapsed run time = 4993.9612 s

Elapsed run time = 4994.5538 s

Elapsed run time = 4998.3383 s

Elapsed run time = 5000.7243 s

Elapsed run time = 5004.2952 s

Elapsed run time = 5006.0827 s

Elapsed run time = 5006.3902 s

Elapsed run time = 5008.2692 s

Elapsed run time = 5008.4653 s

Elapsed run time = 5008.8155 s

Elapsed run time = 5008.9773 s

Elapsed run time = 5010.4383 s

Elapsed run time = 5010.6607 s

Elapsed run time = 5011.3365 s

Elapsed run time = 5011.8711 s

Elapsed run time = 5012.5335 s

Elapsed run time = 5012.8239 s

Elapsed run time = 5014.4136 s

Elapsed run time = 5015.4028 s

Elapsed run time = 5016.3374 s

Elapsed run time = 5016.4145 s

Elapsed run time = 5016.4848 s

Elapsed run time = 5016.5977 s

Elapsed run time = 5016.8773 s

Elapsed run time = 5018.3870 s

Elapsed run time = 5021.4085 s
  [SELF][Rank 0] Done moment 1/1 (task 0): force_integral=+2.449234e-03

Elapsed run time = 5022.0730 s

Elapsed run time = 5022.9421 s

Elapsed run time = 5023.5281 s

Elapsed run time = 5025.5288 s

Elapsed run time = 5026.9020 s

Elapsed run time = 5027.5680 s

Elapsed run time = 5027.6805 s

Elapsed run time = 5029.9499 s

Elapsed run time = 5030.2586 s

Elapsed run time = 5030.5173 s

Elapsed run time = 5031.3721 s

Elapsed run time = 5033.5455 s

Elapsed run time = 5035.8823 s

Elapsed run time = 5036.0571 s

Elapsed run time = 5036.6195 s

Elapsed run time = 5037.8019 s

Elapsed run time = 5038.0788 s

Elapsed run time = 5038.2574 s

Elapsed run time = 5039.1214 s

Elapsed run time = 5040.6023 s

Elapsed run time = 5041.1362 s

Elapsed run time = 5041.1712 s

Elapsed run time = 5042.1411 s

Elapsed run time = 5042.1714 s

Elapsed run time = 5042.5427 s

Elapsed run time = 5043.5343 s

Elapsed run time = 5043.9452 s

Elapsed run time = 5043.9924 s

Elapsed run time = 5044.0646 s

Elapsed run time = 5044.4285 s

Elapsed run time = 5045.0814 s

Elapsed run time = 5045.3544 s

Elapsed run time = 5045.5595 s

Elapsed run time = 5045.8611 s

Elapsed run time = 5046.0306 s

Elapsed run time = 5046.8196 s

Elapsed run time = 5047.3200 s

Elapsed run time = 5047.8939 s

Elapsed run time = 5048.8845 s

Elapsed run time = 5049.1421 s

Elapsed run time = 5049.7185 s

Elapsed run time = 5050.6007 s

Elapsed run time = 5050.6074 s

Elapsed run time = 5051.3228 s

Elapsed run time = 5051.4357 s

Elapsed run time = 5052.3724 s

Elapsed run time = 5053.1000 s

Elapsed run time = 5054.6475 s

Elapsed run time = 5055.1038 s

Elapsed run time = 5056.1784 s

Elapsed run time = 5056.7379 s

Elapsed run time = 5059.2143 s

Elapsed run time = 5059.4676 s

Elapsed run time = 5059.6247 s

Elapsed run time = 5060.2737 s

Elapsed run time = 5068.2924 s

Elapsed run time = 5069.5226 s

Elapsed run time = 5071.4785 s

Elapsed run time = 5072.2779 s

Elapsed run time = 5072.8230 s

Elapsed run time = 5074.2613 s
Simulation complete. Subtracted force: -3.248933e-01. Saved to .tmp/meep_d_0.1500_N_3_corrugated_al_85.0_Nbot_3_Phosphorene_tuned_res_40_theta_94.0_eps_2.1_L_2.00.json

Elapsed run time = 5075.0053 s
Task 220 complete at Fri Sep 11 12:29:28 PM EDT 2026.
