==================================================
SLURM ARRAY TASK ID: 29 / 224
Running on node: x1002c4s7b0n1
Start time: Thu Sep 10 12:21:03 PM EDT 2026
==================================================
Reading parameters from sweep_configs_sweet_spot/config_029.json...
Executing 3D FDTD Simulation: Alpha=70.0 deg, Theta=88.0 deg, d=0.05 um, L=2.0 um, Res=40...

Elapsed run time = 0.0160 s

Elapsed run time = 0.0160 s

Elapsed run time = 0.0162 s

Elapsed run time = 0.0162 s

Elapsed run time = 0.0159 s

Elapsed run time = 0.0149 s

Elapsed run time = 0.0157 s

Elapsed run time = 0.0167 s

Elapsed run time = 0.0159 s

Elapsed run time = 0.0165 s

Elapsed run time = 0.0168 s

Elapsed run time = 0.0166 s

Elapsed run time = 0.0164 s

Elapsed run time = 0.0169 s

Elapsed run time = 0.0170 s

Elapsed run time = 0.0166 s

Elapsed run time = 0.0171 s

Elapsed run time = 0.0174 s

Elapsed run time = 0.0174 s

Elapsed run time = 0.0180 s

Elapsed run time = 1390.3500 s

Elapsed run time = 1393.1960 s

Elapsed run time = 1415.1301 s

Elapsed run time = 1425.5129 s

Elapsed run time = 2002.8489 s

Elapsed run time = 2010.5115 s

Elapsed run time = 2021.4835 s

Elapsed run time = 2022.5917 s

Elapsed run time = 2027.7748 s

Elapsed run time = 2039.2549 s

Elapsed run time = 2040.7782 s

Elapsed run time = 2051.6366 s
Starting simulation: d=0.05 um, N_top=3, N_bottom=3, material=Phosphorene_tuned, resolution=40, nmax=3, theta=88.0, eps_bg=2.1, config=all, stepped_sieve=False, corrugated=True
Parallel configuration: 128 processes running 108 parallel moment partitions.
  [BOTH][Rank 0] Done moment 1/1 (task 0): force_integral=-1.298978e-02

Elapsed run time = 4521.1044 s

Elapsed run time = 4530.9405 s

Elapsed run time = 4538.1365 s

Elapsed run time = 4542.3468 s

Elapsed run time = 4543.4767 s

Elapsed run time = 4546.6079 s

Elapsed run time = 4547.5792 s

Elapsed run time = 4549.0783 s

Elapsed run time = 4563.3856 s

Elapsed run time = 4566.5236 s

Elapsed run time = 4567.9766 s

Elapsed run time = 4569.5314 s

Elapsed run time = 4571.7383 s

Elapsed run time = 4572.7346 s

Elapsed run time = 4574.8845 s

Elapsed run time = 4575.2531 s

Elapsed run time = 4778.4643 s

Elapsed run time = 4791.8976 s

Elapsed run time = 4801.9405 s

Elapsed run time = 4803.7943 s

Elapsed run time = 4813.4549 s

Elapsed run time = 4816.0876 s

Elapsed run time = 4818.5426 s

Elapsed run time = 4819.8779 s

Elapsed run time = 4822.2768 s

Elapsed run time = 4822.6934 s

Elapsed run time = 4823.7463 s

Elapsed run time = 4825.7582 s

Elapsed run time = 4826.2588 s

Elapsed run time = 4828.5907 s

Elapsed run time = 4828.8210 s

Elapsed run time = 4835.1283 s

Elapsed run time = 4837.1899 s

Elapsed run time = 4837.6257 s

Elapsed run time = 4840.0068 s

Elapsed run time = 4841.3082 s

Elapsed run time = 4842.2060 s

Elapsed run time = 4844.7697 s

Elapsed run time = 4846.0920 s

Elapsed run time = 4846.2852 s

Elapsed run time = 4848.1988 s

Elapsed run time = 4848.5510 s

Elapsed run time = 4849.5623 s

Elapsed run time = 4851.0377 s

Elapsed run time = 4852.1030 s

Elapsed run time = 4855.9419 s

Elapsed run time = 4855.9454 s
  [SELF][Rank 0] Done moment 1/1 (task 0): force_integral=+9.806983e-04

Elapsed run time = 4856.5054 s

Elapsed run time = 4856.5537 s

Elapsed run time = 4857.3244 s

Elapsed run time = 4859.2189 s

Elapsed run time = 4859.8822 s

Elapsed run time = 4861.2968 s

Elapsed run time = 4863.2686 s

Elapsed run time = 4863.6449 s

Elapsed run time = 4865.2885 s

Elapsed run time = 4865.3656 s

Elapsed run time = 4866.0218 s

Elapsed run time = 4866.8957 s

Elapsed run time = 4867.7875 s

Elapsed run time = 4868.7774 s

Elapsed run time = 4871.8797 s

Elapsed run time = 4872.7530 s

Elapsed run time = 4873.0740 s

Elapsed run time = 4873.5500 s

Elapsed run time = 4874.8267 s

Elapsed run time = 4875.0621 s

Elapsed run time = 4875.9492 s

Elapsed run time = 4876.9924 s

Elapsed run time = 4877.5022 s

Elapsed run time = 4879.2980 s

Elapsed run time = 4880.0393 s

Elapsed run time = 4880.6779 s

Elapsed run time = 4880.8408 s

Elapsed run time = 4881.6795 s

Elapsed run time = 4883.4477 s

Elapsed run time = 4883.7279 s

Elapsed run time = 4885.0969 s

Elapsed run time = 4885.1082 s

Elapsed run time = 5134.0108 s

Elapsed run time = 5145.5372 s

Elapsed run time = 5146.6034 s

Elapsed run time = 5146.7661 s

Elapsed run time = 5148.1901 s

Elapsed run time = 5154.7256 s

Elapsed run time = 5158.1803 s

Elapsed run time = 5158.2640 s

Elapsed run time = 5175.3273 s

Elapsed run time = 5179.4613 s

Elapsed run time = 5180.4845 s

Elapsed run time = 5182.3144 s

Elapsed run time = 5182.4386 s

Elapsed run time = 5185.2885 s

Elapsed run time = 5185.4179 s

Elapsed run time = 5185.9052 s
Simulation complete. Subtracted force: -5.394777e+01. Saved to .tmp/meep_d_0.0500_N_3_corrugated_Nbot_3_Phosphorene_tuned_res_40_theta_88.0_eps_2.1_L_2.00.json

Elapsed run time = 5186.4579 s
Task 29 complete at Thu Sep 10 01:47:51 PM EDT 2026.
