==================================================
SLURM ARRAY TASK ID: 64 / 224
Running on node: x1001c2s4b1n0
Start time: Thu Sep 10 05:03:52 PM EDT 2026
==================================================
Reading parameters from sweep_configs_sweet_spot/config_064.json...
Executing 3D FDTD Simulation: Alpha=75.0 deg, Theta=82.0 deg, d=0.05 um, L=2.0 um, Res=40...

Elapsed run time = 0.0528 s

Elapsed run time = 0.0532 s

Elapsed run time = 0.0533 s

Elapsed run time = 0.0529 s

Elapsed run time = 0.0528 s

Elapsed run time = 0.0528 s

Elapsed run time = 0.0533 s

Elapsed run time = 0.0533 s

Elapsed run time = 0.0531 s

Elapsed run time = 0.0527 s

Elapsed run time = 0.0520 s

Elapsed run time = 0.0527 s

Elapsed run time = 0.0534 s

Elapsed run time = 0.0534 s

Elapsed run time = 0.0531 s

Elapsed run time = 0.0528 s

Elapsed run time = 0.0532 s

Elapsed run time = 0.0530 s

Elapsed run time = 0.0532 s

Elapsed run time = 0.0529 s

Elapsed run time = 0.0535 s

Elapsed run time = 0.0530 s

Elapsed run time = 0.0533 s

Elapsed run time = 0.0537 s

Elapsed run time = 0.0537 s

Elapsed run time = 0.0528 s

Elapsed run time = 0.0519 s

Elapsed run time = 0.0530 s

Elapsed run time = 0.0535 s

Elapsed run time = 0.0535 s

Elapsed run time = 0.0531 s

Elapsed run time = 0.0537 s

Elapsed run time = 0.0531 s

Elapsed run time = 0.0534 s

Elapsed run time = 0.0531 s

Elapsed run time = 0.0532 s

Elapsed run time = 0.0532 s

Elapsed run time = 0.0533 s

Elapsed run time = 0.0532 s

Elapsed run time = 0.0534 s

Elapsed run time = 0.0535 s

Elapsed run time = 0.0535 s

Elapsed run time = 0.0533 s

Elapsed run time = 0.0536 s

Elapsed run time = 0.0523 s

Elapsed run time = 0.0532 s

Elapsed run time = 0.0524 s

Elapsed run time = 0.0527 s

Elapsed run time = 0.0529 s

Elapsed run time = 0.0526 s

Elapsed run time = 0.0535 s

Elapsed run time = 0.0535 s

Elapsed run time = 0.0537 s

Elapsed run time = 0.0534 s
Starting simulation: d=0.05 um, N_top=3, N_bottom=3, material=Phosphorene_tuned, resolution=40, nmax=3, theta=82.0, eps_bg=2.1, config=all, stepped_sieve=False, corrugated=True
Parallel configuration: 128 processes running 108 parallel moment partitions.
Task already complete! Found cached result in .tmp/meep_d_0.0500_N_3_corrugated_Nbot_3_Phosphorene_tuned_res_40_theta_82.0_eps_2.1_L_2.00.json (F_sub=-4.656568e+01). Skipping.

Elapsed run time = 0.0533 s

Elapsed run time = 0.0524 s

Elapsed run time = 0.0533 s

Elapsed run time = 0.0536 s

Elapsed run time = 0.0539 s

Elapsed run time = 0.0530 s

Elapsed run time = 0.0540 s

Elapsed run time = 0.0532 s

Elapsed run time = 0.0542 s

Elapsed run time = 0.0534 s

Elapsed run time = 0.0532 s

Elapsed run time = 0.0529 s

Elapsed run time = 0.0535 s

Elapsed run time = 0.0531 s

Elapsed run time = 0.0529 s

Elapsed run time = 0.0539 s

Elapsed run time = 0.0533 s

Elapsed run time = 0.0529 s

Elapsed run time = 0.0536 s

Elapsed run time = 0.0536 s

Elapsed run time = 0.0532 s

Elapsed run time = 0.0530 s

Elapsed run time = 0.0532 s

Elapsed run time = 0.0540 s

Elapsed run time = 0.0532 s

Elapsed run time = 0.0536 s

Elapsed run time = 0.0528 s

Elapsed run time = 0.0532 s

Elapsed run time = 0.0533 s

Elapsed run time = 0.0531 s

Elapsed run time = 0.0532 s

Elapsed run time = 0.0535 s

Elapsed run time = 0.0540 s

Elapsed run time = 0.0530 s

Elapsed run time = 0.0534 s

Elapsed run time = 0.0526 s

Elapsed run time = 0.0538 s

Elapsed run time = 0.0528 s

Elapsed run time = 0.0540 s

Elapsed run time = 0.0530 s

Elapsed run time = 0.0536 s

Elapsed run time = 0.0535 s

Elapsed run time = 0.0540 s

Elapsed run time = 0.0529 s

Elapsed run time = 0.0534 s

Elapsed run time = 0.0544 s

Elapsed run time = 0.0540 s

Elapsed run time = 0.0534 s

Elapsed run time = 0.0536 s

Elapsed run time = 0.0533 s

Elapsed run time = 0.0534 s

Elapsed run time = 0.0533 s

Elapsed run time = 0.0533 s

Elapsed run time = 0.0537 s

Elapsed run time = 0.0537 s

Elapsed run time = 0.0539 s

Elapsed run time = 0.0538 s

Elapsed run time = 0.0541 s

Elapsed run time = 0.0535 s

Elapsed run time = 0.0532 s

Elapsed run time = 0.0546 s

Elapsed run time = 0.0543 s

Elapsed run time = 0.0534 s

Elapsed run time = 0.0536 s

Elapsed run time = 0.0532 s

Elapsed run time = 0.0531 s

Elapsed run time = 0.0533 s

Elapsed run time = 0.0540 s

Elapsed run time = 0.0535 s

Elapsed run time = 0.0535 s

Elapsed run time = 0.0542 s

Elapsed run time = 0.0539 s

Elapsed run time = 0.0538 s

Elapsed run time = 0.0539 s
Task 64 complete at Thu Sep 10 05:03:58 PM EDT 2026.
