==================================================
SLURM ARRAY TASK ID: 119 / 224
Running on node: x1002c1s1b0n1
Start time: Fri Sep 11 06:28:04 AM EDT 2026
==================================================
Reading parameters from sweep_configs_sweet_spot/config_119.json...
Executing 3D FDTD Simulation: Alpha=80.0 deg, Theta=80.0 deg, d=0.35 um, L=2.0 um, Res=40...
Starting simulation: d=0.35 um, N_top=3, N_bottom=3, material=Phosphorene_tuned, resolution=40, nmax=3, theta=80.0, eps_bg=2.1, config=all, stepped_sieve=False, corrugated=True
Parallel configuration: 128 processes running 108 parallel moment partitions.

Elapsed run time = 0.0989 s

Elapsed run time = 0.0990 s

Elapsed run time = 0.0996 s

Elapsed run time = 0.0997 s

Elapsed run time = 0.0996 s

Elapsed run time = 0.1000 s

Elapsed run time = 0.0999 s

Elapsed run time = 0.1000 s

Elapsed run time = 0.0998 s

Elapsed run time = 0.0998 s

Elapsed run time = 0.1000 s

Elapsed run time = 0.0999 s

Elapsed run time = 0.0998 s

Elapsed run time = 0.0998 s

Elapsed run time = 0.1002 s

Elapsed run time = 0.1000 s

Elapsed run time = 0.1002 s

Elapsed run time = 0.1001 s

Elapsed run time = 0.1000 s

Elapsed run time = 0.1006 s

Elapsed run time = 1601.7255 s

Elapsed run time = 1611.4229 s

Elapsed run time = 1638.4196 s

Elapsed run time = 1646.5780 s

Elapsed run time = 2334.8665 s

Elapsed run time = 2335.6285 s

Elapsed run time = 2355.8383 s

Elapsed run time = 2355.9029 s

Elapsed run time = 2370.2596 s

Elapsed run time = 2370.4392 s

Elapsed run time = 2375.6938 s

Elapsed run time = 2387.7159 s
  [BOTH][Rank 0] Done moment 1/1 (task 0): force_integral=-5.754728e-03

Elapsed run time = 5588.0118 s

Elapsed run time = 5599.5612 s

Elapsed run time = 5604.3717 s

Elapsed run time = 5605.6035 s

Elapsed run time = 5605.6223 s

Elapsed run time = 5606.0185 s

Elapsed run time = 5613.0320 s

Elapsed run time = 5616.0414 s

Elapsed run time = 5616.0639 s

Elapsed run time = 5616.4006 s

Elapsed run time = 5616.9350 s

Elapsed run time = 5617.9345 s

Elapsed run time = 5619.5313 s

Elapsed run time = 5622.3776 s

Elapsed run time = 5624.0445 s

Elapsed run time = 5624.4642 s

Elapsed run time = 5625.8315 s

Elapsed run time = 5625.9556 s

Elapsed run time = 5626.9710 s

Elapsed run time = 5627.6220 s

Elapsed run time = 5628.5776 s

Elapsed run time = 5628.6983 s

Elapsed run time = 5629.4190 s

Elapsed run time = 5629.5375 s

Elapsed run time = 5629.6872 s

Elapsed run time = 5631.4205 s

Elapsed run time = 5631.9144 s

Elapsed run time = 5632.0402 s

Elapsed run time = 5632.9549 s

Elapsed run time = 5634.0317 s

Elapsed run time = 5634.9243 s

Elapsed run time = 5636.8295 s

Elapsed run time = 5637.2314 s

Elapsed run time = 5638.6392 s

Elapsed run time = 5640.6230 s

Elapsed run time = 5641.1817 s

Elapsed run time = 5641.4408 s

Elapsed run time = 5641.9800 s

Elapsed run time = 5642.2839 s

Elapsed run time = 5644.6078 s

Elapsed run time = 5644.8229 s

Elapsed run time = 5644.9201 s

Elapsed run time = 5646.6419 s

Elapsed run time = 5646.6662 s

Elapsed run time = 5646.7590 s

Elapsed run time = 5647.1295 s
  [SELF][Rank 0] Done moment 1/1 (task 0): force_integral=-4.985054e-03

Elapsed run time = 5648.3345 s

Elapsed run time = 5650.0253 s

Elapsed run time = 5650.2319 s

Elapsed run time = 5651.8442 s

Elapsed run time = 5652.0076 s

Elapsed run time = 5652.7623 s

Elapsed run time = 5653.3059 s

Elapsed run time = 5653.4730 s

Elapsed run time = 5656.1650 s

Elapsed run time = 5657.5217 s

Elapsed run time = 5658.1959 s

Elapsed run time = 5658.7659 s

Elapsed run time = 5660.6175 s

Elapsed run time = 5660.8554 s

Elapsed run time = 5661.3695 s

Elapsed run time = 5661.5401 s

Elapsed run time = 5661.7211 s

Elapsed run time = 5661.8733 s

Elapsed run time = 5664.0815 s

Elapsed run time = 5664.2731 s

Elapsed run time = 5664.6793 s

Elapsed run time = 5666.7471 s

Elapsed run time = 5666.7945 s

Elapsed run time = 5668.5450 s

Elapsed run time = 5669.7076 s

Elapsed run time = 5669.8308 s

Elapsed run time = 5670.8648 s

Elapsed run time = 5672.0353 s

Elapsed run time = 5672.0956 s

Elapsed run time = 5672.8130 s

Elapsed run time = 5673.1060 s

Elapsed run time = 5673.4539 s

Elapsed run time = 5673.7762 s

Elapsed run time = 5673.9867 s

Elapsed run time = 5675.0001 s

Elapsed run time = 5675.9912 s

Elapsed run time = 5676.3497 s

Elapsed run time = 5676.6027 s

Elapsed run time = 5676.6238 s

Elapsed run time = 5676.8542 s

Elapsed run time = 5679.6930 s

Elapsed run time = 5681.7420 s

Elapsed run time = 5683.0183 s

Elapsed run time = 5683.1593 s

Elapsed run time = 5683.2011 s

Elapsed run time = 5683.4529 s

Elapsed run time = 5684.0254 s

Elapsed run time = 5686.2789 s

Elapsed run time = 5686.4780 s
Simulation complete. Subtracted force: -1.874981e-02. Saved to .tmp/meep_d_0.3500_N_3_corrugated_al_80.0_Nbot_3_Phosphorene_tuned_res_40_theta_80.0_eps_2.1_L_2.00.json

Elapsed run time = 5687.1540 s
Task 119 complete at Fri Sep 11 08:02:57 AM EDT 2026.
