==================================================
SLURM ARRAY TASK ID: 125 / 224
Running on node: x1000c5s7b1n0
Start time: Thu Sep 10 08:17:25 PM EDT 2026
==================================================
Reading parameters from sweep_configs_sweet_spot/config_125.json...
Executing 3D FDTD Simulation: Alpha=80.0 deg, Theta=82.0 deg, d=0.3 um, L=2.0 um, Res=40...

Elapsed run time = 0.0490 s

Elapsed run time = 0.0452 s

Elapsed run time = 0.0495 s

Elapsed run time = 0.0508 s

Elapsed run time = 0.0507 s

Elapsed run time = 0.0483 s

Elapsed run time = 0.0490 s

Elapsed run time = 0.0343 s

Elapsed run time = 0.0450 s

Elapsed run time = 0.0466 s

Elapsed run time = 0.0502 s

Elapsed run time = 0.0468 s

Elapsed run time = 0.0507 s

Elapsed run time = 0.0410 s

Elapsed run time = 0.0507 s

Elapsed run time = 0.0357 s

Elapsed run time = 0.0506 s

Elapsed run time = 0.0369 s

Elapsed run time = 0.0368 s

Elapsed run time = 0.0425 s

Elapsed run time = 0.0486 s

Elapsed run time = 0.0379 s

Elapsed run time = 0.0459 s

Elapsed run time = 0.0489 s

Elapsed run time = 0.0364 s

Elapsed run time = 0.0504 s

Elapsed run time = 0.0508 s

Elapsed run time = 0.0388 s

Elapsed run time = 0.0507 s

Elapsed run time = 0.0395 s

Elapsed run time = 0.0509 s

Elapsed run time = 0.0351 s

Elapsed run time = 0.0309 s

Elapsed run time = 0.0466 s

Elapsed run time = 0.0315 s

Elapsed run time = 0.0356 s

Elapsed run time = 0.0470 s

Elapsed run time = 0.0508 s

Elapsed run time = 0.0498 s

Elapsed run time = 0.0503 s

Elapsed run time = 0.0504 s

Elapsed run time = 0.0374 s

Elapsed run time = 0.0370 s

Elapsed run time = 0.0478 s

Elapsed run time = 0.0489 s

Elapsed run time = 0.0488 s

Elapsed run time = 0.0361 s

Elapsed run time = 0.0469 s

Elapsed run time = 0.0362 s

Elapsed run time = 0.0461 s

Elapsed run time = 0.0464 s

Elapsed run time = 0.0388 s

Elapsed run time = 0.0389 s

Elapsed run time = 0.0501 s

Elapsed run time = 0.0389 s

Elapsed run time = 0.0389 s

Elapsed run time = 0.0504 s

Elapsed run time = 0.0412 s

Elapsed run time = 0.0500 s

Elapsed run time = 0.0408 s

Elapsed run time = 0.0508 s

Elapsed run time = 0.0437 s

Elapsed run time = 0.0440 s

Elapsed run time = 0.0447 s

Elapsed run time = 0.0448 s

Elapsed run time = 0.0447 s

Elapsed run time = 0.0424 s

Elapsed run time = 0.0503 s

Elapsed run time = 0.0456 s

Elapsed run time = 0.0370 s

Elapsed run time = 0.0459 s

Elapsed run time = 0.0429 s

Elapsed run time = 0.0452 s
Starting simulation: d=0.3 um, N_top=3, N_bottom=3, material=Phosphorene_tuned, resolution=40, nmax=3, theta=82.0, eps_bg=2.1, config=all, stepped_sieve=False, corrugated=True
Parallel configuration: 128 processes running 108 parallel moment partitions.
Task already complete! Found cached result in .tmp/meep_d_0.3000_N_3_corrugated_Nbot_3_Phosphorene_tuned_res_40_theta_82.0_eps_2.1_L_2.00.json (F_sub=-3.847678e-02). Skipping.

Elapsed run time = 0.0313 s

Elapsed run time = 0.0505 s

Elapsed run time = 0.0499 s

Elapsed run time = 0.0509 s

Elapsed run time = 0.0375 s

Elapsed run time = 0.0488 s

Elapsed run time = 0.0462 s

Elapsed run time = 0.0413 s

Elapsed run time = 0.0498 s

Elapsed run time = 0.0345 s

Elapsed run time = 0.0373 s

Elapsed run time = 0.0504 s

Elapsed run time = 0.0507 s

Elapsed run time = 0.0509 s

Elapsed run time = 0.0474 s

Elapsed run time = 0.0427 s

Elapsed run time = 0.0304 s

Elapsed run time = 0.0513 s

Elapsed run time = 0.0368 s

Elapsed run time = 0.0510 s

Elapsed run time = 0.0252 s

Elapsed run time = 0.0258 s

Elapsed run time = 0.0507 s

Elapsed run time = 0.0318 s

Elapsed run time = 0.0506 s

Elapsed run time = 0.0469 s

Elapsed run time = 0.0470 s

Elapsed run time = 0.0342 s

Elapsed run time = 0.0320 s

Elapsed run time = 0.0303 s

Elapsed run time = 0.0245 s

Elapsed run time = 0.0509 s

Elapsed run time = 0.0253 s

Elapsed run time = 0.0256 s

Elapsed run time = 0.0290 s

Elapsed run time = 0.0509 s

Elapsed run time = 0.0509 s

Elapsed run time = 0.0218 s

Elapsed run time = 0.0250 s

Elapsed run time = 0.0254 s

Elapsed run time = 0.0487 s

Elapsed run time = 0.0252 s

Elapsed run time = 0.0487 s

Elapsed run time = 0.0471 s

Elapsed run time = 0.0256 s

Elapsed run time = 0.0329 s

Elapsed run time = 0.0499 s

Elapsed run time = 0.0504 s

Elapsed run time = 0.0399 s

Elapsed run time = 0.0413 s

Elapsed run time = 0.0507 s

Elapsed run time = 0.0450 s

Elapsed run time = 0.0435 s

Elapsed run time = 0.0449 s

Elapsed run time = 0.0431 s
Task 125 complete at Thu Sep 10 08:17:30 PM EDT 2026.
