==================================================
SLURM ARRAY TASK ID: 185 / 224
Running on node: x1001c2s2b0n1
Start time: Fri Sep 11 09:32:43 AM EDT 2026
==================================================
Reading parameters from sweep_configs_sweet_spot/config_185.json...
Executing 3D FDTD Simulation: Alpha=85.0 deg, Theta=84.0 deg, d=0.15 um, L=2.0 um, Res=40...
Starting simulation: d=0.15 um, N_top=3, N_bottom=3, material=Phosphorene_tuned, resolution=40, nmax=3, theta=84.0, eps_bg=2.1, config=all, stepped_sieve=False, corrugated=True
Parallel configuration: 128 processes running 108 parallel moment partitions.

Elapsed run time = 0.1076 s

Elapsed run time = 0.1067 s

Elapsed run time = 0.1073 s

Elapsed run time = 0.1083 s

Elapsed run time = 0.1091 s

Elapsed run time = 0.1102 s

Elapsed run time = 0.1105 s

Elapsed run time = 0.1124 s

Elapsed run time = 0.1138 s

Elapsed run time = 0.1138 s

Elapsed run time = 0.1228 s

Elapsed run time = 0.1248 s

Elapsed run time = 0.1295 s

Elapsed run time = 0.1300 s

Elapsed run time = 0.1302 s

Elapsed run time = 0.1331 s

Elapsed run time = 0.1336 s

Elapsed run time = 0.1342 s

Elapsed run time = 0.1359 s

Elapsed run time = 0.1359 s

Elapsed run time = 1435.2426 s

Elapsed run time = 1464.8625 s

Elapsed run time = 1466.6252 s

Elapsed run time = 1467.9029 s

Elapsed run time = 2076.3498 s

Elapsed run time = 2086.3358 s

Elapsed run time = 2093.5275 s

Elapsed run time = 2094.0405 s

Elapsed run time = 2105.0695 s

Elapsed run time = 2110.9640 s

Elapsed run time = 2118.9062 s

Elapsed run time = 2122.4411 s
  [BOTH][Rank 0] Done moment 1/1 (task 0): force_integral=-1.098225e-03

Elapsed run time = 4985.3019 s

Elapsed run time = 4985.7625 s

Elapsed run time = 4991.0199 s

Elapsed run time = 4991.1801 s

Elapsed run time = 4996.8346 s

Elapsed run time = 4997.8406 s

Elapsed run time = 4999.2587 s

Elapsed run time = 4999.8980 s

Elapsed run time = 5001.1644 s

Elapsed run time = 5003.1113 s

Elapsed run time = 5003.4369 s

Elapsed run time = 5004.9453 s

Elapsed run time = 5005.1906 s

Elapsed run time = 5007.6112 s

Elapsed run time = 5007.6655 s

Elapsed run time = 5009.1450 s

Elapsed run time = 5009.9507 s

Elapsed run time = 5010.2395 s

Elapsed run time = 5012.6630 s

Elapsed run time = 5012.7232 s

Elapsed run time = 5013.4777 s

Elapsed run time = 5014.1297 s

Elapsed run time = 5014.5118 s

Elapsed run time = 5015.7040 s

Elapsed run time = 5018.1118 s

Elapsed run time = 5018.7362 s

Elapsed run time = 5019.7767 s

Elapsed run time = 5020.0130 s

Elapsed run time = 5020.0480 s

Elapsed run time = 5020.3225 s

Elapsed run time = 5022.2848 s

Elapsed run time = 5022.5517 s

Elapsed run time = 5022.6890 s

Elapsed run time = 5022.7668 s

Elapsed run time = 5024.5745 s

Elapsed run time = 5024.7059 s

Elapsed run time = 5025.7765 s

Elapsed run time = 5026.5613 s
  [SELF][Rank 0] Done moment 1/1 (task 0): force_integral=+3.988049e-03

Elapsed run time = 5028.3236 s

Elapsed run time = 5029.3626 s

Elapsed run time = 5030.3729 s

Elapsed run time = 5030.4136 s

Elapsed run time = 5034.7405 s

Elapsed run time = 5035.4191 s

Elapsed run time = 5035.7375 s

Elapsed run time = 5036.3916 s

Elapsed run time = 5036.6735 s

Elapsed run time = 5037.1439 s

Elapsed run time = 5037.4549 s

Elapsed run time = 5037.9103 s

Elapsed run time = 5037.9392 s

Elapsed run time = 5038.7257 s

Elapsed run time = 5039.0177 s

Elapsed run time = 5039.4718 s

Elapsed run time = 5040.6995 s

Elapsed run time = 5041.3457 s

Elapsed run time = 5041.3748 s

Elapsed run time = 5041.9853 s

Elapsed run time = 5043.2005 s

Elapsed run time = 5044.0137 s

Elapsed run time = 5044.6175 s

Elapsed run time = 5047.3100 s

Elapsed run time = 5047.6909 s

Elapsed run time = 5048.4333 s

Elapsed run time = 5049.0891 s

Elapsed run time = 5049.1103 s

Elapsed run time = 5049.9207 s

Elapsed run time = 5050.1694 s

Elapsed run time = 5050.1957 s

Elapsed run time = 5051.4046 s

Elapsed run time = 5052.9911 s

Elapsed run time = 5053.2908 s

Elapsed run time = 5055.2415 s

Elapsed run time = 5055.4253 s

Elapsed run time = 5055.9407 s

Elapsed run time = 5056.0080 s

Elapsed run time = 5056.0352 s

Elapsed run time = 5056.0683 s

Elapsed run time = 5057.4527 s

Elapsed run time = 5057.6183 s

Elapsed run time = 5058.2967 s

Elapsed run time = 5059.8098 s

Elapsed run time = 5059.8753 s

Elapsed run time = 5059.9914 s

Elapsed run time = 5061.3316 s

Elapsed run time = 5061.5375 s

Elapsed run time = 5061.7120 s

Elapsed run time = 5062.6372 s

Elapsed run time = 5062.8741 s

Elapsed run time = 5064.0221 s

Elapsed run time = 5064.6831 s

Elapsed run time = 5066.1199 s

Elapsed run time = 5066.5626 s

Elapsed run time = 5066.6707 s

Elapsed run time = 5067.3021 s
Simulation complete. Subtracted force: -3.200991e-01. Saved to .tmp/meep_d_0.1500_N_3_corrugated_al_85.0_Nbot_3_Phosphorene_tuned_res_40_theta_84.0_eps_2.1_L_2.00.json

Elapsed run time = 5067.9901 s
Task 185 complete at Fri Sep 11 10:57:33 AM EDT 2026.
