==================================================
SLURM ARRAY TASK ID: 163 / 224
Running on node: x1000c4s7b1n1
Start time: Fri Sep 11 08:17:58 AM EDT 2026
==================================================
Reading parameters from sweep_configs_sweet_spot/config_163.json...
Executing 3D FDTD Simulation: Alpha=80.0 deg, Theta=94.0 deg, d=0.1 um, L=2.0 um, Res=40...
Starting simulation: d=0.1 um, N_top=3, N_bottom=3, material=Phosphorene_tuned, resolution=40, nmax=3, theta=94.0, eps_bg=2.1, config=all, stepped_sieve=False, corrugated=True
Parallel configuration: 128 processes running 108 parallel moment partitions.

Elapsed run time = 0.2711 s

Elapsed run time = 0.2732 s

Elapsed run time = 0.2775 s

Elapsed run time = 0.2841 s

Elapsed run time = 0.2805 s

Elapsed run time = 0.2852 s

Elapsed run time = 0.2823 s

Elapsed run time = 0.2856 s

Elapsed run time = 0.2862 s

Elapsed run time = 0.2956 s

Elapsed run time = 0.2972 s

Elapsed run time = 0.2978 s

Elapsed run time = 0.2991 s

Elapsed run time = 0.3000 s

Elapsed run time = 0.3009 s

Elapsed run time = 0.2974 s

Elapsed run time = 0.3026 s

Elapsed run time = 0.2993 s

Elapsed run time = 0.3041 s

Elapsed run time = 0.0089 s

Elapsed run time = 1426.0895 s

Elapsed run time = 1429.6793 s

Elapsed run time = 1455.1058 s

Elapsed run time = 1462.5321 s

Elapsed run time = 2070.8156 s

Elapsed run time = 2073.5647 s

Elapsed run time = 2083.2517 s

Elapsed run time = 2082.2297 s

Elapsed run time = 2089.2821 s

Elapsed run time = 2101.0439 s

Elapsed run time = 2101.9653 s

Elapsed run time = 2114.9075 s
  [BOTH][Rank 0] Done moment 1/1 (task 0): force_integral=-4.535077e-03

Elapsed run time = 4880.4200 s

Elapsed run time = 4898.2479 s

Elapsed run time = 4899.0670 s

Elapsed run time = 4904.3731 s

Elapsed run time = 4903.6976 s

Elapsed run time = 4908.8003 s

Elapsed run time = 4911.1147 s

Elapsed run time = 4912.4328 s

Elapsed run time = 4913.8662 s

Elapsed run time = 4916.0416 s

Elapsed run time = 4917.2327 s

Elapsed run time = 4919.8544 s

Elapsed run time = 4920.9061 s

Elapsed run time = 4920.9411 s

Elapsed run time = 4920.0920 s

Elapsed run time = 4922.8155 s

Elapsed run time = 4923.7245 s

Elapsed run time = 4924.6242 s

Elapsed run time = 4925.0011 s

Elapsed run time = 4925.4915 s

Elapsed run time = 4926.0234 s

Elapsed run time = 4926.4671 s

Elapsed run time = 4926.5909 s

Elapsed run time = 4927.0795 s

Elapsed run time = 4931.2162 s

Elapsed run time = 4931.2416 s

Elapsed run time = 4931.4313 s
  [SELF][Rank 0] Done moment 1/1 (task 0): force_integral=+2.303609e-03

Elapsed run time = 4931.8547 s

Elapsed run time = 4931.1313 s

Elapsed run time = 4933.1709 s

Elapsed run time = 4935.2319 s

Elapsed run time = 4936.6346 s

Elapsed run time = 4936.8497 s

Elapsed run time = 4936.8667 s

Elapsed run time = 4936.9433 s

Elapsed run time = 4937.7830 s

Elapsed run time = 4938.0530 s

Elapsed run time = 4938.3900 s

Elapsed run time = 4939.7628 s

Elapsed run time = 4941.2556 s

Elapsed run time = 4941.4376 s

Elapsed run time = 4942.1352 s

Elapsed run time = 4942.4051 s

Elapsed run time = 4942.5001 s

Elapsed run time = 4943.1596 s

Elapsed run time = 4943.3715 s

Elapsed run time = 4943.4094 s

Elapsed run time = 4946.0340 s

Elapsed run time = 4946.6610 s

Elapsed run time = 4944.4422 s

Elapsed run time = 4947.6068 s

Elapsed run time = 4944.9989 s

Elapsed run time = 4948.6179 s

Elapsed run time = 4950.8617 s

Elapsed run time = 4949.5944 s

Elapsed run time = 4948.7776 s

Elapsed run time = 4951.5858 s

Elapsed run time = 4951.8082 s

Elapsed run time = 4952.3307 s

Elapsed run time = 4953.9688 s

Elapsed run time = 4954.1934 s

Elapsed run time = 4954.2621 s

Elapsed run time = 4955.3589 s

Elapsed run time = 4959.1572 s

Elapsed run time = 4959.4032 s

Elapsed run time = 4960.3127 s

Elapsed run time = 4960.9713 s

Elapsed run time = 4961.3552 s

Elapsed run time = 4961.5919 s

Elapsed run time = 4961.7967 s

Elapsed run time = 4962.0343 s

Elapsed run time = 4962.0822 s

Elapsed run time = 4962.6275 s

Elapsed run time = 4962.7669 s

Elapsed run time = 4963.6182 s

Elapsed run time = 4963.8465 s

Elapsed run time = 4962.6362 s

Elapsed run time = 4962.6386 s

Elapsed run time = 4964.2007 s

Elapsed run time = 4964.8064 s

Elapsed run time = 4964.8789 s

Elapsed run time = 4964.2720 s

Elapsed run time = 4966.0062 s

Elapsed run time = 4966.5647 s

Elapsed run time = 4966.9475 s

Elapsed run time = 4967.8371 s

Elapsed run time = 4969.1912 s

Elapsed run time = 4969.8735 s

Elapsed run time = 4970.4564 s

Elapsed run time = 4970.6586 s

Elapsed run time = 4971.2676 s

Elapsed run time = 4974.0378 s

Elapsed run time = 4974.7249 s

Elapsed run time = 4975.3155 s

Elapsed run time = 4977.4962 s
Simulation complete. Subtracted force: -2.536711e-01. Saved to .tmp/meep_d_0.1000_N_3_corrugated_al_80.0_Nbot_3_Phosphorene_tuned_res_40_theta_94.0_eps_2.1_L_2.00.json

Elapsed run time = 4978.3652 s
Task 163 complete at Fri Sep 11 09:41:24 AM EDT 2026.
