==================================================
SLURM ARRAY TASK ID: 150 / 224
Running on node: x1000c4s4b0n1
Start time: Fri Sep 11 07:59:04 AM EDT 2026
==================================================
Reading parameters from sweep_configs_sweet_spot/config_150.json...
Executing 3D FDTD Simulation: Alpha=80.0 deg, Theta=90.0 deg, d=0.15 um, L=2.0 um, Res=40...
Starting simulation: d=0.15 um, N_top=3, N_bottom=3, material=Phosphorene_tuned, resolution=40, nmax=3, theta=90.0, eps_bg=2.1, config=all, stepped_sieve=False, corrugated=True
Parallel configuration: 128 processes running 108 parallel moment partitions.

Elapsed run time = 0.0893 s

Elapsed run time = 0.0905 s

Elapsed run time = 0.0911 s

Elapsed run time = 0.0918 s

Elapsed run time = 0.0928 s

Elapsed run time = 0.0938 s

Elapsed run time = 0.0948 s

Elapsed run time = 0.0957 s

Elapsed run time = 0.0977 s

Elapsed run time = 0.0991 s

Elapsed run time = 0.1220 s

Elapsed run time = 0.1230 s

Elapsed run time = 0.1231 s

Elapsed run time = 0.1233 s

Elapsed run time = 0.1236 s

Elapsed run time = 0.1242 s

Elapsed run time = 0.1256 s

Elapsed run time = 0.1264 s

Elapsed run time = 0.1270 s

Elapsed run time = 0.1273 s

Elapsed run time = 1435.1933 s

Elapsed run time = 1442.2618 s

Elapsed run time = 1466.5821 s

Elapsed run time = 1470.2250 s

Elapsed run time = 2071.5784 s

Elapsed run time = 2087.8597 s

Elapsed run time = 2103.3609 s

Elapsed run time = 2103.6331 s

Elapsed run time = 2107.8860 s

Elapsed run time = 2110.8846 s

Elapsed run time = 2119.7174 s

Elapsed run time = 2128.4043 s
  [BOTH][Rank 0] Done moment 1/1 (task 0): force_integral=-2.948195e-04

Elapsed run time = 4968.6865 s

Elapsed run time = 4977.3964 s

Elapsed run time = 4989.5391 s

Elapsed run time = 4998.7756 s

Elapsed run time = 5000.0991 s

Elapsed run time = 5000.2500 s

Elapsed run time = 5002.0686 s

Elapsed run time = 5003.2377 s

Elapsed run time = 5003.7038 s

Elapsed run time = 5003.8819 s

Elapsed run time = 5005.4416 s

Elapsed run time = 5007.0885 s

Elapsed run time = 5007.5115 s

Elapsed run time = 5008.6220 s

Elapsed run time = 5009.7286 s

Elapsed run time = 5009.8577 s

Elapsed run time = 5011.7241 s

Elapsed run time = 5011.8023 s

Elapsed run time = 5013.7443 s

Elapsed run time = 5014.8624 s

Elapsed run time = 5015.2327 s

Elapsed run time = 5015.3525 s

Elapsed run time = 5016.6661 s

Elapsed run time = 5016.8425 s

Elapsed run time = 5017.3343 s

Elapsed run time = 5017.9792 s

Elapsed run time = 5018.1852 s

Elapsed run time = 5020.8882 s

Elapsed run time = 5021.2661 s

Elapsed run time = 5021.2896 s

Elapsed run time = 5022.0408 s

Elapsed run time = 5022.9516 s

Elapsed run time = 5023.3313 s

Elapsed run time = 5023.3972 s

Elapsed run time = 5023.5199 s

Elapsed run time = 5023.5250 s

Elapsed run time = 5023.6767 s

Elapsed run time = 5023.9306 s

Elapsed run time = 5024.9393 s

Elapsed run time = 5024.9859 s

Elapsed run time = 5025.2337 s

Elapsed run time = 5027.6738 s

Elapsed run time = 5028.6054 s

Elapsed run time = 5028.7823 s

Elapsed run time = 5029.0818 s

Elapsed run time = 5029.2116 s

Elapsed run time = 5029.4066 s

Elapsed run time = 5029.4161 s

Elapsed run time = 5032.8131 s

Elapsed run time = 5033.5902 s

Elapsed run time = 5034.2744 s

Elapsed run time = 5034.7186 s

Elapsed run time = 5036.9466 s

Elapsed run time = 5036.9788 s
  [SELF][Rank 0] Done moment 1/1 (task 0): force_integral=+4.994149e-03

Elapsed run time = 5038.1401 s

Elapsed run time = 5038.1490 s

Elapsed run time = 5038.6107 s

Elapsed run time = 5038.6143 s

Elapsed run time = 5038.7441 s

Elapsed run time = 5044.7329 s

Elapsed run time = 5045.2999 s

Elapsed run time = 5045.7674 s

Elapsed run time = 5046.9036 s

Elapsed run time = 5047.3990 s

Elapsed run time = 5048.2366 s

Elapsed run time = 5048.8559 s

Elapsed run time = 5049.2546 s

Elapsed run time = 5049.9082 s

Elapsed run time = 5049.9573 s

Elapsed run time = 5050.0583 s

Elapsed run time = 5051.9462 s

Elapsed run time = 5052.0642 s

Elapsed run time = 5052.4380 s

Elapsed run time = 5052.5848 s

Elapsed run time = 5053.0941 s

Elapsed run time = 5053.4153 s

Elapsed run time = 5054.3301 s

Elapsed run time = 5054.3602 s

Elapsed run time = 5054.4649 s

Elapsed run time = 5054.4982 s

Elapsed run time = 5055.7690 s

Elapsed run time = 5057.3913 s

Elapsed run time = 5057.4256 s

Elapsed run time = 5057.7685 s

Elapsed run time = 5060.7510 s

Elapsed run time = 5061.0444 s

Elapsed run time = 5061.3393 s

Elapsed run time = 5061.5934 s

Elapsed run time = 5061.9163 s

Elapsed run time = 5062.6702 s

Elapsed run time = 5062.8811 s

Elapsed run time = 5064.4640 s

Elapsed run time = 5065.8918 s

Elapsed run time = 5066.5155 s

Elapsed run time = 5067.7463 s
Simulation complete. Subtracted force: -3.222574e-01. Saved to .tmp/meep_d_0.1500_N_3_corrugated_al_80.0_Nbot_3_Phosphorene_tuned_res_40_theta_90.0_eps_2.1_L_2.00.json

Elapsed run time = 5068.3178 s
Task 150 complete at Fri Sep 11 09:23:39 AM EDT 2026.
