==================================================
SLURM ARRAY TASK ID: 145 / 224
Running on node: x1001c7s1b1n0
Start time: Fri Sep 11 07:50:59 AM EDT 2026
==================================================
Reading parameters from sweep_configs_sweet_spot/config_145.json...
Executing 3D FDTD Simulation: Alpha=80.0 deg, Theta=88.0 deg, d=0.25 um, L=2.0 um, Res=40...
Starting simulation: d=0.25 um, N_top=3, N_bottom=3, material=Phosphorene_tuned, resolution=40, nmax=3, theta=88.0, eps_bg=2.1, config=all, stepped_sieve=False, corrugated=True
Parallel configuration: 128 processes running 108 parallel moment partitions.

Elapsed run time = 0.0880 s

Elapsed run time = 0.0884 s

Elapsed run time = 0.0896 s

Elapsed run time = 0.0904 s

Elapsed run time = 0.0923 s

Elapsed run time = 0.0895 s

Elapsed run time = 0.0914 s

Elapsed run time = 0.0966 s

Elapsed run time = 0.0924 s

Elapsed run time = 0.0933 s

Elapsed run time = 0.0943 s

Elapsed run time = 0.0983 s

Elapsed run time = 0.1259 s

Elapsed run time = 0.1270 s

Elapsed run time = 0.1276 s

Elapsed run time = 0.1295 s

Elapsed run time = 0.1284 s

Elapsed run time = 0.1287 s

Elapsed run time = 0.1305 s

Elapsed run time = 0.1316 s

Elapsed run time = 1487.6245 s

Elapsed run time = 1501.4200 s

Elapsed run time = 1516.0613 s

Elapsed run time = 1525.3605 s

Elapsed run time = 2171.4425 s

Elapsed run time = 2171.6468 s

Elapsed run time = 2179.5410 s

Elapsed run time = 2180.1850 s

Elapsed run time = 2188.2339 s

Elapsed run time = 2197.2864 s

Elapsed run time = 2198.1691 s

Elapsed run time = 2207.6309 s
  [BOTH][Rank 0] Done moment 1/1 (task 0): force_integral=-2.109760e-03

Elapsed run time = 5124.6911 s

Elapsed run time = 5153.9765 s

Elapsed run time = 5164.1932 s

Elapsed run time = 5165.6328 s

Elapsed run time = 5170.9729 s

Elapsed run time = 5176.4771 s

Elapsed run time = 5176.6392 s

Elapsed run time = 5183.0124 s

Elapsed run time = 5183.3161 s

Elapsed run time = 5188.5637 s

Elapsed run time = 5191.3854 s

Elapsed run time = 5193.1271 s

Elapsed run time = 5196.1364 s

Elapsed run time = 5196.8219 s

Elapsed run time = 5199.0441 s

Elapsed run time = 5199.5987 s

Elapsed run time = 5199.6814 s

Elapsed run time = 5199.8489 s

Elapsed run time = 5200.3814 s

Elapsed run time = 5201.5064 s

Elapsed run time = 5203.4435 s

Elapsed run time = 5203.7140 s

Elapsed run time = 5204.0168 s
  [SELF][Rank 0] Done moment 1/1 (task 0): force_integral=-1.564230e-04

Elapsed run time = 5207.2002 s

Elapsed run time = 5207.3338 s

Elapsed run time = 5209.2928 s

Elapsed run time = 5209.8243 s

Elapsed run time = 5210.5369 s

Elapsed run time = 5210.5707 s

Elapsed run time = 5210.6534 s

Elapsed run time = 5210.9912 s

Elapsed run time = 5212.1769 s

Elapsed run time = 5212.3335 s

Elapsed run time = 5212.6788 s

Elapsed run time = 5213.6154 s

Elapsed run time = 5214.4552 s

Elapsed run time = 5215.7145 s

Elapsed run time = 5216.7836 s

Elapsed run time = 5218.6890 s

Elapsed run time = 5220.6309 s

Elapsed run time = 5223.7912 s

Elapsed run time = 5223.9496 s

Elapsed run time = 5224.4790 s

Elapsed run time = 5224.5316 s

Elapsed run time = 5226.1148 s

Elapsed run time = 5226.5349 s

Elapsed run time = 5226.8100 s

Elapsed run time = 5226.9294 s

Elapsed run time = 5228.0924 s

Elapsed run time = 5228.8686 s

Elapsed run time = 5229.4829 s

Elapsed run time = 5230.3413 s

Elapsed run time = 5230.4018 s

Elapsed run time = 5231.3772 s

Elapsed run time = 5231.6284 s

Elapsed run time = 5231.7144 s

Elapsed run time = 5232.2269 s

Elapsed run time = 5232.4420 s

Elapsed run time = 5233.3733 s

Elapsed run time = 5233.4475 s

Elapsed run time = 5233.4550 s

Elapsed run time = 5234.0006 s

Elapsed run time = 5234.1956 s

Elapsed run time = 5234.6057 s

Elapsed run time = 5235.0825 s

Elapsed run time = 5235.7149 s

Elapsed run time = 5236.3352 s

Elapsed run time = 5236.5022 s

Elapsed run time = 5236.6937 s

Elapsed run time = 5237.9795 s

Elapsed run time = 5239.2869 s

Elapsed run time = 5241.3094 s

Elapsed run time = 5241.6041 s

Elapsed run time = 5242.0613 s

Elapsed run time = 5242.4517 s

Elapsed run time = 5243.0828 s

Elapsed run time = 5243.1864 s

Elapsed run time = 5243.4928 s

Elapsed run time = 5246.7936 s

Elapsed run time = 5246.8066 s

Elapsed run time = 5247.1736 s

Elapsed run time = 5247.2581 s

Elapsed run time = 5248.7302 s

Elapsed run time = 5249.9200 s

Elapsed run time = 5249.9979 s

Elapsed run time = 5254.1782 s

Elapsed run time = 5254.6399 s

Elapsed run time = 5255.6469 s

Elapsed run time = 5255.7528 s

Elapsed run time = 5259.6051 s

Elapsed run time = 5260.2829 s

Elapsed run time = 5262.1146 s

Elapsed run time = 5262.4359 s

Elapsed run time = 5262.7958 s

Elapsed run time = 5264.2751 s
Simulation complete. Subtracted force: -7.824664e-02. Saved to .tmp/meep_d_0.2500_N_3_corrugated_al_80.0_Nbot_3_Phosphorene_tuned_res_40_theta_88.0_eps_2.1_L_2.00.json

Elapsed run time = 5264.7880 s
Task 145 complete at Fri Sep 11 09:18:48 AM EDT 2026.
