==================================================
SLURM ARRAY TASK ID: 19 / 224
Running on node: x1000c2s0b1n1
Start time: Thu Sep 10 02:03:58 AM EDT 2026
==================================================
Reading parameters from sweep_configs_sweet_spot/config_019.json...
Executing 3D FDTD Simulation: Alpha=70.0 deg, Theta=84.0 deg, d=0.25 um, L=2.0 um, Res=40...

Elapsed run time = 0.0304 s

Elapsed run time = 0.0309 s

Elapsed run time = 0.0307 s

Elapsed run time = 0.0307 s

Elapsed run time = 0.0306 s

Elapsed run time = 0.0306 s

Elapsed run time = 0.0306 s

Elapsed run time = 0.0308 s

Elapsed run time = 0.0307 s

Elapsed run time = 0.0311 s

Elapsed run time = 0.0309 s

Elapsed run time = 0.0311 s

Elapsed run time = 0.0307 s

Elapsed run time = 0.0310 s

Elapsed run time = 0.0309 s

Elapsed run time = 0.0306 s

Elapsed run time = 0.0310 s

Elapsed run time = 0.0310 s

Elapsed run time = 0.0307 s

Elapsed run time = 0.0314 s

Elapsed run time = 1484.3956 s

Elapsed run time = 1496.0714 s

Elapsed run time = 1510.0537 s

Elapsed run time = 1524.2614 s

Elapsed run time = 2166.0682 s

Elapsed run time = 2177.3113 s

Elapsed run time = 2182.4569 s

Elapsed run time = 2185.5525 s

Elapsed run time = 2186.4356 s

Elapsed run time = 2194.5403 s

Elapsed run time = 2202.8032 s

Elapsed run time = 2212.3181 s
Starting simulation: d=0.25 um, N_top=3, N_bottom=3, material=Phosphorene_tuned, resolution=40, nmax=3, theta=84.0, eps_bg=2.1, config=all, stepped_sieve=False, corrugated=True
Parallel configuration: 128 processes running 108 parallel moment partitions.
  [BOTH][Rank 0] Done moment 1/1 (task 0): force_integral=-1.974038e-03

Elapsed run time = 4537.6772 s

Elapsed run time = 4552.2378 s

Elapsed run time = 4563.5551 s

Elapsed run time = 4869.3941 s

Elapsed run time = 4880.8420 s

Elapsed run time = 4884.4677 s

Elapsed run time = 4888.0377 s

Elapsed run time = 5085.1120 s

Elapsed run time = 5091.4746 s

Elapsed run time = 5092.8965 s

Elapsed run time = 5095.2925 s

Elapsed run time = 5095.3264 s

Elapsed run time = 5100.8127 s

Elapsed run time = 5101.1978 s

Elapsed run time = 5101.4572 s

Elapsed run time = 5184.6075 s

Elapsed run time = 5184.6573 s

Elapsed run time = 5190.8256 s

Elapsed run time = 5193.4393 s

Elapsed run time = 5195.1570 s

Elapsed run time = 5204.7897 s

Elapsed run time = 5205.6953 s

Elapsed run time = 5208.9592 s

Elapsed run time = 5209.4849 s

Elapsed run time = 5211.8914 s

Elapsed run time = 5212.6818 s

Elapsed run time = 5213.3467 s

Elapsed run time = 5213.3520 s

Elapsed run time = 5215.6862 s

Elapsed run time = 5216.4544 s

Elapsed run time = 5216.6509 s

Elapsed run time = 5217.1418 s

Elapsed run time = 5217.7859 s

Elapsed run time = 5221.5245 s

Elapsed run time = 5222.6157 s

Elapsed run time = 5223.6099 s

Elapsed run time = 5226.1731 s

Elapsed run time = 5231.9823 s

Elapsed run time = 5232.8744 s

Elapsed run time = 5233.6847 s

Elapsed run time = 5234.8208 s

Elapsed run time = 5236.8052 s

Elapsed run time = 5238.1994 s

Elapsed run time = 5239.1292 s

Elapsed run time = 5241.1225 s

Elapsed run time = 5241.5557 s

Elapsed run time = 5242.2317 s

Elapsed run time = 5242.7194 s

Elapsed run time = 5243.5941 s

Elapsed run time = 5245.0441 s

Elapsed run time = 5245.7920 s

Elapsed run time = 5247.6289 s

Elapsed run time = 5247.7742 s

Elapsed run time = 5250.3974 s

Elapsed run time = 5250.7128 s

Elapsed run time = 5252.7116 s

Elapsed run time = 5253.2140 s

Elapsed run time = 5261.8638 s

Elapsed run time = 5262.8041 s

Elapsed run time = 5263.0499 s

Elapsed run time = 5263.1062 s

Elapsed run time = 5264.4339 s

Elapsed run time = 5265.6793 s
  [SELF][Rank 0] Done moment 1/1 (task 0): force_integral=-3.586629e-05

Elapsed run time = 8841.6047 s

Elapsed run time = 8848.4770 s

Elapsed run time = 8885.4725 s

Elapsed run time = 8886.4289 s

Elapsed run time = 8896.2269 s

Elapsed run time = 8897.1008 s

Elapsed run time = 8903.0480 s

Elapsed run time = 8904.6811 s

Elapsed run time = 8905.8287 s

Elapsed run time = 8906.9026 s

Elapsed run time = 8907.6216 s

Elapsed run time = 8908.8645 s

Elapsed run time = 8910.3554 s

Elapsed run time = 8912.0210 s

Elapsed run time = 8913.7589 s

Elapsed run time = 8915.9136 s

Elapsed run time = 10264.8047 s

Elapsed run time = 10272.7762 s

Elapsed run time = 10281.3277 s

Elapsed run time = 10293.8726 s

Elapsed run time = 10296.0604 s

Elapsed run time = 10304.6023 s

Elapsed run time = 10314.3609 s

Elapsed run time = 10316.6246 s

Elapsed run time = 10352.3846 s

Elapsed run time = 10357.2069 s

Elapsed run time = 10358.1365 s

Elapsed run time = 10361.8052 s

Elapsed run time = 10362.6211 s

Elapsed run time = 10374.5525 s

Elapsed run time = 10378.3037 s

Elapsed run time = 10379.6985 s
Simulation complete. Subtracted force: -6.980916e-02. Saved to .tmp/meep_d_0.2500_N_3_corrugated_Nbot_3_Phosphorene_tuned_res_40_theta_84.0_eps_2.1_L_2.00.json

Elapsed run time = 10382.6620 s
Task 19 complete at Thu Sep 10 04:57:31 AM EDT 2026.
