==================================================
SLURM ARRAY TASK ID: 152 / 224
Running on node: x1002c1s0b1n0
Start time: Fri Sep 11 08:00:43 AM EDT 2026
==================================================
Reading parameters from sweep_configs_sweet_spot/config_152.json...
Executing 3D FDTD Simulation: Alpha=80.0 deg, Theta=90.0 deg, d=0.25 um, L=2.0 um, Res=40...
Starting simulation: d=0.25 um, N_top=3, N_bottom=3, material=Phosphorene_tuned, resolution=40, nmax=3, theta=90.0, eps_bg=2.1, config=all, stepped_sieve=False, corrugated=True
Parallel configuration: 128 processes running 108 parallel moment partitions.

Elapsed run time = 0.2479 s

Elapsed run time = 0.2489 s

Elapsed run time = 0.2520 s

Elapsed run time = 0.2539 s

Elapsed run time = 0.2518 s

Elapsed run time = 0.2559 s

Elapsed run time = 0.2525 s

Elapsed run time = 0.2554 s

Elapsed run time = 0.2553 s

Elapsed run time = 0.2554 s

Elapsed run time = 0.2822 s

Elapsed run time = 0.2809 s

Elapsed run time = 0.2800 s

Elapsed run time = 0.2811 s

Elapsed run time = 0.2833 s

Elapsed run time = 0.2827 s

Elapsed run time = 0.2857 s

Elapsed run time = 0.2857 s

Elapsed run time = 0.2837 s

Elapsed run time = 0.2838 s

Elapsed run time = 1485.2940 s

Elapsed run time = 1495.1363 s

Elapsed run time = 1517.2672 s

Elapsed run time = 1519.4357 s

Elapsed run time = 2178.3821 s

Elapsed run time = 2178.8457 s

Elapsed run time = 2180.6731 s

Elapsed run time = 2181.3632 s

Elapsed run time = 2183.7366 s

Elapsed run time = 2196.1309 s

Elapsed run time = 2199.6781 s

Elapsed run time = 2209.3293 s
  [BOTH][Rank 0] Done moment 1/1 (task 0): force_integral=-2.142256e-03

Elapsed run time = 5136.9762 s

Elapsed run time = 5165.5720 s

Elapsed run time = 5166.2715 s

Elapsed run time = 5169.6049 s

Elapsed run time = 5172.9276 s

Elapsed run time = 5175.0244 s

Elapsed run time = 5176.0207 s

Elapsed run time = 5181.8288 s

Elapsed run time = 5184.4409 s

Elapsed run time = 5189.0184 s

Elapsed run time = 5190.8575 s

Elapsed run time = 5199.4993 s

Elapsed run time = 5202.5491 s

Elapsed run time = 5202.6114 s

Elapsed run time = 5203.8820 s

Elapsed run time = 5204.9722 s

Elapsed run time = 5205.0703 s
  [SELF][Rank 0] Done moment 1/1 (task 0): force_integral=-1.758866e-04

Elapsed run time = 5206.1993 s

Elapsed run time = 5206.8090 s

Elapsed run time = 5207.2594 s

Elapsed run time = 5207.2842 s

Elapsed run time = 5207.5524 s

Elapsed run time = 5207.0916 s

Elapsed run time = 5208.0508 s

Elapsed run time = 5208.5206 s

Elapsed run time = 5208.9943 s

Elapsed run time = 5209.2314 s

Elapsed run time = 5209.5510 s

Elapsed run time = 5209.8111 s

Elapsed run time = 5209.9663 s

Elapsed run time = 5211.2409 s

Elapsed run time = 5211.6125 s

Elapsed run time = 5211.7181 s

Elapsed run time = 5212.7006 s

Elapsed run time = 5212.7913 s

Elapsed run time = 5213.2479 s

Elapsed run time = 5213.6329 s

Elapsed run time = 5214.7366 s

Elapsed run time = 5216.2382 s

Elapsed run time = 5219.5158 s

Elapsed run time = 5220.9961 s

Elapsed run time = 5221.4801 s

Elapsed run time = 5221.5170 s

Elapsed run time = 5221.8083 s

Elapsed run time = 5222.6158 s

Elapsed run time = 5223.2386 s

Elapsed run time = 5223.3359 s

Elapsed run time = 5224.0495 s

Elapsed run time = 5225.6715 s

Elapsed run time = 5228.2861 s

Elapsed run time = 5228.9159 s

Elapsed run time = 5230.2222 s

Elapsed run time = 5230.9247 s

Elapsed run time = 5232.0049 s

Elapsed run time = 5232.1259 s

Elapsed run time = 5232.4799 s

Elapsed run time = 5232.4859 s

Elapsed run time = 5233.3816 s

Elapsed run time = 5233.7072 s

Elapsed run time = 5234.3755 s

Elapsed run time = 5234.6341 s

Elapsed run time = 5234.6399 s

Elapsed run time = 5234.7046 s

Elapsed run time = 5235.0816 s

Elapsed run time = 5235.2730 s

Elapsed run time = 5235.4586 s

Elapsed run time = 5235.6408 s

Elapsed run time = 5237.1409 s

Elapsed run time = 5238.6596 s

Elapsed run time = 5238.6841 s

Elapsed run time = 5241.3707 s

Elapsed run time = 5241.9189 s

Elapsed run time = 5242.3782 s

Elapsed run time = 5242.6052 s

Elapsed run time = 5242.8834 s

Elapsed run time = 5243.5525 s

Elapsed run time = 5243.6925 s

Elapsed run time = 5243.9299 s

Elapsed run time = 5244.3943 s

Elapsed run time = 5245.0874 s

Elapsed run time = 5245.7331 s

Elapsed run time = 5245.7837 s

Elapsed run time = 5246.0167 s

Elapsed run time = 5246.5133 s

Elapsed run time = 5246.7594 s

Elapsed run time = 5248.3058 s

Elapsed run time = 5248.6714 s

Elapsed run time = 5249.0934 s

Elapsed run time = 5254.1129 s

Elapsed run time = 5254.1342 s

Elapsed run time = 5257.5211 s

Elapsed run time = 5260.7767 s

Elapsed run time = 5262.8647 s

Elapsed run time = 5263.3454 s

Elapsed run time = 5263.4447 s
Simulation complete. Subtracted force: -7.846113e-02. Saved to .tmp/meep_d_0.2500_N_3_corrugated_al_80.0_Nbot_3_Phosphorene_tuned_res_40_theta_90.0_eps_2.1_L_2.00.json

Elapsed run time = 5264.0407 s
Task 152 complete at Fri Sep 11 09:29:14 AM EDT 2026.
