==================================================
SLURM ARRAY TASK ID: 126 / 224
Running on node: x1002c6s0b0n0
Start time: Fri Sep 11 06:43:22 AM EDT 2026
==================================================
Reading parameters from sweep_configs_sweet_spot/config_126.json...
Executing 3D FDTD Simulation: Alpha=80.0 deg, Theta=82.0 deg, d=0.35 um, L=2.0 um, Res=40...
Starting simulation: d=0.35 um, N_top=3, N_bottom=3, material=Phosphorene_tuned, resolution=40, nmax=3, theta=82.0, eps_bg=2.1, config=all, stepped_sieve=False, corrugated=True
Parallel configuration: 128 processes running 108 parallel moment partitions.

Elapsed run time = 0.0779 s

Elapsed run time = 0.0832 s

Elapsed run time = 0.0849 s

Elapsed run time = 0.0854 s

Elapsed run time = 0.0882 s

Elapsed run time = 0.0894 s

Elapsed run time = 0.0907 s

Elapsed run time = 0.0908 s

Elapsed run time = 0.0955 s

Elapsed run time = 0.0959 s

Elapsed run time = 0.1016 s

Elapsed run time = 0.1019 s

Elapsed run time = 0.1025 s

Elapsed run time = 0.1024 s

Elapsed run time = 0.1031 s

Elapsed run time = 0.1033 s

Elapsed run time = 0.1037 s

Elapsed run time = 0.1041 s

Elapsed run time = 0.1043 s

Elapsed run time = 0.1052 s

Elapsed run time = 1592.7946 s

Elapsed run time = 1601.7518 s

Elapsed run time = 1624.0533 s

Elapsed run time = 1636.8340 s

Elapsed run time = 2308.9102 s

Elapsed run time = 2309.5136 s

Elapsed run time = 2329.1617 s

Elapsed run time = 2330.5826 s

Elapsed run time = 2333.2474 s

Elapsed run time = 2349.6725 s

Elapsed run time = 2352.2246 s

Elapsed run time = 2365.2806 s
  [BOTH][Rank 0] Done moment 1/1 (task 0): force_integral=-5.714190e-03

Elapsed run time = 5494.6067 s

Elapsed run time = 5511.4121 s

Elapsed run time = 5536.7565 s

Elapsed run time = 5543.5441 s

Elapsed run time = 5556.1024 s

Elapsed run time = 5560.8800 s

Elapsed run time = 5562.1059 s

Elapsed run time = 5563.3305 s

Elapsed run time = 5566.5633 s

Elapsed run time = 5567.9702 s

Elapsed run time = 5569.1858 s

Elapsed run time = 5569.3107 s

Elapsed run time = 5569.3264 s

Elapsed run time = 5571.3889 s

Elapsed run time = 5571.4825 s

Elapsed run time = 5572.6967 s

Elapsed run time = 5573.5101 s

Elapsed run time = 5574.3035 s

Elapsed run time = 5574.5421 s

Elapsed run time = 5574.6730 s

Elapsed run time = 5575.1431 s

Elapsed run time = 5575.1802 s

Elapsed run time = 5576.0793 s

Elapsed run time = 5576.4479 s

Elapsed run time = 5576.5560 s

Elapsed run time = 5576.5632 s

Elapsed run time = 5577.4800 s

Elapsed run time = 5577.7353 s

Elapsed run time = 5578.9529 s

Elapsed run time = 5579.7285 s

Elapsed run time = 5579.9421 s

Elapsed run time = 5580.2351 s

Elapsed run time = 5582.9643 s

Elapsed run time = 5584.0327 s

Elapsed run time = 5586.3861 s

Elapsed run time = 5586.5455 s

Elapsed run time = 5586.8425 s

Elapsed run time = 5588.3077 s

Elapsed run time = 5588.3963 s

Elapsed run time = 5589.5481 s

Elapsed run time = 5589.5987 s

Elapsed run time = 5590.2097 s

Elapsed run time = 5591.0692 s

Elapsed run time = 5592.3187 s

Elapsed run time = 5595.6793 s

Elapsed run time = 5596.5058 s

Elapsed run time = 5596.8450 s

Elapsed run time = 5599.2535 s

Elapsed run time = 5600.1307 s

Elapsed run time = 5601.1515 s

Elapsed run time = 5603.8527 s

Elapsed run time = 5605.1062 s

Elapsed run time = 5605.4969 s

Elapsed run time = 5605.5453 s

Elapsed run time = 5606.0639 s

Elapsed run time = 5607.4065 s

Elapsed run time = 5609.3502 s

Elapsed run time = 5609.3942 s

Elapsed run time = 5609.5336 s

Elapsed run time = 5610.4645 s

Elapsed run time = 5610.4689 s

Elapsed run time = 5611.7721 s

Elapsed run time = 5613.7490 s

Elapsed run time = 5613.9200 s

Elapsed run time = 5614.7766 s

Elapsed run time = 5615.1715 s

Elapsed run time = 5615.2684 s

Elapsed run time = 5615.4784 s

Elapsed run time = 5615.7293 s

Elapsed run time = 5616.2458 s

Elapsed run time = 5617.5618 s

Elapsed run time = 5617.7340 s

Elapsed run time = 5617.8931 s

Elapsed run time = 5618.2323 s

Elapsed run time = 5618.4152 s
  [SELF][Rank 0] Done moment 1/1 (task 0): force_integral=-4.935668e-03

Elapsed run time = 5620.0461 s

Elapsed run time = 5620.2783 s

Elapsed run time = 5620.2894 s

Elapsed run time = 5620.5056 s

Elapsed run time = 5621.2761 s

Elapsed run time = 5621.6848 s

Elapsed run time = 5621.9544 s

Elapsed run time = 5622.7732 s

Elapsed run time = 5623.0394 s

Elapsed run time = 5623.0411 s

Elapsed run time = 5623.3602 s

Elapsed run time = 5625.1332 s

Elapsed run time = 5625.9856 s

Elapsed run time = 5635.1296 s

Elapsed run time = 5635.5036 s

Elapsed run time = 5640.0629 s

Elapsed run time = 5640.5891 s

Elapsed run time = 5643.1127 s

Elapsed run time = 5643.5520 s

Elapsed run time = 5645.2096 s
Simulation complete. Subtracted force: -1.880498e-02. Saved to .tmp/meep_d_0.3500_N_3_corrugated_al_80.0_Nbot_3_Phosphorene_tuned_res_40_theta_82.0_eps_2.1_L_2.00.json

Elapsed run time = 5646.0527 s
Task 126 complete at Fri Sep 11 08:17:36 AM EDT 2026.
