==================================================
SLURM ARRAY TASK ID: 13 / 224
Running on node: x1002c1s7b1n0
Start time: Wed Sep  9 10:58:36 PM EDT 2026
==================================================
Reading parameters from sweep_configs_sweet_spot/config_013.json...
Executing 3D FDTD Simulation: Alpha=70.0 deg, Theta=82.0 deg, d=0.3 um, L=2.0 um, Res=40...

Elapsed run time = 0.0059 s

Elapsed run time = 0.0069 s

Elapsed run time = 0.0075 s

Elapsed run time = 0.0050 s

Elapsed run time = 0.0049 s

Elapsed run time = 0.0073 s

Elapsed run time = 0.0056 s

Elapsed run time = 0.0064 s

Elapsed run time = 0.0074 s

Elapsed run time = 0.0076 s

Elapsed run time = 0.0074 s

Elapsed run time = 0.0079 s

Elapsed run time = 0.0053 s

Elapsed run time = 0.0055 s

Elapsed run time = 0.0054 s

Elapsed run time = 0.0054 s

Elapsed run time = 0.0046 s

Elapsed run time = 0.0047 s

Elapsed run time = 0.0047 s

Elapsed run time = 0.0048 s

Elapsed run time = 1567.7450 s

Elapsed run time = 1575.4841 s

Elapsed run time = 1599.7787 s

Elapsed run time = 1602.2880 s

Elapsed run time = 2280.2401 s

Elapsed run time = 2284.6102 s

Elapsed run time = 2290.1566 s

Elapsed run time = 2290.5170 s

Elapsed run time = 2303.4511 s

Elapsed run time = 2307.5002 s

Elapsed run time = 2315.1706 s

Elapsed run time = 2319.4199 s
Starting simulation: d=0.3 um, N_top=3, N_bottom=3, material=Phosphorene_tuned, resolution=40, nmax=3, theta=82.0, eps_bg=2.1, config=all, stepped_sieve=False, corrugated=True
Parallel configuration: 128 processes running 108 parallel moment partitions.
  [BOTH][Rank 0] Done moment 1/1 (task 0): force_integral=-1.283061e-03

Elapsed run time = 5404.2581 s

Elapsed run time = 5430.0959 s

Elapsed run time = 5430.2589 s

Elapsed run time = 5438.1887 s

Elapsed run time = 5444.6754 s

Elapsed run time = 5445.6232 s

Elapsed run time = 5451.4860 s

Elapsed run time = 5460.1013 s

Elapsed run time = 5460.5858 s

Elapsed run time = 5464.1260 s

Elapsed run time = 5464.8658 s

Elapsed run time = 5465.2964 s

Elapsed run time = 5466.6360 s

Elapsed run time = 5468.3206 s

Elapsed run time = 5468.5433 s

Elapsed run time = 5468.7211 s

Elapsed run time = 5469.4205 s

Elapsed run time = 5469.5183 s

Elapsed run time = 5470.0031 s

Elapsed run time = 5470.6872 s

Elapsed run time = 5473.7511 s

Elapsed run time = 5474.6438 s

Elapsed run time = 5474.9321 s

Elapsed run time = 5475.0637 s

Elapsed run time = 5476.5452 s

Elapsed run time = 5476.5913 s

Elapsed run time = 5477.7053 s

Elapsed run time = 5478.3178 s

Elapsed run time = 5478.3699 s

Elapsed run time = 5478.7295 s
  [SELF][Rank 0] Done moment 1/1 (task 0): force_integral=+2.897286e-05

Elapsed run time = 5481.0990 s

Elapsed run time = 5481.1291 s

Elapsed run time = 5481.6865 s

Elapsed run time = 5482.6117 s

Elapsed run time = 5484.7222 s

Elapsed run time = 5484.7477 s

Elapsed run time = 5485.3484 s

Elapsed run time = 5485.4291 s

Elapsed run time = 5487.3296 s

Elapsed run time = 5489.1179 s

Elapsed run time = 5489.5022 s

Elapsed run time = 5490.7388 s

Elapsed run time = 5493.0458 s

Elapsed run time = 5494.8236 s

Elapsed run time = 5497.4830 s

Elapsed run time = 5497.6723 s

Elapsed run time = 5498.2440 s

Elapsed run time = 5498.5738 s

Elapsed run time = 5498.9770 s

Elapsed run time = 5499.8532 s

Elapsed run time = 5501.0320 s

Elapsed run time = 5501.9711 s

Elapsed run time = 5503.4337 s

Elapsed run time = 5503.4417 s

Elapsed run time = 5503.4768 s

Elapsed run time = 5503.5135 s

Elapsed run time = 5503.7257 s

Elapsed run time = 5504.2297 s

Elapsed run time = 5505.3076 s

Elapsed run time = 5506.0097 s

Elapsed run time = 5506.0170 s

Elapsed run time = 5506.3479 s

Elapsed run time = 5506.8577 s

Elapsed run time = 5508.0648 s

Elapsed run time = 5508.3454 s

Elapsed run time = 5508.9424 s

Elapsed run time = 5509.2114 s

Elapsed run time = 5509.3665 s

Elapsed run time = 5509.5490 s

Elapsed run time = 5509.7179 s

Elapsed run time = 5510.6134 s

Elapsed run time = 5511.4107 s

Elapsed run time = 5511.4428 s

Elapsed run time = 5511.8209 s

Elapsed run time = 5513.2523 s

Elapsed run time = 5513.4905 s

Elapsed run time = 5517.2595 s

Elapsed run time = 5517.9006 s

Elapsed run time = 5518.4982 s

Elapsed run time = 5518.6950 s

Elapsed run time = 5520.8990 s

Elapsed run time = 5520.9538 s

Elapsed run time = 5521.1694 s

Elapsed run time = 5521.3576 s

Elapsed run time = 5521.7522 s

Elapsed run time = 5521.9938 s

Elapsed run time = 5524.0858 s

Elapsed run time = 5527.9566 s

Elapsed run time = 5530.8531 s

Elapsed run time = 5532.7811 s

Elapsed run time = 5539.2960 s

Elapsed run time = 5539.3555 s

Elapsed run time = 5541.7208 s

Elapsed run time = 5541.8141 s

Elapsed run time = 5542.5109 s
Simulation complete. Subtracted force: -3.847678e-02. Saved to .tmp/meep_d_0.3000_N_3_corrugated_Nbot_3_Phosphorene_tuned_res_40_theta_82.0_eps_2.1_L_2.00.json

Elapsed run time = 5543.1491 s
Task 13 complete at Thu Sep 10 12:31:03 AM EDT 2026.
