==================================================
SLURM ARRAY TASK ID: 148 / 224
Running on node: x1001c2s2b0n1
Start time: Thu Sep 10 08:17:51 PM EDT 2026
==================================================
Reading parameters from sweep_configs_sweet_spot/config_148.json...
Executing 3D FDTD Simulation: Alpha=80.0 deg, Theta=90.0 deg, d=0.05 um, L=2.0 um, Res=40...

Elapsed run time = 0.0385 s

Elapsed run time = 0.0118 s

Elapsed run time = 0.0067 s

Elapsed run time = 0.0255 s

Elapsed run time = 0.0093 s

Elapsed run time = 0.0188 s

Elapsed run time = 0.0125 s

Elapsed run time = 0.0401 s

Elapsed run time = 0.0159 s

Elapsed run time = 0.0063 s

Elapsed run time = 0.0040 s

Elapsed run time = 0.0393 s

Elapsed run time = 0.0208 s

Elapsed run time = 0.0308 s

Elapsed run time = 0.0086 s

Elapsed run time = 0.0290 s

Elapsed run time = 0.0085 s

Elapsed run time = 0.0192 s

Elapsed run time = 0.0158 s

Elapsed run time = 0.0226 s

Elapsed run time = 0.0226 s

Elapsed run time = 0.0226 s

Elapsed run time = 0.0119 s

Elapsed run time = 0.0254 s

Elapsed run time = 0.0396 s

Elapsed run time = 0.0226 s

Elapsed run time = 0.0398 s

Elapsed run time = 0.0129 s

Elapsed run time = 0.0124 s

Elapsed run time = 0.0160 s

Elapsed run time = 0.0289 s

Elapsed run time = 0.0150 s

Elapsed run time = 0.0312 s

Elapsed run time = 0.0263 s

Elapsed run time = 0.0120 s

Elapsed run time = 0.0306 s

Elapsed run time = 0.0311 s

Elapsed run time = 0.0227 s

Elapsed run time = 0.0210 s

Elapsed run time = 0.0087 s

Elapsed run time = 0.0089 s

Elapsed run time = 0.0291 s

Elapsed run time = 0.0401 s

Elapsed run time = 0.0240 s

Elapsed run time = 0.0304 s

Elapsed run time = 0.0197 s

Elapsed run time = 0.0303 s

Elapsed run time = 0.0303 s

Elapsed run time = 0.0401 s

Elapsed run time = 0.0164 s

Elapsed run time = 0.0102 s

Elapsed run time = 0.0161 s

Elapsed run time = 0.0213 s

Elapsed run time = 0.0044 s

Elapsed run time = 0.0045 s

Elapsed run time = 0.0042 s

Elapsed run time = 0.0042 s

Elapsed run time = 0.0045 s

Elapsed run time = 0.0050 s

Elapsed run time = 0.0053 s

Elapsed run time = 0.0055 s

Elapsed run time = 0.0049 s

Elapsed run time = 0.0051 s

Elapsed run time = 0.0047 s

Elapsed run time = 0.0052 s

Elapsed run time = 0.0056 s

Elapsed run time = 0.0044 s

Elapsed run time = 0.0044 s

Elapsed run time = 0.0047 s

Elapsed run time = 0.0053 s

Elapsed run time = 0.0048 s

Elapsed run time = 0.0047 s

Elapsed run time = 0.0049 s

Elapsed run time = 0.0049 s

Elapsed run time = 0.0045 s

Elapsed run time = 0.0049 s

Elapsed run time = 0.0054 s

Elapsed run time = 0.0058 s

Elapsed run time = 0.0048 s

Elapsed run time = 0.0057 s

Elapsed run time = 0.0056 s

Elapsed run time = 0.0053 s

Elapsed run time = 0.0051 s

Elapsed run time = 0.0054 s

Elapsed run time = 0.0055 s

Elapsed run time = 0.0045 s

Elapsed run time = 0.0054 s

Elapsed run time = 0.0048 s

Elapsed run time = 0.0042 s

Elapsed run time = 0.0051 s

Elapsed run time = 0.0051 s

Elapsed run time = 0.0053 s

Elapsed run time = 0.0047 s

Elapsed run time = 0.0049 s

Elapsed run time = 0.0048 s

Elapsed run time = 0.0050 s

Elapsed run time = 0.0046 s

Elapsed run time = 0.0054 s

Elapsed run time = 0.0054 s

Elapsed run time = 0.0067 s

Elapsed run time = 0.0064 s

Elapsed run time = 0.0051 s

Elapsed run time = 0.0054 s

Elapsed run time = 0.0046 s
Starting simulation: d=0.05 um, N_top=3, N_bottom=3, material=Phosphorene_tuned, resolution=40, nmax=3, theta=90.0, eps_bg=2.1, config=all, stepped_sieve=False, corrugated=True
Parallel configuration: 128 processes running 108 parallel moment partitions.
Task already complete! Found cached result in .tmp/meep_d_0.0500_N_3_corrugated_Nbot_3_Phosphorene_tuned_res_40_theta_90.0_eps_2.1_L_2.00.json (F_sub=-5.556562e+01). Skipping.

Elapsed run time = 0.0052 s

Elapsed run time = 0.0044 s

Elapsed run time = 0.0060 s

Elapsed run time = 0.0047 s

Elapsed run time = 0.0057 s

Elapsed run time = 0.0042 s

Elapsed run time = 0.0040 s

Elapsed run time = 0.0051 s

Elapsed run time = 0.0046 s

Elapsed run time = 0.0048 s

Elapsed run time = 0.0047 s

Elapsed run time = 0.0047 s

Elapsed run time = 0.0050 s

Elapsed run time = 0.0046 s

Elapsed run time = 0.0053 s

Elapsed run time = 0.0060 s

Elapsed run time = 0.0055 s

Elapsed run time = 0.0056 s

Elapsed run time = 0.0056 s

Elapsed run time = 0.0053 s

Elapsed run time = 0.0057 s

Elapsed run time = 0.0045 s

Elapsed run time = 0.0047 s

Elapsed run time = 0.0063 s
Task 148 complete at Thu Sep 10 08:17:56 PM EDT 2026.
