==================================================
SLURM ARRAY TASK ID: 205 / 224
Running on node: x1000c5s7b1n0
Start time: Thu Sep 10 08:19:01 PM EDT 2026
==================================================
Reading parameters from sweep_configs_sweet_spot/config_205.json...
Executing 3D FDTD Simulation: Alpha=85.0 deg, Theta=90.0 deg, d=0.1 um, L=2.0 um, Res=40...

Elapsed run time = 0.3051 s

Elapsed run time = 0.2806 s

Elapsed run time = 0.3072 s

Elapsed run time = 0.3064 s

Elapsed run time = 0.3028 s

Elapsed run time = 0.3050 s

Elapsed run time = 0.3040 s

Elapsed run time = 0.3018 s

Elapsed run time = 0.2924 s

Elapsed run time = 0.2998 s

Elapsed run time = 0.3010 s

Elapsed run time = 0.3067 s

Elapsed run time = 0.2969 s

Elapsed run time = 0.3068 s

Elapsed run time = 0.3037 s

Elapsed run time = 0.2952 s

Elapsed run time = 0.2898 s

Elapsed run time = 0.3021 s

Elapsed run time = 0.2957 s

Elapsed run time = 0.3034 s

Elapsed run time = 0.2955 s

Elapsed run time = 0.3031 s

Elapsed run time = 0.2963 s

Elapsed run time = 0.2945 s

Elapsed run time = 0.2971 s

Elapsed run time = 0.2906 s

Elapsed run time = 0.2863 s

Elapsed run time = 0.2880 s

Elapsed run time = 0.2984 s

Elapsed run time = 0.2973 s

Elapsed run time = 0.2979 s

Elapsed run time = 0.3025 s

Elapsed run time = 0.3044 s
Starting simulation: d=0.1 um, N_top=3, N_bottom=3, material=Phosphorene_tuned, resolution=40, nmax=3, theta=90.0, eps_bg=2.1, config=all, stepped_sieve=False, corrugated=True
Parallel configuration: 128 processes running 108 parallel moment partitions.
Task already complete! Found cached result in .tmp/meep_d_0.1000_N_3_corrugated_Nbot_3_Phosphorene_tuned_res_40_theta_90.0_eps_2.1_L_2.00.json (F_sub=4.988403e-01). Skipping.

Elapsed run time = 0.2915 s

Elapsed run time = 0.3058 s

Elapsed run time = 0.3051 s

Elapsed run time = 0.3050 s

Elapsed run time = 0.3046 s

Elapsed run time = 0.3050 s

Elapsed run time = 0.3049 s

Elapsed run time = 0.2953 s

Elapsed run time = 0.3067 s

Elapsed run time = 0.2938 s

Elapsed run time = 0.3072 s

Elapsed run time = 0.2953 s

Elapsed run time = 0.3083 s

Elapsed run time = 0.2938 s

Elapsed run time = 0.3084 s

Elapsed run time = 0.2990 s

Elapsed run time = 0.3035 s

Elapsed run time = 0.2976 s

Elapsed run time = 0.3035 s

Elapsed run time = 0.2978 s

Elapsed run time = 0.3035 s

Elapsed run time = 0.2991 s

Elapsed run time = 0.3031 s

Elapsed run time = 0.2949 s

Elapsed run time = 0.3083 s

Elapsed run time = 0.3082 s

Elapsed run time = 0.3082 s

Elapsed run time = 0.3012 s

Elapsed run time = 0.3048 s

Elapsed run time = 0.2968 s

Elapsed run time = 0.3040 s

Elapsed run time = 0.3063 s

Elapsed run time = 0.3054 s

Elapsed run time = 0.3079 s

Elapsed run time = 0.3063 s

Elapsed run time = 0.3068 s

Elapsed run time = 0.2932 s

Elapsed run time = 0.3072 s

Elapsed run time = 0.2887 s

Elapsed run time = 0.3032 s

Elapsed run time = 0.2915 s

Elapsed run time = 0.3012 s

Elapsed run time = 0.2951 s

Elapsed run time = 0.2955 s

Elapsed run time = 0.3028 s

Elapsed run time = 0.2892 s

Elapsed run time = 0.2943 s

Elapsed run time = 0.3083 s

Elapsed run time = 0.3083 s

Elapsed run time = 0.3083 s

Elapsed run time = 0.2842 s

Elapsed run time = 0.3028 s

Elapsed run time = 0.2875 s

Elapsed run time = 0.3032 s

Elapsed run time = 0.2896 s

Elapsed run time = 0.3030 s

Elapsed run time = 0.2900 s

Elapsed run time = 0.3034 s

Elapsed run time = 0.3052 s

Elapsed run time = 0.2928 s

Elapsed run time = 0.3020 s

Elapsed run time = 0.2871 s

Elapsed run time = 0.3019 s

Elapsed run time = 0.2887 s

Elapsed run time = 0.3012 s

Elapsed run time = 0.2951 s

Elapsed run time = 0.3084 s

Elapsed run time = 0.2922 s

Elapsed run time = 0.3088 s

Elapsed run time = 0.3020 s

Elapsed run time = 0.3085 s

Elapsed run time = 0.3022 s

Elapsed run time = 0.3085 s

Elapsed run time = 0.3086 s

Elapsed run time = 0.3058 s

Elapsed run time = 0.3075 s

Elapsed run time = 0.2970 s

Elapsed run time = 0.3041 s

Elapsed run time = 0.2971 s

Elapsed run time = 0.3073 s

Elapsed run time = 0.2970 s

Elapsed run time = 0.3083 s

Elapsed run time = 0.2967 s

Elapsed run time = 0.3049 s

Elapsed run time = 0.2970 s

Elapsed run time = 0.2969 s

Elapsed run time = 0.3059 s

Elapsed run time = 0.2970 s

Elapsed run time = 0.3086 s

Elapsed run time = 0.2970 s

Elapsed run time = 0.3084 s

Elapsed run time = 0.3019 s

Elapsed run time = 0.3018 s

Elapsed run time = 0.3015 s

Elapsed run time = 0.3011 s
Task 205 complete at Thu Sep 10 08:19:06 PM EDT 2026.
