==================================================
SLURM ARRAY TASK ID: 220 / 224
Running on node: x1001c2s2b0n1
Start time: Thu Sep 10 08:19:21 PM EDT 2026
==================================================
Reading parameters from sweep_configs_sweet_spot/config_220.json...
Executing 3D FDTD Simulation: Alpha=85.0 deg, Theta=94.0 deg, d=0.15 um, L=2.0 um, Res=40...

Elapsed run time = 0.3399 s

Elapsed run time = 0.3384 s

Elapsed run time = 0.3405 s

Elapsed run time = 0.3401 s

Elapsed run time = 0.3284 s

Elapsed run time = 0.3401 s

Elapsed run time = 0.3383 s

Elapsed run time = 0.3374 s

Elapsed run time = 0.3356 s

Elapsed run time = 0.3403 s

Elapsed run time = 0.3357 s

Elapsed run time = 0.3020 s

Elapsed run time = 0.3153 s

Elapsed run time = 0.2975 s

Elapsed run time = 0.3612 s

Elapsed run time = 0.3629 s

Elapsed run time = 0.3114 s

Elapsed run time = 0.3061 s

Elapsed run time = 0.3088 s

Elapsed run time = 0.3351 s

Elapsed run time = 0.3326 s

Elapsed run time = 0.3337 s

Elapsed run time = 0.3189 s

Elapsed run time = 0.3393 s

Elapsed run time = 0.3347 s

Elapsed run time = 0.3232 s

Elapsed run time = 0.3096 s

Elapsed run time = 0.3090 s

Elapsed run time = 0.2962 s

Elapsed run time = 0.3091 s

Elapsed run time = 0.3226 s

Elapsed run time = 0.3227 s

Elapsed run time = 0.3096 s

Elapsed run time = 0.3239 s

Elapsed run time = 0.3240 s

Elapsed run time = 0.3192 s

Elapsed run time = 0.3353 s

Elapsed run time = 0.3332 s

Elapsed run time = 0.3386 s

Elapsed run time = 0.3334 s

Elapsed run time = 0.3227 s

Elapsed run time = 0.3340 s

Elapsed run time = 0.2793 s

Elapsed run time = 0.3519 s

Elapsed run time = 0.2831 s

Elapsed run time = 0.2831 s

Elapsed run time = 0.2827 s

Elapsed run time = 0.3493 s

Elapsed run time = 0.3200 s

Elapsed run time = 0.3079 s

Elapsed run time = 0.3077 s
Starting simulation: d=0.15 um, N_top=3, N_bottom=3, material=Phosphorene_tuned, resolution=40, nmax=3, theta=94.0, eps_bg=2.1, config=all, stepped_sieve=False, corrugated=True
Parallel configuration: 128 processes running 108 parallel moment partitions.
Task already complete! Found cached result in .tmp/meep_d_0.1500_N_3_corrugated_Nbot_3_Phosphorene_tuned_res_40_theta_94.0_eps_2.1_L_2.00.json (F_sub=-3.179244e-01). Skipping.

Elapsed run time = 0.3207 s

Elapsed run time = 0.3352 s

Elapsed run time = 0.3028 s

Elapsed run time = 0.2977 s

Elapsed run time = 0.3027 s

Elapsed run time = 0.3633 s

Elapsed run time = 0.3633 s

Elapsed run time = 0.3498 s

Elapsed run time = 0.3317 s

Elapsed run time = 0.3098 s

Elapsed run time = 0.3091 s

Elapsed run time = 0.3081 s

Elapsed run time = 0.3278 s

Elapsed run time = 0.3257 s

Elapsed run time = 0.3298 s

Elapsed run time = 0.3279 s

Elapsed run time = 0.3098 s

Elapsed run time = 0.2907 s

Elapsed run time = 0.3015 s

Elapsed run time = 0.3089 s

Elapsed run time = 0.3124 s

Elapsed run time = 0.3160 s

Elapsed run time = 0.2975 s

Elapsed run time = 0.3039 s

Elapsed run time = 0.3083 s

Elapsed run time = 0.3242 s

Elapsed run time = 0.3046 s

Elapsed run time = 0.2927 s

Elapsed run time = 0.2968 s

Elapsed run time = 0.3007 s

Elapsed run time = 0.3482 s

Elapsed run time = 0.3366 s

Elapsed run time = 0.3170 s

Elapsed run time = 0.3481 s

Elapsed run time = 0.2895 s

Elapsed run time = 0.2897 s

Elapsed run time = 0.2859 s

Elapsed run time = 0.2927 s

Elapsed run time = 0.2909 s

Elapsed run time = 0.3254 s

Elapsed run time = 0.3255 s

Elapsed run time = 0.2821 s

Elapsed run time = 0.3253 s

Elapsed run time = 0.2908 s

Elapsed run time = 0.3240 s

Elapsed run time = 0.2890 s

Elapsed run time = 0.2724 s

Elapsed run time = 0.3020 s

Elapsed run time = 0.3054 s

Elapsed run time = 0.2820 s

Elapsed run time = 0.3232 s

Elapsed run time = 0.3233 s

Elapsed run time = 0.3234 s

Elapsed run time = 0.3230 s

Elapsed run time = 0.3098 s

Elapsed run time = 0.3096 s

Elapsed run time = 0.3606 s

Elapsed run time = 0.3089 s

Elapsed run time = 0.3097 s

Elapsed run time = 0.3493 s

Elapsed run time = 0.3194 s

Elapsed run time = 0.3515 s

Elapsed run time = 0.3214 s

Elapsed run time = 0.3515 s

Elapsed run time = 0.3178 s

Elapsed run time = 0.3339 s

Elapsed run time = 0.3177 s

Elapsed run time = 0.3194 s

Elapsed run time = 0.3176 s

Elapsed run time = 0.3177 s

Elapsed run time = 0.3195 s

Elapsed run time = 0.3073 s

Elapsed run time = 0.3075 s

Elapsed run time = 0.3074 s

Elapsed run time = 0.3072 s

Elapsed run time = 0.3072 s

Elapsed run time = 0.3080 s
Task 220 complete at Thu Sep 10 08:19:26 PM EDT 2026.
