==================================================
SLURM ARRAY TASK ID: 66 / 224
Running on node: x1001c5s4b1n0
Start time: Thu Sep 10 05:09:19 PM EDT 2026
==================================================
Reading parameters from sweep_configs_sweet_spot/config_066.json...
Executing 3D FDTD Simulation: Alpha=75.0 deg, Theta=82.0 deg, d=0.15 um, L=2.0 um, Res=40...

Elapsed run time = 0.2200 s

Elapsed run time = 0.2184 s

Elapsed run time = 0.2196 s

Elapsed run time = 0.2190 s

Elapsed run time = 0.2201 s

Elapsed run time = 0.2191 s

Elapsed run time = 0.2186 s

Elapsed run time = 0.2194 s

Elapsed run time = 0.2197 s

Elapsed run time = 0.2210 s

Elapsed run time = 0.2199 s

Elapsed run time = 0.2206 s

Elapsed run time = 0.2206 s
Starting simulation: d=0.15 um, N_top=3, N_bottom=3, material=Phosphorene_tuned, resolution=40, nmax=3, theta=82.0, eps_bg=2.1, config=all, stepped_sieve=False, corrugated=True
Parallel configuration: 128 processes running 108 parallel moment partitions.
Task already complete! Found cached result in .tmp/meep_d_0.1500_N_3_corrugated_Nbot_3_Phosphorene_tuned_res_40_theta_82.0_eps_2.1_L_2.00.json (F_sub=-3.075046e-01). Skipping.

Elapsed run time = 0.2191 s

Elapsed run time = 0.2189 s

Elapsed run time = 0.2202 s

Elapsed run time = 0.2196 s

Elapsed run time = 0.2192 s

Elapsed run time = 0.2201 s

Elapsed run time = 0.2197 s

Elapsed run time = 0.2203 s

Elapsed run time = 0.2194 s

Elapsed run time = 0.2207 s

Elapsed run time = 0.2197 s

Elapsed run time = 0.2209 s

Elapsed run time = 0.2194 s

Elapsed run time = 0.2203 s

Elapsed run time = 0.2196 s

Elapsed run time = 0.2194 s

Elapsed run time = 0.2205 s

Elapsed run time = 0.2210 s

Elapsed run time = 0.2197 s

Elapsed run time = 0.2205 s

Elapsed run time = 0.2204 s

Elapsed run time = 0.2196 s

Elapsed run time = 0.2202 s

Elapsed run time = 0.2197 s

Elapsed run time = 0.2204 s

Elapsed run time = 0.2197 s

Elapsed run time = 0.2204 s

Elapsed run time = 0.2198 s

Elapsed run time = 0.2202 s

Elapsed run time = 0.2196 s

Elapsed run time = 0.2206 s

Elapsed run time = 0.2198 s

Elapsed run time = 0.2205 s

Elapsed run time = 0.2207 s

Elapsed run time = 0.2205 s

Elapsed run time = 0.2195 s

Elapsed run time = 0.2198 s

Elapsed run time = 0.2208 s

Elapsed run time = 0.2192 s

Elapsed run time = 0.2195 s

Elapsed run time = 0.2200 s

Elapsed run time = 0.2192 s

Elapsed run time = 0.2206 s

Elapsed run time = 0.2196 s

Elapsed run time = 0.2192 s

Elapsed run time = 0.2196 s

Elapsed run time = 0.2201 s

Elapsed run time = 0.2198 s

Elapsed run time = 0.2196 s

Elapsed run time = 0.2198 s

Elapsed run time = 0.2195 s

Elapsed run time = 0.2195 s

Elapsed run time = 0.2205 s

Elapsed run time = 0.2200 s

Elapsed run time = 0.2211 s

Elapsed run time = 0.2205 s

Elapsed run time = 0.2198 s

Elapsed run time = 0.2202 s

Elapsed run time = 0.2212 s

Elapsed run time = 0.2200 s

Elapsed run time = 0.2202 s

Elapsed run time = 0.2195 s

Elapsed run time = 0.2206 s

Elapsed run time = 0.2200 s

Elapsed run time = 0.2207 s

Elapsed run time = 0.2198 s

Elapsed run time = 0.2208 s

Elapsed run time = 0.2193 s

Elapsed run time = 0.2204 s

Elapsed run time = 0.2196 s

Elapsed run time = 0.2202 s

Elapsed run time = 0.2193 s

Elapsed run time = 0.2205 s

Elapsed run time = 0.2194 s

Elapsed run time = 0.2196 s

Elapsed run time = 0.2201 s

Elapsed run time = 0.2200 s

Elapsed run time = 0.2188 s

Elapsed run time = 0.2202 s

Elapsed run time = 0.2193 s

Elapsed run time = 0.2190 s

Elapsed run time = 0.2201 s

Elapsed run time = 0.2201 s

Elapsed run time = 0.2191 s

Elapsed run time = 0.2198 s

Elapsed run time = 0.2194 s

Elapsed run time = 0.2208 s

Elapsed run time = 0.2202 s

Elapsed run time = 0.2208 s

Elapsed run time = 0.2216 s

Elapsed run time = 0.2206 s

Elapsed run time = 0.2214 s

Elapsed run time = 0.2205 s

Elapsed run time = 0.2208 s

Elapsed run time = 0.2216 s

Elapsed run time = 0.2209 s

Elapsed run time = 0.2196 s

Elapsed run time = 0.2215 s

Elapsed run time = 0.2192 s

Elapsed run time = 0.2218 s

Elapsed run time = 0.2214 s

Elapsed run time = 0.2214 s

Elapsed run time = 0.2203 s

Elapsed run time = 0.2207 s

Elapsed run time = 0.2209 s

Elapsed run time = 0.2209 s

Elapsed run time = 0.2210 s

Elapsed run time = 0.2209 s

Elapsed run time = 0.2203 s

Elapsed run time = 0.2214 s

Elapsed run time = 0.2215 s

Elapsed run time = 0.2209 s

Elapsed run time = 0.2209 s

Elapsed run time = 0.2212 s

Elapsed run time = 0.2208 s
Task 66 complete at Thu Sep 10 05:09:26 PM EDT 2026.
