==================================================
SLURM ARRAY TASK ID: 10 / 224
Running on node: x1002c4s5b1n1
Start time: Wed Sep  9 09:38:33 PM EDT 2026
==================================================
Reading parameters from sweep_configs_sweet_spot/config_010.json...
Executing 3D FDTD Simulation: Alpha=70.0 deg, Theta=82.0 deg, d=0.15 um, L=2.0 um, Res=40...

Elapsed run time = 0.0300 s

Elapsed run time = 0.0288 s

Elapsed run time = 0.0278 s

Elapsed run time = 0.0299 s

Elapsed run time = 0.0299 s

Elapsed run time = 0.0274 s

Elapsed run time = 0.0287 s

Elapsed run time = 0.0273 s

Elapsed run time = 0.0289 s

Elapsed run time = 0.0280 s

Elapsed run time = 0.0286 s

Elapsed run time = 0.0278 s

Elapsed run time = 0.0272 s

Elapsed run time = 0.0282 s

Elapsed run time = 0.0291 s

Elapsed run time = 0.0292 s

Elapsed run time = 0.0290 s

Elapsed run time = 0.0283 s

Elapsed run time = 0.0298 s

Elapsed run time = 0.0288 s

Elapsed run time = 1481.3294 s

Elapsed run time = 1486.6077 s

Elapsed run time = 1515.3513 s

Elapsed run time = 1516.4497 s

Elapsed run time = 2156.7631 s

Elapsed run time = 2157.3011 s

Elapsed run time = 2157.6314 s

Elapsed run time = 2159.7945 s

Elapsed run time = 2175.7665 s

Elapsed run time = 2177.6828 s

Elapsed run time = 2188.0990 s

Elapsed run time = 2189.8784 s
Starting simulation: d=0.15 um, N_top=3, N_bottom=3, material=Phosphorene_tuned, resolution=40, nmax=3, theta=82.0, eps_bg=2.1, config=all, stepped_sieve=False, corrugated=True
Parallel configuration: 128 processes running 108 parallel moment partitions.
  [BOTH][Rank 0] Done moment 1/1 (task 0): force_integral=-4.060436e-04

Elapsed run time = 5135.6492 s

Elapsed run time = 5138.5035 s

Elapsed run time = 5142.4542 s

Elapsed run time = 5151.4284 s

Elapsed run time = 5155.4487 s

Elapsed run time = 5160.4233 s

Elapsed run time = 5160.8326 s

Elapsed run time = 5160.8470 s

Elapsed run time = 5162.0241 s

Elapsed run time = 5167.0023 s

Elapsed run time = 5167.6420 s

Elapsed run time = 5167.8136 s

Elapsed run time = 5170.1555 s

Elapsed run time = 5170.5059 s

Elapsed run time = 5171.2519 s

Elapsed run time = 5172.5793 s

Elapsed run time = 5172.9744 s

Elapsed run time = 5173.5113 s

Elapsed run time = 5173.7892 s

Elapsed run time = 5174.0532 s

Elapsed run time = 5174.3501 s

Elapsed run time = 5175.6513 s

Elapsed run time = 5178.4090 s

Elapsed run time = 5179.1833 s

Elapsed run time = 5179.6777 s

Elapsed run time = 5180.0238 s

Elapsed run time = 5180.8176 s

Elapsed run time = 5181.7938 s

Elapsed run time = 5182.3288 s

Elapsed run time = 5182.3311 s

Elapsed run time = 5183.3849 s
  [SELF][Rank 0] Done moment 1/1 (task 0): force_integral=+4.668428e-03

Elapsed run time = 5184.7789 s

Elapsed run time = 5185.1366 s

Elapsed run time = 5185.9698 s

Elapsed run time = 5187.0011 s

Elapsed run time = 5188.2017 s

Elapsed run time = 5188.5167 s

Elapsed run time = 5189.2269 s

Elapsed run time = 5189.5115 s

Elapsed run time = 5189.6058 s

Elapsed run time = 5189.6373 s

Elapsed run time = 5194.8004 s

Elapsed run time = 5195.6129 s

Elapsed run time = 5195.8295 s

Elapsed run time = 5196.9621 s

Elapsed run time = 5197.7134 s

Elapsed run time = 5198.1843 s

Elapsed run time = 5200.0100 s

Elapsed run time = 5200.7660 s

Elapsed run time = 5202.1151 s

Elapsed run time = 5202.3559 s

Elapsed run time = 5203.1524 s

Elapsed run time = 5203.8423 s

Elapsed run time = 5204.3898 s

Elapsed run time = 5204.5257 s

Elapsed run time = 5205.7062 s

Elapsed run time = 5206.5376 s

Elapsed run time = 5207.0109 s

Elapsed run time = 5207.3002 s

Elapsed run time = 5207.7243 s

Elapsed run time = 5208.5822 s

Elapsed run time = 5208.7044 s

Elapsed run time = 5208.8150 s

Elapsed run time = 5208.8286 s

Elapsed run time = 5209.4472 s

Elapsed run time = 5209.6849 s

Elapsed run time = 5209.8346 s

Elapsed run time = 5211.7238 s

Elapsed run time = 5211.7389 s

Elapsed run time = 5211.7811 s

Elapsed run time = 5211.9563 s

Elapsed run time = 5211.9928 s

Elapsed run time = 5213.1882 s

Elapsed run time = 5214.6694 s

Elapsed run time = 5214.9761 s

Elapsed run time = 5217.8764 s

Elapsed run time = 5218.4709 s

Elapsed run time = 5218.5713 s

Elapsed run time = 5218.6600 s

Elapsed run time = 5219.2653 s

Elapsed run time = 5220.7186 s

Elapsed run time = 5221.3186 s

Elapsed run time = 5221.8841 s

Elapsed run time = 5222.3378 s

Elapsed run time = 5223.9276 s

Elapsed run time = 5223.9273 s

Elapsed run time = 5227.0170 s

Elapsed run time = 5227.1113 s

Elapsed run time = 5228.2300 s

Elapsed run time = 5228.7617 s

Elapsed run time = 5231.2438 s

Elapsed run time = 5232.6684 s

Elapsed run time = 5235.1010 s

Elapsed run time = 5235.2956 s

Elapsed run time = 5236.4003 s
Simulation complete. Subtracted force: -3.075046e-01. Saved to .tmp/meep_d_0.1500_N_3_corrugated_Nbot_3_Phosphorene_tuned_res_40_theta_82.0_eps_2.1_L_2.00.json

Elapsed run time = 5236.9985 s
Task 10 complete at Wed Sep  9 11:05:59 PM EDT 2026.
