==================================================
SLURM ARRAY TASK ID: 123 / 224
Running on node: x1001c3s3b1n0
Start time: Fri Sep 11 06:43:22 AM EDT 2026
==================================================
Reading parameters from sweep_configs_sweet_spot/config_123.json...
Executing 3D FDTD Simulation: Alpha=80.0 deg, Theta=82.0 deg, d=0.2 um, L=2.0 um, Res=40...
Starting simulation: d=0.2 um, N_top=3, N_bottom=3, material=Phosphorene_tuned, resolution=40, nmax=3, theta=82.0, eps_bg=2.1, config=all, stepped_sieve=False, corrugated=True
Parallel configuration: 128 processes running 108 parallel moment partitions.

Elapsed run time = 0.0697 s

Elapsed run time = 0.0711 s

Elapsed run time = 0.0736 s

Elapsed run time = 0.0750 s

Elapsed run time = 0.0757 s

Elapsed run time = 0.0766 s

Elapsed run time = 0.0774 s

Elapsed run time = 0.0792 s

Elapsed run time = 0.0794 s

Elapsed run time = 0.0797 s

Elapsed run time = 0.0994 s

Elapsed run time = 0.0998 s

Elapsed run time = 0.1028 s

Elapsed run time = 0.1032 s

Elapsed run time = 0.1047 s

Elapsed run time = 0.1054 s

Elapsed run time = 0.1046 s

Elapsed run time = 0.1071 s

Elapsed run time = 0.1090 s

Elapsed run time = 0.1099 s

Elapsed run time = 1508.5330 s

Elapsed run time = 1512.3664 s

Elapsed run time = 1540.5305 s

Elapsed run time = 1544.2842 s

Elapsed run time = 2187.2181 s

Elapsed run time = 2187.2424 s

Elapsed run time = 2200.3494 s

Elapsed run time = 2200.8214 s

Elapsed run time = 2212.7200 s

Elapsed run time = 2224.2426 s

Elapsed run time = 2226.2802 s

Elapsed run time = 2237.3014 s
  [BOTH][Rank 0] Done moment 1/1 (task 0): force_integral=+1.998314e-03

Elapsed run time = 5231.3193 s

Elapsed run time = 5238.7259 s

Elapsed run time = 5245.7346 s

Elapsed run time = 5251.2460 s

Elapsed run time = 5258.2515 s

Elapsed run time = 5260.0983 s

Elapsed run time = 5260.1062 s

Elapsed run time = 5260.1956 s

Elapsed run time = 5262.3138 s

Elapsed run time = 5264.5624 s

Elapsed run time = 5266.8076 s

Elapsed run time = 5267.0274 s

Elapsed run time = 5269.4782 s

Elapsed run time = 5272.6549 s

Elapsed run time = 5273.4461 s

Elapsed run time = 5274.1119 s

Elapsed run time = 5276.1200 s

Elapsed run time = 5276.1299 s

Elapsed run time = 5276.2506 s

Elapsed run time = 5276.9657 s

Elapsed run time = 5278.8843 s

Elapsed run time = 5281.4329 s

Elapsed run time = 5281.7353 s

Elapsed run time = 5282.4890 s

Elapsed run time = 5283.0833 s

Elapsed run time = 5283.5571 s

Elapsed run time = 5284.3249 s

Elapsed run time = 5285.7229 s

Elapsed run time = 5285.8780 s

Elapsed run time = 5286.2705 s

Elapsed run time = 5286.5033 s

Elapsed run time = 5287.9568 s

Elapsed run time = 5288.2974 s

Elapsed run time = 5288.3861 s

Elapsed run time = 5288.5922 s

Elapsed run time = 5289.3828 s

Elapsed run time = 5289.9570 s

Elapsed run time = 5289.9689 s

Elapsed run time = 5290.1332 s
  [SELF][Rank 0] Done moment 1/1 (task 0): force_integral=+4.905997e-03

Elapsed run time = 5291.6344 s

Elapsed run time = 5292.3714 s

Elapsed run time = 5293.1911 s

Elapsed run time = 5293.2474 s

Elapsed run time = 5294.4774 s

Elapsed run time = 5296.3661 s

Elapsed run time = 5296.7800 s

Elapsed run time = 5303.2225 s

Elapsed run time = 5305.0050 s

Elapsed run time = 5305.1517 s

Elapsed run time = 5305.1741 s

Elapsed run time = 5305.7370 s

Elapsed run time = 5305.7655 s

Elapsed run time = 5307.1894 s

Elapsed run time = 5309.0604 s

Elapsed run time = 5310.1190 s

Elapsed run time = 5310.1471 s

Elapsed run time = 5310.2010 s

Elapsed run time = 5311.0723 s

Elapsed run time = 5311.2732 s

Elapsed run time = 5311.6883 s

Elapsed run time = 5312.4799 s

Elapsed run time = 5312.8692 s

Elapsed run time = 5312.9178 s

Elapsed run time = 5313.9897 s

Elapsed run time = 5314.4519 s

Elapsed run time = 5314.4792 s

Elapsed run time = 5314.6821 s

Elapsed run time = 5315.3458 s

Elapsed run time = 5315.4492 s

Elapsed run time = 5315.7968 s

Elapsed run time = 5316.2505 s

Elapsed run time = 5316.4990 s

Elapsed run time = 5316.6614 s

Elapsed run time = 5317.2692 s

Elapsed run time = 5317.5658 s

Elapsed run time = 5317.6858 s

Elapsed run time = 5318.0462 s

Elapsed run time = 5318.0544 s

Elapsed run time = 5318.0923 s

Elapsed run time = 5318.9746 s

Elapsed run time = 5320.0197 s

Elapsed run time = 5320.4504 s

Elapsed run time = 5322.0764 s

Elapsed run time = 5322.5179 s

Elapsed run time = 5322.9596 s

Elapsed run time = 5322.9660 s

Elapsed run time = 5323.1558 s

Elapsed run time = 5324.5169 s

Elapsed run time = 5326.9524 s

Elapsed run time = 5336.6876 s

Elapsed run time = 5337.6577 s

Elapsed run time = 5338.7209 s

Elapsed run time = 5338.9027 s

Elapsed run time = 5339.0862 s

Elapsed run time = 5341.3686 s
Simulation complete. Subtracted force: -1.318722e-01. Saved to .tmp/meep_d_0.2000_N_3_corrugated_al_80.0_Nbot_3_Phosphorene_tuned_res_40_theta_82.0_eps_2.1_L_2.00.json

Elapsed run time = 5342.1640 s
Task 123 complete at Fri Sep 11 08:12:32 AM EDT 2026.
