==================================================
SLURM ARRAY TASK ID: 73 / 224
Running on node: x1002c6s5b0n0
Start time: Fri Sep 11 02:09:19 AM EDT 2026
==================================================
Reading parameters from sweep_configs_sweet_spot/config_073.json...
Executing 3D FDTD Simulation: Alpha=75.0 deg, Theta=84.0 deg, d=0.15 um, L=2.0 um, Res=40...
Starting simulation: d=0.15 um, N_top=3, N_bottom=3, material=Phosphorene_tuned, resolution=40, nmax=3, theta=84.0, eps_bg=2.1, config=all, stepped_sieve=False, corrugated=True
Parallel configuration: 128 processes running 108 parallel moment partitions.

Elapsed run time = 0.0686 s

Elapsed run time = 0.0688 s

Elapsed run time = 0.0688 s

Elapsed run time = 0.0680 s

Elapsed run time = 0.0682 s

Elapsed run time = 0.0681 s

Elapsed run time = 0.0684 s

Elapsed run time = 0.0686 s

Elapsed run time = 0.0686 s

Elapsed run time = 0.0685 s

Elapsed run time = 0.0683 s

Elapsed run time = 0.0683 s

Elapsed run time = 0.0710 s

Elapsed run time = 0.0716 s

Elapsed run time = 0.0709 s

Elapsed run time = 0.0786 s

Elapsed run time = 0.0790 s

Elapsed run time = 0.0791 s

Elapsed run time = 0.0795 s

Elapsed run time = 0.0797 s

Elapsed run time = 1457.4419 s

Elapsed run time = 1458.7676 s

Elapsed run time = 1488.8958 s

Elapsed run time = 1494.9510 s

Elapsed run time = 2123.2093 s

Elapsed run time = 2123.8053 s

Elapsed run time = 2128.0042 s

Elapsed run time = 2130.1809 s

Elapsed run time = 2139.3708 s

Elapsed run time = 2148.6950 s

Elapsed run time = 2152.8741 s

Elapsed run time = 2161.3724 s
  [BOTH][Rank 0] Done moment 1/1 (task 0): force_integral=-1.299764e-03

Elapsed run time = 4959.6312 s

Elapsed run time = 4963.3153 s

Elapsed run time = 4973.3760 s

Elapsed run time = 4974.4222 s

Elapsed run time = 4989.2501 s

Elapsed run time = 4992.6540 s

Elapsed run time = 4992.8185 s

Elapsed run time = 4993.6737 s

Elapsed run time = 5000.6861 s

Elapsed run time = 5006.3398 s

Elapsed run time = 5010.0010 s

Elapsed run time = 5011.6640 s

Elapsed run time = 5012.7600 s

Elapsed run time = 5013.2947 s

Elapsed run time = 5014.1688 s

Elapsed run time = 5014.3049 s

Elapsed run time = 5016.1235 s

Elapsed run time = 5016.4693 s

Elapsed run time = 5016.8427 s

Elapsed run time = 5018.0941 s

Elapsed run time = 5018.6766 s

Elapsed run time = 5019.0241 s

Elapsed run time = 5019.4473 s

Elapsed run time = 5021.2470 s

Elapsed run time = 5021.3589 s

Elapsed run time = 5022.1407 s

Elapsed run time = 5023.0646 s

Elapsed run time = 5023.7769 s

Elapsed run time = 5024.5791 s

Elapsed run time = 5025.8762 s

Elapsed run time = 5025.9102 s

Elapsed run time = 5025.9342 s

Elapsed run time = 5026.6677 s

Elapsed run time = 5027.5173 s

Elapsed run time = 5028.9720 s

Elapsed run time = 5030.6616 s

Elapsed run time = 5030.6903 s

Elapsed run time = 5030.7623 s

Elapsed run time = 5031.5386 s
  [SELF][Rank 0] Done moment 1/1 (task 0): force_integral=+3.829689e-03

Elapsed run time = 5035.2068 s

Elapsed run time = 5035.3636 s

Elapsed run time = 5035.7628 s

Elapsed run time = 5035.9162 s

Elapsed run time = 5037.1914 s

Elapsed run time = 5037.6091 s

Elapsed run time = 5038.2969 s

Elapsed run time = 5038.5703 s

Elapsed run time = 5038.7640 s

Elapsed run time = 5041.5863 s

Elapsed run time = 5042.6285 s

Elapsed run time = 5043.2247 s

Elapsed run time = 5044.4016 s

Elapsed run time = 5046.8198 s

Elapsed run time = 5047.0007 s

Elapsed run time = 5047.3087 s

Elapsed run time = 5048.8425 s

Elapsed run time = 5050.1569 s

Elapsed run time = 5050.9115 s

Elapsed run time = 5050.9576 s

Elapsed run time = 5051.4449 s

Elapsed run time = 5051.5027 s

Elapsed run time = 5052.6541 s

Elapsed run time = 5052.9916 s

Elapsed run time = 5053.2324 s

Elapsed run time = 5055.4206 s

Elapsed run time = 5055.8230 s

Elapsed run time = 5055.8719 s

Elapsed run time = 5055.8819 s

Elapsed run time = 5055.9846 s

Elapsed run time = 5056.2415 s

Elapsed run time = 5056.2466 s

Elapsed run time = 5057.1638 s

Elapsed run time = 5057.5924 s

Elapsed run time = 5058.0817 s

Elapsed run time = 5058.1881 s

Elapsed run time = 5059.8901 s

Elapsed run time = 5059.9114 s

Elapsed run time = 5060.2819 s

Elapsed run time = 5060.7099 s

Elapsed run time = 5060.9483 s

Elapsed run time = 5061.1545 s

Elapsed run time = 5061.2489 s

Elapsed run time = 5061.3768 s

Elapsed run time = 5061.5185 s

Elapsed run time = 5061.9337 s

Elapsed run time = 5063.4304 s

Elapsed run time = 5064.1275 s

Elapsed run time = 5065.1620 s

Elapsed run time = 5066.3984 s

Elapsed run time = 5072.0293 s

Elapsed run time = 5072.0946 s

Elapsed run time = 5072.2148 s

Elapsed run time = 5073.4893 s

Elapsed run time = 5074.1117 s

Elapsed run time = 5076.5413 s
Simulation complete. Subtracted force: -3.217657e-01. Saved to .tmp/meep_d_0.1500_N_3_corrugated_al_75.0_Nbot_3_Phosphorene_tuned_res_40_theta_84.0_eps_2.1_L_2.00.json

Elapsed run time = 5077.0447 s
Task 73 complete at Fri Sep 11 03:34:03 AM EDT 2026.
