==================================================
SLURM ARRAY TASK ID: 96 / 224
Running on node: x1002c7s5b1n1
Start time: Fri Sep 11 04:46:48 AM EDT 2026
==================================================
Reading parameters from sweep_configs_sweet_spot/config_096.json...
Executing 3D FDTD Simulation: Alpha=75.0 deg, Theta=90.0 deg, d=0.25 um, L=2.0 um, Res=40...
Starting simulation: d=0.25 um, N_top=3, N_bottom=3, material=Phosphorene_tuned, resolution=40, nmax=3, theta=90.0, eps_bg=2.1, config=all, stepped_sieve=False, corrugated=True
Parallel configuration: 128 processes running 108 parallel moment partitions.

Elapsed run time = 0.0836 s

Elapsed run time = 0.0838 s

Elapsed run time = 0.0838 s

Elapsed run time = 0.0838 s

Elapsed run time = 0.0840 s

Elapsed run time = 0.0839 s

Elapsed run time = 0.0839 s

Elapsed run time = 0.0838 s

Elapsed run time = 0.0838 s

Elapsed run time = 0.0841 s

Elapsed run time = 0.0839 s

Elapsed run time = 0.0839 s

Elapsed run time = 0.0839 s

Elapsed run time = 0.0839 s

Elapsed run time = 0.0835 s

Elapsed run time = 0.0840 s

Elapsed run time = 0.0841 s

Elapsed run time = 0.0840 s

Elapsed run time = 0.0843 s

Elapsed run time = 0.0842 s

Elapsed run time = 1489.4077 s

Elapsed run time = 1497.9574 s

Elapsed run time = 1520.7937 s

Elapsed run time = 1524.2901 s

Elapsed run time = 2140.9131 s

Elapsed run time = 2163.2840 s

Elapsed run time = 2180.6186 s

Elapsed run time = 2180.8712 s

Elapsed run time = 2186.7191 s

Elapsed run time = 2199.1000 s

Elapsed run time = 2199.4344 s

Elapsed run time = 2210.2141 s
  [BOTH][Rank 0] Done moment 1/1 (task 0): force_integral=-2.206920e-03

Elapsed run time = 5149.3406 s

Elapsed run time = 5164.8763 s

Elapsed run time = 5170.4369 s

Elapsed run time = 5181.6011 s

Elapsed run time = 5182.1180 s

Elapsed run time = 5185.5373 s

Elapsed run time = 5187.2548 s

Elapsed run time = 5189.9503 s

Elapsed run time = 5193.1727 s

Elapsed run time = 5193.8264 s

Elapsed run time = 5194.8247 s

Elapsed run time = 5195.3952 s

Elapsed run time = 5196.6706 s

Elapsed run time = 5197.4806 s

Elapsed run time = 5197.6126 s

Elapsed run time = 5198.6112 s

Elapsed run time = 5201.8552 s

Elapsed run time = 5201.9695 s

Elapsed run time = 5202.7231 s

Elapsed run time = 5203.8329 s

Elapsed run time = 5205.3420 s

Elapsed run time = 5205.4553 s

Elapsed run time = 5206.0801 s

Elapsed run time = 5206.6243 s

Elapsed run time = 5206.8905 s

Elapsed run time = 5208.4494 s

Elapsed run time = 5211.6172 s

Elapsed run time = 5211.6188 s

Elapsed run time = 5214.7284 s

Elapsed run time = 5215.8110 s

Elapsed run time = 5219.4609 s

Elapsed run time = 5220.0428 s

Elapsed run time = 5220.1077 s

Elapsed run time = 5220.9065 s

Elapsed run time = 5220.9249 s

Elapsed run time = 5221.0215 s

Elapsed run time = 5221.9105 s

Elapsed run time = 5222.4283 s

Elapsed run time = 5222.4773 s

Elapsed run time = 5222.6916 s

Elapsed run time = 5222.7090 s
  [SELF][Rank 0] Done moment 1/1 (task 0): force_integral=-2.047744e-04

Elapsed run time = 5223.0242 s

Elapsed run time = 5224.0657 s

Elapsed run time = 5225.4206 s

Elapsed run time = 5225.8311 s

Elapsed run time = 5226.3084 s

Elapsed run time = 5226.7513 s

Elapsed run time = 5227.0950 s

Elapsed run time = 5228.7523 s

Elapsed run time = 5229.3935 s

Elapsed run time = 5230.2793 s

Elapsed run time = 5230.8780 s

Elapsed run time = 5231.3109 s

Elapsed run time = 5231.8623 s

Elapsed run time = 5232.7083 s

Elapsed run time = 5234.5578 s

Elapsed run time = 5234.5818 s

Elapsed run time = 5235.2646 s

Elapsed run time = 5235.3441 s

Elapsed run time = 5236.4766 s

Elapsed run time = 5237.9191 s

Elapsed run time = 5238.2857 s

Elapsed run time = 5239.4316 s

Elapsed run time = 5239.6544 s

Elapsed run time = 5239.9173 s

Elapsed run time = 5240.0446 s

Elapsed run time = 5240.7268 s

Elapsed run time = 5240.8802 s

Elapsed run time = 5242.1311 s

Elapsed run time = 5242.9228 s

Elapsed run time = 5242.9692 s

Elapsed run time = 5245.1016 s

Elapsed run time = 5246.3135 s

Elapsed run time = 5246.5201 s

Elapsed run time = 5247.6649 s

Elapsed run time = 5247.8916 s

Elapsed run time = 5249.0329 s

Elapsed run time = 5249.5875 s

Elapsed run time = 5249.7233 s

Elapsed run time = 5249.9233 s

Elapsed run time = 5250.5814 s

Elapsed run time = 5251.0837 s

Elapsed run time = 5252.0363 s

Elapsed run time = 5252.2984 s

Elapsed run time = 5252.3087 s

Elapsed run time = 5253.0635 s

Elapsed run time = 5253.2954 s

Elapsed run time = 5254.4010 s

Elapsed run time = 5255.9939 s

Elapsed run time = 5256.0575 s

Elapsed run time = 5262.2765 s

Elapsed run time = 5264.7624 s

Elapsed run time = 5265.6884 s

Elapsed run time = 5266.7173 s

Elapsed run time = 5267.4314 s
Simulation complete. Subtracted force: -7.435225e-02. Saved to .tmp/meep_d_0.2500_N_3_corrugated_al_75.0_Nbot_3_Phosphorene_tuned_res_40_theta_90.0_eps_2.1_L_2.00.json

Elapsed run time = 5268.0333 s
Task 96 complete at Fri Sep 11 06:15:12 AM EDT 2026.
