==================================================
SLURM ARRAY TASK ID: 140 / 224
Running on node: x1000c7s5b1n0
Start time: Thu Sep 10 08:17:41 PM EDT 2026
==================================================
Reading parameters from sweep_configs_sweet_spot/config_140.json...
Executing 3D FDTD Simulation: Alpha=80.0 deg, Theta=86.0 deg, d=0.35 um, L=2.0 um, Res=40...

Elapsed run time = 0.0425 s

Elapsed run time = 0.1030 s

Elapsed run time = 0.0430 s

Elapsed run time = 0.0838 s

Elapsed run time = 0.0817 s

Elapsed run time = 0.1021 s

Elapsed run time = 0.0876 s

Elapsed run time = 0.0627 s

Elapsed run time = 0.0351 s

Elapsed run time = 0.0377 s

Elapsed run time = 0.0583 s

Elapsed run time = 0.0994 s

Elapsed run time = 0.0401 s

Elapsed run time = 0.0421 s

Elapsed run time = 0.0994 s

Elapsed run time = 0.0382 s

Elapsed run time = 0.0838 s

Elapsed run time = 0.0809 s

Elapsed run time = 0.0568 s

Elapsed run time = 0.0813 s

Elapsed run time = 0.0814 s

Elapsed run time = 0.0661 s

Elapsed run time = 0.0810 s

Elapsed run time = 0.0357 s

Elapsed run time = 0.0356 s

Elapsed run time = 0.0573 s

Elapsed run time = 0.0411 s

Elapsed run time = 0.0382 s

Elapsed run time = 0.0344 s

Elapsed run time = 0.0538 s
Starting simulation: d=0.35 um, N_top=3, N_bottom=3, material=Phosphorene_tuned, resolution=40, nmax=3, theta=86.0, eps_bg=2.1, config=all, stepped_sieve=False, corrugated=True
Parallel configuration: 128 processes running 108 parallel moment partitions.
Task already complete! Found cached result in .tmp/meep_d_0.3500_N_3_corrugated_Nbot_3_Phosphorene_tuned_res_40_theta_86.0_eps_2.1_L_2.00.json (F_sub=-1.643059e-02). Skipping.

Elapsed run time = 0.0729 s

Elapsed run time = 0.0052 s

Elapsed run time = 0.0863 s

Elapsed run time = 0.0498 s

Elapsed run time = 0.0771 s

Elapsed run time = 0.0816 s

Elapsed run time = 0.0503 s

Elapsed run time = 0.0950 s

Elapsed run time = 0.0081 s

Elapsed run time = 0.0587 s

Elapsed run time = 0.0126 s

Elapsed run time = 0.0580 s

Elapsed run time = 0.0579 s

Elapsed run time = 0.0172 s

Elapsed run time = 0.0461 s

Elapsed run time = 0.0199 s

Elapsed run time = 0.0530 s

Elapsed run time = 0.0253 s

Elapsed run time = 0.0470 s

Elapsed run time = 0.0247 s

Elapsed run time = 0.0514 s

Elapsed run time = 0.0994 s

Elapsed run time = 0.0127 s

Elapsed run time = 0.0980 s

Elapsed run time = 0.0084 s

Elapsed run time = 0.0879 s

Elapsed run time = 0.0136 s

Elapsed run time = 0.0883 s

Elapsed run time = 0.0164 s

Elapsed run time = 0.0764 s

Elapsed run time = 0.0079 s

Elapsed run time = 0.1037 s

Elapsed run time = 0.0080 s

Elapsed run time = 0.0665 s

Elapsed run time = 0.0620 s

Elapsed run time = 0.0674 s

Elapsed run time = 0.0498 s

Elapsed run time = 0.0843 s

Elapsed run time = 0.0506 s

Elapsed run time = 0.0081 s

Elapsed run time = 0.0696 s

Elapsed run time = 0.0297 s

Elapsed run time = 0.0620 s

Elapsed run time = 0.0099 s

Elapsed run time = 0.0700 s

Elapsed run time = 0.0063 s

Elapsed run time = 0.0687 s

Elapsed run time = 0.0148 s

Elapsed run time = 0.0767 s

Elapsed run time = 0.0468 s

Elapsed run time = 0.0772 s

Elapsed run time = 0.0199 s

Elapsed run time = 0.0689 s

Elapsed run time = 0.0081 s

Elapsed run time = 0.0091 s

Elapsed run time = 0.0093 s

Elapsed run time = 0.0486 s

Elapsed run time = 0.0643 s

Elapsed run time = 0.0236 s

Elapsed run time = 0.0637 s

Elapsed run time = 0.0268 s

Elapsed run time = 0.0642 s

Elapsed run time = 0.0313 s

Elapsed run time = 0.0637 s

Elapsed run time = 0.0183 s

Elapsed run time = 0.1017 s

Elapsed run time = 0.0164 s

Elapsed run time = 0.0295 s

Elapsed run time = 0.0183 s

Elapsed run time = 0.0295 s

Elapsed run time = 0.0190 s

Elapsed run time = 0.0295 s

Elapsed run time = 0.0280 s

Elapsed run time = 0.0242 s

Elapsed run time = 0.0201 s

Elapsed run time = 0.0487 s

Elapsed run time = 0.0279 s

Elapsed run time = 0.0245 s

Elapsed run time = 0.0257 s

Elapsed run time = 0.0238 s

Elapsed run time = 0.0482 s

Elapsed run time = 0.0570 s

Elapsed run time = 0.0239 s

Elapsed run time = 0.0535 s

Elapsed run time = 0.0200 s

Elapsed run time = 0.0288 s

Elapsed run time = 0.0490 s

Elapsed run time = 0.0559 s

Elapsed run time = 0.0500 s

Elapsed run time = 0.0046 s

Elapsed run time = 0.0042 s

Elapsed run time = 0.0043 s

Elapsed run time = 0.0043 s

Elapsed run time = 0.0042 s

Elapsed run time = 0.0046 s

Elapsed run time = 0.0046 s

Elapsed run time = 0.0047 s

Elapsed run time = 0.0065 s
Task 140 complete at Thu Sep 10 08:17:46 PM EDT 2026.
