==================================================
SLURM ARRAY TASK ID: 190 / 224
Running on node: x1002c2s3b1n0
Start time: Fri Sep 11 09:43:07 AM EDT 2026
==================================================
Reading parameters from sweep_configs_sweet_spot/config_190.json...
Executing 3D FDTD Simulation: Alpha=85.0 deg, Theta=86.0 deg, d=0.05 um, L=2.0 um, Res=40...
Starting simulation: d=0.05 um, N_top=3, N_bottom=3, material=Phosphorene_tuned, resolution=40, nmax=3, theta=86.0, eps_bg=2.1, config=all, stepped_sieve=False, corrugated=True
Parallel configuration: 128 processes running 108 parallel moment partitions.

Elapsed run time = 0.0672 s

Elapsed run time = 0.0700 s

Elapsed run time = 0.0727 s

Elapsed run time = 0.0739 s

Elapsed run time = 0.0740 s

Elapsed run time = 0.0768 s

Elapsed run time = 0.0767 s

Elapsed run time = 0.0788 s

Elapsed run time = 0.0814 s

Elapsed run time = 0.0849 s

Elapsed run time = 0.0906 s

Elapsed run time = 0.0923 s

Elapsed run time = 0.0928 s

Elapsed run time = 0.0931 s

Elapsed run time = 0.0932 s

Elapsed run time = 0.0938 s

Elapsed run time = 0.0939 s

Elapsed run time = 0.0942 s

Elapsed run time = 0.0947 s

Elapsed run time = 0.0964 s

Elapsed run time = 1376.9572 s

Elapsed run time = 1384.4070 s

Elapsed run time = 1412.2248 s

Elapsed run time = 1414.8784 s

Elapsed run time = 1974.9731 s

Elapsed run time = 2004.3610 s

Elapsed run time = 2014.0282 s

Elapsed run time = 2014.0824 s

Elapsed run time = 2022.9190 s

Elapsed run time = 2032.1699 s

Elapsed run time = 2035.6083 s

Elapsed run time = 2041.6435 s
  [BOTH][Rank 0] Done moment 1/1 (task 0): force_integral=-1.578963e-02

Elapsed run time = 4797.4275 s

Elapsed run time = 4797.6676 s

Elapsed run time = 4799.7567 s

Elapsed run time = 4805.3441 s

Elapsed run time = 4809.4442 s

Elapsed run time = 4809.9004 s

Elapsed run time = 4812.8320 s

Elapsed run time = 4814.4614 s

Elapsed run time = 4815.3281 s

Elapsed run time = 4815.4323 s

Elapsed run time = 4819.4201 s

Elapsed run time = 4819.7433 s

Elapsed run time = 4819.8935 s

Elapsed run time = 4820.0432 s

Elapsed run time = 4820.0917 s

Elapsed run time = 4822.7993 s

Elapsed run time = 4824.0108 s

Elapsed run time = 4824.1480 s

Elapsed run time = 4824.5265 s

Elapsed run time = 4824.7025 s

Elapsed run time = 4826.0437 s

Elapsed run time = 4826.8364 s

Elapsed run time = 4827.9351 s

Elapsed run time = 4828.1632 s

Elapsed run time = 4828.3755 s

Elapsed run time = 4828.3877 s

Elapsed run time = 4829.0705 s

Elapsed run time = 4830.5616 s

Elapsed run time = 4830.9103 s

Elapsed run time = 4830.9290 s

Elapsed run time = 4831.7228 s

Elapsed run time = 4832.7790 s

Elapsed run time = 4833.2720 s

Elapsed run time = 4833.9629 s

Elapsed run time = 4835.0689 s

Elapsed run time = 4835.6780 s

Elapsed run time = 4838.0199 s

Elapsed run time = 4838.2632 s

Elapsed run time = 4838.7535 s

Elapsed run time = 4840.1365 s

Elapsed run time = 4840.2643 s

Elapsed run time = 4840.4326 s

Elapsed run time = 4841.1761 s

Elapsed run time = 4841.5492 s
  [SELF][Rank 0] Done moment 1/1 (task 0): force_integral=-2.038485e-03

Elapsed run time = 4844.5382 s

Elapsed run time = 4844.5755 s

Elapsed run time = 4846.8744 s

Elapsed run time = 4847.1442 s

Elapsed run time = 4847.6670 s

Elapsed run time = 4848.2177 s

Elapsed run time = 4849.1705 s

Elapsed run time = 4849.7878 s

Elapsed run time = 4851.8931 s

Elapsed run time = 4852.6185 s

Elapsed run time = 4852.8855 s

Elapsed run time = 4853.3203 s

Elapsed run time = 4855.0622 s

Elapsed run time = 4855.3947 s

Elapsed run time = 4855.6564 s

Elapsed run time = 4856.3097 s

Elapsed run time = 4857.0760 s

Elapsed run time = 4857.1578 s

Elapsed run time = 4857.2217 s

Elapsed run time = 4857.4975 s

Elapsed run time = 4859.1402 s

Elapsed run time = 4859.2448 s

Elapsed run time = 4859.7982 s

Elapsed run time = 4859.8101 s

Elapsed run time = 4860.1407 s

Elapsed run time = 4860.1803 s

Elapsed run time = 4860.4785 s

Elapsed run time = 4860.5320 s

Elapsed run time = 4861.3434 s

Elapsed run time = 4861.5804 s

Elapsed run time = 4861.9634 s

Elapsed run time = 4862.6517 s

Elapsed run time = 4863.3231 s

Elapsed run time = 4864.8155 s

Elapsed run time = 4864.9489 s

Elapsed run time = 4865.3366 s

Elapsed run time = 4865.8337 s

Elapsed run time = 4866.0546 s

Elapsed run time = 4866.8314 s

Elapsed run time = 4866.8587 s

Elapsed run time = 4866.9224 s

Elapsed run time = 4866.9307 s

Elapsed run time = 4867.0014 s

Elapsed run time = 4867.2076 s

Elapsed run time = 4867.2576 s

Elapsed run time = 4867.9444 s

Elapsed run time = 4868.8956 s

Elapsed run time = 4869.6766 s

Elapsed run time = 4870.2251 s

Elapsed run time = 4870.9756 s

Elapsed run time = 4872.9731 s
Simulation complete. Subtracted force: -6.591965e+01. Saved to .tmp/meep_d_0.0500_N_3_corrugated_al_85.0_Nbot_3_Phosphorene_tuned_res_40_theta_86.0_eps_2.1_L_2.00.json

Elapsed run time = 4873.9308 s
Task 190 complete at Fri Sep 11 11:04:28 AM EDT 2026.
