==================================================
SLURM ARRAY TASK ID: 207 / 224
Running on node: x1000c5s0b1n0
Start time: Fri Sep 11 10:53:55 AM EDT 2026
==================================================
Reading parameters from sweep_configs_sweet_spot/config_207.json...
Executing 3D FDTD Simulation: Alpha=85.0 deg, Theta=90.0 deg, d=0.2 um, L=2.0 um, Res=40...
Starting simulation: d=0.2 um, N_top=3, N_bottom=3, material=Phosphorene_tuned, resolution=40, nmax=3, theta=90.0, eps_bg=2.1, config=all, stepped_sieve=False, corrugated=True
Parallel configuration: 128 processes running 108 parallel moment partitions.

Elapsed run time = 0.0649 s

Elapsed run time = 0.0656 s

Elapsed run time = 0.0666 s

Elapsed run time = 0.0674 s

Elapsed run time = 0.0682 s

Elapsed run time = 0.0682 s

Elapsed run time = 0.0692 s

Elapsed run time = 0.0702 s

Elapsed run time = 0.0712 s

Elapsed run time = 0.0727 s

Elapsed run time = 0.0959 s

Elapsed run time = 0.0961 s

Elapsed run time = 0.0958 s

Elapsed run time = 0.0962 s

Elapsed run time = 0.0973 s

Elapsed run time = 0.0983 s

Elapsed run time = 0.0993 s

Elapsed run time = 0.1001 s

Elapsed run time = 0.1021 s

Elapsed run time = 0.1035 s

Elapsed run time = 1466.4993 s

Elapsed run time = 1467.2421 s

Elapsed run time = 1499.1233 s

Elapsed run time = 1501.5094 s

Elapsed run time = 2139.5422 s

Elapsed run time = 2140.7454 s

Elapsed run time = 2145.7989 s

Elapsed run time = 2146.0482 s

Elapsed run time = 2158.2598 s

Elapsed run time = 2162.4430 s

Elapsed run time = 2171.7581 s

Elapsed run time = 2176.3150 s
  [BOTH][Rank 0] Done moment 1/1 (task 0): force_integral=+2.207401e-03

Elapsed run time = 5038.9160 s

Elapsed run time = 5070.9805 s

Elapsed run time = 5076.7229 s

Elapsed run time = 5079.1982 s

Elapsed run time = 5093.7206 s

Elapsed run time = 5093.7615 s

Elapsed run time = 5096.7123 s

Elapsed run time = 5096.7814 s

Elapsed run time = 5097.1498 s

Elapsed run time = 5098.1657 s

Elapsed run time = 5098.5844 s

Elapsed run time = 5099.8278 s

Elapsed run time = 5100.0557 s

Elapsed run time = 5100.1634 s

Elapsed run time = 5100.2189 s

Elapsed run time = 5101.6344 s

Elapsed run time = 5102.7102 s

Elapsed run time = 5103.0660 s

Elapsed run time = 5105.2650 s

Elapsed run time = 5107.1671 s

Elapsed run time = 5111.1403 s

Elapsed run time = 5112.1434 s

Elapsed run time = 5112.7341 s

Elapsed run time = 5114.9320 s

Elapsed run time = 5115.5731 s

Elapsed run time = 5116.5163 s

Elapsed run time = 5116.8336 s

Elapsed run time = 5117.3487 s

Elapsed run time = 5117.9835 s

Elapsed run time = 5119.7330 s

Elapsed run time = 5119.8569 s
  [SELF][Rank 0] Done moment 1/1 (task 0): force_integral=+5.275012e-03

Elapsed run time = 5121.7232 s

Elapsed run time = 5121.9013 s

Elapsed run time = 5122.0530 s

Elapsed run time = 5122.0720 s

Elapsed run time = 5122.3198 s

Elapsed run time = 5123.4675 s

Elapsed run time = 5123.7450 s

Elapsed run time = 5124.0777 s

Elapsed run time = 5124.6285 s

Elapsed run time = 5124.9053 s

Elapsed run time = 5125.6630 s

Elapsed run time = 5126.0240 s

Elapsed run time = 5126.3630 s

Elapsed run time = 5127.1121 s

Elapsed run time = 5128.2253 s

Elapsed run time = 5128.2349 s

Elapsed run time = 5129.7508 s

Elapsed run time = 5131.3773 s

Elapsed run time = 5132.0146 s

Elapsed run time = 5133.3995 s

Elapsed run time = 5134.2833 s

Elapsed run time = 5134.7512 s

Elapsed run time = 5135.3730 s

Elapsed run time = 5136.4627 s

Elapsed run time = 5138.1568 s

Elapsed run time = 5138.4152 s

Elapsed run time = 5138.6036 s

Elapsed run time = 5139.6507 s

Elapsed run time = 5140.2445 s

Elapsed run time = 5140.6111 s

Elapsed run time = 5141.1449 s

Elapsed run time = 5141.3678 s

Elapsed run time = 5141.5493 s

Elapsed run time = 5141.9644 s

Elapsed run time = 5142.2486 s

Elapsed run time = 5142.7262 s

Elapsed run time = 5143.7105 s

Elapsed run time = 5144.0288 s

Elapsed run time = 5144.2053 s

Elapsed run time = 5144.6809 s

Elapsed run time = 5144.6937 s

Elapsed run time = 5145.2926 s

Elapsed run time = 5145.7970 s

Elapsed run time = 5145.8004 s

Elapsed run time = 5147.1980 s

Elapsed run time = 5149.0407 s

Elapsed run time = 5149.7734 s

Elapsed run time = 5150.1588 s

Elapsed run time = 5150.3047 s

Elapsed run time = 5151.2102 s

Elapsed run time = 5151.5520 s

Elapsed run time = 5152.2872 s

Elapsed run time = 5152.6869 s

Elapsed run time = 5153.0887 s

Elapsed run time = 5153.2812 s

Elapsed run time = 5154.2455 s

Elapsed run time = 5155.4213 s

Elapsed run time = 5157.0325 s

Elapsed run time = 5164.9167 s

Elapsed run time = 5169.2397 s

Elapsed run time = 5170.5339 s

Elapsed run time = 5170.8315 s

Elapsed run time = 5170.9537 s

Elapsed run time = 5172.9041 s
Simulation complete. Subtracted force: -1.538485e-01. Saved to .tmp/meep_d_0.2000_N_3_corrugated_al_85.0_Nbot_3_Phosphorene_tuned_res_40_theta_90.0_eps_2.1_L_2.00.json

Elapsed run time = 5173.6965 s
Task 207 complete at Fri Sep 11 12:20:32 PM EDT 2026.
