==================================================
SLURM ARRAY TASK ID: 115 / 224
Running on node: x1001c5s4b1n0
Start time: Fri Sep 11 06:27:18 AM EDT 2026
==================================================
Reading parameters from sweep_configs_sweet_spot/config_115.json...
Executing 3D FDTD Simulation: Alpha=80.0 deg, Theta=80.0 deg, d=0.15 um, L=2.0 um, Res=40...
Starting simulation: d=0.15 um, N_top=3, N_bottom=3, material=Phosphorene_tuned, resolution=40, nmax=3, theta=80.0, eps_bg=2.1, config=all, stepped_sieve=False, corrugated=True
Parallel configuration: 128 processes running 108 parallel moment partitions.

Elapsed run time = 0.0606 s

Elapsed run time = 0.0609 s

Elapsed run time = 0.0598 s

Elapsed run time = 0.0608 s

Elapsed run time = 0.0602 s

Elapsed run time = 0.0594 s

Elapsed run time = 0.0608 s

Elapsed run time = 0.0610 s

Elapsed run time = 0.0609 s

Elapsed run time = 0.0601 s

Elapsed run time = 0.0610 s

Elapsed run time = 0.0611 s

Elapsed run time = 0.0612 s

Elapsed run time = 0.0613 s

Elapsed run time = 0.0606 s

Elapsed run time = 0.0598 s

Elapsed run time = 0.0613 s

Elapsed run time = 0.0612 s

Elapsed run time = 0.0607 s

Elapsed run time = 0.0606 s

Elapsed run time = 1497.7566 s

Elapsed run time = 1502.5751 s

Elapsed run time = 1533.1192 s

Elapsed run time = 1535.1205 s

Elapsed run time = 2150.7942 s

Elapsed run time = 2181.3834 s

Elapsed run time = 2181.6644 s

Elapsed run time = 2183.5133 s

Elapsed run time = 2186.8667 s

Elapsed run time = 2203.8872 s

Elapsed run time = 2212.5322 s

Elapsed run time = 2215.8847 s
  [BOTH][Rank 0] Done moment 1/1 (task 0): force_integral=+1.773729e-06

Elapsed run time = 5138.4291 s

Elapsed run time = 5178.6872 s

Elapsed run time = 5183.3013 s

Elapsed run time = 5193.2402 s

Elapsed run time = 5195.4330 s

Elapsed run time = 5197.2611 s

Elapsed run time = 5199.7832 s

Elapsed run time = 5200.9539 s

Elapsed run time = 5202.1007 s

Elapsed run time = 5205.5340 s

Elapsed run time = 5205.6471 s

Elapsed run time = 5205.9554 s

Elapsed run time = 5206.0700 s

Elapsed run time = 5206.5636 s

Elapsed run time = 5206.9454 s

Elapsed run time = 5207.8619 s

Elapsed run time = 5209.7390 s

Elapsed run time = 5210.3194 s

Elapsed run time = 5215.9146 s

Elapsed run time = 5215.9354 s

Elapsed run time = 5216.5910 s

Elapsed run time = 5216.7242 s

Elapsed run time = 5216.7329 s

Elapsed run time = 5216.8946 s

Elapsed run time = 5217.4499 s

Elapsed run time = 5217.8386 s

Elapsed run time = 5217.9987 s

Elapsed run time = 5220.3877 s

Elapsed run time = 5222.6248 s

Elapsed run time = 5225.8015 s

Elapsed run time = 5226.7954 s

Elapsed run time = 5226.8487 s

Elapsed run time = 5227.1958 s

Elapsed run time = 5229.3329 s

Elapsed run time = 5229.4165 s

Elapsed run time = 5230.7345 s

Elapsed run time = 5231.3630 s

Elapsed run time = 5232.3175 s

Elapsed run time = 5232.6751 s

Elapsed run time = 5232.7956 s

Elapsed run time = 5234.1601 s

Elapsed run time = 5235.8426 s

Elapsed run time = 5236.0493 s

Elapsed run time = 5236.6739 s

Elapsed run time = 5237.1812 s

Elapsed run time = 5237.3510 s

Elapsed run time = 5237.4261 s

Elapsed run time = 5241.0025 s

Elapsed run time = 5241.1903 s

Elapsed run time = 5241.6692 s

Elapsed run time = 5241.9486 s

Elapsed run time = 5242.4696 s
  [SELF][Rank 0] Done moment 1/1 (task 0): force_integral=+4.959788e-03

Elapsed run time = 5243.0864 s

Elapsed run time = 5245.5722 s

Elapsed run time = 5245.7029 s

Elapsed run time = 5246.8351 s

Elapsed run time = 5246.9653 s

Elapsed run time = 5247.1075 s

Elapsed run time = 5247.5129 s

Elapsed run time = 5247.8035 s

Elapsed run time = 5247.8914 s

Elapsed run time = 5248.1487 s

Elapsed run time = 5248.9540 s

Elapsed run time = 5249.1726 s

Elapsed run time = 5250.6873 s

Elapsed run time = 5250.9904 s

Elapsed run time = 5251.1865 s

Elapsed run time = 5251.2641 s

Elapsed run time = 5252.7466 s

Elapsed run time = 5253.0613 s

Elapsed run time = 5253.4779 s

Elapsed run time = 5254.2067 s

Elapsed run time = 5254.8160 s

Elapsed run time = 5259.3868 s

Elapsed run time = 5259.4265 s

Elapsed run time = 5259.6682 s

Elapsed run time = 5260.2848 s

Elapsed run time = 5260.3977 s

Elapsed run time = 5261.6329 s

Elapsed run time = 5263.1053 s

Elapsed run time = 5263.9232 s

Elapsed run time = 5264.7900 s

Elapsed run time = 5265.6626 s

Elapsed run time = 5266.6496 s

Elapsed run time = 5266.8146 s

Elapsed run time = 5267.2892 s

Elapsed run time = 5267.4238 s

Elapsed run time = 5267.8722 s

Elapsed run time = 5268.5781 s

Elapsed run time = 5268.5991 s

Elapsed run time = 5269.3871 s

Elapsed run time = 5269.5336 s

Elapsed run time = 5270.4474 s

Elapsed run time = 5270.9700 s

Elapsed run time = 5272.6394 s
Simulation complete. Subtracted force: -3.076108e-01. Saved to .tmp/meep_d_0.1500_N_3_corrugated_al_80.0_Nbot_3_Phosphorene_tuned_res_40_theta_80.0_eps_2.1_L_2.00.json

Elapsed run time = 5273.1032 s
Task 115 complete at Fri Sep 11 07:55:16 AM EDT 2026.
