==================================================
SLURM ARRAY TASK ID: 153 / 224
Running on node: x1002c1s1b0n1
Start time: Fri Sep 11 08:02:58 AM EDT 2026
==================================================
Reading parameters from sweep_configs_sweet_spot/config_153.json...
Executing 3D FDTD Simulation: Alpha=80.0 deg, Theta=90.0 deg, d=0.3 um, L=2.0 um, Res=40...
Starting simulation: d=0.3 um, N_top=3, N_bottom=3, material=Phosphorene_tuned, resolution=40, nmax=3, theta=90.0, eps_bg=2.1, config=all, stepped_sieve=False, corrugated=True
Parallel configuration: 128 processes running 108 parallel moment partitions.

Elapsed run time = 0.2673 s

Elapsed run time = 0.2693 s

Elapsed run time = 0.2703 s

Elapsed run time = 0.2743 s

Elapsed run time = 0.2783 s

Elapsed run time = 0.2795 s

Elapsed run time = 0.2808 s

Elapsed run time = 0.2811 s

Elapsed run time = 0.2846 s

Elapsed run time = 0.2875 s

Elapsed run time = 0.2957 s

Elapsed run time = 0.2927 s

Elapsed run time = 0.2951 s

Elapsed run time = 0.2989 s

Elapsed run time = 0.2974 s

Elapsed run time = 0.2962 s

Elapsed run time = 0.2970 s

Elapsed run time = 0.2997 s

Elapsed run time = 0.2982 s

Elapsed run time = 0.3020 s

Elapsed run time = 1515.9084 s

Elapsed run time = 1519.4855 s

Elapsed run time = 1545.4618 s

Elapsed run time = 1549.4035 s

Elapsed run time = 2206.9304 s

Elapsed run time = 2208.2761 s

Elapsed run time = 2210.2553 s

Elapsed run time = 2210.4613 s

Elapsed run time = 2227.3207 s

Elapsed run time = 2230.0444 s

Elapsed run time = 2239.0133 s

Elapsed run time = 2246.0334 s
  [BOTH][Rank 0] Done moment 1/1 (task 0): force_integral=-1.497883e-03

Elapsed run time = 5276.1510 s

Elapsed run time = 5278.6288 s

Elapsed run time = 5279.0884 s

Elapsed run time = 5279.4380 s

Elapsed run time = 5279.4661 s

Elapsed run time = 5280.7629 s

Elapsed run time = 5282.2715 s

Elapsed run time = 5282.6287 s

Elapsed run time = 5283.4302 s

Elapsed run time = 5284.5901 s

Elapsed run time = 5286.9547 s

Elapsed run time = 5287.3737 s

Elapsed run time = 5288.5142 s

Elapsed run time = 5291.0142 s

Elapsed run time = 5291.0994 s

Elapsed run time = 5291.9229 s

Elapsed run time = 5293.1236 s

Elapsed run time = 5295.4169 s

Elapsed run time = 5296.2336 s

Elapsed run time = 5296.7821 s

Elapsed run time = 5297.7105 s

Elapsed run time = 5298.2316 s

Elapsed run time = 5298.3343 s

Elapsed run time = 5299.5065 s

Elapsed run time = 5299.7663 s

Elapsed run time = 5300.6913 s

Elapsed run time = 5302.4212 s

Elapsed run time = 5302.6190 s

Elapsed run time = 5302.8960 s

Elapsed run time = 5303.3723 s

Elapsed run time = 5303.5022 s

Elapsed run time = 5304.0912 s

Elapsed run time = 5304.1377 s

Elapsed run time = 5305.2866 s

Elapsed run time = 5307.1982 s

Elapsed run time = 5307.5693 s

Elapsed run time = 5307.9715 s

Elapsed run time = 5308.5921 s

Elapsed run time = 5308.9871 s

Elapsed run time = 5310.2436 s

Elapsed run time = 5311.1179 s

Elapsed run time = 5311.3053 s

Elapsed run time = 5311.4733 s

Elapsed run time = 5312.5973 s

Elapsed run time = 5312.7715 s
  [SELF][Rank 0] Done moment 1/1 (task 0): force_integral=-1.599720e-04

Elapsed run time = 5316.0359 s

Elapsed run time = 5316.2155 s

Elapsed run time = 5317.1196 s

Elapsed run time = 5317.2118 s

Elapsed run time = 5317.3456 s

Elapsed run time = 5318.7056 s

Elapsed run time = 5319.5924 s

Elapsed run time = 5321.6483 s

Elapsed run time = 5324.2257 s

Elapsed run time = 5325.1165 s

Elapsed run time = 5326.1135 s

Elapsed run time = 5326.7488 s

Elapsed run time = 5329.6705 s

Elapsed run time = 5330.2292 s

Elapsed run time = 5330.3267 s

Elapsed run time = 5330.7285 s

Elapsed run time = 5331.1401 s

Elapsed run time = 5331.3735 s

Elapsed run time = 5331.5405 s

Elapsed run time = 5332.0061 s

Elapsed run time = 5332.1207 s

Elapsed run time = 5332.6484 s

Elapsed run time = 5334.0934 s

Elapsed run time = 5334.3966 s

Elapsed run time = 5334.4521 s

Elapsed run time = 5334.7756 s

Elapsed run time = 5335.5459 s

Elapsed run time = 5335.7791 s

Elapsed run time = 5336.4790 s

Elapsed run time = 5336.7140 s

Elapsed run time = 5337.2640 s

Elapsed run time = 5337.6758 s

Elapsed run time = 5338.0767 s

Elapsed run time = 5338.2895 s

Elapsed run time = 5339.4452 s

Elapsed run time = 5340.2602 s

Elapsed run time = 5340.3728 s

Elapsed run time = 5340.5653 s

Elapsed run time = 5341.5786 s

Elapsed run time = 5342.9302 s

Elapsed run time = 5343.3284 s

Elapsed run time = 5344.7205 s

Elapsed run time = 5344.9562 s

Elapsed run time = 5347.1847 s

Elapsed run time = 5348.6459 s

Elapsed run time = 5349.1174 s

Elapsed run time = 5349.5269 s

Elapsed run time = 5349.7104 s

Elapsed run time = 5350.2293 s

Elapsed run time = 5351.6909 s
Simulation complete. Subtracted force: -4.374015e-02. Saved to .tmp/meep_d_0.3000_N_3_corrugated_al_80.0_Nbot_3_Phosphorene_tuned_res_40_theta_90.0_eps_2.1_L_2.00.json

Elapsed run time = 5352.6095 s
Task 153 complete at Fri Sep 11 09:33:00 AM EDT 2026.
