==================================================
SLURM ARRAY TASK ID: 217 / 224
Running on node: x1002c7s0b1n1
Start time: Fri Sep 11 11:03:08 AM EDT 2026
==================================================
Reading parameters from sweep_configs_sweet_spot/config_217.json...
Executing 3D FDTD Simulation: Alpha=85.0 deg, Theta=92.0 deg, d=0.35 um, L=2.0 um, Res=40...
Starting simulation: d=0.35 um, N_top=3, N_bottom=3, material=Phosphorene_tuned, resolution=40, nmax=3, theta=92.0, eps_bg=2.1, config=all, stepped_sieve=False, corrugated=True
Parallel configuration: 128 processes running 108 parallel moment partitions.

Elapsed run time = 0.0594 s

Elapsed run time = 0.0596 s

Elapsed run time = 0.0605 s

Elapsed run time = 0.0622 s

Elapsed run time = 0.0626 s

Elapsed run time = 0.0637 s

Elapsed run time = 0.0647 s

Elapsed run time = 0.0650 s

Elapsed run time = 0.0656 s

Elapsed run time = 0.0666 s

Elapsed run time = 0.0671 s

Elapsed run time = 0.0955 s

Elapsed run time = 0.0964 s

Elapsed run time = 0.0969 s

Elapsed run time = 0.0972 s

Elapsed run time = 0.0977 s

Elapsed run time = 0.0988 s

Elapsed run time = 0.0992 s

Elapsed run time = 0.0996 s

Elapsed run time = 0.0996 s

Elapsed run time = 1545.8388 s

Elapsed run time = 1548.9581 s

Elapsed run time = 1579.8450 s

Elapsed run time = 1579.8683 s

Elapsed run time = 2248.7638 s

Elapsed run time = 2251.6693 s

Elapsed run time = 2259.5070 s

Elapsed run time = 2261.7691 s

Elapsed run time = 2273.8369 s

Elapsed run time = 2282.8827 s

Elapsed run time = 2287.8682 s

Elapsed run time = 2291.7978 s
  [BOTH][Rank 0] Done moment 1/1 (task 0): force_integral=+1.760937e-03

Elapsed run time = 5313.7516 s

Elapsed run time = 5366.9630 s

Elapsed run time = 5371.5468 s

Elapsed run time = 5379.5492 s

Elapsed run time = 5379.7727 s

Elapsed run time = 5382.6554 s

Elapsed run time = 5383.2011 s

Elapsed run time = 5385.5114 s

Elapsed run time = 5385.9855 s

Elapsed run time = 5386.5398 s

Elapsed run time = 5390.5446 s

Elapsed run time = 5390.6758 s

Elapsed run time = 5391.0205 s

Elapsed run time = 5391.6283 s

Elapsed run time = 5392.3569 s

Elapsed run time = 5392.3607 s

Elapsed run time = 5393.1493 s

Elapsed run time = 5394.5242 s

Elapsed run time = 5396.7642 s

Elapsed run time = 5398.8718 s

Elapsed run time = 5400.1677 s

Elapsed run time = 5400.7304 s

Elapsed run time = 5400.9892 s

Elapsed run time = 5401.9186 s

Elapsed run time = 5404.8119 s

Elapsed run time = 5404.9920 s

Elapsed run time = 5405.8821 s

Elapsed run time = 5406.8458 s

Elapsed run time = 5407.8022 s

Elapsed run time = 5410.5811 s

Elapsed run time = 5410.8404 s

Elapsed run time = 5411.5169 s

Elapsed run time = 5411.6040 s

Elapsed run time = 5413.9876 s

Elapsed run time = 5414.2793 s

Elapsed run time = 5415.4748 s

Elapsed run time = 5415.7807 s

Elapsed run time = 5415.9688 s

Elapsed run time = 5415.9898 s

Elapsed run time = 5416.4554 s

Elapsed run time = 5417.1336 s

Elapsed run time = 5418.7616 s

Elapsed run time = 5419.0659 s

Elapsed run time = 5419.2676 s

Elapsed run time = 5421.3125 s

Elapsed run time = 5421.3433 s

Elapsed run time = 5422.8205 s

Elapsed run time = 5424.1912 s
  [SELF][Rank 0] Done moment 1/1 (task 0): force_integral=+2.582836e-03

Elapsed run time = 5424.7454 s

Elapsed run time = 5427.1485 s

Elapsed run time = 5427.4990 s

Elapsed run time = 5427.9563 s

Elapsed run time = 5427.9938 s

Elapsed run time = 5428.5441 s

Elapsed run time = 5429.2055 s

Elapsed run time = 5430.0135 s

Elapsed run time = 5431.1963 s

Elapsed run time = 5431.2615 s

Elapsed run time = 5431.3173 s

Elapsed run time = 5432.3394 s

Elapsed run time = 5432.3815 s

Elapsed run time = 5432.4926 s

Elapsed run time = 5432.8334 s

Elapsed run time = 5433.9531 s

Elapsed run time = 5435.6800 s

Elapsed run time = 5436.0465 s

Elapsed run time = 5436.5031 s

Elapsed run time = 5438.0157 s

Elapsed run time = 5438.2922 s

Elapsed run time = 5440.4225 s

Elapsed run time = 5440.7864 s

Elapsed run time = 5441.6216 s

Elapsed run time = 5442.1707 s

Elapsed run time = 5442.2752 s

Elapsed run time = 5445.1621 s

Elapsed run time = 5445.2239 s

Elapsed run time = 5446.5671 s

Elapsed run time = 5447.9004 s

Elapsed run time = 5448.2453 s

Elapsed run time = 5448.4884 s

Elapsed run time = 5449.4568 s

Elapsed run time = 5449.7774 s

Elapsed run time = 5451.0365 s

Elapsed run time = 5451.3820 s

Elapsed run time = 5452.8428 s

Elapsed run time = 5453.3597 s

Elapsed run time = 5453.4892 s

Elapsed run time = 5454.2967 s

Elapsed run time = 5454.3302 s

Elapsed run time = 5456.0657 s

Elapsed run time = 5457.7546 s

Elapsed run time = 5458.1943 s

Elapsed run time = 5459.0122 s

Elapsed run time = 5459.6190 s

Elapsed run time = 5461.2900 s
Simulation complete. Subtracted force: -1.907272e-02. Saved to .tmp/meep_d_0.3500_N_3_corrugated_al_85.0_Nbot_3_Phosphorene_tuned_res_40_theta_92.0_eps_2.1_L_2.00.json

Elapsed run time = 5462.1051 s
Task 217 complete at Fri Sep 11 12:34:16 PM EDT 2026.
