==================================================
SLURM ARRAY TASK ID: 152 / 224
Running on node: x1001c2s5b0n0
Start time: Thu Sep 10 08:17:54 PM EDT 2026
==================================================
Reading parameters from sweep_configs_sweet_spot/config_152.json...
Executing 3D FDTD Simulation: Alpha=80.0 deg, Theta=90.0 deg, d=0.25 um, L=2.0 um, Res=40...

Elapsed run time = 0.0348 s

Elapsed run time = 0.0351 s

Elapsed run time = 0.0326 s

Elapsed run time = 0.0329 s

Elapsed run time = 0.0341 s

Elapsed run time = 0.0340 s

Elapsed run time = 0.0339 s

Elapsed run time = 0.0352 s

Elapsed run time = 0.0340 s

Elapsed run time = 0.0343 s

Elapsed run time = 0.0335 s

Elapsed run time = 0.0354 s

Elapsed run time = 0.0340 s

Elapsed run time = 0.0339 s

Elapsed run time = 0.0336 s

Elapsed run time = 0.0338 s
Starting simulation: d=0.25 um, N_top=3, N_bottom=3, material=Phosphorene_tuned, resolution=40, nmax=3, theta=90.0, eps_bg=2.1, config=all, stepped_sieve=False, corrugated=True
Parallel configuration: 128 processes running 108 parallel moment partitions.
Task already complete! Found cached result in .tmp/meep_d_0.2500_N_3_corrugated_Nbot_3_Phosphorene_tuned_res_40_theta_90.0_eps_2.1_L_2.00.json (F_sub=-7.119453e-02). Skipping.

Elapsed run time = 0.0324 s

Elapsed run time = 0.0348 s

Elapsed run time = 0.0356 s

Elapsed run time = 0.0337 s

Elapsed run time = 0.0338 s

Elapsed run time = 0.0339 s

Elapsed run time = 0.0360 s

Elapsed run time = 0.0147 s

Elapsed run time = 0.0157 s

Elapsed run time = 0.0113 s

Elapsed run time = 0.0154 s

Elapsed run time = 0.0154 s

Elapsed run time = 0.0162 s

Elapsed run time = 0.0159 s

Elapsed run time = 0.0177 s

Elapsed run time = 0.0178 s

Elapsed run time = 0.0327 s

Elapsed run time = 0.0184 s

Elapsed run time = 0.0184 s

Elapsed run time = 0.0106 s

Elapsed run time = 0.0141 s

Elapsed run time = 0.0208 s

Elapsed run time = 0.0143 s

Elapsed run time = 0.0206 s

Elapsed run time = 0.0139 s

Elapsed run time = 0.0138 s

Elapsed run time = 0.0342 s

Elapsed run time = 0.0039 s

Elapsed run time = 0.0155 s

Elapsed run time = 0.0137 s

Elapsed run time = 0.0238 s

Elapsed run time = 0.0352 s

Elapsed run time = 0.0249 s

Elapsed run time = 0.0359 s

Elapsed run time = 0.0162 s

Elapsed run time = 0.0337 s

Elapsed run time = 0.0148 s

Elapsed run time = 0.0294 s

Elapsed run time = 0.0238 s

Elapsed run time = 0.0354 s

Elapsed run time = 0.0239 s

Elapsed run time = 0.0355 s

Elapsed run time = 0.0344 s

Elapsed run time = 0.0356 s

Elapsed run time = 0.0119 s

Elapsed run time = 0.0301 s

Elapsed run time = 0.0081 s

Elapsed run time = 0.0302 s

Elapsed run time = 0.0312 s

Elapsed run time = 0.0293 s

Elapsed run time = 0.0315 s

Elapsed run time = 0.0290 s

Elapsed run time = 0.0332 s

Elapsed run time = 0.0331 s

Elapsed run time = 0.0332 s

Elapsed run time = 0.0329 s

Elapsed run time = 0.0355 s

Elapsed run time = 0.0338 s

Elapsed run time = 0.0277 s

Elapsed run time = 0.0261 s

Elapsed run time = 0.0275 s

Elapsed run time = 0.0277 s

Elapsed run time = 0.0140 s

Elapsed run time = 0.0339 s

Elapsed run time = 0.0046 s

Elapsed run time = 0.0181 s

Elapsed run time = 0.0298 s

Elapsed run time = 0.0330 s

Elapsed run time = 0.0321 s

Elapsed run time = 0.0320 s

Elapsed run time = 0.0195 s

Elapsed run time = 0.0130 s

Elapsed run time = 0.0213 s

Elapsed run time = 0.0128 s

Elapsed run time = 0.0211 s

Elapsed run time = 0.0117 s

Elapsed run time = 0.0200 s

Elapsed run time = 0.0130 s

Elapsed run time = 0.0222 s

Elapsed run time = 0.0128 s

Elapsed run time = 0.0321 s

Elapsed run time = 0.0137 s

Elapsed run time = 0.0299 s

Elapsed run time = 0.0152 s

Elapsed run time = 0.0347 s

Elapsed run time = 0.0144 s

Elapsed run time = 0.0303 s

Elapsed run time = 0.0163 s

Elapsed run time = 0.0196 s

Elapsed run time = 0.0161 s

Elapsed run time = 0.0161 s

Elapsed run time = 0.0156 s

Elapsed run time = 0.0044 s

Elapsed run time = 0.0043 s

Elapsed run time = 0.0045 s

Elapsed run time = 0.0045 s

Elapsed run time = 0.0043 s

Elapsed run time = 0.0044 s

Elapsed run time = 0.0040 s

Elapsed run time = 0.0045 s

Elapsed run time = 0.0048 s

Elapsed run time = 0.0047 s

Elapsed run time = 0.0044 s

Elapsed run time = 0.0044 s

Elapsed run time = 0.0045 s

Elapsed run time = 0.0049 s

Elapsed run time = 0.0050 s

Elapsed run time = 0.0056 s

Elapsed run time = 0.0071 s

Elapsed run time = 0.0066 s

Elapsed run time = 0.0057 s

Elapsed run time = 0.0056 s
Task 152 complete at Thu Sep 10 08:17:59 PM EDT 2026.
