==================================================
SLURM ARRAY TASK ID: 139 / 224
Running on node: x1000c5s7b1n0
Start time: Thu Sep 10 08:17:41 PM EDT 2026
==================================================
Reading parameters from sweep_configs_sweet_spot/config_139.json...
Executing 3D FDTD Simulation: Alpha=80.0 deg, Theta=86.0 deg, d=0.3 um, L=2.0 um, Res=40...

Elapsed run time = 0.0707 s

Elapsed run time = 0.0707 s

Elapsed run time = 0.0706 s

Elapsed run time = 0.0719 s

Elapsed run time = 0.0720 s

Elapsed run time = 0.0703 s

Elapsed run time = 0.0708 s

Elapsed run time = 0.0711 s

Elapsed run time = 0.0721 s

Elapsed run time = 0.0730 s

Elapsed run time = 0.0702 s

Elapsed run time = 0.0666 s

Elapsed run time = 0.0601 s

Elapsed run time = 0.0706 s

Elapsed run time = 0.0730 s

Elapsed run time = 0.0682 s

Elapsed run time = 0.0705 s

Elapsed run time = 0.0706 s

Elapsed run time = 0.0649 s

Elapsed run time = 0.0610 s

Elapsed run time = 0.0647 s

Elapsed run time = 0.0694 s

Elapsed run time = 0.0686 s

Elapsed run time = 0.0696 s

Elapsed run time = 0.0722 s

Elapsed run time = 0.0685 s

Elapsed run time = 0.0678 s

Elapsed run time = 0.0663 s

Elapsed run time = 0.0725 s

Elapsed run time = 0.0699 s

Elapsed run time = 0.0605 s

Elapsed run time = 0.0728 s

Elapsed run time = 0.0683 s

Elapsed run time = 0.0678 s

Elapsed run time = 0.0669 s

Elapsed run time = 0.0701 s

Elapsed run time = 0.0664 s

Elapsed run time = 0.0673 s

Elapsed run time = 0.0674 s

Elapsed run time = 0.0684 s

Elapsed run time = 0.0716 s

Elapsed run time = 0.0700 s

Elapsed run time = 0.0630 s

Elapsed run time = 0.0668 s

Elapsed run time = 0.0693 s

Elapsed run time = 0.0709 s

Elapsed run time = 0.0705 s

Elapsed run time = 0.0711 s

Elapsed run time = 0.0698 s
Starting simulation: d=0.3 um, N_top=3, N_bottom=3, material=Phosphorene_tuned, resolution=40, nmax=3, theta=86.0, eps_bg=2.1, config=all, stepped_sieve=False, corrugated=True
Parallel configuration: 128 processes running 108 parallel moment partitions.
Task already complete! Found cached result in .tmp/meep_d_0.3000_N_3_corrugated_Nbot_3_Phosphorene_tuned_res_40_theta_86.0_eps_2.1_L_2.00.json (F_sub=-3.904974e-02). Skipping.

Elapsed run time = 0.0558 s

Elapsed run time = 0.0731 s

Elapsed run time = 0.0614 s

Elapsed run time = 0.0734 s

Elapsed run time = 0.0630 s

Elapsed run time = 0.0621 s

Elapsed run time = 0.0636 s

Elapsed run time = 0.0731 s

Elapsed run time = 0.0657 s

Elapsed run time = 0.0628 s

Elapsed run time = 0.0609 s

Elapsed run time = 0.0632 s

Elapsed run time = 0.0619 s

Elapsed run time = 0.0715 s

Elapsed run time = 0.0655 s

Elapsed run time = 0.0717 s

Elapsed run time = 0.0606 s

Elapsed run time = 0.0723 s

Elapsed run time = 0.0657 s

Elapsed run time = 0.0730 s

Elapsed run time = 0.0729 s

Elapsed run time = 0.0634 s

Elapsed run time = 0.0718 s

Elapsed run time = 0.0730 s

Elapsed run time = 0.0642 s

Elapsed run time = 0.0521 s

Elapsed run time = 0.0730 s

Elapsed run time = 0.0665 s

Elapsed run time = 0.0577 s

Elapsed run time = 0.0732 s

Elapsed run time = 0.0728 s

Elapsed run time = 0.0545 s

Elapsed run time = 0.0568 s

Elapsed run time = 0.0735 s

Elapsed run time = 0.0675 s

Elapsed run time = 0.0724 s

Elapsed run time = 0.0571 s

Elapsed run time = 0.0733 s

Elapsed run time = 0.0538 s

Elapsed run time = 0.0635 s

Elapsed run time = 0.0725 s

Elapsed run time = 0.0518 s

Elapsed run time = 0.0726 s

Elapsed run time = 0.0530 s

Elapsed run time = 0.0560 s

Elapsed run time = 0.0496 s

Elapsed run time = 0.0594 s

Elapsed run time = 0.0553 s

Elapsed run time = 0.0483 s

Elapsed run time = 0.0733 s

Elapsed run time = 0.0508 s

Elapsed run time = 0.0732 s

Elapsed run time = 0.0628 s

Elapsed run time = 0.0574 s

Elapsed run time = 0.0735 s

Elapsed run time = 0.0593 s

Elapsed run time = 0.0694 s

Elapsed run time = 0.0558 s

Elapsed run time = 0.0735 s

Elapsed run time = 0.0628 s

Elapsed run time = 0.0692 s

Elapsed run time = 0.0626 s

Elapsed run time = 0.0637 s

Elapsed run time = 0.0636 s

Elapsed run time = 0.0678 s

Elapsed run time = 0.0671 s

Elapsed run time = 0.0734 s

Elapsed run time = 0.0734 s

Elapsed run time = 0.0642 s

Elapsed run time = 0.0727 s

Elapsed run time = 0.0635 s

Elapsed run time = 0.0726 s

Elapsed run time = 0.0643 s

Elapsed run time = 0.0716 s

Elapsed run time = 0.0648 s

Elapsed run time = 0.0718 s

Elapsed run time = 0.0637 s

Elapsed run time = 0.0728 s

Elapsed run time = 0.0717 s
Task 139 complete at Thu Sep 10 08:17:46 PM EDT 2026.
