==================================================
SLURM ARRAY TASK ID: 43 / 224
Running on node: x1001c5s7b1n1
Start time: Thu Sep 10 03:06:59 PM EDT 2026
==================================================
Reading parameters from sweep_configs_sweet_spot/config_043.json...
Executing 3D FDTD Simulation: Alpha=70.0 deg, Theta=92.0 deg, d=0.05 um, L=2.0 um, Res=40...

Elapsed run time = 0.0123 s

Elapsed run time = 0.0143 s

Elapsed run time = 0.0160 s

Elapsed run time = 0.0200 s

Elapsed run time = 0.0235 s

Elapsed run time = 0.0247 s

Elapsed run time = 0.0254 s

Elapsed run time = 0.0253 s

Elapsed run time = 0.0266 s

Elapsed run time = 0.0363 s

Elapsed run time = 0.0371 s

Elapsed run time = 0.0374 s

Elapsed run time = 0.0386 s

Elapsed run time = 0.0384 s

Elapsed run time = 0.0393 s

Elapsed run time = 0.0405 s

Elapsed run time = 0.0408 s

Elapsed run time = 0.0409 s

Elapsed run time = 0.0414 s

Elapsed run time = 0.0417 s

Elapsed run time = 1385.7918 s

Elapsed run time = 1386.7919 s

Elapsed run time = 1415.1740 s

Elapsed run time = 1418.5834 s

Elapsed run time = 2011.2758 s

Elapsed run time = 2011.4787 s

Elapsed run time = 2019.6732 s

Elapsed run time = 2021.0397 s

Elapsed run time = 2027.9765 s

Elapsed run time = 2037.6309 s

Elapsed run time = 2038.9428 s

Elapsed run time = 2044.1849 s
Starting simulation: d=0.05 um, N_top=3, N_bottom=3, material=Phosphorene_tuned, resolution=40, nmax=3, theta=92.0, eps_bg=2.1, config=all, stepped_sieve=False, corrugated=True
Parallel configuration: 128 processes running 108 parallel moment partitions.
  [BOTH][Rank 0] Done moment 1/1 (task 0): force_integral=-1.298978e-02

Elapsed run time = 4774.2525 s

Elapsed run time = 4794.6337 s

Elapsed run time = 4795.1212 s

Elapsed run time = 4803.2186 s

Elapsed run time = 4812.8984 s

Elapsed run time = 4814.0403 s

Elapsed run time = 4815.1510 s

Elapsed run time = 4815.3804 s

Elapsed run time = 4819.4433 s

Elapsed run time = 4819.5039 s

Elapsed run time = 4820.9294 s

Elapsed run time = 4821.3163 s

Elapsed run time = 4821.3283 s

Elapsed run time = 4821.3948 s

Elapsed run time = 4822.8099 s

Elapsed run time = 4822.9011 s

Elapsed run time = 4823.4449 s

Elapsed run time = 4824.8921 s

Elapsed run time = 4824.9343 s

Elapsed run time = 4827.6085 s

Elapsed run time = 4827.7611 s

Elapsed run time = 4828.3390 s

Elapsed run time = 4828.3584 s

Elapsed run time = 4829.4075 s

Elapsed run time = 4830.8819 s

Elapsed run time = 4831.8163 s

Elapsed run time = 4832.3169 s

Elapsed run time = 4833.3340 s

Elapsed run time = 4833.4323 s

Elapsed run time = 4833.4527 s

Elapsed run time = 4833.6493 s

Elapsed run time = 4833.6664 s

Elapsed run time = 4834.0981 s

Elapsed run time = 4834.9365 s

Elapsed run time = 4835.1754 s

Elapsed run time = 4835.3067 s

Elapsed run time = 4838.5257 s

Elapsed run time = 4838.5721 s

Elapsed run time = 4839.7968 s

Elapsed run time = 4840.5816 s

Elapsed run time = 4840.9137 s

Elapsed run time = 4841.0351 s

Elapsed run time = 4841.1316 s

Elapsed run time = 4841.5329 s

Elapsed run time = 4843.6424 s

Elapsed run time = 4845.9853 s

Elapsed run time = 4846.9653 s

Elapsed run time = 4848.4440 s

Elapsed run time = 4849.2884 s

Elapsed run time = 4851.9823 s

Elapsed run time = 4853.5461 s

Elapsed run time = 4853.5615 s

Elapsed run time = 4853.9375 s

Elapsed run time = 4854.2755 s

Elapsed run time = 4854.4529 s

Elapsed run time = 4855.0470 s

Elapsed run time = 4855.1429 s

Elapsed run time = 4856.0889 s

Elapsed run time = 4856.2760 s

Elapsed run time = 4856.9227 s

Elapsed run time = 4857.4553 s

Elapsed run time = 4857.8380 s

Elapsed run time = 4858.9718 s

Elapsed run time = 4859.4152 s

Elapsed run time = 4861.2854 s

Elapsed run time = 4861.3889 s

Elapsed run time = 4861.6021 s

Elapsed run time = 4861.9939 s

Elapsed run time = 4862.2177 s

Elapsed run time = 4862.2509 s

Elapsed run time = 4862.3393 s

Elapsed run time = 4862.4141 s

Elapsed run time = 4863.1790 s

Elapsed run time = 4863.5327 s

Elapsed run time = 4864.4434 s

Elapsed run time = 4864.8582 s

Elapsed run time = 4865.2327 s

Elapsed run time = 4865.5830 s

Elapsed run time = 4865.6190 s

Elapsed run time = 4866.7342 s

Elapsed run time = 4867.3431 s

Elapsed run time = 4867.8397 s

Elapsed run time = 4868.2881 s

Elapsed run time = 4868.7556 s
  [SELF][Rank 0] Done moment 1/1 (task 0): force_integral=+9.806983e-04

Elapsed run time = 4872.2546 s

Elapsed run time = 4872.3547 s

Elapsed run time = 4872.7872 s

Elapsed run time = 4873.9957 s

Elapsed run time = 4883.0059 s

Elapsed run time = 4886.0434 s

Elapsed run time = 4888.7458 s

Elapsed run time = 4890.4744 s

Elapsed run time = 4893.8457 s

Elapsed run time = 4894.1174 s

Elapsed run time = 4894.4128 s
Simulation complete. Subtracted force: -5.394777e+01. Saved to .tmp/meep_d_0.0500_N_3_corrugated_Nbot_3_Phosphorene_tuned_res_40_theta_92.0_eps_2.1_L_2.00.json

Elapsed run time = 4895.8594 s
Task 43 complete at Thu Sep 10 04:28:42 PM EDT 2026.
