==================================================
SLURM ARRAY TASK ID: 149 / 224
Running on node: x1001c6s5b1n0
Start time: Fri Sep 11 07:57:15 AM EDT 2026
==================================================
Reading parameters from sweep_configs_sweet_spot/config_149.json...
Executing 3D FDTD Simulation: Alpha=80.0 deg, Theta=90.0 deg, d=0.1 um, L=2.0 um, Res=40...
Starting simulation: d=0.1 um, N_top=3, N_bottom=3, material=Phosphorene_tuned, resolution=40, nmax=3, theta=90.0, eps_bg=2.1, config=all, stepped_sieve=False, corrugated=True
Parallel configuration: 128 processes running 108 parallel moment partitions.

Elapsed run time = 0.0433 s

Elapsed run time = 0.0421 s

Elapsed run time = 0.0452 s

Elapsed run time = 0.0519 s

Elapsed run time = 0.0532 s

Elapsed run time = 0.0517 s

Elapsed run time = 0.0530 s

Elapsed run time = 0.0536 s

Elapsed run time = 0.0558 s

Elapsed run time = 0.0600 s

Elapsed run time = 0.0688 s

Elapsed run time = 0.0670 s

Elapsed run time = 0.0700 s

Elapsed run time = 0.0714 s

Elapsed run time = 0.0686 s

Elapsed run time = 0.0692 s

Elapsed run time = 0.0695 s

Elapsed run time = 0.0692 s

Elapsed run time = 0.0689 s

Elapsed run time = 0.0700 s

Elapsed run time = 1404.6850 s

Elapsed run time = 1410.6576 s

Elapsed run time = 1436.6344 s

Elapsed run time = 1441.2036 s

Elapsed run time = 2045.4140 s

Elapsed run time = 2048.4278 s

Elapsed run time = 2050.1633 s

Elapsed run time = 2051.4329 s

Elapsed run time = 2065.5316 s

Elapsed run time = 2071.4684 s

Elapsed run time = 2077.3874 s

Elapsed run time = 2085.7225 s
  [BOTH][Rank 0] Done moment 1/1 (task 0): force_integral=-2.261831e-03

Elapsed run time = 4850.6455 s

Elapsed run time = 4887.8330 s

Elapsed run time = 4892.3525 s

Elapsed run time = 4892.7293 s

Elapsed run time = 4895.8143 s

Elapsed run time = 4900.3477 s

Elapsed run time = 4901.9301 s

Elapsed run time = 4902.7051 s

Elapsed run time = 4904.3721 s

Elapsed run time = 4904.3954 s

Elapsed run time = 4904.9931 s

Elapsed run time = 4906.2660 s

Elapsed run time = 4909.9171 s

Elapsed run time = 4910.4854 s

Elapsed run time = 4911.0525 s

Elapsed run time = 4912.0731 s

Elapsed run time = 4912.9466 s

Elapsed run time = 4913.9534 s

Elapsed run time = 4914.7685 s

Elapsed run time = 4915.6185 s

Elapsed run time = 4917.5694 s

Elapsed run time = 4917.9700 s
  [SELF][Rank 0] Done moment 1/1 (task 0): force_integral=+4.725771e-03

Elapsed run time = 4919.0469 s

Elapsed run time = 4921.2770 s

Elapsed run time = 4922.0873 s

Elapsed run time = 4922.8443 s

Elapsed run time = 4923.5662 s

Elapsed run time = 4924.2576 s

Elapsed run time = 4924.3413 s

Elapsed run time = 4924.9347 s

Elapsed run time = 4927.1440 s

Elapsed run time = 4928.1989 s

Elapsed run time = 4928.4317 s

Elapsed run time = 4929.9330 s

Elapsed run time = 4930.0965 s

Elapsed run time = 4930.5442 s

Elapsed run time = 4930.7855 s

Elapsed run time = 4930.8050 s

Elapsed run time = 4931.1992 s

Elapsed run time = 4931.7441 s

Elapsed run time = 4932.5542 s

Elapsed run time = 4934.4006 s

Elapsed run time = 4935.3527 s

Elapsed run time = 4936.0127 s

Elapsed run time = 4937.4005 s

Elapsed run time = 4938.9394 s

Elapsed run time = 4940.4872 s

Elapsed run time = 4940.7377 s

Elapsed run time = 4940.8067 s

Elapsed run time = 4941.1946 s

Elapsed run time = 4942.1942 s

Elapsed run time = 4943.1797 s

Elapsed run time = 4944.3001 s

Elapsed run time = 4944.5376 s

Elapsed run time = 4944.7600 s

Elapsed run time = 4944.7538 s

Elapsed run time = 4946.4691 s

Elapsed run time = 4946.6666 s

Elapsed run time = 4946.8801 s

Elapsed run time = 4946.9190 s

Elapsed run time = 4946.9262 s

Elapsed run time = 4948.6977 s

Elapsed run time = 4948.9071 s

Elapsed run time = 4949.7005 s

Elapsed run time = 4950.0767 s

Elapsed run time = 4951.0176 s

Elapsed run time = 4952.6617 s

Elapsed run time = 4952.6814 s

Elapsed run time = 4953.0171 s

Elapsed run time = 4953.1784 s

Elapsed run time = 4953.3372 s

Elapsed run time = 4953.3994 s

Elapsed run time = 4953.6406 s

Elapsed run time = 4953.6964 s

Elapsed run time = 4956.8806 s

Elapsed run time = 4957.9684 s

Elapsed run time = 4958.1066 s

Elapsed run time = 4958.1109 s

Elapsed run time = 4958.4263 s

Elapsed run time = 4958.5444 s

Elapsed run time = 4959.1014 s

Elapsed run time = 4959.7023 s

Elapsed run time = 4959.7369 s

Elapsed run time = 4962.5444 s

Elapsed run time = 4963.0173 s

Elapsed run time = 4963.1736 s

Elapsed run time = 4964.3990 s

Elapsed run time = 4967.8745 s

Elapsed run time = 4969.1896 s

Elapsed run time = 4969.6479 s

Elapsed run time = 4972.6933 s

Elapsed run time = 4973.9829 s

Elapsed run time = 4975.2388 s

Elapsed run time = 4977.7500 s

Elapsed run time = 4977.7695 s
Simulation complete. Subtracted force: -2.806050e-01. Saved to .tmp/meep_d_0.1000_N_3_corrugated_al_80.0_Nbot_3_Phosphorene_tuned_res_40_theta_90.0_eps_2.1_L_2.00.json

Elapsed run time = 4978.1782 s
Task 149 complete at Fri Sep 11 09:20:18 AM EDT 2026.
