==================================================
SLURM ARRAY TASK ID: 59 / 224
Running on node: x1001c2s1b1n1
Start time: Thu Sep 10 04:45:09 PM EDT 2026
==================================================
Reading parameters from sweep_configs_sweet_spot/config_059.json...
Executing 3D FDTD Simulation: Alpha=75.0 deg, Theta=80.0 deg, d=0.15 um, L=2.0 um, Res=40...

Elapsed run time = 0.0505 s

Elapsed run time = 0.0503 s

Elapsed run time = 0.0507 s

Elapsed run time = 0.0514 s

Elapsed run time = 0.0502 s

Elapsed run time = 0.0511 s

Elapsed run time = 0.0504 s

Elapsed run time = 0.0505 s

Elapsed run time = 0.0503 s

Elapsed run time = 0.0512 s

Elapsed run time = 0.0511 s

Elapsed run time = 0.0513 s

Elapsed run time = 0.0505 s

Elapsed run time = 0.0512 s

Elapsed run time = 0.0511 s

Elapsed run time = 0.0508 s

Elapsed run time = 0.0503 s

Elapsed run time = 0.0501 s

Elapsed run time = 0.0513 s

Elapsed run time = 0.0504 s

Elapsed run time = 0.0506 s

Elapsed run time = 0.0504 s

Elapsed run time = 0.0501 s

Elapsed run time = 0.0512 s

Elapsed run time = 0.0503 s

Elapsed run time = 0.0504 s

Elapsed run time = 0.0503 s

Elapsed run time = 0.0504 s
Starting simulation: d=0.15 um, N_top=3, N_bottom=3, material=Phosphorene_tuned, resolution=40, nmax=3, theta=80.0, eps_bg=2.1, config=all, stepped_sieve=False, corrugated=True
Parallel configuration: 128 processes running 108 parallel moment partitions.
Task already complete! Found cached result in .tmp/meep_d_0.1500_N_3_corrugated_Nbot_3_Phosphorene_tuned_res_40_theta_80.0_eps_2.1_L_2.00.json (F_sub=-3.030986e-01). Skipping.

Elapsed run time = 0.0502 s

Elapsed run time = 0.0516 s

Elapsed run time = 0.0504 s

Elapsed run time = 0.0518 s

Elapsed run time = 0.0509 s

Elapsed run time = 0.0513 s

Elapsed run time = 0.0507 s

Elapsed run time = 0.0514 s

Elapsed run time = 0.0505 s

Elapsed run time = 0.0516 s

Elapsed run time = 0.0508 s

Elapsed run time = 0.0509 s

Elapsed run time = 0.0516 s

Elapsed run time = 0.0508 s

Elapsed run time = 0.0517 s

Elapsed run time = 0.0507 s

Elapsed run time = 0.0517 s

Elapsed run time = 0.0505 s

Elapsed run time = 0.0516 s

Elapsed run time = 0.0503 s

Elapsed run time = 0.0504 s

Elapsed run time = 0.0516 s

Elapsed run time = 0.0506 s

Elapsed run time = 0.0517 s

Elapsed run time = 0.0508 s

Elapsed run time = 0.0508 s

Elapsed run time = 0.0515 s

Elapsed run time = 0.0505 s

Elapsed run time = 0.0516 s

Elapsed run time = 0.0516 s

Elapsed run time = 0.0513 s

Elapsed run time = 0.0503 s

Elapsed run time = 0.0513 s

Elapsed run time = 0.0508 s

Elapsed run time = 0.0506 s

Elapsed run time = 0.0504 s

Elapsed run time = 0.0517 s

Elapsed run time = 0.0507 s

Elapsed run time = 0.0510 s

Elapsed run time = 0.0510 s

Elapsed run time = 0.0514 s

Elapsed run time = 0.0503 s

Elapsed run time = 0.0514 s

Elapsed run time = 0.0509 s

Elapsed run time = 0.0517 s

Elapsed run time = 0.0505 s

Elapsed run time = 0.0509 s

Elapsed run time = 0.0517 s

Elapsed run time = 0.0507 s

Elapsed run time = 0.0514 s

Elapsed run time = 0.0507 s

Elapsed run time = 0.0516 s

Elapsed run time = 0.0507 s

Elapsed run time = 0.0508 s

Elapsed run time = 0.0512 s

Elapsed run time = 0.0517 s

Elapsed run time = 0.0509 s

Elapsed run time = 0.0512 s

Elapsed run time = 0.0510 s

Elapsed run time = 0.0512 s

Elapsed run time = 0.0511 s

Elapsed run time = 0.0518 s

Elapsed run time = 0.0510 s

Elapsed run time = 0.0514 s

Elapsed run time = 0.0518 s

Elapsed run time = 0.0505 s

Elapsed run time = 0.0505 s

Elapsed run time = 0.0517 s

Elapsed run time = 0.0502 s

Elapsed run time = 0.0512 s

Elapsed run time = 0.0507 s

Elapsed run time = 0.0512 s

Elapsed run time = 0.0508 s

Elapsed run time = 0.0515 s

Elapsed run time = 0.0506 s

Elapsed run time = 0.0516 s

Elapsed run time = 0.0515 s

Elapsed run time = 0.0514 s

Elapsed run time = 0.0508 s

Elapsed run time = 0.0506 s

Elapsed run time = 0.0505 s

Elapsed run time = 0.0515 s

Elapsed run time = 0.0505 s

Elapsed run time = 0.0514 s

Elapsed run time = 0.0508 s

Elapsed run time = 0.0519 s

Elapsed run time = 0.0512 s

Elapsed run time = 0.0511 s

Elapsed run time = 0.0506 s

Elapsed run time = 0.0511 s

Elapsed run time = 0.0509 s

Elapsed run time = 0.0513 s

Elapsed run time = 0.0514 s

Elapsed run time = 0.0507 s

Elapsed run time = 0.0515 s

Elapsed run time = 0.0510 s

Elapsed run time = 0.0516 s

Elapsed run time = 0.0510 s

Elapsed run time = 0.0520 s

Elapsed run time = 0.0516 s
Task 59 complete at Thu Sep 10 04:45:31 PM EDT 2026.
