==================================================
SLURM ARRAY TASK ID: 154 / 224
Running on node: x1000c7s5b1n0
Start time: Thu Sep 10 08:17:57 PM EDT 2026
==================================================
Reading parameters from sweep_configs_sweet_spot/config_154.json...
Executing 3D FDTD Simulation: Alpha=80.0 deg, Theta=90.0 deg, d=0.35 um, L=2.0 um, Res=40...

Elapsed run time = 0.0468 s

Elapsed run time = 0.0486 s

Elapsed run time = 0.0387 s

Elapsed run time = 0.0506 s

Elapsed run time = 0.0497 s

Elapsed run time = 0.0300 s

Elapsed run time = 0.0386 s

Elapsed run time = 0.0169 s

Elapsed run time = 0.0122 s

Elapsed run time = 0.0133 s

Elapsed run time = 0.0174 s

Elapsed run time = 0.0050 s

Elapsed run time = 0.0111 s

Elapsed run time = 0.0381 s

Elapsed run time = 0.0390 s

Elapsed run time = 0.0178 s

Elapsed run time = 0.0167 s

Elapsed run time = 0.0178 s

Elapsed run time = 0.0059 s

Elapsed run time = 0.0451 s

Elapsed run time = 0.0436 s

Elapsed run time = 0.0090 s

Elapsed run time = 0.0063 s

Elapsed run time = 0.0042 s

Elapsed run time = 0.0057 s

Elapsed run time = 0.0506 s

Elapsed run time = 0.0497 s

Elapsed run time = 0.0272 s

Elapsed run time = 0.0273 s

Elapsed run time = 0.0267 s

Elapsed run time = 0.0272 s

Elapsed run time = 0.0197 s

Elapsed run time = 0.0199 s

Elapsed run time = 0.0112 s

Elapsed run time = 0.0277 s

Elapsed run time = 0.0329 s

Elapsed run time = 0.0322 s

Elapsed run time = 0.0270 s

Elapsed run time = 0.0324 s

Elapsed run time = 0.0257 s

Elapsed run time = 0.0261 s

Elapsed run time = 0.0061 s

Elapsed run time = 0.0060 s

Elapsed run time = 0.0075 s

Elapsed run time = 0.0174 s

Elapsed run time = 0.0167 s

Elapsed run time = 0.0086 s

Elapsed run time = 0.0171 s

Elapsed run time = 0.0154 s

Elapsed run time = 0.0453 s

Elapsed run time = 0.0265 s

Elapsed run time = 0.0082 s

Elapsed run time = 0.0046 s

Elapsed run time = 0.0047 s

Elapsed run time = 0.0047 s

Elapsed run time = 0.0043 s

Elapsed run time = 0.0044 s

Elapsed run time = 0.0045 s
Starting simulation: d=0.35 um, N_top=3, N_bottom=3, material=Phosphorene_tuned, resolution=40, nmax=3, theta=90.0, eps_bg=2.1, config=all, stepped_sieve=False, corrugated=True
Parallel configuration: 128 processes running 108 parallel moment partitions.
Task already complete! Found cached result in .tmp/meep_d_0.3500_N_3_corrugated_Nbot_3_Phosphorene_tuned_res_40_theta_90.0_eps_2.1_L_2.00.json (F_sub=-1.649879e-02). Skipping.

Elapsed run time = 0.0046 s

Elapsed run time = 0.0040 s

Elapsed run time = 0.0045 s

Elapsed run time = 0.0048 s

Elapsed run time = 0.0052 s

Elapsed run time = 0.0051 s

Elapsed run time = 0.0057 s

Elapsed run time = 0.0042 s

Elapsed run time = 0.0048 s

Elapsed run time = 0.0046 s

Elapsed run time = 0.0042 s

Elapsed run time = 0.0050 s

Elapsed run time = 0.0042 s

Elapsed run time = 0.0054 s

Elapsed run time = 0.0048 s

Elapsed run time = 0.0054 s

Elapsed run time = 0.0054 s

Elapsed run time = 0.0054 s

Elapsed run time = 0.0056 s

Elapsed run time = 0.0056 s

Elapsed run time = 0.0055 s

Elapsed run time = 0.0057 s

Elapsed run time = 0.0048 s

Elapsed run time = 0.0060 s

Elapsed run time = 0.0060 s

Elapsed run time = 0.0057 s

Elapsed run time = 0.0053 s

Elapsed run time = 0.0058 s

Elapsed run time = 0.0047 s

Elapsed run time = 0.0054 s

Elapsed run time = 0.0049 s

Elapsed run time = 0.0049 s

Elapsed run time = 0.0049 s

Elapsed run time = 0.0055 s

Elapsed run time = 0.0058 s

Elapsed run time = 0.0052 s

Elapsed run time = 0.0056 s

Elapsed run time = 0.0056 s

Elapsed run time = 0.0057 s

Elapsed run time = 0.0056 s

Elapsed run time = 0.0061 s

Elapsed run time = 0.0047 s

Elapsed run time = 0.0047 s

Elapsed run time = 0.0047 s

Elapsed run time = 0.0046 s

Elapsed run time = 0.0049 s

Elapsed run time = 0.0058 s

Elapsed run time = 0.0052 s

Elapsed run time = 0.0055 s

Elapsed run time = 0.0056 s

Elapsed run time = 0.0056 s

Elapsed run time = 0.0056 s

Elapsed run time = 0.0067 s

Elapsed run time = 0.0046 s

Elapsed run time = 0.0048 s

Elapsed run time = 0.0049 s

Elapsed run time = 0.0055 s

Elapsed run time = 0.0053 s

Elapsed run time = 0.0051 s

Elapsed run time = 0.0046 s

Elapsed run time = 0.0059 s

Elapsed run time = 0.0051 s

Elapsed run time = 0.0054 s

Elapsed run time = 0.0051 s

Elapsed run time = 0.0049 s

Elapsed run time = 0.0050 s

Elapsed run time = 0.0051 s

Elapsed run time = 0.0052 s

Elapsed run time = 0.0045 s

Elapsed run time = 0.0057 s
Task 154 complete at Thu Sep 10 08:18:01 PM EDT 2026.
