==================================================
SLURM ARRAY TASK ID: 179 / 224
Running on node: x1000c5s2b0n0
Start time: Fri Sep 11 09:26:10 AM EDT 2026
==================================================
Reading parameters from sweep_configs_sweet_spot/config_179.json...
Executing 3D FDTD Simulation: Alpha=85.0 deg, Theta=82.0 deg, d=0.2 um, L=2.0 um, Res=40...
Starting simulation: d=0.2 um, N_top=3, N_bottom=3, material=Phosphorene_tuned, resolution=40, nmax=3, theta=82.0, eps_bg=2.1, config=all, stepped_sieve=False, corrugated=True
Parallel configuration: 128 processes running 108 parallel moment partitions.

Elapsed run time = 0.0491 s

Elapsed run time = 0.0496 s

Elapsed run time = 0.0514 s

Elapsed run time = 0.0519 s

Elapsed run time = 0.0526 s

Elapsed run time = 0.0529 s

Elapsed run time = 0.0540 s

Elapsed run time = 0.0547 s

Elapsed run time = 0.0558 s

Elapsed run time = 0.0568 s

Elapsed run time = 0.0577 s

Elapsed run time = 0.0603 s

Elapsed run time = 0.0607 s

Elapsed run time = 0.0678 s

Elapsed run time = 0.0685 s

Elapsed run time = 0.0685 s

Elapsed run time = 0.0709 s

Elapsed run time = 0.0734 s

Elapsed run time = 0.0757 s

Elapsed run time = 0.0773 s

Elapsed run time = 1505.2583 s

Elapsed run time = 1514.8881 s

Elapsed run time = 1535.7096 s

Elapsed run time = 1545.7514 s

Elapsed run time = 2187.3650 s

Elapsed run time = 2187.5405 s

Elapsed run time = 2209.3048 s

Elapsed run time = 2209.3098 s

Elapsed run time = 2209.3219 s

Elapsed run time = 2218.9578 s

Elapsed run time = 2224.1414 s

Elapsed run time = 2235.7801 s
  [BOTH][Rank 0] Done moment 1/1 (task 0): force_integral=+2.098781e-03

Elapsed run time = 5212.9142 s

Elapsed run time = 5241.8579 s

Elapsed run time = 5244.0607 s

Elapsed run time = 5247.5824 s

Elapsed run time = 5250.8719 s

Elapsed run time = 5254.5258 s

Elapsed run time = 5255.1269 s

Elapsed run time = 5257.3176 s

Elapsed run time = 5259.4854 s

Elapsed run time = 5260.6563 s

Elapsed run time = 5262.3275 s

Elapsed run time = 5264.0876 s

Elapsed run time = 5265.4762 s

Elapsed run time = 5267.6175 s

Elapsed run time = 5269.1519 s

Elapsed run time = 5271.8812 s

Elapsed run time = 5272.2834 s

Elapsed run time = 5272.6725 s

Elapsed run time = 5273.0834 s

Elapsed run time = 5273.7808 s

Elapsed run time = 5274.1247 s

Elapsed run time = 5274.3436 s

Elapsed run time = 5274.5501 s
  [SELF][Rank 0] Done moment 1/1 (task 0): force_integral=+5.004954e-03

Elapsed run time = 5277.7355 s

Elapsed run time = 5277.8506 s

Elapsed run time = 5279.9017 s

Elapsed run time = 5280.4168 s

Elapsed run time = 5280.9153 s

Elapsed run time = 5280.9265 s

Elapsed run time = 5281.3093 s

Elapsed run time = 5281.5033 s

Elapsed run time = 5282.7520 s

Elapsed run time = 5282.8671 s

Elapsed run time = 5283.8556 s

Elapsed run time = 5285.6943 s

Elapsed run time = 5285.7798 s

Elapsed run time = 5287.1328 s

Elapsed run time = 5287.5757 s

Elapsed run time = 5288.0016 s

Elapsed run time = 5288.8663 s

Elapsed run time = 5290.8060 s

Elapsed run time = 5291.3163 s

Elapsed run time = 5291.4148 s

Elapsed run time = 5292.2760 s

Elapsed run time = 5292.3573 s

Elapsed run time = 5292.8825 s

Elapsed run time = 5293.3576 s

Elapsed run time = 5294.4315 s

Elapsed run time = 5295.3376 s

Elapsed run time = 5296.0716 s

Elapsed run time = 5296.3262 s

Elapsed run time = 5298.4237 s

Elapsed run time = 5298.7863 s

Elapsed run time = 5299.2405 s

Elapsed run time = 5299.7640 s

Elapsed run time = 5299.8731 s

Elapsed run time = 5300.7528 s

Elapsed run time = 5300.9932 s

Elapsed run time = 5302.0879 s

Elapsed run time = 5302.0916 s

Elapsed run time = 5304.7556 s

Elapsed run time = 5309.2804 s

Elapsed run time = 5310.0615 s

Elapsed run time = 5310.1010 s

Elapsed run time = 5310.4290 s

Elapsed run time = 5311.4867 s

Elapsed run time = 5311.4998 s

Elapsed run time = 5311.8609 s

Elapsed run time = 5312.5320 s

Elapsed run time = 5312.7415 s

Elapsed run time = 5312.7848 s

Elapsed run time = 5313.5726 s

Elapsed run time = 5313.5852 s

Elapsed run time = 5314.6413 s

Elapsed run time = 5315.5363 s

Elapsed run time = 5315.7485 s

Elapsed run time = 5316.4153 s

Elapsed run time = 5317.8207 s

Elapsed run time = 5318.3961 s

Elapsed run time = 5318.5449 s

Elapsed run time = 5318.5870 s

Elapsed run time = 5318.6099 s

Elapsed run time = 5320.8321 s

Elapsed run time = 5321.3569 s

Elapsed run time = 5321.7517 s

Elapsed run time = 5321.8394 s

Elapsed run time = 5322.1709 s

Elapsed run time = 5323.0684 s

Elapsed run time = 5323.8537 s

Elapsed run time = 5323.9720 s

Elapsed run time = 5324.4725 s

Elapsed run time = 5328.1374 s

Elapsed run time = 5328.1615 s

Elapsed run time = 5331.2450 s

Elapsed run time = 5331.7988 s
Simulation complete. Subtracted force: -1.518254e-01. Saved to .tmp/meep_d_0.2000_N_3_corrugated_al_85.0_Nbot_3_Phosphorene_tuned_res_40_theta_82.0_eps_2.1_L_2.00.json

Elapsed run time = 5332.2814 s
Task 179 complete at Fri Sep 11 10:55:37 AM EDT 2026.
