==================================================
SLURM ARRAY TASK ID: 37 / 224
Running on node: x1000c2s5b0n0
Start time: Thu Sep 10 02:19:08 PM EDT 2026
==================================================
Reading parameters from sweep_configs_sweet_spot/config_037.json...
Executing 3D FDTD Simulation: Alpha=70.0 deg, Theta=90.0 deg, d=0.1 um, L=2.0 um, Res=40...

Elapsed run time = 0.0288 s

Elapsed run time = 0.0288 s

Elapsed run time = 0.0285 s

Elapsed run time = 0.0288 s

Elapsed run time = 0.0284 s

Elapsed run time = 0.0286 s

Elapsed run time = 0.0288 s

Elapsed run time = 0.0285 s

Elapsed run time = 0.0286 s

Elapsed run time = 0.0287 s

Elapsed run time = 0.0289 s

Elapsed run time = 0.0288 s

Elapsed run time = 0.0287 s

Elapsed run time = 0.0288 s

Elapsed run time = 0.0287 s

Elapsed run time = 0.0289 s

Elapsed run time = 0.0292 s

Elapsed run time = 0.0292 s

Elapsed run time = 0.0291 s

Elapsed run time = 0.0292 s

Elapsed run time = 1409.5541 s

Elapsed run time = 1412.6096 s

Elapsed run time = 1441.8112 s

Elapsed run time = 1447.7957 s

Elapsed run time = 2054.2361 s

Elapsed run time = 2057.1771 s

Elapsed run time = 2061.3107 s

Elapsed run time = 2061.4931 s

Elapsed run time = 2073.6528 s

Elapsed run time = 2080.3450 s

Elapsed run time = 2086.8860 s

Elapsed run time = 2092.0704 s
Starting simulation: d=0.1 um, N_top=3, N_bottom=3, material=Phosphorene_tuned, resolution=40, nmax=3, theta=90.0, eps_bg=2.1, config=all, stepped_sieve=False, corrugated=True
Parallel configuration: 128 processes running 108 parallel moment partitions.
  [BOTH][Rank 0] Done moment 1/1 (task 0): force_integral=-2.404705e-03

Elapsed run time = 4895.4633 s

Elapsed run time = 4896.3703 s

Elapsed run time = 4908.3281 s

Elapsed run time = 4909.2688 s

Elapsed run time = 4910.9615 s

Elapsed run time = 4911.1271 s

Elapsed run time = 4912.7219 s

Elapsed run time = 4912.8802 s

Elapsed run time = 4913.1474 s

Elapsed run time = 4913.4284 s

Elapsed run time = 4917.1988 s

Elapsed run time = 4917.3306 s

Elapsed run time = 4917.5250 s

Elapsed run time = 4917.8456 s

Elapsed run time = 4919.9391 s

Elapsed run time = 4920.1376 s

Elapsed run time = 4920.2062 s

Elapsed run time = 4922.0685 s

Elapsed run time = 4922.9199 s

Elapsed run time = 4923.5616 s

Elapsed run time = 4930.9325 s

Elapsed run time = 4931.1472 s

Elapsed run time = 4932.2394 s

Elapsed run time = 4933.5448 s

Elapsed run time = 4933.9182 s

Elapsed run time = 4934.4078 s

Elapsed run time = 4934.9767 s

Elapsed run time = 4934.9846 s

Elapsed run time = 4936.4215 s

Elapsed run time = 4936.6440 s

Elapsed run time = 4936.8994 s

Elapsed run time = 4937.0858 s

Elapsed run time = 4937.9003 s

Elapsed run time = 4938.4098 s

Elapsed run time = 4939.6383 s

Elapsed run time = 4940.8016 s

Elapsed run time = 4943.2888 s

Elapsed run time = 4944.4489 s

Elapsed run time = 4945.2056 s

Elapsed run time = 4945.5946 s

Elapsed run time = 4947.4944 s

Elapsed run time = 4950.3045 s

Elapsed run time = 4950.3550 s

Elapsed run time = 4950.4311 s

Elapsed run time = 4953.4024 s

Elapsed run time = 4955.2417 s

Elapsed run time = 4956.8933 s

Elapsed run time = 4956.9559 s

Elapsed run time = 4957.0140 s

Elapsed run time = 4957.9302 s

Elapsed run time = 4959.2290 s

Elapsed run time = 4959.4023 s

Elapsed run time = 4959.7131 s

Elapsed run time = 4959.8995 s

Elapsed run time = 4960.7685 s

Elapsed run time = 4960.8177 s

Elapsed run time = 4961.0958 s

Elapsed run time = 4963.5701 s

Elapsed run time = 4963.6521 s

Elapsed run time = 4963.9604 s

Elapsed run time = 4964.9574 s

Elapsed run time = 4967.8883 s

Elapsed run time = 4970.2939 s

Elapsed run time = 4970.5971 s

Elapsed run time = 6264.8735 s

Elapsed run time = 6468.4242 s

Elapsed run time = 6574.5841 s

Elapsed run time = 6759.1752 s

Elapsed run time = 6811.0936 s

Elapsed run time = 6829.7219 s

Elapsed run time = 6831.0307 s

Elapsed run time = 6849.3106 s

Elapsed run time = 6907.1183 s
  [SELF][Rank 0] Done moment 1/1 (task 0): force_integral=+4.655210e-03

Elapsed run time = 6925.6449 s

Elapsed run time = 6946.3108 s

Elapsed run time = 6946.8884 s

Elapsed run time = 6956.5062 s

Elapsed run time = 6969.4660 s

Elapsed run time = 6970.6671 s

Elapsed run time = 7734.4681 s

Elapsed run time = 7738.8461 s

Elapsed run time = 7764.8286 s

Elapsed run time = 7765.4917 s

Elapsed run time = 7768.0736 s

Elapsed run time = 7768.8887 s

Elapsed run time = 7769.2209 s

Elapsed run time = 7772.1321 s

Elapsed run time = 7776.7914 s

Elapsed run time = 7777.1523 s

Elapsed run time = 7779.6030 s

Elapsed run time = 7780.6749 s

Elapsed run time = 7781.7821 s

Elapsed run time = 7782.5646 s

Elapsed run time = 7783.7196 s

Elapsed run time = 7784.6136 s
Simulation complete. Subtracted force: 4.988403e-01. Saved to .tmp/meep_d_0.1000_N_3_corrugated_Nbot_3_Phosphorene_tuned_res_40_theta_90.0_eps_2.1_L_2.00.json

Elapsed run time = 7786.1343 s
Task 37 complete at Thu Sep 10 04:29:12 PM EDT 2026.
