==================================================
SLURM ARRAY TASK ID: 216 / 224
Running on node: x1001c2s5b0n0
Start time: Thu Sep 10 08:19:16 PM EDT 2026
==================================================
Reading parameters from sweep_configs_sweet_spot/config_216.json...
Executing 3D FDTD Simulation: Alpha=85.0 deg, Theta=92.0 deg, d=0.3 um, L=2.0 um, Res=40...

Elapsed run time = 0.0065 s

Elapsed run time = 0.0069 s

Elapsed run time = 0.0047 s

Elapsed run time = 0.0102 s

Elapsed run time = 0.0051 s

Elapsed run time = 0.0100 s

Elapsed run time = 0.0096 s

Elapsed run time = 0.0099 s

Elapsed run time = 0.0090 s

Elapsed run time = 0.0101 s

Elapsed run time = 0.0097 s

Elapsed run time = 0.0103 s

Elapsed run time = 0.0094 s

Elapsed run time = 0.0050 s

Elapsed run time = 0.0048 s

Elapsed run time = 0.0047 s

Elapsed run time = 0.0050 s

Elapsed run time = 0.0048 s

Elapsed run time = 0.0051 s

Elapsed run time = 0.0052 s

Elapsed run time = 0.0046 s

Elapsed run time = 0.0045 s

Elapsed run time = 0.0045 s

Elapsed run time = 0.0064 s

Elapsed run time = 0.0050 s

Elapsed run time = 0.0063 s

Elapsed run time = 0.0048 s

Elapsed run time = 0.0051 s

Elapsed run time = 0.0056 s

Elapsed run time = 0.0052 s

Elapsed run time = 0.0054 s

Elapsed run time = 0.0056 s

Elapsed run time = 0.0057 s

Elapsed run time = 0.0056 s

Elapsed run time = 0.0044 s

Elapsed run time = 0.0045 s

Elapsed run time = 0.0051 s

Elapsed run time = 0.0053 s

Elapsed run time = 0.0055 s

Elapsed run time = 0.0058 s

Elapsed run time = 0.0059 s

Elapsed run time = 0.0044 s

Elapsed run time = 0.0047 s

Elapsed run time = 0.0049 s

Elapsed run time = 0.0052 s

Elapsed run time = 0.0058 s

Elapsed run time = 0.0054 s

Elapsed run time = 0.0049 s

Elapsed run time = 0.0045 s

Elapsed run time = 0.0055 s

Elapsed run time = 0.0048 s

Elapsed run time = 0.0053 s

Elapsed run time = 0.0044 s

Elapsed run time = 0.0051 s

Elapsed run time = 0.0055 s

Elapsed run time = 0.0049 s

Elapsed run time = 0.0049 s

Elapsed run time = 0.0054 s

Elapsed run time = 0.0047 s

Elapsed run time = 0.0042 s

Elapsed run time = 0.0049 s

Elapsed run time = 0.0045 s

Elapsed run time = 0.0055 s

Elapsed run time = 0.0054 s

Elapsed run time = 0.0050 s

Elapsed run time = 0.0051 s

Elapsed run time = 0.0050 s

Elapsed run time = 0.0056 s

Elapsed run time = 0.0055 s

Elapsed run time = 0.0055 s

Elapsed run time = 0.0044 s

Elapsed run time = 0.0051 s

Elapsed run time = 0.0053 s

Elapsed run time = 0.0048 s

Elapsed run time = 0.0043 s

Elapsed run time = 0.0045 s

Elapsed run time = 0.0053 s

Elapsed run time = 0.0056 s

Elapsed run time = 0.0047 s

Elapsed run time = 0.0048 s

Elapsed run time = 0.0053 s

Elapsed run time = 0.0059 s

Elapsed run time = 0.0055 s

Elapsed run time = 0.0051 s

Elapsed run time = 0.0050 s

Elapsed run time = 0.0049 s

Elapsed run time = 0.0052 s

Elapsed run time = 0.0049 s

Elapsed run time = 0.0063 s

Elapsed run time = 0.0052 s

Elapsed run time = 0.0052 s

Elapsed run time = 0.0052 s

Elapsed run time = 0.0045 s

Elapsed run time = 0.0056 s

Elapsed run time = 0.0059 s

Elapsed run time = 0.0057 s

Elapsed run time = 0.0056 s

Elapsed run time = 0.0060 s

Elapsed run time = 0.0068 s

Elapsed run time = 0.0045 s

Elapsed run time = 0.0047 s

Elapsed run time = 0.0052 s

Elapsed run time = 0.0042 s

Elapsed run time = 0.0044 s

Elapsed run time = 0.0050 s

Elapsed run time = 0.0046 s

Elapsed run time = 0.0040 s

Elapsed run time = 0.0054 s

Elapsed run time = 0.0047 s

Elapsed run time = 0.0046 s

Elapsed run time = 0.0053 s
Starting simulation: d=0.3 um, N_top=3, N_bottom=3, material=Phosphorene_tuned, resolution=40, nmax=3, theta=92.0, eps_bg=2.1, config=all, stepped_sieve=False, corrugated=True
Parallel configuration: 128 processes running 108 parallel moment partitions.
Task already complete! Found cached result in .tmp/meep_d_0.3000_N_3_corrugated_Nbot_3_Phosphorene_tuned_res_40_theta_92.0_eps_2.1_L_2.00.json (F_sub=-3.938032e-02). Skipping.

Elapsed run time = 0.0050 s

Elapsed run time = 0.0047 s

Elapsed run time = 0.0048 s

Elapsed run time = 0.0060 s

Elapsed run time = 0.0048 s

Elapsed run time = 0.0055 s

Elapsed run time = 0.0052 s

Elapsed run time = 0.0046 s

Elapsed run time = 0.0055 s

Elapsed run time = 0.0052 s

Elapsed run time = 0.0051 s

Elapsed run time = 0.0048 s

Elapsed run time = 0.0050 s

Elapsed run time = 0.0055 s

Elapsed run time = 0.0061 s

Elapsed run time = 0.0061 s

Elapsed run time = 0.0059 s
Task 216 complete at Thu Sep 10 08:19:21 PM EDT 2026.
