==================================================
SLURM ARRAY TASK ID: 107 / 224
Running on node: x1002c3s1b0n0
Start time: Fri Sep 11 06:09:43 AM EDT 2026
==================================================
Reading parameters from sweep_configs_sweet_spot/config_107.json...
Executing 3D FDTD Simulation: Alpha=75.0 deg, Theta=94.0 deg, d=0.1 um, L=2.0 um, Res=40...
Starting simulation: d=0.1 um, N_top=3, N_bottom=3, material=Phosphorene_tuned, resolution=40, nmax=3, theta=94.0, eps_bg=2.1, config=all, stepped_sieve=False, corrugated=True
Parallel configuration: 128 processes running 108 parallel moment partitions.

Elapsed run time = 0.0654 s

Elapsed run time = 0.0660 s

Elapsed run time = 0.0666 s

Elapsed run time = 0.0710 s

Elapsed run time = 0.0724 s

Elapsed run time = 0.0726 s

Elapsed run time = 0.0738 s

Elapsed run time = 0.0766 s

Elapsed run time = 0.0769 s

Elapsed run time = 0.0802 s

Elapsed run time = 0.0822 s

Elapsed run time = 0.0836 s

Elapsed run time = 0.0853 s

Elapsed run time = 0.0894 s

Elapsed run time = 0.0918 s

Elapsed run time = 0.0921 s

Elapsed run time = 0.0944 s

Elapsed run time = 0.0948 s

Elapsed run time = 0.0962 s

Elapsed run time = 0.0963 s

Elapsed run time = 1408.5067 s

Elapsed run time = 1408.9500 s

Elapsed run time = 1439.3949 s

Elapsed run time = 1441.9107 s

Elapsed run time = 2053.6188 s

Elapsed run time = 2056.6786 s

Elapsed run time = 2058.1728 s

Elapsed run time = 2060.2906 s

Elapsed run time = 2069.8098 s

Elapsed run time = 2070.7160 s

Elapsed run time = 2080.7472 s

Elapsed run time = 2084.4247 s
  [BOTH][Rank 0] Done moment 1/1 (task 0): force_integral=-4.621630e-03

Elapsed run time = 4857.3372 s

Elapsed run time = 4879.4227 s

Elapsed run time = 4894.3540 s

Elapsed run time = 4898.7210 s

Elapsed run time = 4900.6389 s

Elapsed run time = 4902.2999 s

Elapsed run time = 4902.4369 s

Elapsed run time = 4903.4018 s

Elapsed run time = 4904.1503 s

Elapsed run time = 4904.4195 s

Elapsed run time = 4906.3522 s

Elapsed run time = 4906.8735 s

Elapsed run time = 4908.0745 s

Elapsed run time = 4909.8440 s

Elapsed run time = 4910.2518 s

Elapsed run time = 4913.1017 s

Elapsed run time = 4913.6739 s

Elapsed run time = 4914.1298 s

Elapsed run time = 4914.3904 s

Elapsed run time = 4915.4469 s

Elapsed run time = 4917.3506 s

Elapsed run time = 4918.1511 s

Elapsed run time = 4920.3134 s

Elapsed run time = 4921.5816 s

Elapsed run time = 4924.7102 s

Elapsed run time = 4925.3475 s

Elapsed run time = 4925.4085 s

Elapsed run time = 4926.0786 s

Elapsed run time = 4927.0763 s

Elapsed run time = 4927.6238 s

Elapsed run time = 4927.8352 s

Elapsed run time = 4928.9721 s

Elapsed run time = 4929.3083 s

Elapsed run time = 4929.9650 s

Elapsed run time = 4930.7027 s

Elapsed run time = 4930.8459 s

Elapsed run time = 4932.6454 s

Elapsed run time = 4934.5557 s

Elapsed run time = 4935.4339 s

Elapsed run time = 4935.6703 s

Elapsed run time = 4935.8867 s

Elapsed run time = 4936.0074 s

Elapsed run time = 4936.2191 s

Elapsed run time = 4936.8105 s

Elapsed run time = 4937.1109 s

Elapsed run time = 4937.7361 s
  [SELF][Rank 0] Done moment 1/1 (task 0): force_integral=+2.249737e-03

Elapsed run time = 4939.2683 s

Elapsed run time = 4939.8484 s

Elapsed run time = 4940.2790 s

Elapsed run time = 4941.1540 s

Elapsed run time = 4941.6678 s

Elapsed run time = 4941.8215 s

Elapsed run time = 4942.4269 s

Elapsed run time = 4943.0940 s

Elapsed run time = 4945.1253 s

Elapsed run time = 4946.1106 s

Elapsed run time = 4947.7800 s

Elapsed run time = 4948.0195 s

Elapsed run time = 4948.2031 s

Elapsed run time = 4948.3765 s

Elapsed run time = 4948.7617 s

Elapsed run time = 4950.9134 s

Elapsed run time = 4950.9878 s

Elapsed run time = 4951.3668 s

Elapsed run time = 4951.7946 s

Elapsed run time = 4951.9301 s

Elapsed run time = 4953.7665 s

Elapsed run time = 4953.8219 s

Elapsed run time = 4954.4929 s

Elapsed run time = 4954.5183 s

Elapsed run time = 4954.5450 s

Elapsed run time = 4955.2304 s

Elapsed run time = 4955.4089 s

Elapsed run time = 4957.3565 s

Elapsed run time = 4957.7326 s

Elapsed run time = 4958.6808 s

Elapsed run time = 4959.3925 s

Elapsed run time = 4959.7867 s

Elapsed run time = 4960.9556 s

Elapsed run time = 4961.2715 s

Elapsed run time = 4962.0429 s

Elapsed run time = 4962.7664 s

Elapsed run time = 4963.1569 s

Elapsed run time = 4963.1939 s

Elapsed run time = 4963.6533 s

Elapsed run time = 4963.7456 s

Elapsed run time = 4963.9599 s

Elapsed run time = 4964.2685 s

Elapsed run time = 4964.2804 s

Elapsed run time = 4965.2372 s

Elapsed run time = 4965.5603 s

Elapsed run time = 4965.9622 s

Elapsed run time = 4967.5873 s

Elapsed run time = 4968.8911 s

Elapsed run time = 4970.5416 s
Simulation complete. Subtracted force: 5.238737e-02. Saved to .tmp/meep_d_0.1000_N_3_corrugated_al_75.0_Nbot_3_Phosphorene_tuned_res_40_theta_94.0_eps_2.1_L_2.00.json

Elapsed run time = 4971.1614 s
Task 107 complete at Fri Sep 11 07:32:42 AM EDT 2026.
