==================================================
SLURM ARRAY TASK ID: 138 / 224
Running on node: x1001c2s2b0n1
Start time: Thu Sep 10 08:17:40 PM EDT 2026
==================================================
Reading parameters from sweep_configs_sweet_spot/config_138.json...
Executing 3D FDTD Simulation: Alpha=80.0 deg, Theta=86.0 deg, d=0.25 um, L=2.0 um, Res=40...

Elapsed run time = 0.0270 s

Elapsed run time = 0.0138 s

Elapsed run time = 0.0268 s

Elapsed run time = 0.0364 s

Elapsed run time = 0.0214 s

Elapsed run time = 0.0237 s

Elapsed run time = 0.0310 s

Elapsed run time = 0.0210 s

Elapsed run time = 0.0349 s

Elapsed run time = 0.0255 s

Elapsed run time = 0.0253 s

Elapsed run time = 0.0264 s

Elapsed run time = 0.0192 s

Elapsed run time = 0.0138 s

Elapsed run time = 0.0191 s

Elapsed run time = 0.0269 s

Elapsed run time = 0.0223 s

Elapsed run time = 0.0223 s

Elapsed run time = 0.0084 s

Elapsed run time = 0.0267 s

Elapsed run time = 0.0083 s

Elapsed run time = 0.0185 s

Elapsed run time = 0.0083 s

Elapsed run time = 0.0318 s

Elapsed run time = 0.0150 s

Elapsed run time = 0.0195 s

Elapsed run time = 0.0179 s

Elapsed run time = 0.0058 s

Elapsed run time = 0.0115 s

Elapsed run time = 0.0358 s

Elapsed run time = 0.0361 s

Elapsed run time = 0.0150 s

Elapsed run time = 0.0052 s

Elapsed run time = 0.0051 s

Elapsed run time = 0.0052 s

Elapsed run time = 0.0159 s

Elapsed run time = 0.0271 s

Elapsed run time = 0.0365 s

Elapsed run time = 0.0368 s

Elapsed run time = 0.0051 s

Elapsed run time = 0.0048 s

Elapsed run time = 0.0044 s

Elapsed run time = 0.0046 s

Elapsed run time = 0.0052 s

Elapsed run time = 0.0043 s

Elapsed run time = 0.0042 s

Elapsed run time = 0.0045 s

Elapsed run time = 0.0055 s

Elapsed run time = 0.0055 s

Elapsed run time = 0.0053 s

Elapsed run time = 0.0047 s

Elapsed run time = 0.0052 s

Elapsed run time = 0.0053 s

Elapsed run time = 0.0060 s

Elapsed run time = 0.0056 s

Elapsed run time = 0.0062 s

Elapsed run time = 0.0062 s

Elapsed run time = 0.0057 s

Elapsed run time = 0.0050 s

Elapsed run time = 0.0044 s

Elapsed run time = 0.0059 s
Starting simulation: d=0.25 um, N_top=3, N_bottom=3, material=Phosphorene_tuned, resolution=40, nmax=3, theta=86.0, eps_bg=2.1, config=all, stepped_sieve=False, corrugated=True
Parallel configuration: 128 processes running 108 parallel moment partitions.
Task already complete! Found cached result in .tmp/meep_d_0.2500_N_3_corrugated_Nbot_3_Phosphorene_tuned_res_40_theta_86.0_eps_2.1_L_2.00.json (F_sub=-7.042614e-02). Skipping.

Elapsed run time = 0.0044 s

Elapsed run time = 0.0047 s

Elapsed run time = 0.0061 s

Elapsed run time = 0.0048 s

Elapsed run time = 0.0048 s

Elapsed run time = 0.0054 s

Elapsed run time = 0.0051 s

Elapsed run time = 0.0048 s

Elapsed run time = 0.0047 s

Elapsed run time = 0.0051 s

Elapsed run time = 0.0053 s

Elapsed run time = 0.0054 s

Elapsed run time = 0.0054 s

Elapsed run time = 0.0052 s

Elapsed run time = 0.0049 s

Elapsed run time = 0.0054 s

Elapsed run time = 0.0062 s

Elapsed run time = 0.0056 s

Elapsed run time = 0.0060 s

Elapsed run time = 0.0062 s

Elapsed run time = 0.0062 s

Elapsed run time = 0.0064 s

Elapsed run time = 0.0063 s

Elapsed run time = 0.0063 s

Elapsed run time = 0.0065 s

Elapsed run time = 0.0051 s

Elapsed run time = 0.0058 s

Elapsed run time = 0.0054 s

Elapsed run time = 0.0060 s

Elapsed run time = 0.0059 s

Elapsed run time = 0.0076 s

Elapsed run time = 0.0052 s

Elapsed run time = 0.0049 s

Elapsed run time = 0.0045 s

Elapsed run time = 0.0047 s

Elapsed run time = 0.0040 s

Elapsed run time = 0.0045 s

Elapsed run time = 0.0041 s

Elapsed run time = 0.0045 s

Elapsed run time = 0.0048 s

Elapsed run time = 0.0050 s

Elapsed run time = 0.0044 s

Elapsed run time = 0.0048 s

Elapsed run time = 0.0052 s

Elapsed run time = 0.0053 s

Elapsed run time = 0.0049 s

Elapsed run time = 0.0055 s

Elapsed run time = 0.0047 s

Elapsed run time = 0.0041 s

Elapsed run time = 0.0045 s

Elapsed run time = 0.0054 s

Elapsed run time = 0.0054 s

Elapsed run time = 0.0053 s

Elapsed run time = 0.0053 s

Elapsed run time = 0.0051 s

Elapsed run time = 0.0050 s

Elapsed run time = 0.0053 s

Elapsed run time = 0.0049 s

Elapsed run time = 0.0049 s

Elapsed run time = 0.0046 s

Elapsed run time = 0.0043 s

Elapsed run time = 0.0050 s

Elapsed run time = 0.0050 s

Elapsed run time = 0.0048 s

Elapsed run time = 0.0058 s

Elapsed run time = 0.0058 s

Elapsed run time = 0.0055 s
Task 138 complete at Thu Sep 10 08:17:45 PM EDT 2026.
