==================================================
SLURM ARRAY TASK ID: 73 / 224
Running on node: x1001c5s7b0n1
Start time: Thu Sep 10 06:11:26 PM EDT 2026
==================================================
Reading parameters from sweep_configs_sweet_spot/config_073.json...
Executing 3D FDTD Simulation: Alpha=75.0 deg, Theta=84.0 deg, d=0.15 um, L=2.0 um, Res=40...

Elapsed run time = 0.1606 s

Elapsed run time = 0.1627 s

Elapsed run time = 0.1657 s

Elapsed run time = 0.1660 s

Elapsed run time = 0.1617 s

Elapsed run time = 0.1630 s

Elapsed run time = 0.1615 s

Elapsed run time = 0.1641 s

Elapsed run time = 0.1640 s

Elapsed run time = 0.1616 s

Elapsed run time = 0.1642 s

Elapsed run time = 0.1665 s

Elapsed run time = 0.1626 s

Elapsed run time = 0.1616 s

Elapsed run time = 0.1649 s

Elapsed run time = 0.1639 s

Elapsed run time = 0.1637 s

Elapsed run time = 0.1618 s

Elapsed run time = 0.1674 s

Elapsed run time = 0.1623 s

Elapsed run time = 0.1647 s

Elapsed run time = 0.1624 s

Elapsed run time = 0.1613 s

Elapsed run time = 0.1622 s

Elapsed run time = 0.1616 s

Elapsed run time = 0.1618 s

Elapsed run time = 0.1653 s

Elapsed run time = 0.1613 s

Elapsed run time = 0.1620 s

Elapsed run time = 0.1631 s

Elapsed run time = 0.1623 s

Elapsed run time = 0.1659 s

Elapsed run time = 0.1652 s

Elapsed run time = 0.1652 s

Elapsed run time = 0.1631 s

Elapsed run time = 0.1642 s

Elapsed run time = 0.1655 s

Elapsed run time = 0.1620 s

Elapsed run time = 0.1614 s

Elapsed run time = 0.1614 s

Elapsed run time = 0.1627 s

Elapsed run time = 0.1616 s

Elapsed run time = 0.1642 s

Elapsed run time = 0.1648 s

Elapsed run time = 0.1632 s

Elapsed run time = 0.1630 s

Elapsed run time = 0.1650 s

Elapsed run time = 0.1664 s

Elapsed run time = 0.1655 s

Elapsed run time = 0.1651 s

Elapsed run time = 0.1620 s

Elapsed run time = 0.1613 s

Elapsed run time = 0.1625 s

Elapsed run time = 0.1677 s

Elapsed run time = 0.1650 s

Elapsed run time = 0.1616 s
Starting simulation: d=0.15 um, N_top=3, N_bottom=3, material=Phosphorene_tuned, resolution=40, nmax=3, theta=84.0, eps_bg=2.1, config=all, stepped_sieve=False, corrugated=True
Parallel configuration: 128 processes running 108 parallel moment partitions.
Task already complete! Found cached result in .tmp/meep_d_0.1500_N_3_corrugated_Nbot_3_Phosphorene_tuned_res_40_theta_84.0_eps_2.1_L_2.00.json (F_sub=-3.127617e-01). Skipping.

Elapsed run time = 0.1627 s

Elapsed run time = 0.1641 s

Elapsed run time = 0.1617 s

Elapsed run time = 0.1643 s

Elapsed run time = 0.1651 s

Elapsed run time = 0.1620 s

Elapsed run time = 0.1634 s

Elapsed run time = 0.1622 s

Elapsed run time = 0.1639 s

Elapsed run time = 0.1674 s

Elapsed run time = 0.1632 s

Elapsed run time = 0.1633 s

Elapsed run time = 0.1643 s

Elapsed run time = 0.1632 s

Elapsed run time = 0.1676 s

Elapsed run time = 0.1625 s

Elapsed run time = 0.1659 s

Elapsed run time = 0.1624 s

Elapsed run time = 0.1635 s

Elapsed run time = 0.1629 s

Elapsed run time = 0.1623 s

Elapsed run time = 0.1657 s

Elapsed run time = 0.1639 s

Elapsed run time = 0.1650 s

Elapsed run time = 0.1630 s

Elapsed run time = 0.1647 s

Elapsed run time = 0.1644 s

Elapsed run time = 0.1653 s

Elapsed run time = 0.1618 s

Elapsed run time = 0.1636 s

Elapsed run time = 0.1638 s

Elapsed run time = 0.1666 s

Elapsed run time = 0.1635 s

Elapsed run time = 0.1642 s

Elapsed run time = 0.1626 s

Elapsed run time = 0.1625 s

Elapsed run time = 0.1642 s

Elapsed run time = 0.1675 s

Elapsed run time = 0.1641 s

Elapsed run time = 0.1634 s

Elapsed run time = 0.1674 s

Elapsed run time = 0.1631 s

Elapsed run time = 0.1628 s

Elapsed run time = 0.1632 s

Elapsed run time = 0.1656 s

Elapsed run time = 0.1623 s

Elapsed run time = 0.1621 s

Elapsed run time = 0.1642 s

Elapsed run time = 0.1630 s

Elapsed run time = 0.1618 s

Elapsed run time = 0.1645 s

Elapsed run time = 0.1679 s

Elapsed run time = 0.1646 s

Elapsed run time = 0.1630 s

Elapsed run time = 0.1666 s

Elapsed run time = 0.1619 s

Elapsed run time = 0.1638 s

Elapsed run time = 0.1625 s

Elapsed run time = 0.1621 s

Elapsed run time = 0.1618 s

Elapsed run time = 0.1624 s

Elapsed run time = 0.1619 s

Elapsed run time = 0.1639 s

Elapsed run time = 0.1635 s

Elapsed run time = 0.1651 s

Elapsed run time = 0.1619 s

Elapsed run time = 0.1678 s

Elapsed run time = 0.1626 s

Elapsed run time = 0.1633 s

Elapsed run time = 0.1657 s

Elapsed run time = 0.1626 s

Elapsed run time = 0.1638 s
Task 73 complete at Thu Sep 10 06:11:54 PM EDT 2026.
