==================================================
SLURM ARRAY TASK ID: 89 / 224
Running on node: x1000c6s1b0n1
Start time: Thu Sep 10 07:18:14 PM EDT 2026
==================================================
Reading parameters from sweep_configs_sweet_spot/config_089.json...
Executing 3D FDTD Simulation: Alpha=75.0 deg, Theta=88.0 deg, d=0.25 um, L=2.0 um, Res=40...

Elapsed run time = 0.1574 s

Elapsed run time = 0.1580 s

Elapsed run time = 0.1581 s

Elapsed run time = 0.1569 s

Elapsed run time = 0.1582 s

Elapsed run time = 0.1583 s

Elapsed run time = 0.1584 s

Elapsed run time = 0.1586 s

Elapsed run time = 0.1575 s

Elapsed run time = 0.1565 s

Elapsed run time = 0.1567 s

Elapsed run time = 0.1565 s

Elapsed run time = 0.1565 s

Elapsed run time = 0.1566 s

Elapsed run time = 0.1577 s

Elapsed run time = 0.1565 s

Elapsed run time = 0.1580 s

Elapsed run time = 0.1588 s

Elapsed run time = 0.1574 s
Starting simulation: d=0.25 um, N_top=3, N_bottom=3, material=Phosphorene_tuned, resolution=40, nmax=3, theta=88.0, eps_bg=2.1, config=all, stepped_sieve=False, corrugated=True
Parallel configuration: 128 processes running 108 parallel moment partitions.
Task already complete! Found cached result in .tmp/meep_d_0.2500_N_3_corrugated_Nbot_3_Phosphorene_tuned_res_40_theta_88.0_eps_2.1_L_2.00.json (F_sub=-7.105963e-02). Skipping.

Elapsed run time = 0.1568 s

Elapsed run time = 0.1569 s

Elapsed run time = 0.1566 s

Elapsed run time = 0.1564 s

Elapsed run time = 0.1566 s

Elapsed run time = 0.1566 s

Elapsed run time = 0.1557 s

Elapsed run time = 0.1571 s

Elapsed run time = 0.1545 s

Elapsed run time = 0.1532 s

Elapsed run time = 0.1568 s

Elapsed run time = 0.1485 s

Elapsed run time = 0.1486 s

Elapsed run time = 0.1568 s

Elapsed run time = 0.1588 s

Elapsed run time = 0.1471 s

Elapsed run time = 0.1590 s

Elapsed run time = 0.1524 s

Elapsed run time = 0.1555 s

Elapsed run time = 0.1559 s

Elapsed run time = 0.1559 s

Elapsed run time = 0.1556 s

Elapsed run time = 0.1587 s

Elapsed run time = 0.1582 s

Elapsed run time = 0.1585 s

Elapsed run time = 0.1548 s

Elapsed run time = 0.1583 s

Elapsed run time = 0.1592 s

Elapsed run time = 0.1546 s

Elapsed run time = 0.1577 s

Elapsed run time = 0.1541 s

Elapsed run time = 0.1560 s

Elapsed run time = 0.1559 s

Elapsed run time = 0.1452 s

Elapsed run time = 0.1471 s

Elapsed run time = 0.1509 s

Elapsed run time = 0.1553 s

Elapsed run time = 0.1455 s

Elapsed run time = 0.1580 s

Elapsed run time = 0.1420 s

Elapsed run time = 0.1414 s

Elapsed run time = 0.1533 s

Elapsed run time = 0.1560 s

Elapsed run time = 0.1573 s

Elapsed run time = 0.1488 s

Elapsed run time = 0.1575 s

Elapsed run time = 0.1555 s

Elapsed run time = 0.1466 s

Elapsed run time = 0.1593 s

Elapsed run time = 0.1466 s

Elapsed run time = 0.1466 s

Elapsed run time = 0.1559 s

Elapsed run time = 0.1457 s

Elapsed run time = 0.1503 s

Elapsed run time = 0.1476 s

Elapsed run time = 0.1463 s

Elapsed run time = 0.1512 s

Elapsed run time = 0.1526 s

Elapsed run time = 0.1531 s

Elapsed run time = 0.1521 s

Elapsed run time = 0.1505 s

Elapsed run time = 0.1523 s

Elapsed run time = 0.1462 s

Elapsed run time = 0.1513 s

Elapsed run time = 0.1490 s

Elapsed run time = 0.1488 s

Elapsed run time = 0.1481 s

Elapsed run time = 0.1488 s

Elapsed run time = 0.1498 s

Elapsed run time = 0.1489 s

Elapsed run time = 0.1510 s

Elapsed run time = 0.1510 s

Elapsed run time = 0.1499 s

Elapsed run time = 0.1501 s

Elapsed run time = 0.1490 s

Elapsed run time = 0.1453 s

Elapsed run time = 0.1482 s

Elapsed run time = 0.1482 s

Elapsed run time = 0.1448 s

Elapsed run time = 0.1559 s

Elapsed run time = 0.1280 s

Elapsed run time = 0.1526 s

Elapsed run time = 0.1520 s

Elapsed run time = 0.1523 s

Elapsed run time = 0.1427 s

Elapsed run time = 0.1524 s

Elapsed run time = 0.1441 s

Elapsed run time = 0.1529 s

Elapsed run time = 0.1442 s

Elapsed run time = 0.1559 s

Elapsed run time = 0.1475 s

Elapsed run time = 0.1448 s

Elapsed run time = 0.1180 s

Elapsed run time = 0.1591 s

Elapsed run time = 0.1244 s

Elapsed run time = 0.1593 s

Elapsed run time = 0.1593 s

Elapsed run time = 0.1560 s

Elapsed run time = 0.1534 s

Elapsed run time = 0.1548 s

Elapsed run time = 0.1539 s

Elapsed run time = 0.1550 s

Elapsed run time = 0.1580 s

Elapsed run time = 0.1558 s

Elapsed run time = 0.1531 s

Elapsed run time = 0.1514 s

Elapsed run time = 0.1552 s

Elapsed run time = 0.1522 s

Elapsed run time = 0.1593 s
Task 89 complete at Thu Sep 10 07:18:19 PM EDT 2026.
