==================================================
SLURM ARRAY TASK ID: 116 / 224
Running on node: x1001c2s5b0n0
Start time: Thu Sep 10 08:17:16 PM EDT 2026
==================================================
Reading parameters from sweep_configs_sweet_spot/config_116.json...
Executing 3D FDTD Simulation: Alpha=80.0 deg, Theta=80.0 deg, d=0.2 um, L=2.0 um, Res=40...

Elapsed run time = 0.1592 s

Elapsed run time = 0.1657 s

Elapsed run time = 0.1676 s

Elapsed run time = 0.1518 s

Elapsed run time = 0.1636 s

Elapsed run time = 0.1562 s

Elapsed run time = 0.1535 s

Elapsed run time = 0.1357 s

Elapsed run time = 0.1438 s

Elapsed run time = 0.1619 s

Elapsed run time = 0.1569 s

Elapsed run time = 0.1691 s

Elapsed run time = 0.1339 s

Elapsed run time = 0.1570 s

Elapsed run time = 0.1708 s

Elapsed run time = 0.1441 s

Elapsed run time = 0.1529 s

Elapsed run time = 0.1462 s

Elapsed run time = 0.1558 s

Elapsed run time = 0.1388 s

Elapsed run time = 0.1583 s

Elapsed run time = 0.1369 s

Elapsed run time = 0.1704 s

Elapsed run time = 0.1370 s

Elapsed run time = 0.1334 s

Elapsed run time = 0.1353 s

Elapsed run time = 0.1236 s

Elapsed run time = 0.1541 s

Elapsed run time = 0.1299 s

Elapsed run time = 0.1506 s

Elapsed run time = 0.1525 s

Elapsed run time = 0.1307 s

Elapsed run time = 0.1407 s

Elapsed run time = 0.1651 s

Elapsed run time = 0.1581 s

Elapsed run time = 0.1653 s

Elapsed run time = 0.1759 s

Elapsed run time = 0.1746 s

Elapsed run time = 0.1448 s

Elapsed run time = 0.1789 s

Elapsed run time = 0.1373 s

Elapsed run time = 0.1288 s

Elapsed run time = 0.1383 s

Elapsed run time = 0.1379 s

Elapsed run time = 0.1386 s

Elapsed run time = 0.1365 s

Elapsed run time = 0.1376 s

Elapsed run time = 0.1268 s

Elapsed run time = 0.1249 s

Elapsed run time = 0.1281 s

Elapsed run time = 0.1427 s

Elapsed run time = 0.1596 s

Elapsed run time = 0.1449 s

Elapsed run time = 0.1401 s

Elapsed run time = 0.1322 s

Elapsed run time = 0.1320 s

Elapsed run time = 0.1843 s

Elapsed run time = 0.1646 s

Elapsed run time = 0.1336 s

Elapsed run time = 0.1480 s

Elapsed run time = 0.1298 s

Elapsed run time = 0.1316 s

Elapsed run time = 0.1437 s

Elapsed run time = 0.1388 s

Elapsed run time = 0.1528 s

Elapsed run time = 0.1398 s

Elapsed run time = 0.1596 s

Elapsed run time = 0.1448 s

Elapsed run time = 0.1354 s

Elapsed run time = 0.1381 s

Elapsed run time = 0.1368 s

Elapsed run time = 0.1442 s

Elapsed run time = 0.1373 s

Elapsed run time = 0.1447 s

Elapsed run time = 0.1465 s

Elapsed run time = 0.1483 s

Elapsed run time = 0.1685 s

Elapsed run time = 0.1479 s

Elapsed run time = 0.1692 s

Elapsed run time = 0.1666 s

Elapsed run time = 0.1811 s

Elapsed run time = 0.1799 s

Elapsed run time = 0.1663 s

Elapsed run time = 0.1582 s

Elapsed run time = 0.1505 s

Elapsed run time = 0.1355 s
Starting simulation: d=0.2 um, N_top=3, N_bottom=3, material=Phosphorene_tuned, resolution=40, nmax=3, theta=80.0, eps_bg=2.1, config=all, stepped_sieve=False, corrugated=True
Parallel configuration: 128 processes running 108 parallel moment partitions.
Task already complete! Found cached result in .tmp/meep_d_0.2000_N_3_corrugated_Nbot_3_Phosphorene_tuned_res_40_theta_80.0_eps_2.1_L_2.00.json (F_sub=-1.340673e-01). Skipping.

Elapsed run time = 0.1318 s

Elapsed run time = 0.1410 s

Elapsed run time = 0.1394 s

Elapsed run time = 0.1328 s

Elapsed run time = 0.1397 s

Elapsed run time = 0.1283 s

Elapsed run time = 0.1609 s

Elapsed run time = 0.1307 s

Elapsed run time = 0.1327 s

Elapsed run time = 0.1370 s

Elapsed run time = 0.1388 s

Elapsed run time = 0.1337 s

Elapsed run time = 0.1474 s

Elapsed run time = 0.1286 s

Elapsed run time = 0.1302 s

Elapsed run time = 0.1329 s

Elapsed run time = 0.1341 s

Elapsed run time = 0.1415 s

Elapsed run time = 0.1424 s

Elapsed run time = 0.1384 s

Elapsed run time = 0.1385 s

Elapsed run time = 0.1319 s

Elapsed run time = 0.1389 s

Elapsed run time = 0.1575 s

Elapsed run time = 0.1768 s

Elapsed run time = 0.1462 s

Elapsed run time = 0.1290 s

Elapsed run time = 0.1838 s

Elapsed run time = 0.1280 s

Elapsed run time = 0.1452 s

Elapsed run time = 0.1354 s

Elapsed run time = 0.1505 s

Elapsed run time = 0.1389 s

Elapsed run time = 0.1441 s

Elapsed run time = 0.1399 s

Elapsed run time = 0.1387 s

Elapsed run time = 0.1446 s

Elapsed run time = 0.1379 s

Elapsed run time = 0.1489 s

Elapsed run time = 0.1804 s

Elapsed run time = 0.1411 s

Elapsed run time = 0.1712 s
Task 116 complete at Thu Sep 10 08:17:21 PM EDT 2026.
