==================================================
SLURM ARRAY TASK ID: 219 / 224
Running on node: x1001c5s7b0n1
Start time: Fri Sep 11 11:04:48 AM EDT 2026
==================================================
Reading parameters from sweep_configs_sweet_spot/config_219.json...
Executing 3D FDTD Simulation: Alpha=85.0 deg, Theta=94.0 deg, d=0.1 um, L=2.0 um, Res=40...
Starting simulation: d=0.1 um, N_top=3, N_bottom=3, material=Phosphorene_tuned, resolution=40, nmax=3, theta=94.0, eps_bg=2.1, config=all, stepped_sieve=False, corrugated=True
Parallel configuration: 128 processes running 108 parallel moment partitions.

Elapsed run time = 0.0583 s

Elapsed run time = 0.0603 s

Elapsed run time = 0.0617 s

Elapsed run time = 0.0634 s

Elapsed run time = 0.0643 s

Elapsed run time = 0.0650 s

Elapsed run time = 0.0681 s

Elapsed run time = 0.0705 s

Elapsed run time = 0.0724 s

Elapsed run time = 0.0736 s

Elapsed run time = 0.0745 s

Elapsed run time = 0.0765 s

Elapsed run time = 0.0777 s

Elapsed run time = 0.0806 s

Elapsed run time = 0.0818 s

Elapsed run time = 0.0836 s

Elapsed run time = 0.0844 s

Elapsed run time = 0.0845 s

Elapsed run time = 0.0848 s

Elapsed run time = 0.0852 s

Elapsed run time = 1398.2128 s

Elapsed run time = 1405.5139 s

Elapsed run time = 1433.7914 s

Elapsed run time = 1437.6737 s

Elapsed run time = 2043.3970 s

Elapsed run time = 2045.0287 s

Elapsed run time = 2047.2066 s

Elapsed run time = 2047.7009 s

Elapsed run time = 2059.3311 s

Elapsed run time = 2066.3666 s

Elapsed run time = 2071.8239 s

Elapsed run time = 2074.9660 s
  [BOTH][Rank 0] Done moment 1/1 (task 0): force_integral=-4.409338e-03

Elapsed run time = 4820.8306 s

Elapsed run time = 4869.5859 s

Elapsed run time = 4874.9596 s

Elapsed run time = 4881.6023 s

Elapsed run time = 4889.5289 s

Elapsed run time = 4899.3836 s

Elapsed run time = 4900.5886 s

Elapsed run time = 4901.5292 s

Elapsed run time = 4901.6997 s

Elapsed run time = 4904.6915 s

Elapsed run time = 4905.0808 s

Elapsed run time = 4905.9636 s

Elapsed run time = 4906.8059 s

Elapsed run time = 4908.6325 s

Elapsed run time = 4908.8542 s

Elapsed run time = 4909.3059 s

Elapsed run time = 4914.0891 s

Elapsed run time = 4914.8373 s

Elapsed run time = 4915.2390 s

Elapsed run time = 4916.2512 s

Elapsed run time = 4918.7930 s

Elapsed run time = 4921.3945 s

Elapsed run time = 4921.7929 s

Elapsed run time = 4922.2941 s

Elapsed run time = 4923.8282 s

Elapsed run time = 4924.0605 s

Elapsed run time = 4924.3685 s

Elapsed run time = 4924.8886 s

Elapsed run time = 4926.6528 s

Elapsed run time = 4927.4898 s

Elapsed run time = 4927.5069 s

Elapsed run time = 4927.8864 s

Elapsed run time = 4928.0356 s

Elapsed run time = 4928.1925 s

Elapsed run time = 4928.4400 s

Elapsed run time = 4928.6996 s

Elapsed run time = 4929.0721 s

Elapsed run time = 4929.8065 s

Elapsed run time = 4931.2676 s

Elapsed run time = 4931.4055 s

Elapsed run time = 4932.1783 s

Elapsed run time = 4933.3759 s

Elapsed run time = 4933.7359 s

Elapsed run time = 4934.4777 s

Elapsed run time = 4934.6936 s

Elapsed run time = 4934.8063 s

Elapsed run time = 4935.5441 s

Elapsed run time = 4936.0970 s

Elapsed run time = 4936.2933 s

Elapsed run time = 4936.5566 s

Elapsed run time = 4937.7500 s

Elapsed run time = 4937.8429 s

Elapsed run time = 4938.3303 s
  [SELF][Rank 0] Done moment 1/1 (task 0): force_integral=+2.425099e-03

Elapsed run time = 4939.4083 s

Elapsed run time = 4939.9142 s

Elapsed run time = 4940.1049 s

Elapsed run time = 4942.1211 s

Elapsed run time = 4942.1416 s

Elapsed run time = 4947.1846 s

Elapsed run time = 4950.3945 s

Elapsed run time = 4950.9570 s

Elapsed run time = 4952.9696 s

Elapsed run time = 4956.1117 s

Elapsed run time = 4956.2620 s

Elapsed run time = 4956.5743 s

Elapsed run time = 4956.6001 s

Elapsed run time = 4956.7584 s

Elapsed run time = 4957.4404 s

Elapsed run time = 4957.6466 s

Elapsed run time = 4958.7251 s

Elapsed run time = 4958.7929 s

Elapsed run time = 4958.9324 s

Elapsed run time = 4959.7232 s

Elapsed run time = 4959.8851 s

Elapsed run time = 4960.2996 s

Elapsed run time = 4960.7808 s

Elapsed run time = 4961.6768 s

Elapsed run time = 4962.2374 s

Elapsed run time = 4962.3176 s

Elapsed run time = 4962.4203 s

Elapsed run time = 4962.5689 s

Elapsed run time = 4962.8253 s

Elapsed run time = 4962.9699 s

Elapsed run time = 4963.6168 s

Elapsed run time = 4963.9944 s

Elapsed run time = 4964.2113 s

Elapsed run time = 4964.2347 s

Elapsed run time = 4964.2409 s

Elapsed run time = 4964.8541 s

Elapsed run time = 4964.9585 s

Elapsed run time = 4965.6249 s

Elapsed run time = 4966.4447 s

Elapsed run time = 4966.9114 s

Elapsed run time = 4969.0411 s

Elapsed run time = 4969.0723 s
Simulation complete. Subtracted force: -3.801612e-01. Saved to .tmp/meep_d_0.1000_N_3_corrugated_al_85.0_Nbot_3_Phosphorene_tuned_res_40_theta_94.0_eps_2.1_L_2.00.json

Elapsed run time = 4969.4106 s
Task 219 complete at Fri Sep 11 12:27:43 PM EDT 2026.
