==================================================
SLURM ARRAY TASK ID: 97 / 224
Running on node: x1002c4s7b0n0
Start time: Fri Sep 11 04:54:41 AM EDT 2026
==================================================
Reading parameters from sweep_configs_sweet_spot/config_097.json...
Executing 3D FDTD Simulation: Alpha=75.0 deg, Theta=90.0 deg, d=0.3 um, L=2.0 um, Res=40...
Starting simulation: d=0.3 um, N_top=3, N_bottom=3, material=Phosphorene_tuned, resolution=40, nmax=3, theta=90.0, eps_bg=2.1, config=all, stepped_sieve=False, corrugated=True
Parallel configuration: 128 processes running 108 parallel moment partitions.

Elapsed run time = 0.1126 s

Elapsed run time = 0.1138 s

Elapsed run time = 0.1148 s

Elapsed run time = 0.1155 s

Elapsed run time = 0.1163 s

Elapsed run time = 0.1171 s

Elapsed run time = 0.1185 s

Elapsed run time = 0.1194 s

Elapsed run time = 0.1208 s

Elapsed run time = 0.1226 s

Elapsed run time = 0.1435 s

Elapsed run time = 0.1437 s

Elapsed run time = 0.1443 s

Elapsed run time = 0.1450 s

Elapsed run time = 0.1457 s

Elapsed run time = 0.1458 s

Elapsed run time = 0.1461 s

Elapsed run time = 0.1468 s

Elapsed run time = 0.1474 s

Elapsed run time = 0.1507 s

Elapsed run time = 1529.0938 s

Elapsed run time = 1531.3091 s

Elapsed run time = 1562.0540 s

Elapsed run time = 1562.9673 s

Elapsed run time = 2227.4254 s

Elapsed run time = 2227.6345 s

Elapsed run time = 2228.4575 s

Elapsed run time = 2229.5899 s

Elapsed run time = 2250.1216 s

Elapsed run time = 2251.6070 s

Elapsed run time = 2262.2212 s

Elapsed run time = 2264.7949 s
  [BOTH][Rank 0] Done moment 1/1 (task 0): force_integral=-1.558809e-03

Elapsed run time = 5235.3337 s

Elapsed run time = 5254.3491 s

Elapsed run time = 5256.9684 s

Elapsed run time = 5262.8632 s

Elapsed run time = 5267.1215 s

Elapsed run time = 5279.1067 s

Elapsed run time = 5279.7428 s

Elapsed run time = 5282.7955 s

Elapsed run time = 5283.6551 s

Elapsed run time = 5287.4087 s

Elapsed run time = 5288.5827 s

Elapsed run time = 5291.6239 s

Elapsed run time = 5292.3755 s

Elapsed run time = 5293.4739 s

Elapsed run time = 5293.4981 s

Elapsed run time = 5294.5659 s

Elapsed run time = 5294.8117 s

Elapsed run time = 5295.5590 s

Elapsed run time = 5295.7233 s

Elapsed run time = 5297.1209 s

Elapsed run time = 5298.2517 s

Elapsed run time = 5298.3709 s

Elapsed run time = 5300.8644 s

Elapsed run time = 5301.0981 s

Elapsed run time = 5301.3593 s

Elapsed run time = 5301.4168 s

Elapsed run time = 5301.8402 s

Elapsed run time = 5301.8865 s

Elapsed run time = 5302.4926 s

Elapsed run time = 5303.2753 s

Elapsed run time = 5303.5793 s

Elapsed run time = 5306.4924 s

Elapsed run time = 5306.6239 s

Elapsed run time = 5306.8436 s

Elapsed run time = 5306.9054 s

Elapsed run time = 5307.1369 s

Elapsed run time = 5307.1598 s

Elapsed run time = 5309.0277 s
  [SELF][Rank 0] Done moment 1/1 (task 0): force_integral=-1.871304e-04

Elapsed run time = 5309.9594 s

Elapsed run time = 5310.4205 s

Elapsed run time = 5311.6826 s

Elapsed run time = 5311.7397 s

Elapsed run time = 5312.0297 s

Elapsed run time = 5312.5733 s

Elapsed run time = 5313.6241 s

Elapsed run time = 5315.9435 s

Elapsed run time = 5316.4591 s

Elapsed run time = 5319.0154 s

Elapsed run time = 5321.9599 s

Elapsed run time = 5322.6986 s

Elapsed run time = 5323.3748 s

Elapsed run time = 5325.8776 s

Elapsed run time = 5326.2690 s

Elapsed run time = 5326.5552 s

Elapsed run time = 5327.3676 s

Elapsed run time = 5328.8799 s

Elapsed run time = 5329.0989 s

Elapsed run time = 5330.2615 s

Elapsed run time = 5330.7600 s

Elapsed run time = 5331.1204 s

Elapsed run time = 5331.2897 s

Elapsed run time = 5331.7262 s

Elapsed run time = 5332.0024 s

Elapsed run time = 5333.2563 s

Elapsed run time = 5333.5855 s

Elapsed run time = 5333.8595 s

Elapsed run time = 5334.3488 s

Elapsed run time = 5334.7614 s

Elapsed run time = 5335.0777 s

Elapsed run time = 5335.0799 s

Elapsed run time = 5336.2324 s

Elapsed run time = 5336.3129 s

Elapsed run time = 5338.0796 s

Elapsed run time = 5338.3650 s

Elapsed run time = 5338.8041 s

Elapsed run time = 5339.0383 s

Elapsed run time = 5339.3375 s

Elapsed run time = 5339.3782 s

Elapsed run time = 5340.3363 s

Elapsed run time = 5340.9863 s

Elapsed run time = 5341.3908 s

Elapsed run time = 5341.8614 s

Elapsed run time = 5342.1418 s

Elapsed run time = 5342.9582 s

Elapsed run time = 5342.9721 s

Elapsed run time = 5343.0977 s

Elapsed run time = 5343.3135 s

Elapsed run time = 5345.5474 s

Elapsed run time = 5347.7001 s

Elapsed run time = 5352.6506 s

Elapsed run time = 5355.2731 s

Elapsed run time = 5356.4873 s

Elapsed run time = 5358.8550 s

Elapsed run time = 5358.9891 s

Elapsed run time = 5359.8446 s
Simulation complete. Subtracted force: -4.216413e-02. Saved to .tmp/meep_d_0.3000_N_3_corrugated_al_75.0_Nbot_3_Phosphorene_tuned_res_40_theta_90.0_eps_2.1_L_2.00.json

Elapsed run time = 5360.6549 s
Task 97 complete at Fri Sep 11 06:24:14 AM EDT 2026.
