==================================================
SLURM ARRAY TASK ID: 58 / 224
Running on node: x1000c4s1b1n0
Start time: Thu Sep 10 11:46:23 PM EDT 2026
==================================================
Reading parameters from sweep_configs_sweet_spot/config_058.json...
Executing 3D FDTD Simulation: Alpha=75.0 deg, Theta=80.0 deg, d=0.1 um, L=2.0 um, Res=40...
Starting simulation: d=0.1 um, N_top=3, N_bottom=3, material=Phosphorene_tuned, resolution=40, nmax=3, theta=80.0, eps_bg=2.1, config=all, stepped_sieve=False, corrugated=True
Parallel configuration: 128 processes running 108 parallel moment partitions.

Elapsed run time = 0.0353 s

Elapsed run time = 0.0356 s

Elapsed run time = 0.0354 s

Elapsed run time = 0.0358 s

Elapsed run time = 0.0356 s

Elapsed run time = 0.0357 s

Elapsed run time = 0.0355 s

Elapsed run time = 0.0356 s

Elapsed run time = 0.0355 s

Elapsed run time = 0.0353 s

Elapsed run time = 0.0355 s

Elapsed run time = 0.0351 s

Elapsed run time = 0.0358 s

Elapsed run time = 0.0353 s

Elapsed run time = 0.0356 s

Elapsed run time = 0.0356 s

Elapsed run time = 0.0360 s

Elapsed run time = 0.0358 s

Elapsed run time = 0.0356 s

Elapsed run time = 0.0359 s

Elapsed run time = 1462.8665 s

Elapsed run time = 1495.4353 s

Elapsed run time = 2084.0589 s

Elapsed run time = 2115.6018 s

Elapsed run time = 2124.9131 s

Elapsed run time = 2133.8409 s

Elapsed run time = 2134.7990 s

Elapsed run time = 2159.7923 s

Elapsed run time = 2963.4177 s

Elapsed run time = 2967.1407 s

Elapsed run time = 2981.6275 s

Elapsed run time = 2991.2588 s

Elapsed run time = 4978.1699 s

Elapsed run time = 4983.3220 s

Elapsed run time = 4999.4755 s

Elapsed run time = 5008.3150 s

Elapsed run time = 5012.1776 s

Elapsed run time = 5012.5619 s

Elapsed run time = 5013.1895 s

Elapsed run time = 5017.6508 s

Elapsed run time = 5033.6297 s

Elapsed run time = 5035.8023 s

Elapsed run time = 5041.5295 s

Elapsed run time = 5045.9754 s

Elapsed run time = 5053.2465 s

Elapsed run time = 5053.4661 s

Elapsed run time = 5054.2477 s

Elapsed run time = 5054.3473 s

Elapsed run time = 5102.3045 s

Elapsed run time = 5117.1187 s

Elapsed run time = 5118.2920 s

Elapsed run time = 5120.1371 s

Elapsed run time = 5120.6977 s

Elapsed run time = 5131.5119 s

Elapsed run time = 5132.7056 s

Elapsed run time = 5133.2997 s

Elapsed run time = 5143.1157 s

Elapsed run time = 5148.5104 s

Elapsed run time = 5152.1869 s

Elapsed run time = 5158.6941 s

Elapsed run time = 5158.7280 s

Elapsed run time = 5159.6937 s

Elapsed run time = 5160.4534 s

Elapsed run time = 5161.7592 s

Elapsed run time = 5192.3722 s

Elapsed run time = 5201.3384 s

Elapsed run time = 5224.9799 s

Elapsed run time = 5226.2041 s

Elapsed run time = 5226.2919 s

Elapsed run time = 5226.6567 s

Elapsed run time = 5227.9041 s

Elapsed run time = 5231.3003 s

Elapsed run time = 5251.3343 s

Elapsed run time = 5251.4889 s

Elapsed run time = 5256.8923 s

Elapsed run time = 5257.3056 s

Elapsed run time = 5259.2723 s

Elapsed run time = 5261.3070 s

Elapsed run time = 5261.6378 s

Elapsed run time = 5261.7248 s
  [BOTH][Rank 0] Done moment 1/1 (task 0): force_integral=-1.911872e-03

Elapsed run time = 8734.3536 s

Elapsed run time = 8748.0230 s

Elapsed run time = 8753.1721 s

Elapsed run time = 8762.4210 s

Elapsed run time = 8779.7412 s

Elapsed run time = 8826.7448 s

Elapsed run time = 8851.6783 s

Elapsed run time = 8869.1855 s

Elapsed run time = 8883.8856 s

Elapsed run time = 8902.4170 s

Elapsed run time = 8999.2264 s

Elapsed run time = 9009.0299 s

Elapsed run time = 9038.9155 s

Elapsed run time = 9045.0344 s

Elapsed run time = 9112.6818 s

Elapsed run time = 9113.8159 s

Elapsed run time = 10050.2298 s

Elapsed run time = 10093.1170 s

Elapsed run time = 10133.6803 s

Elapsed run time = 10175.1787 s

Elapsed run time = 10192.9190 s

Elapsed run time = 10208.5249 s

Elapsed run time = 10211.5493 s

Elapsed run time = 10223.8036 s

Elapsed run time = 10234.8652 s

Elapsed run time = 10237.1330 s

Elapsed run time = 10270.9650 s
  [SELF][Rank 0] Done moment 1/1 (task 0): force_integral=+4.671529e-03

Elapsed run time = 10299.4587 s

Elapsed run time = 10323.4456 s

Elapsed run time = 10323.8358 s

Elapsed run time = 10323.9599 s

Elapsed run time = 10519.8163 s

Elapsed run time = 10533.7471 s

Elapsed run time = 10543.0944 s

Elapsed run time = 10546.2300 s

Elapsed run time = 10566.0351 s

Elapsed run time = 10570.8339 s

Elapsed run time = 10579.2288 s

Elapsed run time = 10581.4233 s

Elapsed run time = 10583.5744 s

Elapsed run time = 10604.4580 s

Elapsed run time = 10608.2723 s

Elapsed run time = 10613.7730 s

Elapsed run time = 10614.9318 s

Elapsed run time = 10627.4754 s

Elapsed run time = 10634.2320 s

Elapsed run time = 10634.8475 s
Simulation complete. Subtracted force: 1.537799e-01. Saved to .tmp/meep_d_0.1000_N_3_corrugated_al_75.0_Nbot_3_Phosphorene_tuned_res_40_theta_80.0_eps_2.1_L_2.00.json

Elapsed run time = 10636.6476 s
Task 58 complete at Fri Sep 11 02:43:46 AM EDT 2026.
