==================================================
SLURM ARRAY TASK ID: 57 / 224
Running on node: x1000c7s0b1n1
Start time: Thu Sep 10 04:30:51 PM EDT 2026
==================================================
Reading parameters from sweep_configs_sweet_spot/config_057.json...
Executing 3D FDTD Simulation: Alpha=75.0 deg, Theta=80.0 deg, d=0.05 um, L=2.0 um, Res=40...

Elapsed run time = 0.0908 s

Elapsed run time = 0.0912 s

Elapsed run time = 0.0922 s

Elapsed run time = 0.0931 s

Elapsed run time = 0.0926 s

Elapsed run time = 0.0928 s

Elapsed run time = 0.0919 s

Elapsed run time = 0.0914 s

Elapsed run time = 0.0930 s

Elapsed run time = 0.0928 s

Elapsed run time = 0.0925 s

Elapsed run time = 0.0926 s

Elapsed run time = 0.0918 s

Elapsed run time = 0.0924 s

Elapsed run time = 0.0924 s

Elapsed run time = 0.0928 s

Elapsed run time = 0.0933 s

Elapsed run time = 0.0932 s

Elapsed run time = 0.0927 s

Elapsed run time = 0.0927 s

Elapsed run time = 0.0930 s

Elapsed run time = 0.0927 s

Elapsed run time = 0.0930 s

Elapsed run time = 0.0932 s

Elapsed run time = 0.0928 s

Elapsed run time = 0.0917 s

Elapsed run time = 0.0929 s

Elapsed run time = 0.0923 s

Elapsed run time = 0.0926 s

Elapsed run time = 0.0931 s

Elapsed run time = 0.0929 s

Elapsed run time = 0.0927 s

Elapsed run time = 0.0916 s

Elapsed run time = 0.0935 s

Elapsed run time = 0.0929 s

Elapsed run time = 0.0926 s

Elapsed run time = 0.0926 s

Elapsed run time = 0.0928 s

Elapsed run time = 0.0930 s

Elapsed run time = 0.0931 s

Elapsed run time = 0.0917 s

Elapsed run time = 0.0929 s

Elapsed run time = 0.0930 s

Elapsed run time = 0.0928 s

Elapsed run time = 0.0928 s

Elapsed run time = 0.0930 s

Elapsed run time = 0.0930 s

Elapsed run time = 0.0932 s

Elapsed run time = 0.0930 s

Elapsed run time = 0.0928 s

Elapsed run time = 0.0928 s

Elapsed run time = 0.0926 s

Elapsed run time = 0.0924 s
Starting simulation: d=0.05 um, N_top=3, N_bottom=3, material=Phosphorene_tuned, resolution=40, nmax=3, theta=80.0, eps_bg=2.1, config=all, stepped_sieve=False, corrugated=True
Parallel configuration: 128 processes running 108 parallel moment partitions.
Task already complete! Found cached result in .tmp/meep_d_0.0500_N_3_corrugated_Nbot_3_Phosphorene_tuned_res_40_theta_80.0_eps_2.1_L_2.00.json (F_sub=-4.499228e+01). Skipping.

Elapsed run time = 0.0915 s

Elapsed run time = 0.0937 s

Elapsed run time = 0.0932 s

Elapsed run time = 0.0920 s

Elapsed run time = 0.0920 s

Elapsed run time = 0.0920 s

Elapsed run time = 0.0928 s

Elapsed run time = 0.0931 s

Elapsed run time = 0.0931 s

Elapsed run time = 0.0929 s

Elapsed run time = 0.0932 s

Elapsed run time = 0.0929 s

Elapsed run time = 0.0931 s

Elapsed run time = 0.0930 s

Elapsed run time = 0.0932 s

Elapsed run time = 0.0926 s

Elapsed run time = 0.0920 s

Elapsed run time = 0.0937 s

Elapsed run time = 0.0936 s

Elapsed run time = 0.0932 s

Elapsed run time = 0.0937 s

Elapsed run time = 0.0936 s

Elapsed run time = 0.0935 s

Elapsed run time = 0.0935 s

Elapsed run time = 0.0931 s

Elapsed run time = 0.0934 s

Elapsed run time = 0.0934 s

Elapsed run time = 0.0927 s

Elapsed run time = 0.0929 s

Elapsed run time = 0.0919 s

Elapsed run time = 0.0938 s

Elapsed run time = 0.0931 s

Elapsed run time = 0.0935 s

Elapsed run time = 0.0932 s

Elapsed run time = 0.0935 s

Elapsed run time = 0.0931 s

Elapsed run time = 0.0931 s

Elapsed run time = 0.0933 s

Elapsed run time = 0.0923 s

Elapsed run time = 0.0931 s

Elapsed run time = 0.0932 s

Elapsed run time = 0.0932 s

Elapsed run time = 0.0939 s

Elapsed run time = 0.0930 s

Elapsed run time = 0.0930 s

Elapsed run time = 0.0924 s

Elapsed run time = 0.0927 s

Elapsed run time = 0.0936 s

Elapsed run time = 0.0925 s

Elapsed run time = 0.0922 s

Elapsed run time = 0.0936 s

Elapsed run time = 0.0933 s

Elapsed run time = 0.0937 s

Elapsed run time = 0.0921 s

Elapsed run time = 0.0930 s

Elapsed run time = 0.0936 s

Elapsed run time = 0.0937 s

Elapsed run time = 0.0934 s

Elapsed run time = 0.0938 s

Elapsed run time = 0.0931 s

Elapsed run time = 0.0932 s

Elapsed run time = 0.0932 s

Elapsed run time = 0.0923 s

Elapsed run time = 0.0930 s

Elapsed run time = 0.0922 s

Elapsed run time = 0.0930 s

Elapsed run time = 0.0921 s

Elapsed run time = 0.0932 s

Elapsed run time = 0.0929 s

Elapsed run time = 0.0937 s

Elapsed run time = 0.0934 s

Elapsed run time = 0.0934 s

Elapsed run time = 0.0934 s

Elapsed run time = 0.0932 s

Elapsed run time = 0.0928 s
Task 57 complete at Thu Sep 10 04:31:00 PM EDT 2026.
