==================================================
SLURM ARRAY TASK ID: 93 / 224
Running on node: x1002c7s7b0n0
Start time: Fri Sep 11 04:19:04 AM EDT 2026
==================================================
Reading parameters from sweep_configs_sweet_spot/config_093.json...
Executing 3D FDTD Simulation: Alpha=75.0 deg, Theta=90.0 deg, d=0.1 um, L=2.0 um, Res=40...
Starting simulation: d=0.1 um, N_top=3, N_bottom=3, material=Phosphorene_tuned, resolution=40, nmax=3, theta=90.0, eps_bg=2.1, config=all, stepped_sieve=False, corrugated=True
Parallel configuration: 128 processes running 108 parallel moment partitions.

Elapsed run time = 0.0781 s

Elapsed run time = 0.0779 s

Elapsed run time = 0.0772 s

Elapsed run time = 0.0775 s

Elapsed run time = 0.0772 s

Elapsed run time = 0.0772 s

Elapsed run time = 0.0781 s

Elapsed run time = 0.0773 s

Elapsed run time = 0.0778 s

Elapsed run time = 0.0782 s

Elapsed run time = 0.0775 s

Elapsed run time = 0.0780 s

Elapsed run time = 0.0778 s

Elapsed run time = 0.0782 s

Elapsed run time = 0.0832 s

Elapsed run time = 0.0824 s

Elapsed run time = 0.0834 s

Elapsed run time = 0.0826 s

Elapsed run time = 0.0863 s

Elapsed run time = 0.0870 s

Elapsed run time = 1400.2912 s

Elapsed run time = 1401.9815 s

Elapsed run time = 1432.9794 s

Elapsed run time = 1436.4278 s

Elapsed run time = 2033.1308 s

Elapsed run time = 2033.4404 s

Elapsed run time = 2045.3791 s

Elapsed run time = 2047.5531 s

Elapsed run time = 2057.0394 s

Elapsed run time = 2063.6243 s

Elapsed run time = 2071.4073 s

Elapsed run time = 2075.6329 s
  [BOTH][Rank 0] Done moment 1/1 (task 0): force_integral=-2.344845e-03

Elapsed run time = 4839.1585 s

Elapsed run time = 4883.6556 s

Elapsed run time = 4885.2700 s

Elapsed run time = 4893.5517 s

Elapsed run time = 4893.9211 s

Elapsed run time = 4896.4641 s

Elapsed run time = 4897.8560 s

Elapsed run time = 4897.9631 s

Elapsed run time = 4899.0357 s

Elapsed run time = 4900.5396 s

Elapsed run time = 4902.1978 s

Elapsed run time = 4903.0860 s

Elapsed run time = 4905.5112 s

Elapsed run time = 4905.5850 s

Elapsed run time = 4906.3157 s

Elapsed run time = 4906.7384 s

Elapsed run time = 4907.2821 s

Elapsed run time = 4911.9003 s

Elapsed run time = 4911.9050 s

Elapsed run time = 4912.0011 s

Elapsed run time = 4912.3742 s

Elapsed run time = 4919.0505 s

Elapsed run time = 4919.1591 s

Elapsed run time = 4920.2617 s

Elapsed run time = 4920.3845 s

Elapsed run time = 4920.9591 s

Elapsed run time = 4921.6018 s

Elapsed run time = 4921.7718 s

Elapsed run time = 4923.3444 s

Elapsed run time = 4923.5819 s

Elapsed run time = 4923.8059 s

Elapsed run time = 4924.7924 s

Elapsed run time = 4925.4207 s

Elapsed run time = 4926.1262 s

Elapsed run time = 4926.3472 s

Elapsed run time = 4926.6044 s

Elapsed run time = 4926.6496 s

Elapsed run time = 4927.0186 s

Elapsed run time = 4927.9110 s

Elapsed run time = 4928.9757 s

Elapsed run time = 4930.8220 s

Elapsed run time = 4930.8302 s

Elapsed run time = 4931.0890 s

Elapsed run time = 4931.1001 s

Elapsed run time = 4931.5826 s

Elapsed run time = 4932.8667 s
  [SELF][Rank 0] Done moment 1/1 (task 0): force_integral=+4.680683e-03

Elapsed run time = 4933.4441 s

Elapsed run time = 4934.1752 s

Elapsed run time = 4934.1871 s

Elapsed run time = 4936.2893 s

Elapsed run time = 4937.4489 s

Elapsed run time = 4939.2462 s

Elapsed run time = 4939.7037 s

Elapsed run time = 4939.8669 s

Elapsed run time = 4940.0113 s

Elapsed run time = 4941.4212 s

Elapsed run time = 4942.8938 s

Elapsed run time = 4943.3248 s

Elapsed run time = 4943.7748 s

Elapsed run time = 4944.0743 s

Elapsed run time = 4944.2537 s

Elapsed run time = 4945.9680 s

Elapsed run time = 4947.8734 s

Elapsed run time = 4949.0996 s

Elapsed run time = 4950.7459 s

Elapsed run time = 4950.8984 s

Elapsed run time = 4951.2653 s

Elapsed run time = 4952.0397 s

Elapsed run time = 4952.4349 s

Elapsed run time = 4952.5770 s

Elapsed run time = 4952.8621 s

Elapsed run time = 4953.4144 s

Elapsed run time = 4953.7945 s

Elapsed run time = 4954.1720 s

Elapsed run time = 4955.2937 s

Elapsed run time = 4955.6538 s

Elapsed run time = 4955.8324 s

Elapsed run time = 4955.9469 s

Elapsed run time = 4956.6934 s

Elapsed run time = 4956.8053 s

Elapsed run time = 4957.4910 s

Elapsed run time = 4957.7252 s

Elapsed run time = 4957.9501 s

Elapsed run time = 4959.0139 s

Elapsed run time = 4959.0307 s

Elapsed run time = 4959.1780 s

Elapsed run time = 4959.5082 s

Elapsed run time = 4960.2185 s

Elapsed run time = 4960.3672 s

Elapsed run time = 4960.5550 s

Elapsed run time = 4961.9093 s

Elapsed run time = 4962.7818 s

Elapsed run time = 4966.0845 s

Elapsed run time = 4967.0245 s

Elapsed run time = 4967.0585 s
Simulation complete. Subtracted force: 2.238760e-02. Saved to .tmp/meep_d_0.1000_N_3_corrugated_al_75.0_Nbot_3_Phosphorene_tuned_res_40_theta_90.0_eps_2.1_L_2.00.json

Elapsed run time = 4967.8049 s
Task 93 complete at Fri Sep 11 05:42:03 AM EDT 2026.
