==================================================
SLURM ARRAY TASK ID: 190 / 224
Running on node: x1002c5s1b1n1
Start time: Thu Sep 10 08:18:41 PM EDT 2026
==================================================
Reading parameters from sweep_configs_sweet_spot/config_190.json...
Executing 3D FDTD Simulation: Alpha=85.0 deg, Theta=86.0 deg, d=0.05 um, L=2.0 um, Res=40...

Elapsed run time = 0.0484 s

Elapsed run time = 0.0435 s

Elapsed run time = 0.0494 s

Elapsed run time = 0.0419 s

Elapsed run time = 0.0248 s

Elapsed run time = 0.0226 s

Elapsed run time = 0.0478 s

Elapsed run time = 0.0495 s

Elapsed run time = 0.0229 s

Elapsed run time = 0.0232 s

Elapsed run time = 0.0254 s

Elapsed run time = 0.0247 s

Elapsed run time = 0.0259 s

Elapsed run time = 0.0240 s

Elapsed run time = 0.0230 s

Elapsed run time = 0.0240 s

Elapsed run time = 0.0235 s

Elapsed run time = 0.0220 s

Elapsed run time = 0.0485 s

Elapsed run time = 0.0486 s

Elapsed run time = 0.0232 s

Elapsed run time = 0.0211 s

Elapsed run time = 0.0228 s

Elapsed run time = 0.0427 s

Elapsed run time = 0.0230 s
Starting simulation: d=0.05 um, N_top=3, N_bottom=3, material=Phosphorene_tuned, resolution=40, nmax=3, theta=86.0, eps_bg=2.1, config=all, stepped_sieve=False, corrugated=True
Parallel configuration: 128 processes running 108 parallel moment partitions.
Task already complete! Found cached result in .tmp/meep_d_0.0500_N_3_corrugated_Nbot_3_Phosphorene_tuned_res_40_theta_86.0_eps_2.1_L_2.00.json (F_sub=-5.102380e+01). Skipping.

Elapsed run time = 0.0110 s

Elapsed run time = 0.0458 s

Elapsed run time = 0.0192 s

Elapsed run time = 0.0471 s

Elapsed run time = 0.0290 s

Elapsed run time = 0.0131 s

Elapsed run time = 0.0155 s

Elapsed run time = 0.0187 s

Elapsed run time = 0.0176 s

Elapsed run time = 0.0473 s

Elapsed run time = 0.0122 s

Elapsed run time = 0.0157 s

Elapsed run time = 0.0127 s

Elapsed run time = 0.0165 s

Elapsed run time = 0.0498 s

Elapsed run time = 0.0125 s

Elapsed run time = 0.0491 s

Elapsed run time = 0.0276 s

Elapsed run time = 0.0170 s

Elapsed run time = 0.0417 s

Elapsed run time = 0.0162 s

Elapsed run time = 0.0148 s

Elapsed run time = 0.0408 s

Elapsed run time = 0.0144 s

Elapsed run time = 0.0102 s

Elapsed run time = 0.0391 s

Elapsed run time = 0.0485 s

Elapsed run time = 0.0382 s

Elapsed run time = 0.0213 s

Elapsed run time = 0.0386 s

Elapsed run time = 0.0125 s

Elapsed run time = 0.0127 s

Elapsed run time = 0.0436 s

Elapsed run time = 0.0438 s

Elapsed run time = 0.0104 s

Elapsed run time = 0.0147 s

Elapsed run time = 0.0221 s

Elapsed run time = 0.0105 s

Elapsed run time = 0.0207 s

Elapsed run time = 0.0065 s

Elapsed run time = 0.0205 s

Elapsed run time = 0.0093 s

Elapsed run time = 0.0507 s

Elapsed run time = 0.0088 s

Elapsed run time = 0.0106 s

Elapsed run time = 0.0211 s

Elapsed run time = 0.0103 s

Elapsed run time = 0.0139 s

Elapsed run time = 0.0327 s

Elapsed run time = 0.0152 s

Elapsed run time = 0.0107 s

Elapsed run time = 0.0388 s

Elapsed run time = 0.0159 s

Elapsed run time = 0.0166 s

Elapsed run time = 0.0319 s

Elapsed run time = 0.0167 s

Elapsed run time = 0.0168 s

Elapsed run time = 0.0300 s

Elapsed run time = 0.0166 s

Elapsed run time = 0.0315 s

Elapsed run time = 0.0174 s

Elapsed run time = 0.0171 s

Elapsed run time = 0.0294 s

Elapsed run time = 0.0216 s

Elapsed run time = 0.0172 s

Elapsed run time = 0.0446 s

Elapsed run time = 0.0233 s

Elapsed run time = 0.0222 s

Elapsed run time = 0.0222 s

Elapsed run time = 0.0226 s

Elapsed run time = 0.0208 s

Elapsed run time = 0.0226 s

Elapsed run time = 0.0204 s

Elapsed run time = 0.0475 s

Elapsed run time = 0.0319 s

Elapsed run time = 0.0388 s

Elapsed run time = 0.0407 s

Elapsed run time = 0.0139 s

Elapsed run time = 0.0425 s

Elapsed run time = 0.0173 s

Elapsed run time = 0.0147 s

Elapsed run time = 0.0506 s

Elapsed run time = 0.0307 s

Elapsed run time = 0.0210 s

Elapsed run time = 0.0123 s

Elapsed run time = 0.0279 s

Elapsed run time = 0.0284 s

Elapsed run time = 0.0151 s

Elapsed run time = 0.0304 s

Elapsed run time = 0.0400 s

Elapsed run time = 0.0128 s

Elapsed run time = 0.0163 s

Elapsed run time = 0.0177 s

Elapsed run time = 0.0128 s

Elapsed run time = 0.0282 s

Elapsed run time = 0.0113 s

Elapsed run time = 0.0170 s

Elapsed run time = 0.0449 s

Elapsed run time = 0.0316 s

Elapsed run time = 0.0452 s

Elapsed run time = 0.0509 s

Elapsed run time = 0.0343 s

Elapsed run time = 0.0429 s
Task 190 complete at Thu Sep 10 08:18:45 PM EDT 2026.
