==================================================
SLURM ARRAY TASK ID: 109 / 224
Running on node: x1002c3s5b0n1
Start time: Fri Sep 11 06:16:46 AM EDT 2026
==================================================
Reading parameters from sweep_configs_sweet_spot/config_109.json...
Executing 3D FDTD Simulation: Alpha=75.0 deg, Theta=94.0 deg, d=0.2 um, L=2.0 um, Res=40...
Starting simulation: d=0.2 um, N_top=3, N_bottom=3, material=Phosphorene_tuned, resolution=40, nmax=3, theta=94.0, eps_bg=2.1, config=all, stepped_sieve=False, corrugated=True
Parallel configuration: 128 processes running 108 parallel moment partitions.

Elapsed run time = 0.1072 s

Elapsed run time = 0.1069 s

Elapsed run time = 0.1072 s

Elapsed run time = 0.1070 s

Elapsed run time = 0.1074 s

Elapsed run time = 0.1072 s

Elapsed run time = 0.1072 s

Elapsed run time = 0.1069 s

Elapsed run time = 0.1071 s

Elapsed run time = 0.1072 s

Elapsed run time = 0.1072 s

Elapsed run time = 0.1069 s

Elapsed run time = 0.1071 s

Elapsed run time = 0.1071 s

Elapsed run time = 0.1071 s

Elapsed run time = 0.1070 s

Elapsed run time = 0.1071 s

Elapsed run time = 0.1072 s

Elapsed run time = 0.1076 s

Elapsed run time = 0.1073 s

Elapsed run time = 1473.9105 s

Elapsed run time = 1477.4110 s

Elapsed run time = 1507.6235 s

Elapsed run time = 1511.2374 s

Elapsed run time = 2152.4137 s

Elapsed run time = 2153.6562 s

Elapsed run time = 2160.5630 s

Elapsed run time = 2160.8839 s

Elapsed run time = 2166.0935 s

Elapsed run time = 2173.9853 s

Elapsed run time = 2179.8582 s

Elapsed run time = 2184.8441 s
  [BOTH][Rank 0] Done moment 1/1 (task 0): force_integral=-6.916832e-04

Elapsed run time = 5029.4515 s

Elapsed run time = 5049.5083 s

Elapsed run time = 5053.7485 s

Elapsed run time = 5072.4403 s

Elapsed run time = 5084.4590 s

Elapsed run time = 5089.5522 s

Elapsed run time = 5090.8971 s

Elapsed run time = 5093.5624 s

Elapsed run time = 5097.1655 s

Elapsed run time = 5099.8528 s

Elapsed run time = 5100.6449 s

Elapsed run time = 5101.3033 s

Elapsed run time = 5101.7689 s

Elapsed run time = 5104.8964 s

Elapsed run time = 5104.9108 s

Elapsed run time = 5106.6272 s

Elapsed run time = 5106.8731 s

Elapsed run time = 5106.9341 s

Elapsed run time = 5108.2177 s

Elapsed run time = 5110.2226 s

Elapsed run time = 5114.9144 s

Elapsed run time = 5116.0178 s

Elapsed run time = 5116.3279 s

Elapsed run time = 5120.0476 s

Elapsed run time = 5121.7925 s

Elapsed run time = 5122.0056 s

Elapsed run time = 5122.6554 s

Elapsed run time = 5122.6690 s

Elapsed run time = 5123.5235 s

Elapsed run time = 5123.7651 s

Elapsed run time = 5125.2914 s

Elapsed run time = 5125.5869 s

Elapsed run time = 5125.9402 s

Elapsed run time = 5127.0289 s

Elapsed run time = 5127.1159 s

Elapsed run time = 5127.4869 s

Elapsed run time = 5127.5116 s
  [SELF][Rank 0] Done moment 1/1 (task 0): force_integral=+2.333318e-03

Elapsed run time = 5129.7286 s

Elapsed run time = 5130.5856 s

Elapsed run time = 5131.8287 s

Elapsed run time = 5131.9680 s

Elapsed run time = 5132.6001 s

Elapsed run time = 5134.0018 s

Elapsed run time = 5134.3061 s

Elapsed run time = 5134.3273 s

Elapsed run time = 5135.2943 s

Elapsed run time = 5135.8675 s

Elapsed run time = 5136.1414 s

Elapsed run time = 5136.6041 s

Elapsed run time = 5136.7731 s

Elapsed run time = 5137.3251 s

Elapsed run time = 5137.4816 s

Elapsed run time = 5138.9410 s

Elapsed run time = 5140.1324 s

Elapsed run time = 5141.0322 s

Elapsed run time = 5142.3963 s

Elapsed run time = 5142.4651 s

Elapsed run time = 5142.7781 s

Elapsed run time = 5144.5970 s

Elapsed run time = 5144.6340 s

Elapsed run time = 5145.8395 s

Elapsed run time = 5146.9511 s

Elapsed run time = 5148.1930 s

Elapsed run time = 5148.4912 s

Elapsed run time = 5149.6747 s

Elapsed run time = 5150.7304 s

Elapsed run time = 5151.4787 s

Elapsed run time = 5151.7770 s

Elapsed run time = 5152.2790 s

Elapsed run time = 5152.5273 s

Elapsed run time = 5152.7252 s

Elapsed run time = 5154.2237 s

Elapsed run time = 5154.6758 s

Elapsed run time = 5154.7223 s

Elapsed run time = 5154.8603 s

Elapsed run time = 5155.4522 s

Elapsed run time = 5155.9457 s

Elapsed run time = 5156.7237 s

Elapsed run time = 5157.6476 s

Elapsed run time = 5158.6114 s

Elapsed run time = 5159.6099 s

Elapsed run time = 5159.6348 s

Elapsed run time = 5161.4463 s

Elapsed run time = 5164.1249 s

Elapsed run time = 5165.0154 s

Elapsed run time = 5165.6032 s

Elapsed run time = 5166.2751 s

Elapsed run time = 5166.4865 s

Elapsed run time = 5168.3000 s

Elapsed run time = 5168.7027 s

Elapsed run time = 5169.2741 s

Elapsed run time = 5169.6399 s

Elapsed run time = 5169.8445 s

Elapsed run time = 5170.1880 s

Elapsed run time = 5171.2181 s
Simulation complete. Subtracted force: -1.485309e-01. Saved to .tmp/meep_d_0.2000_N_3_corrugated_al_75.0_Nbot_3_Phosphorene_tuned_res_40_theta_94.0_eps_2.1_L_2.00.json

Elapsed run time = 5171.7824 s
Task 109 complete at Fri Sep 11 07:43:28 AM EDT 2026.
