==================================================
SLURM ARRAY TASK ID: 146 / 224
Running on node: x1002c5s1b1n1
Start time: Thu Sep 10 08:17:48 PM EDT 2026
==================================================
Reading parameters from sweep_configs_sweet_spot/config_146.json...
Executing 3D FDTD Simulation: Alpha=80.0 deg, Theta=88.0 deg, d=0.3 um, L=2.0 um, Res=40...

Elapsed run time = 0.1468 s

Elapsed run time = 0.1697 s

Elapsed run time = 0.1559 s
Starting simulation: d=0.3 um, N_top=3, N_bottom=3, material=Phosphorene_tuned, resolution=40, nmax=3, theta=88.0, eps_bg=2.1, config=all, stepped_sieve=False, corrugated=True
Parallel configuration: 128 processes running 108 parallel moment partitions.
Task already complete! Found cached result in .tmp/meep_d_0.3000_N_3_corrugated_Nbot_3_Phosphorene_tuned_res_40_theta_88.0_eps_2.1_L_2.00.json (F_sub=-3.938032e-02). Skipping.

Elapsed run time = 0.0962 s

Elapsed run time = 0.1705 s

Elapsed run time = 0.1707 s

Elapsed run time = 0.1658 s

Elapsed run time = 0.1362 s

Elapsed run time = 0.1665 s

Elapsed run time = 0.1667 s

Elapsed run time = 0.1028 s

Elapsed run time = 0.0964 s

Elapsed run time = 0.0916 s

Elapsed run time = 0.1607 s

Elapsed run time = 0.1447 s

Elapsed run time = 0.1085 s

Elapsed run time = 0.1342 s

Elapsed run time = 0.1381 s

Elapsed run time = 0.1392 s

Elapsed run time = 0.0983 s

Elapsed run time = 0.1466 s

Elapsed run time = 0.1467 s

Elapsed run time = 0.1373 s

Elapsed run time = 0.1404 s

Elapsed run time = 0.0959 s

Elapsed run time = 0.1400 s

Elapsed run time = 0.0939 s

Elapsed run time = 0.0997 s

Elapsed run time = 0.0953 s

Elapsed run time = 0.0988 s

Elapsed run time = 0.1040 s

Elapsed run time = 0.1582 s

Elapsed run time = 0.1465 s

Elapsed run time = 0.1465 s

Elapsed run time = 0.1430 s

Elapsed run time = 0.1526 s

Elapsed run time = 0.1490 s

Elapsed run time = 0.1470 s

Elapsed run time = 0.1143 s

Elapsed run time = 0.1138 s

Elapsed run time = 0.1476 s

Elapsed run time = 0.1653 s

Elapsed run time = 0.1293 s

Elapsed run time = 0.1368 s

Elapsed run time = 0.1654 s

Elapsed run time = 0.1669 s

Elapsed run time = 0.1163 s

Elapsed run time = 0.1160 s

Elapsed run time = 0.1161 s

Elapsed run time = 0.1159 s

Elapsed run time = 0.1343 s

Elapsed run time = 0.1211 s

Elapsed run time = 0.1462 s

Elapsed run time = 0.1211 s

Elapsed run time = 0.1000 s

Elapsed run time = 0.1209 s

Elapsed run time = 0.1058 s

Elapsed run time = 0.1208 s

Elapsed run time = 0.1197 s

Elapsed run time = 0.1328 s

Elapsed run time = 0.1325 s

Elapsed run time = 0.1052 s

Elapsed run time = 0.1236 s

Elapsed run time = 0.1046 s

Elapsed run time = 0.1302 s

Elapsed run time = 0.1591 s

Elapsed run time = 0.1617 s

Elapsed run time = 0.1581 s

Elapsed run time = 0.1373 s

Elapsed run time = 0.1730 s

Elapsed run time = 0.1384 s

Elapsed run time = 0.1405 s

Elapsed run time = 0.1091 s

Elapsed run time = 0.1291 s

Elapsed run time = 0.1373 s

Elapsed run time = 0.1178 s

Elapsed run time = 0.1306 s

Elapsed run time = 0.1047 s

Elapsed run time = 0.1064 s

Elapsed run time = 0.1404 s

Elapsed run time = 0.1059 s

Elapsed run time = 0.1403 s

Elapsed run time = 0.1076 s

Elapsed run time = 0.1464 s

Elapsed run time = 0.1470 s

Elapsed run time = 0.0999 s

Elapsed run time = 0.1218 s

Elapsed run time = 0.0792 s

Elapsed run time = 0.1424 s

Elapsed run time = 0.0789 s

Elapsed run time = 0.1164 s

Elapsed run time = 0.1083 s

Elapsed run time = 0.1132 s

Elapsed run time = 0.1155 s

Elapsed run time = 0.1093 s

Elapsed run time = 0.1165 s

Elapsed run time = 0.1004 s

Elapsed run time = 0.1345 s

Elapsed run time = 0.0998 s

Elapsed run time = 0.1345 s

Elapsed run time = 0.1106 s

Elapsed run time = 0.1340 s

Elapsed run time = 0.1343 s

Elapsed run time = 0.1044 s

Elapsed run time = 0.1233 s

Elapsed run time = 0.1018 s

Elapsed run time = 0.1238 s

Elapsed run time = 0.1234 s

Elapsed run time = 0.1232 s

Elapsed run time = 0.1481 s

Elapsed run time = 0.1569 s

Elapsed run time = 0.1581 s

Elapsed run time = 0.1142 s

Elapsed run time = 0.1213 s

Elapsed run time = 0.1743 s

Elapsed run time = 0.1218 s

Elapsed run time = 0.1214 s

Elapsed run time = 0.1151 s

Elapsed run time = 0.1530 s

Elapsed run time = 0.1519 s

Elapsed run time = 0.1149 s

Elapsed run time = 0.1437 s

Elapsed run time = 0.1240 s

Elapsed run time = 0.1223 s

Elapsed run time = 0.1657 s

Elapsed run time = 0.1241 s

Elapsed run time = 0.1227 s

Elapsed run time = 0.1168 s
Task 146 complete at Thu Sep 10 08:17:53 PM EDT 2026.
