==================================================
SLURM ARRAY TASK ID: 78 / 224
Running on node: x1002c1s3b0n0
Start time: Thu Sep 10 06:35:26 PM EDT 2026
==================================================
Reading parameters from sweep_configs_sweet_spot/config_078.json...
Executing 3D FDTD Simulation: Alpha=75.0 deg, Theta=86.0 deg, d=0.05 um, L=2.0 um, Res=40...
Starting simulation: d=0.05 um, N_top=3, N_bottom=3, material=Phosphorene_tuned, resolution=40, nmax=3, theta=86.0, eps_bg=2.1, config=all, stepped_sieve=False, corrugated=True
Parallel configuration: 128 processes running 108 parallel moment partitions.
Task already complete! Found cached result in .tmp/meep_d_0.0500_N_3_corrugated_Nbot_3_Phosphorene_tuned_res_40_theta_86.0_eps_2.1_L_2.00.json (F_sub=-5.102380e+01). Skipping.

Elapsed run time = 0.2130 s

Elapsed run time = 0.2125 s

Elapsed run time = 0.2131 s

Elapsed run time = 0.2130 s

Elapsed run time = 0.2129 s

Elapsed run time = 0.2131 s

Elapsed run time = 0.2131 s

Elapsed run time = 0.2131 s

Elapsed run time = 0.2130 s

Elapsed run time = 0.2129 s

Elapsed run time = 0.2129 s

Elapsed run time = 0.2129 s

Elapsed run time = 0.2133 s

Elapsed run time = 0.2131 s

Elapsed run time = 0.2128 s

Elapsed run time = 0.2131 s

Elapsed run time = 0.2138 s

Elapsed run time = 0.2141 s

Elapsed run time = 0.2140 s

Elapsed run time = 0.2141 s

Elapsed run time = 0.2142 s

Elapsed run time = 0.2144 s

Elapsed run time = 0.2141 s

Elapsed run time = 0.2141 s

Elapsed run time = 0.2142 s

Elapsed run time = 0.2143 s

Elapsed run time = 0.2142 s

Elapsed run time = 0.2142 s

Elapsed run time = 0.2143 s

Elapsed run time = 0.2140 s

Elapsed run time = 0.2144 s

Elapsed run time = 0.2142 s

Elapsed run time = 0.2140 s

Elapsed run time = 0.2142 s

Elapsed run time = 0.2143 s

Elapsed run time = 0.2142 s

Elapsed run time = 0.2140 s

Elapsed run time = 0.2144 s

Elapsed run time = 0.2142 s

Elapsed run time = 0.2142 s

Elapsed run time = 0.2140 s

Elapsed run time = 0.2141 s

Elapsed run time = 0.2140 s

Elapsed run time = 0.2146 s

Elapsed run time = 0.2141 s

Elapsed run time = 0.2140 s

Elapsed run time = 0.2141 s

Elapsed run time = 0.2138 s

Elapsed run time = 0.2140 s

Elapsed run time = 0.2142 s

Elapsed run time = 0.2141 s

Elapsed run time = 0.2143 s

Elapsed run time = 0.2144 s

Elapsed run time = 0.2144 s

Elapsed run time = 0.2141 s

Elapsed run time = 0.2143 s

Elapsed run time = 0.2144 s

Elapsed run time = 0.2141 s

Elapsed run time = 0.2139 s

Elapsed run time = 0.2143 s

Elapsed run time = 0.2144 s

Elapsed run time = 0.2142 s

Elapsed run time = 0.2141 s

Elapsed run time = 0.2141 s

Elapsed run time = 0.2145 s

Elapsed run time = 0.2142 s

Elapsed run time = 0.2141 s

Elapsed run time = 0.2141 s

Elapsed run time = 0.2144 s

Elapsed run time = 0.2143 s

Elapsed run time = 0.2144 s

Elapsed run time = 0.2142 s

Elapsed run time = 0.2145 s

Elapsed run time = 0.2144 s

Elapsed run time = 0.2143 s

Elapsed run time = 0.2142 s

Elapsed run time = 0.2143 s

Elapsed run time = 0.2144 s

Elapsed run time = 0.2144 s

Elapsed run time = 0.2143 s

Elapsed run time = 0.2144 s

Elapsed run time = 0.2141 s

Elapsed run time = 0.2143 s

Elapsed run time = 0.2145 s

Elapsed run time = 0.2141 s

Elapsed run time = 0.2145 s

Elapsed run time = 0.2144 s

Elapsed run time = 0.2145 s

Elapsed run time = 0.2145 s

Elapsed run time = 0.2145 s

Elapsed run time = 0.2144 s

Elapsed run time = 0.2146 s

Elapsed run time = 0.2141 s

Elapsed run time = 0.2140 s

Elapsed run time = 0.2142 s

Elapsed run time = 0.2142 s

Elapsed run time = 0.2142 s

Elapsed run time = 0.2142 s

Elapsed run time = 0.2143 s

Elapsed run time = 0.2143 s

Elapsed run time = 0.2143 s

Elapsed run time = 0.2145 s

Elapsed run time = 0.2145 s

Elapsed run time = 0.2146 s

Elapsed run time = 0.2143 s

Elapsed run time = 0.2145 s

Elapsed run time = 0.2144 s

Elapsed run time = 0.2142 s

Elapsed run time = 0.2147 s

Elapsed run time = 0.2142 s

Elapsed run time = 0.2148 s

Elapsed run time = 0.2142 s

Elapsed run time = 0.2143 s

Elapsed run time = 0.2144 s

Elapsed run time = 0.2143 s

Elapsed run time = 0.2144 s

Elapsed run time = 0.2143 s

Elapsed run time = 0.2145 s

Elapsed run time = 0.2143 s

Elapsed run time = 0.2146 s

Elapsed run time = 0.2145 s

Elapsed run time = 0.2145 s

Elapsed run time = 0.2144 s

Elapsed run time = 0.2144 s

Elapsed run time = 0.2143 s

Elapsed run time = 0.2143 s

Elapsed run time = 0.2145 s

Elapsed run time = 0.2145 s
Task 78 complete at Thu Sep 10 06:35:58 PM EDT 2026.
