==================================================
SLURM ARRAY TASK ID: 63 / 224
Running on node: x1002c6s1b1n0
Start time: Fri Sep 11 12:26:52 AM EDT 2026
==================================================
Reading parameters from sweep_configs_sweet_spot/config_063.json...
Executing 3D FDTD Simulation: Alpha=75.0 deg, Theta=80.0 deg, d=0.35 um, L=2.0 um, Res=40...
Starting simulation: d=0.35 um, N_top=3, N_bottom=3, material=Phosphorene_tuned, resolution=40, nmax=3, theta=80.0, eps_bg=2.1, config=all, stepped_sieve=False, corrugated=True
Parallel configuration: 128 processes running 108 parallel moment partitions.

Elapsed run time = 0.0353 s

Elapsed run time = 0.0346 s

Elapsed run time = 0.0349 s

Elapsed run time = 0.0353 s

Elapsed run time = 0.0348 s

Elapsed run time = 0.0349 s

Elapsed run time = 0.0348 s

Elapsed run time = 0.0352 s

Elapsed run time = 0.0347 s

Elapsed run time = 0.0345 s

Elapsed run time = 0.0354 s

Elapsed run time = 0.0349 s

Elapsed run time = 0.0352 s

Elapsed run time = 0.0357 s

Elapsed run time = 0.0358 s

Elapsed run time = 0.0363 s

Elapsed run time = 0.0359 s

Elapsed run time = 0.0363 s

Elapsed run time = 0.0363 s

Elapsed run time = 0.0364 s

Elapsed run time = 1602.9628 s

Elapsed run time = 1615.3401 s

Elapsed run time = 1636.3154 s

Elapsed run time = 1649.9158 s

Elapsed run time = 2337.4215 s

Elapsed run time = 2338.0488 s

Elapsed run time = 2355.2791 s

Elapsed run time = 2356.1992 s

Elapsed run time = 2356.6460 s

Elapsed run time = 2369.2174 s

Elapsed run time = 2373.4066 s

Elapsed run time = 2388.1797 s
  [BOTH][Rank 0] Done moment 1/1 (task 0): force_integral=-5.831276e-03

Elapsed run time = 5537.6995 s

Elapsed run time = 5580.4701 s

Elapsed run time = 5593.3792 s

Elapsed run time = 5599.2752 s

Elapsed run time = 5601.9183 s

Elapsed run time = 5608.5674 s

Elapsed run time = 5610.8956 s

Elapsed run time = 5612.5926 s

Elapsed run time = 5614.5594 s

Elapsed run time = 5616.6443 s

Elapsed run time = 5617.3060 s

Elapsed run time = 5617.8798 s

Elapsed run time = 5618.0989 s

Elapsed run time = 5618.8107 s

Elapsed run time = 5618.8780 s

Elapsed run time = 5620.5985 s

Elapsed run time = 5623.0211 s

Elapsed run time = 5623.1959 s

Elapsed run time = 5623.2870 s

Elapsed run time = 5623.4345 s

Elapsed run time = 5624.2379 s

Elapsed run time = 5624.4273 s

Elapsed run time = 5625.1780 s

Elapsed run time = 5625.2099 s

Elapsed run time = 5625.5379 s

Elapsed run time = 5625.5887 s

Elapsed run time = 5626.6636 s

Elapsed run time = 5627.2360 s

Elapsed run time = 5631.0684 s

Elapsed run time = 5631.6710 s

Elapsed run time = 5631.8429 s

Elapsed run time = 5632.1177 s

Elapsed run time = 5633.1502 s

Elapsed run time = 5633.1685 s

Elapsed run time = 5635.5347 s

Elapsed run time = 5637.7548 s

Elapsed run time = 5637.8966 s

Elapsed run time = 5640.0139 s

Elapsed run time = 5640.2156 s

Elapsed run time = 5640.4457 s

Elapsed run time = 5640.5296 s

Elapsed run time = 5640.8705 s

Elapsed run time = 5641.2163 s

Elapsed run time = 5641.3187 s

Elapsed run time = 5641.5763 s

Elapsed run time = 5642.1050 s

Elapsed run time = 5642.2743 s

Elapsed run time = 5643.0018 s

Elapsed run time = 5643.2356 s

Elapsed run time = 5646.3265 s

Elapsed run time = 5648.6384 s

Elapsed run time = 5649.7278 s

Elapsed run time = 5649.8250 s

Elapsed run time = 5651.4615 s

Elapsed run time = 5652.4324 s

Elapsed run time = 5652.7892 s

Elapsed run time = 5653.2266 s

Elapsed run time = 5653.7806 s

Elapsed run time = 5654.6490 s

Elapsed run time = 5655.5579 s

Elapsed run time = 5656.2249 s

Elapsed run time = 5657.5085 s

Elapsed run time = 5657.9015 s

Elapsed run time = 5658.7394 s

Elapsed run time = 5659.1966 s

Elapsed run time = 5659.8096 s

Elapsed run time = 5659.9366 s
  [SELF][Rank 0] Done moment 1/1 (task 0): force_integral=-5.033628e-03

Elapsed run time = 5661.0904 s

Elapsed run time = 5661.6026 s

Elapsed run time = 5662.1822 s

Elapsed run time = 5663.4332 s

Elapsed run time = 5663.5130 s

Elapsed run time = 5665.2111 s

Elapsed run time = 5665.3770 s

Elapsed run time = 5665.4081 s

Elapsed run time = 5665.6905 s

Elapsed run time = 5666.0882 s

Elapsed run time = 5666.7876 s

Elapsed run time = 5667.2617 s

Elapsed run time = 5667.5976 s

Elapsed run time = 5667.7205 s

Elapsed run time = 5668.4547 s

Elapsed run time = 5670.2281 s

Elapsed run time = 5671.9537 s

Elapsed run time = 5672.5197 s

Elapsed run time = 5673.0719 s

Elapsed run time = 5673.2819 s

Elapsed run time = 5673.8040 s

Elapsed run time = 5675.2006 s

Elapsed run time = 5680.9309 s

Elapsed run time = 5682.1357 s

Elapsed run time = 5682.9095 s

Elapsed run time = 5687.2846 s

Elapsed run time = 5688.2540 s

Elapsed run time = 5688.6090 s
Simulation complete. Subtracted force: -1.745937e-02. Saved to .tmp/meep_d_0.3500_N_3_corrugated_al_75.0_Nbot_3_Phosphorene_tuned_res_40_theta_80.0_eps_2.1_L_2.00.json

Elapsed run time = 5689.2548 s
Task 63 complete at Fri Sep 11 02:01:47 AM EDT 2026.
