==================================================
SLURM ARRAY TASK ID: 27 / 224
Running on node: x1001c4s2b1n1
Start time: Thu Sep 10 12:04:33 PM EDT 2026
==================================================
Reading parameters from sweep_configs_sweet_spot/config_027.json...
Executing 3D FDTD Simulation: Alpha=70.0 deg, Theta=86.0 deg, d=0.3 um, L=2.0 um, Res=40...

Elapsed run time = 0.0288 s

Elapsed run time = 0.0288 s

Elapsed run time = 0.0290 s

Elapsed run time = 0.0290 s

Elapsed run time = 0.0289 s

Elapsed run time = 0.0289 s

Elapsed run time = 0.0290 s

Elapsed run time = 0.0290 s

Elapsed run time = 0.0288 s

Elapsed run time = 0.0289 s

Elapsed run time = 0.0289 s

Elapsed run time = 0.0291 s

Elapsed run time = 0.0289 s

Elapsed run time = 0.0289 s

Elapsed run time = 0.0293 s

Elapsed run time = 0.0291 s

Elapsed run time = 0.0292 s

Elapsed run time = 0.0295 s

Elapsed run time = 0.0293 s

Elapsed run time = 0.0291 s

Elapsed run time = 1516.0064 s

Elapsed run time = 1519.0411 s

Elapsed run time = 1544.3945 s

Elapsed run time = 1554.3373 s

Elapsed run time = 2191.4490 s

Elapsed run time = 2194.7454 s

Elapsed run time = 2208.8901 s

Elapsed run time = 2212.3163 s

Elapsed run time = 2216.5871 s

Elapsed run time = 2229.0118 s

Elapsed run time = 2236.4344 s

Elapsed run time = 2249.0580 s
Starting simulation: d=0.3 um, N_top=3, N_bottom=3, material=Phosphorene_tuned, resolution=40, nmax=3, theta=86.0, eps_bg=2.1, config=all, stepped_sieve=False, corrugated=True
Parallel configuration: 128 processes running 108 parallel moment partitions.
  [BOTH][Rank 0] Done moment 1/1 (task 0): force_integral=-1.478813e-03

Elapsed run time = 5228.0423 s

Elapsed run time = 5249.6079 s

Elapsed run time = 5275.5449 s

Elapsed run time = 5277.3883 s

Elapsed run time = 5283.8121 s

Elapsed run time = 5284.7265 s

Elapsed run time = 5285.2058 s

Elapsed run time = 5285.6779 s

Elapsed run time = 5286.5417 s

Elapsed run time = 5286.7692 s

Elapsed run time = 5287.2880 s

Elapsed run time = 5287.4109 s

Elapsed run time = 5288.0006 s

Elapsed run time = 5292.2076 s

Elapsed run time = 5294.5234 s

Elapsed run time = 5295.6222 s

Elapsed run time = 5296.1575 s

Elapsed run time = 5296.5760 s

Elapsed run time = 5296.9448 s

Elapsed run time = 5297.9726 s

Elapsed run time = 5298.1587 s

Elapsed run time = 5300.6321 s

Elapsed run time = 5300.8690 s

Elapsed run time = 5301.4197 s

Elapsed run time = 5302.5912 s

Elapsed run time = 5303.0298 s

Elapsed run time = 5303.4915 s

Elapsed run time = 5303.5968 s

Elapsed run time = 5303.8578 s

Elapsed run time = 5303.9468 s

Elapsed run time = 5304.1371 s

Elapsed run time = 5304.2585 s

Elapsed run time = 5304.8462 s

Elapsed run time = 5305.6814 s
  [SELF][Rank 0] Done moment 1/1 (task 0): force_integral=-1.262649e-04

Elapsed run time = 5306.3602 s

Elapsed run time = 5306.3698 s

Elapsed run time = 5306.8216 s

Elapsed run time = 5307.7308 s

Elapsed run time = 5307.7618 s

Elapsed run time = 5308.4476 s

Elapsed run time = 5308.6692 s

Elapsed run time = 5309.0059 s

Elapsed run time = 5310.9014 s

Elapsed run time = 5311.4729 s

Elapsed run time = 5315.9488 s

Elapsed run time = 5317.0643 s

Elapsed run time = 5318.1317 s

Elapsed run time = 5318.1580 s

Elapsed run time = 5321.9689 s

Elapsed run time = 5322.9798 s

Elapsed run time = 5323.8069 s

Elapsed run time = 5323.9797 s

Elapsed run time = 5324.0868 s

Elapsed run time = 5324.4688 s

Elapsed run time = 5325.3605 s

Elapsed run time = 5326.9055 s

Elapsed run time = 5328.6268 s

Elapsed run time = 5328.7330 s

Elapsed run time = 5331.7836 s

Elapsed run time = 5331.9698 s

Elapsed run time = 5332.4627 s

Elapsed run time = 5332.5493 s

Elapsed run time = 5333.5095 s

Elapsed run time = 5334.3426 s

Elapsed run time = 5334.3451 s

Elapsed run time = 5334.3482 s

Elapsed run time = 5334.4016 s

Elapsed run time = 5334.8391 s

Elapsed run time = 5335.0732 s

Elapsed run time = 5335.3391 s

Elapsed run time = 5335.3754 s

Elapsed run time = 5335.7610 s

Elapsed run time = 5336.1885 s

Elapsed run time = 5336.2378 s

Elapsed run time = 5336.3770 s

Elapsed run time = 5336.7091 s

Elapsed run time = 5337.1301 s

Elapsed run time = 5337.1448 s

Elapsed run time = 5337.6876 s

Elapsed run time = 5338.2009 s

Elapsed run time = 5338.3353 s

Elapsed run time = 5338.4706 s

Elapsed run time = 5338.9634 s

Elapsed run time = 5339.4981 s

Elapsed run time = 5340.9952 s

Elapsed run time = 5341.1387 s

Elapsed run time = 5341.4608 s

Elapsed run time = 5346.1089 s

Elapsed run time = 5349.0036 s

Elapsed run time = 5349.1816 s

Elapsed run time = 5349.7023 s

Elapsed run time = 5353.0322 s

Elapsed run time = 5353.2666 s

Elapsed run time = 5355.5667 s

Elapsed run time = 5356.3926 s
Simulation complete. Subtracted force: -3.904974e-02. Saved to .tmp/meep_d_0.3000_N_3_corrugated_Nbot_3_Phosphorene_tuned_res_40_theta_86.0_eps_2.1_L_2.00.json

Elapsed run time = 5357.3633 s
Task 27 complete at Thu Sep 10 01:34:22 PM EDT 2026.
