==================================================
SLURM ARRAY TASK ID: 90 / 224
Running on node: x1002c5s6b1n1
Start time: Fri Sep 11 04:17:03 AM EDT 2026
==================================================
Reading parameters from sweep_configs_sweet_spot/config_090.json...
Executing 3D FDTD Simulation: Alpha=75.0 deg, Theta=88.0 deg, d=0.3 um, L=2.0 um, Res=40...
Starting simulation: d=0.3 um, N_top=3, N_bottom=3, material=Phosphorene_tuned, resolution=40, nmax=3, theta=88.0, eps_bg=2.1, config=all, stepped_sieve=False, corrugated=True
Parallel configuration: 128 processes running 108 parallel moment partitions.

Elapsed run time = 0.1227 s

Elapsed run time = 0.1236 s

Elapsed run time = 0.1238 s

Elapsed run time = 0.1289 s

Elapsed run time = 0.1311 s

Elapsed run time = 0.1410 s

Elapsed run time = 0.1414 s

Elapsed run time = 0.1416 s

Elapsed run time = 0.1424 s

Elapsed run time = 0.1444 s

Elapsed run time = 0.1482 s

Elapsed run time = 0.1512 s

Elapsed run time = 0.1511 s

Elapsed run time = 0.1519 s

Elapsed run time = 0.1529 s

Elapsed run time = 0.1535 s

Elapsed run time = 0.1542 s

Elapsed run time = 0.1550 s

Elapsed run time = 0.1554 s

Elapsed run time = 0.1560 s

Elapsed run time = 1512.8570 s

Elapsed run time = 1519.2644 s

Elapsed run time = 1548.1839 s

Elapsed run time = 1549.4932 s

Elapsed run time = 2188.7908 s

Elapsed run time = 2208.3360 s

Elapsed run time = 2210.4364 s

Elapsed run time = 2212.2880 s

Elapsed run time = 2217.7335 s

Elapsed run time = 2231.9259 s

Elapsed run time = 2239.4195 s

Elapsed run time = 2243.3448 s
  [BOTH][Rank 0] Done moment 1/1 (task 0): force_integral=-1.535588e-03

Elapsed run time = 5258.3822 s

Elapsed run time = 5266.2075 s

Elapsed run time = 5272.1655 s

Elapsed run time = 5276.3355 s

Elapsed run time = 5278.4039 s

Elapsed run time = 5279.1999 s

Elapsed run time = 5280.3552 s

Elapsed run time = 5282.5780 s

Elapsed run time = 5283.7564 s

Elapsed run time = 5285.1966 s

Elapsed run time = 5288.0633 s

Elapsed run time = 5288.1507 s

Elapsed run time = 5289.7036 s

Elapsed run time = 5291.7040 s

Elapsed run time = 5292.3023 s

Elapsed run time = 5292.4578 s

Elapsed run time = 5294.2911 s

Elapsed run time = 5295.2453 s

Elapsed run time = 5296.4507 s

Elapsed run time = 5297.7545 s

Elapsed run time = 5298.6286 s

Elapsed run time = 5299.2561 s

Elapsed run time = 5299.6992 s

Elapsed run time = 5299.8923 s

Elapsed run time = 5300.9721 s

Elapsed run time = 5301.0918 s

Elapsed run time = 5301.3663 s

Elapsed run time = 5301.3766 s

Elapsed run time = 5301.9738 s

Elapsed run time = 5303.0081 s

Elapsed run time = 5306.4691 s

Elapsed run time = 5307.0541 s

Elapsed run time = 5308.1009 s

Elapsed run time = 5308.3146 s

Elapsed run time = 5309.4102 s

Elapsed run time = 5310.2876 s

Elapsed run time = 5310.4849 s

Elapsed run time = 5310.9591 s

Elapsed run time = 5312.1468 s

Elapsed run time = 5312.6204 s

Elapsed run time = 5314.5824 s

Elapsed run time = 5315.3901 s

Elapsed run time = 5315.7277 s
  [SELF][Rank 0] Done moment 1/1 (task 0): force_integral=-1.736227e-04

Elapsed run time = 5316.4316 s

Elapsed run time = 5317.9588 s

Elapsed run time = 5319.5220 s

Elapsed run time = 5319.6878 s

Elapsed run time = 5320.9032 s

Elapsed run time = 5321.3217 s

Elapsed run time = 5321.4060 s

Elapsed run time = 5322.4528 s

Elapsed run time = 5322.7905 s

Elapsed run time = 5322.8706 s

Elapsed run time = 5324.7485 s

Elapsed run time = 5325.5198 s

Elapsed run time = 5326.0073 s

Elapsed run time = 5327.3525 s

Elapsed run time = 5327.9830 s

Elapsed run time = 5328.1627 s

Elapsed run time = 5328.2629 s

Elapsed run time = 5329.6426 s

Elapsed run time = 5330.2237 s

Elapsed run time = 5330.5477 s

Elapsed run time = 5330.9155 s

Elapsed run time = 5331.4136 s

Elapsed run time = 5331.5925 s

Elapsed run time = 5333.3146 s

Elapsed run time = 5333.4436 s

Elapsed run time = 5333.7950 s

Elapsed run time = 5334.3932 s

Elapsed run time = 5335.1457 s

Elapsed run time = 5335.7159 s

Elapsed run time = 5338.1343 s

Elapsed run time = 5339.3848 s

Elapsed run time = 5340.3574 s

Elapsed run time = 5340.4617 s

Elapsed run time = 5340.5259 s

Elapsed run time = 5340.5768 s

Elapsed run time = 5341.6339 s

Elapsed run time = 5342.0485 s

Elapsed run time = 5342.5485 s

Elapsed run time = 5342.6894 s

Elapsed run time = 5343.2376 s

Elapsed run time = 5343.3241 s

Elapsed run time = 5344.0424 s

Elapsed run time = 5345.1438 s

Elapsed run time = 5345.2884 s

Elapsed run time = 5345.9899 s

Elapsed run time = 5346.4115 s

Elapsed run time = 5347.8010 s

Elapsed run time = 5349.0179 s

Elapsed run time = 5350.2810 s

Elapsed run time = 5353.3522 s

Elapsed run time = 5353.5987 s

Elapsed run time = 5354.4735 s
Simulation complete. Subtracted force: -4.209239e-02. Saved to .tmp/meep_d_0.3000_N_3_corrugated_al_75.0_Nbot_3_Phosphorene_tuned_res_40_theta_88.0_eps_2.1_L_2.00.json

Elapsed run time = 5355.3752 s
Task 90 complete at Fri Sep 11 05:46:25 AM EDT 2026.
