==================================================
SLURM ARRAY TASK ID: 124 / 224
Running on node: x1000c7s5b1n0
Start time: Thu Sep 10 08:17:25 PM EDT 2026
==================================================
Reading parameters from sweep_configs_sweet_spot/config_124.json...
Executing 3D FDTD Simulation: Alpha=80.0 deg, Theta=82.0 deg, d=0.25 um, L=2.0 um, Res=40...

Elapsed run time = 0.0607 s

Elapsed run time = 0.0618 s

Elapsed run time = 0.0617 s

Elapsed run time = 0.0594 s

Elapsed run time = 0.0623 s

Elapsed run time = 0.0512 s
Starting simulation: d=0.25 um, N_top=3, N_bottom=3, material=Phosphorene_tuned, resolution=40, nmax=3, theta=82.0, eps_bg=2.1, config=all, stepped_sieve=False, corrugated=True
Parallel configuration: 128 processes running 108 parallel moment partitions.
Task already complete! Found cached result in .tmp/meep_d_0.2500_N_3_corrugated_Nbot_3_Phosphorene_tuned_res_40_theta_82.0_eps_2.1_L_2.00.json (F_sub=-6.922319e-02). Skipping.

Elapsed run time = 0.0436 s

Elapsed run time = 0.0620 s

Elapsed run time = 0.0493 s

Elapsed run time = 0.0616 s

Elapsed run time = 0.0618 s

Elapsed run time = 0.0619 s

Elapsed run time = 0.0621 s

Elapsed run time = 0.0622 s

Elapsed run time = 0.0575 s

Elapsed run time = 0.0595 s

Elapsed run time = 0.0604 s

Elapsed run time = 0.0603 s

Elapsed run time = 0.0609 s

Elapsed run time = 0.0611 s

Elapsed run time = 0.0612 s

Elapsed run time = 0.0612 s

Elapsed run time = 0.0612 s

Elapsed run time = 0.0612 s

Elapsed run time = 0.0621 s

Elapsed run time = 0.0620 s

Elapsed run time = 0.0598 s

Elapsed run time = 0.0614 s

Elapsed run time = 0.0602 s

Elapsed run time = 0.0617 s

Elapsed run time = 0.0616 s

Elapsed run time = 0.0585 s

Elapsed run time = 0.0569 s

Elapsed run time = 0.0517 s

Elapsed run time = 0.0620 s

Elapsed run time = 0.0619 s

Elapsed run time = 0.0416 s

Elapsed run time = 0.0607 s

Elapsed run time = 0.0557 s

Elapsed run time = 0.0612 s

Elapsed run time = 0.0587 s

Elapsed run time = 0.0340 s

Elapsed run time = 0.0553 s

Elapsed run time = 0.0398 s

Elapsed run time = 0.0553 s

Elapsed run time = 0.0345 s

Elapsed run time = 0.0416 s

Elapsed run time = 0.0620 s

Elapsed run time = 0.0570 s

Elapsed run time = 0.0594 s

Elapsed run time = 0.0607 s

Elapsed run time = 0.0621 s

Elapsed run time = 0.0597 s

Elapsed run time = 0.0337 s

Elapsed run time = 0.0398 s

Elapsed run time = 0.0381 s

Elapsed run time = 0.0615 s

Elapsed run time = 0.0612 s

Elapsed run time = 0.0415 s

Elapsed run time = 0.0624 s

Elapsed run time = 0.0398 s

Elapsed run time = 0.0569 s

Elapsed run time = 0.0528 s

Elapsed run time = 0.0416 s

Elapsed run time = 0.0526 s

Elapsed run time = 0.0501 s

Elapsed run time = 0.0605 s

Elapsed run time = 0.0474 s

Elapsed run time = 0.0611 s

Elapsed run time = 0.0336 s

Elapsed run time = 0.0420 s

Elapsed run time = 0.0511 s

Elapsed run time = 0.0533 s

Elapsed run time = 0.0623 s

Elapsed run time = 0.0443 s

Elapsed run time = 0.0385 s

Elapsed run time = 0.0434 s

Elapsed run time = 0.0623 s

Elapsed run time = 0.0442 s

Elapsed run time = 0.0455 s

Elapsed run time = 0.0593 s

Elapsed run time = 0.0507 s

Elapsed run time = 0.0580 s

Elapsed run time = 0.0447 s

Elapsed run time = 0.0592 s

Elapsed run time = 0.0542 s

Elapsed run time = 0.0543 s

Elapsed run time = 0.0532 s

Elapsed run time = 0.0572 s

Elapsed run time = 0.0607 s

Elapsed run time = 0.0567 s

Elapsed run time = 0.0616 s

Elapsed run time = 0.0610 s

Elapsed run time = 0.0524 s

Elapsed run time = 0.0557 s

Elapsed run time = 0.0558 s

Elapsed run time = 0.0524 s

Elapsed run time = 0.0558 s

Elapsed run time = 0.0524 s

Elapsed run time = 0.0561 s

Elapsed run time = 0.0501 s

Elapsed run time = 0.0505 s

Elapsed run time = 0.0519 s

Elapsed run time = 0.0500 s

Elapsed run time = 0.0516 s

Elapsed run time = 0.0393 s

Elapsed run time = 0.0446 s

Elapsed run time = 0.0599 s

Elapsed run time = 0.0594 s

Elapsed run time = 0.0438 s

Elapsed run time = 0.0586 s

Elapsed run time = 0.0443 s

Elapsed run time = 0.0624 s

Elapsed run time = 0.0742 s

Elapsed run time = 0.0928 s

Elapsed run time = 0.0937 s

Elapsed run time = 0.0804 s

Elapsed run time = 0.1239 s

Elapsed run time = 0.1229 s

Elapsed run time = 0.0997 s

Elapsed run time = 0.1233 s

Elapsed run time = 0.1054 s

Elapsed run time = 0.1304 s

Elapsed run time = 0.1287 s

Elapsed run time = 0.1196 s

Elapsed run time = 0.1322 s

Elapsed run time = 0.1302 s

Elapsed run time = 0.1355 s
Task 124 complete at Thu Sep 10 08:17:30 PM EDT 2026.
