==================================================
SLURM ARRAY TASK ID: 41 / 224
Running on node: x1000c7s0b1n1
Start time: Thu Sep 10 03:01:04 PM EDT 2026
==================================================
Reading parameters from sweep_configs_sweet_spot/config_041.json...
Executing 3D FDTD Simulation: Alpha=70.0 deg, Theta=90.0 deg, d=0.3 um, L=2.0 um, Res=40...

Elapsed run time = 0.0334 s

Elapsed run time = 0.0339 s

Elapsed run time = 0.0388 s

Elapsed run time = 0.0420 s

Elapsed run time = 0.0443 s

Elapsed run time = 0.0451 s

Elapsed run time = 0.0467 s

Elapsed run time = 0.0471 s

Elapsed run time = 0.0476 s

Elapsed run time = 0.0503 s

Elapsed run time = 0.0511 s

Elapsed run time = 0.0582 s

Elapsed run time = 0.0580 s

Elapsed run time = 0.0583 s

Elapsed run time = 0.0589 s

Elapsed run time = 0.0591 s

Elapsed run time = 0.0598 s

Elapsed run time = 0.0609 s

Elapsed run time = 0.0613 s

Elapsed run time = 0.0626 s

Elapsed run time = 1516.8504 s

Elapsed run time = 1517.6596 s

Elapsed run time = 1543.3967 s

Elapsed run time = 1547.7123 s

Elapsed run time = 2196.3419 s

Elapsed run time = 2200.6553 s

Elapsed run time = 2209.3502 s

Elapsed run time = 2210.1232 s

Elapsed run time = 2220.6354 s

Elapsed run time = 2230.2483 s

Elapsed run time = 2231.9367 s

Elapsed run time = 2243.2841 s
Starting simulation: d=0.3 um, N_top=3, N_bottom=3, material=Phosphorene_tuned, resolution=40, nmax=3, theta=90.0, eps_bg=2.1, config=all, stepped_sieve=False, corrugated=True
Parallel configuration: 128 processes running 108 parallel moment partitions.
  [BOTH][Rank 0] Done moment 1/1 (task 0): force_integral=-1.602529e-03

Elapsed run time = 5237.2274 s

Elapsed run time = 5237.8228 s

Elapsed run time = 5270.3186 s

Elapsed run time = 5271.4083 s

Elapsed run time = 5272.4462 s

Elapsed run time = 5275.8907 s

Elapsed run time = 5277.1628 s

Elapsed run time = 5277.5633 s

Elapsed run time = 5277.9723 s

Elapsed run time = 5280.2805 s

Elapsed run time = 5282.0339 s

Elapsed run time = 5282.8849 s

Elapsed run time = 5283.0273 s

Elapsed run time = 5285.7015 s

Elapsed run time = 5288.6581 s

Elapsed run time = 5289.6207 s

Elapsed run time = 5289.9349 s

Elapsed run time = 5290.6890 s

Elapsed run time = 5290.7763 s

Elapsed run time = 5290.8807 s

Elapsed run time = 5293.5758 s

Elapsed run time = 5293.8408 s

Elapsed run time = 5294.4552 s

Elapsed run time = 5294.6334 s

Elapsed run time = 5297.6337 s

Elapsed run time = 5298.8926 s

Elapsed run time = 5299.6714 s

Elapsed run time = 5300.2991 s

Elapsed run time = 5300.5997 s

Elapsed run time = 5301.1055 s

Elapsed run time = 5303.0598 s

Elapsed run time = 5304.5552 s

Elapsed run time = 5305.4447 s

Elapsed run time = 5305.4969 s

Elapsed run time = 5306.5193 s

Elapsed run time = 5307.3055 s

Elapsed run time = 5308.3363 s

Elapsed run time = 5309.8817 s

Elapsed run time = 5309.9300 s

Elapsed run time = 5310.0727 s

Elapsed run time = 5310.2183 s

Elapsed run time = 5310.8571 s

Elapsed run time = 5311.4461 s

Elapsed run time = 5312.4359 s

Elapsed run time = 5312.5488 s

Elapsed run time = 5312.7228 s

Elapsed run time = 5313.6948 s

Elapsed run time = 5314.1055 s

Elapsed run time = 5314.5853 s

Elapsed run time = 5314.6755 s

Elapsed run time = 5316.1994 s
  [SELF][Rank 0] Done moment 1/1 (task 0): force_integral=-2.059997e-04

Elapsed run time = 5317.4359 s

Elapsed run time = 5318.8028 s

Elapsed run time = 5320.3636 s

Elapsed run time = 5321.6166 s

Elapsed run time = 5322.2080 s

Elapsed run time = 5323.1916 s

Elapsed run time = 5324.9834 s

Elapsed run time = 5325.4168 s

Elapsed run time = 5326.2352 s

Elapsed run time = 5326.4477 s

Elapsed run time = 5327.3285 s

Elapsed run time = 5329.1522 s

Elapsed run time = 5330.0226 s

Elapsed run time = 5330.2833 s

Elapsed run time = 5330.5622 s

Elapsed run time = 5330.7411 s

Elapsed run time = 5330.8968 s

Elapsed run time = 5331.0026 s

Elapsed run time = 5331.8930 s

Elapsed run time = 5335.9588 s

Elapsed run time = 5335.9930 s

Elapsed run time = 5336.3853 s

Elapsed run time = 5336.8493 s

Elapsed run time = 5337.0102 s

Elapsed run time = 5338.1288 s

Elapsed run time = 5339.0789 s

Elapsed run time = 5339.3649 s

Elapsed run time = 5340.0631 s

Elapsed run time = 5340.3646 s

Elapsed run time = 5341.2513 s

Elapsed run time = 5341.6152 s

Elapsed run time = 5342.1565 s

Elapsed run time = 5342.2369 s

Elapsed run time = 5342.3881 s

Elapsed run time = 5342.9428 s

Elapsed run time = 5343.5961 s

Elapsed run time = 5343.8033 s

Elapsed run time = 5344.9578 s

Elapsed run time = 5345.3888 s

Elapsed run time = 5347.1055 s

Elapsed run time = 5347.4199 s

Elapsed run time = 5351.0995 s

Elapsed run time = 5351.7380 s

Elapsed run time = 5352.1508 s
Simulation complete. Subtracted force: -3.942004e-02. Saved to .tmp/meep_d_0.3000_N_3_corrugated_Nbot_3_Phosphorene_tuned_res_40_theta_90.0_eps_2.1_L_2.00.json

Elapsed run time = 5353.7808 s
Task 41 complete at Thu Sep 10 04:30:51 PM EDT 2026.
