==================================================
CRASH REPORT - TASK -1 ON x1001c5s1b0n0
==================================================
Timestamp: 20260922_195312
Error Type: SIGTERM
Slurm Job ID: 8312688
Slurm Array Task ID: 2
--------------------------------------------------
DETAILS / TRACEBACK:
Process terminated by signal SIGTERM (15)
--------------------------------------------------
CONFIGURATION:
{
    "d": 0.04,
    "N": 3,
    "N_bottom": 3,
    "material": "Gold",
    "res": 60,
    "nmax": 1,
    "theta": 30.0,
    "eps_bg": 1.0,
    "T_run": 12.0,
    "config": "all",
    "task_idx": -1,
    "L": 2.0,
    "no_subgroups": true,
    "moment_start": 0,
    "moment_end": 108,
    "stepped_sieve": false,
    "sieve_depths": [
        0.3,
        0.15,
        0.05
    ],
    "corrugated": false,
    "clutch": true,
    "corrugation_angle": 75.0,
    "r_tip": 5.0,
    "medium": null,
    "subgroups": null,
    "no_cache": false,
    "max_walltime_hours": 11.0,
    "campaign_task_id": 2
}
==================================================
